../utilities/fsl_shell.c:443:13:SHELL_HandleInputTooLong	0	static
../utilities/fsl_shell.c:850:16:SHELL_StringCompare	0	static
../utilities/fsl_shell.c:356:13:SHELL_SerialManagerHandle	8	static
../utilities/fsl_shell.c:923:23:SHELL_GetChar	8	static
../utilities/fsl_shell.c:862:16:SHELL_ParseLine	24	static
../utilities/fsl_shell.c:272:13:SHELL_WriteBuffer	24	static
../utilities/fsl_shell.c:306:12:SHELL_Sprintf	8	static
../utilities/fsl_shell.c:1050:16:SHELL_RegisterCommand	16	static
../utilities/fsl_shell.c:1064:16:SHELL_UnregisterCommand	8	static
../utilities/fsl_shell.c:1076:16:SHELL_Write	8	static
../utilities/fsl_shell.c:765:13:SHELL_GetHistoryCommand	24	static
../utilities/fsl_shell.c:317:13:SHELL_hisOperation	8	static
../utilities/fsl_shell.c:618:23:SHELL_HelpCommand	16	static
../utilities/fsl_shell.c:388:13:SHELL_HandleBackspaceKey	16	static
../utilities/fsl_shell.c:418:13:SHELL_HandleNormalChar	16	static
../utilities/fsl_shell.c:638:23:SHELL_ExitCommand	16	static
../utilities/fsl_shell.c:1121:5:SHELL_Printf	20	static
../utilities/fsl_shell.c:647:13:SHELL_ProcessCommand	552	static
../utilities/fsl_shell.c:1166:16:SHELL_WriteSynchronization	8	static
../utilities/fsl_shell.c:1180:5:SHELL_PrintfSynchronization	20	static
../utilities/fsl_shell.c:1213:6:SHELL_PrintPrompt	16	static
../utilities/fsl_shell.c:802:13:SHELL_AutoComplete	32	static
../utilities/fsl_shell.c:372:13:SHELL_MoveCursorToBeginningLine	16	static
../utilities/fsl_shell.c:454:6:SHELL_Task	24	static
../utilities/fsl_shell.c:966:16:SHELL_Init	16	static
../utilities/fsl_shell.c:1201:6:SHELL_ChangePrompt	8	static
