../utilities/fsl_str.c:82:16:PrintGetSignChar	0	static
../utilities/fsl_str.c:109:17:PrintGetWidth	4	static
../utilities/fsl_str.c:138:17:PrintGetPrecision	16	static
../utilities/fsl_str.c:195:17:PrintIsobpu	0	static
../utilities/fsl_str.c:205:17:PrintIsdi	0	static
../utilities/fsl_str.c:215:13:PrintOutputdifFobpu	40	static
../utilities/fsl_str.c:268:13:PrintOutputxX	48	static
../utilities/fsl_str.c:329:17:PrintIsfF	0	static
../utilities/fsl_str.c:339:17:PrintIsxX	0	static
../utilities/fsl_str.c:350:17:PrintCheckFlags	8	static
../utilities/fsl_str.c:391:17:PrintGetLengthFlag	0	static
../utilities/fsl_str.c:462:16:PrintGetRadixFromobpu	0	static
../utilities/fsl_str.c:485:17:ScanIsWhiteSpace	0	static
../utilities/fsl_str.c:495:17:ScanIgnoreWhiteSpace	16	static
../utilities/fsl_str.c:510:16:ConvertRadixNumToString	32	static
../utilities/fsl_str.c:763:13:StrFormatExaminedi	0	static
../utilities/fsl_str.c:785:13:StrFormatExaminexX	0	static
../utilities/fsl_str.c:807:13:StrFormatExamineobpu	0	static
../utilities/fsl_str.c:1115:16:StrFormatScanIsFormatStarting	0	static
../utilities/fsl_str.c:1134:16:StrFormatScanGetBase	0	static
../utilities/fsl_str.c:1157:16:StrFormatScanCheckSymbol	0	static
../utilities/fsl_str.c:1178:16:StrFormatScanFillInteger	0	static
../utilities/fsl_str.c:1453:13:StrFormatScanfHandleChar	12	static
../utilities/fsl_str.c:1492:13:StrFormatScanfHandleString	32	static
../utilities/fsl_str.c:828:16:ConvertPrecisionWidthToLength	8	static
../utilities/fsl_str.c:1327:16:StrFormatScanfStringHandling	32	static
../utilities/fsl_str.c:863:5:StrFormatPrintf	136	static
../utilities/fsl_str.c:1539:5:StrFormatScanf	80	static
