Archive member included to satisfy reference by file (symbol)

/data/hdd/ti/SDK_8.6/rc_8_6_18thFeb/common/gcc-arm-9.2-2019.12-x86_64-aarch64-none-linux-gnu/bin/../aarch64-none-linux-gnu/libc/usr/lib64/libc_nonshared.a(stat.oS)
                              /opt/Jenkins_OUT/workspace/J7_TIDL_Parent/c7x-mma-tidl/ti_dl/release/tidl_j721e_08_06_00_10/arm-tidl/onnxrt_ep/out/J7/A72/LINUX/debug/module/src.armv8/../../../common/tidl_runtimes_infer_common.o (stat)

Discarded input sections

 .note.GNU-stack
                0x0000000000000000        0x0 /data/hdd/ti/SDK_8.6/rc_8_6_18thFeb/common/gcc-arm-9.2-2019.12-x86_64-aarch64-none-linux-gnu/bin/../aarch64-none-linux-gnu/libc/usr/lib/../lib64/crti.o
 .note.GNU-stack
                0x0000000000000000        0x0 /data/hdd/ti/SDK_8.6/rc_8_6_18thFeb/common/gcc-arm-9.2-2019.12-x86_64-aarch64-none-linux-gnu/bin/../lib/gcc/aarch64-none-linux-gnu/9.2.1/crtbeginS.o
 .group         0x0000000000000000        0x8 /opt/Jenkins_OUT/workspace/J7_TIDL_Parent/c7x-mma-tidl/ti_dl/release/tidl_j721e_08_06_00_10/arm-tidl/onnxrt_ep/out/J7/A72/LINUX/debug/module/src.armv8/../onnxrt_ep.o
 .group         0x0000000000000000        0x8 /opt/Jenkins_OUT/workspace/J7_TIDL_Parent/c7x-mma-tidl/ti_dl/release/tidl_j721e_08_06_00_10/arm-tidl/onnxrt_ep/out/J7/A72/LINUX/debug/module/src.armv8/../onnxrt_ep.o
 .group         0x0000000000000000        0xc /opt/Jenkins_OUT/workspace/J7_TIDL_Parent/c7x-mma-tidl/ti_dl/release/tidl_j721e_08_06_00_10/arm-tidl/onnxrt_ep/out/J7/A72/LINUX/debug/module/src.armv8/../onnxrt_ep.o
 .group         0x0000000000000000        0xc /opt/Jenkins_OUT/workspace/J7_TIDL_Parent/c7x-mma-tidl/ti_dl/release/tidl_j721e_08_06_00_10/arm-tidl/onnxrt_ep/out/J7/A72/LINUX/debug/module/src.armv8/../onnxrt_ep.o
 .group         0x0000000000000000        0x8 /opt/Jenkins_OUT/workspace/J7_TIDL_Parent/c7x-mma-tidl/ti_dl/release/tidl_j721e_08_06_00_10/arm-tidl/onnxrt_ep/out/J7/A72/LINUX/debug/module/src.armv8/../onnxrt_ep.o
 .group         0x0000000000000000        0xc /opt/Jenkins_OUT/workspace/J7_TIDL_Parent/c7x-mma-tidl/ti_dl/release/tidl_j721e_08_06_00_10/arm-tidl/onnxrt_ep/out/J7/A72/LINUX/debug/module/src.armv8/../onnxrt_ep.o
 .group         0x0000000000000000        0xc /opt/Jenkins_OUT/workspace/J7_TIDL_Parent/c7x-mma-tidl/ti_dl/release/tidl_j721e_08_06_00_10/arm-tidl/onnxrt_ep/out/J7/A72/LINUX/debug/module/src.armv8/../onnxrt_ep.o
 .group         0x0000000000000000        0xc /opt/Jenkins_OUT/workspace/J7_TIDL_Parent/c7x-mma-tidl/ti_dl/release/tidl_j721e_08_06_00_10/arm-tidl/onnxrt_ep/out/J7/A72/LINUX/debug/module/src.armv8/../onnxrt_ep.o
 .group         0x0000000000000000        0xc /opt/Jenkins_OUT/workspace/J7_TIDL_Parent/c7x-mma-tidl/ti_dl/release/tidl_j721e_08_06_00_10/arm-tidl/onnxrt_ep/out/J7/A72/LINUX/debug/module/src.armv8/../onnxrt_ep.o
 .group         0x0000000000000000       0x10 /opt/Jenkins_OUT/workspace/J7_TIDL_Parent/c7x-mma-tidl/ti_dl/release/tidl_j721e_08_06_00_10/arm-tidl/onnxrt_ep/out/J7/A72/LINUX/debug/module/src.armv8/../onnxrt_ep.o
 .group         0x0000000000000000        0xc /opt/Jenkins_OUT/workspace/J7_TIDL_Parent/c7x-mma-tidl/ti_dl/release/tidl_j721e_08_06_00_10/arm-tidl/onnxrt_ep/out/J7/A72/LINUX/debug/module/src.armv8/../onnxrt_ep.o
 .group         0x0000000000000000        0xc /opt/Jenkins_OUT/workspace/J7_TIDL_Parent/c7x-mma-tidl/ti_dl/release/tidl_j721e_08_06_00_10/arm-tidl/onnxrt_ep/out/J7/A72/LINUX/debug/module/src.armv8/../onnxrt_ep.o
 .group         0x0000000000000000        0xc /opt/Jenkins_OUT/workspace/J7_TIDL_Parent/c7x-mma-tidl/ti_dl/release/tidl_j721e_08_06_00_10/arm-tidl/onnxrt_ep/out/J7/A72/LINUX/debug/module/src.armv8/../onnxrt_ep.o
 .group         0x0000000000000000        0xc /opt/Jenkins_OUT/workspace/J7_TIDL_Parent/c7x-mma-tidl/ti_dl/release/tidl_j721e_08_06_00_10/arm-tidl/onnxrt_ep/out/J7/A72/LINUX/debug/module/src.armv8/../onnxrt_ep.o
 .group         0x0000000000000000        0xc /opt/Jenkins_OUT/workspace/J7_TIDL_Parent/c7x-mma-tidl/ti_dl/release/tidl_j721e_08_06_00_10/arm-tidl/onnxrt_ep/out/J7/A72/LINUX/debug/module/src.armv8/../onnxrt_ep.o
 .group         0x0000000000000000        0xc /opt/Jenkins_OUT/workspace/J7_TIDL_Parent/c7x-mma-tidl/ti_dl/release/tidl_j721e_08_06_00_10/arm-tidl/onnxrt_ep/out/J7/A72/LINUX/debug/module/src.armv8/../onnxrt_ep.o
 .group         0x0000000000000000        0xc /opt/Jenkins_OUT/workspace/J7_TIDL_Parent/c7x-mma-tidl/ti_dl/release/tidl_j721e_08_06_00_10/arm-tidl/onnxrt_ep/out/J7/A72/LINUX/debug/module/src.armv8/../onnxrt_ep.o
 .group         0x0000000000000000        0xc /opt/Jenkins_OUT/workspace/J7_TIDL_Parent/c7x-mma-tidl/ti_dl/release/tidl_j721e_08_06_00_10/arm-tidl/onnxrt_ep/out/J7/A72/LINUX/debug/module/src.armv8/../onnxrt_ep.o
 .group         0x0000000000000000        0xc /opt/Jenkins_OUT/workspace/J7_TIDL_Parent/c7x-mma-tidl/ti_dl/release/tidl_j721e_08_06_00_10/arm-tidl/onnxrt_ep/out/J7/A72/LINUX/debug/module/src.armv8/../onnxrt_ep.o
[...]
Memory Configuration

Name             Origin             Length             Attributes
*default*        0x0000000000000000 0xffffffffffffffff

Linker script and memory map

LOAD /data/hdd/ti/SDK_8.6/rc_8_6_18thFeb/common/gcc-arm-9.2-2019.12-x86_64-aarch64-none-linux-gnu/bin/../aarch64-none-linux-gnu/libc/usr/lib/../lib64/crti.o
LOAD /data/hdd/ti/SDK_8.6/rc_8_6_18thFeb/common/gcc-arm-9.2-2019.12-x86_64-aarch64-none-linux-gnu/bin/../lib/gcc/aarch64-none-linux-gnu/9.2.1/crtbeginS.o
LOAD /opt/Jenkins_OUT/workspace/J7_TIDL_Parent/c7x-mma-tidl/ti_dl/release/tidl_j721e_08_06_00_10/arm-tidl/onnxrt_ep/out/J7/A72/LINUX/debug/module/src.armv8/../onnxrt_ep.o
LOAD /opt/Jenkins_OUT/workspace/J7_TIDL_Parent/c7x-mma-tidl/ti_dl/release/tidl_j721e_08_06_00_10/arm-tidl/onnxrt_ep/out/J7/A72/LINUX/debug/module/src.armv8/../../../common/tidl_runtimes_infer_common.o
LOAD /opt/Jenkins_OUT/workspace/J7_TIDL_Parent/c7x-mma-tidl/ti_dl/release/tidl_j721e_08_06_00_10/arm-tidl/onnxrt_ep/out/J7/A72/LINUX/debug/module/src.armv8/../../../common/tidl_onnxrt_common.o
START GROUP
END GROUP
LOAD /data/hdd/ti/SDK_8.6/rc_8_6_18thFeb/common/gcc-arm-9.2-2019.12-x86_64-aarch64-none-linux-gnu/bin/../aarch64-none-linux-gnu/libc/usr/lib/../lib64/libdl.so
LOAD /data/hdd/ti/SDK_8.6/rc_8_6_18thFeb/common/gcc-arm-9.2-2019.12-x86_64-aarch64-none-linux-gnu/bin/../lib/gcc/aarch64-none-linux-gnu/9.2.1/../../../../aarch64-none-linux-gnu/lib/../lib64/libstdc++.so
LOAD /data/hdd/ti/SDK_8.6/rc_8_6_18thFeb/common/gcc-arm-9.2-2019.12-x86_64-aarch64-none-linux-gnu/bin/../aarch64-none-linux-gnu/libc/usr/lib/../lib64/libm.so
LOAD /data/hdd/ti/SDK_8.6/rc_8_6_18thFeb/common/gcc-arm-9.2-2019.12-x86_64-aarch64-none-linux-gnu/bin/../lib/gcc/aarch64-none-linux-gnu/9.2.1/../../../../aarch64-none-linux-gnu/lib/../lib64/libgcc_s.so
LOAD /data/hdd/ti/SDK_8.6/rc_8_6_18thFeb/common/gcc-arm-9.2-2019.12-x86_64-aarch64-none-linux-gnu/bin/../aarch64-none-linux-gnu/libc/usr/lib/../lib64/libc.so
START GROUP
LOAD /data/hdd/ti/SDK_8.6/rc_8_6_18thFeb/common/gcc-arm-9.2-2019.12-x86_64-aarch64-none-linux-gnu/bin/../aarch64-none-linux-gnu/libc/lib64/libc.so.6
LOAD /data/hdd/ti/SDK_8.6/rc_8_6_18thFeb/common/gcc-arm-9.2-2019.12-x86_64-aarch64-none-linux-gnu/bin/../aarch64-none-linux-gnu/libc/usr/lib64/libc_nonshared.a
LOAD /data/hdd/ti/SDK_8.6/rc_8_6_18thFeb/common/gcc-arm-9.2-2019.12-x86_64-aarch64-none-linux-gnu/bin/../aarch64-none-linux-gnu/libc/lib/ld-linux-aarch64.so.1
END GROUP
LOAD /data/hdd/ti/SDK_8.6/rc_8_6_18thFeb/common/gcc-arm-9.2-2019.12-x86_64-aarch64-none-linux-gnu/bin/../lib/gcc/aarch64-none-linux-gnu/9.2.1/../../../../aarch64-none-linux-gnu/lib/../lib64/libgcc_s.so
LOAD /data/hdd/ti/SDK_8.6/rc_8_6_18thFeb/common/gcc-arm-9.2-2019.12-x86_64-aarch64-none-linux-gnu/bin/../lib/gcc/aarch64-none-linux-gnu/9.2.1/crtendS.o
LOAD /data/hdd/ti/SDK_8.6/rc_8_6_18thFeb/common/gcc-arm-9.2-2019.12-x86_64-aarch64-none-linux-gnu/bin/../aarch64-none-linux-gnu/libc/usr/lib/../lib64/crtn.o
                0x0000000000000190                . = (SEGMENT_START ("text-segment", 0x0) + SIZEOF_HEADERS)

.note.gnu.build-id
 *(.note.gnu.build-id)

.hash           0x0000000000000190     0x11d8
 *(.hash)
 .hash          0x0000000000000190     0x11d8 /data/hdd/ti/SDK_8.6/rc_8_6_18thFeb/common/gcc-arm-9.2-2019.12-x86_64-aarch64-none-linux-gnu/bin/../aarch64-none-linux-gnu/libc/usr/lib/../lib64/crti.o

.gnu.hash       0x0000000000001368     0x12a0
 *(.gnu.hash)
 .gnu.hash      0x0000000000001368     0x12a0 /data/hdd/ti/SDK_8.6/rc_8_6_18thFeb/common/gcc-arm-9.2-2019.12-x86_64-aarch64-none-linux-gnu/bin/../aarch64-none-linux-gnu/libc/usr/lib/../lib64/crti.o

.dynsym         0x0000000000002608     0x3a08
 *(.dynsym)
 .dynsym        0x0000000000002608     0x3a08 /data/hdd/ti/SDK_8.6/rc_8_6_18thFeb/common/gcc-arm-9.2-2019.12-x86_64-aarch64-none-linux-gnu/bin/../aarch64-none-linux-gnu/libc/usr/lib/../lib64/crti.o

.dynstr         0x0000000000006010     0x8c0f
 *(.dynstr)
 .dynstr        0x0000000000006010     0x8c0f /data/hdd/ti/SDK_8.6/rc_8_6_18thFeb/common/gcc-arm-9.2-2019.12-x86_64-aarch64-none-linux-gnu/bin/../aarch64-none-linux-gnu/libc/usr/lib/../lib64/crti.o

.gnu.version    0x000000000000ec20      0x4d6
 *(.gnu.version)
 .gnu.version   0x000000000000ec20      0x4d6 /data/hdd/ti/SDK_8.6/rc_8_6_18thFeb/common/gcc-arm-9.2-2019.12-x86_64-aarch64-none-linux-gnu/bin/../aarch64-none-linux-gnu/libc/usr/lib/../lib64/crti.o

.gnu.version_d  0x000000000000f0f8        0x0
 *(.gnu.version_d)
 .gnu.version_d
                0x000000000000f0f8        0x0 /data/hdd/ti/SDK_8.6/rc_8_6_18thFeb/common/gcc-arm-9.2-2019.12-x86_64-aarch64-none-linux-gnu/bin/../aarch64-none-linux-gnu/libc/usr/lib/../lib64/crti.o

.gnu.version_r  0x000000000000f0f8       0x60
 *(.gnu.version_r)
 .gnu.version_r
                0x000000000000f0f8       0x60 /data/hdd/ti/SDK_8.6/rc_8_6_18thFeb/common/gcc-arm-9.2-2019.12-x86_64-aarch64-none-linux-gnu/bin/../aarch64-none-linux-gnu/libc/usr/lib/../lib64/crti.o

.rela.dyn       0x000000000000f158      0x150
 *(.rela.init)
 *(.rela.text .rela.text.* .rela.gnu.linkonce.t.*)
 *(.rela.fini)
 *(.rela.rodata .rela.rodata.* .rela.gnu.linkonce.r.*)
 *(.rela.data .rela.data.* .rela.gnu.linkonce.d.*)
 .rela.data.rel.local
                0x000000000000f158       0x18 /data/hdd/ti/SDK_8.6/rc_8_6_18thFeb/common/gcc-arm-9.2-2019.12-x86_64-aarch64-none-linux-gnu/bin/../aarch64-none-linux-gnu/libc/usr/lib/../lib64/crti.o
 .rela.data.rel.local.DW.ref.__gxx_personality_v0
                0x000000000000f170       0x18 /data/hdd/ti/SDK_8.6/rc_8_6_18thFeb/common/gcc-arm-9.2-2019.12-x86_64-aarch64-none-linux-gnu/bin/../aarch64-none-linux-gnu/libc/usr/lib/../lib64/crti.o
 *(.rela.tdata .rela.tdata.* .rela.gnu.linkonce.td.*)
 *(.rela.tbss .rela.tbss.* .rela.gnu.linkonce.tb.*)
 *(.rela.ctors)
 *(.rela.dtors)
 *(.rela.got)
 .rela.got      0x000000000000f188       0xa8 /data/hdd/ti/SDK_8.6/rc_8_6_18thFeb/common/gcc-arm-9.2-2019.12-x86_64-aarch64-none-linux-gnu/bin/../aarch64-none-linux-gnu/libc/usr/lib/../lib64/crti.o
 *(.rela.bss .rela.bss.* .rela.gnu.linkonce.b.*)
 *(.rela.ifunc)
 .rela.ifunc    0x000000000000f230        0x0 /data/hdd/ti/SDK_8.6/rc_8_6_18thFeb/common/gcc-arm-9.2-2019.12-x86_64-aarch64-none-linux-gnu/bin/../aarch64-none-linux-gnu/libc/usr/lib/../lib64/crti.o
 .rela.init_array
                0x000000000000f230       0x60 /data/hdd/ti/SDK_8.6/rc_8_6_18thFeb/common/gcc-arm-9.2-2019.12-x86_64-aarch64-none-linux-gnu/bin/../aarch64-none-linux-gnu/libc/usr/lib/../lib64/crti.o
 .rela.fini_array
                0x000000000000f290       0x18 /data/hdd/ti/SDK_8.6/rc_8_6_18thFeb/common/gcc-arm-9.2-2019.12-x86_64-aarch64-none-linux-gnu/bin/../aarch64-none-linux-gnu/libc/usr/lib/../lib64/crti.o

.rela.plt       0x000000000000f2a8     0x30a8
 *(.rela.plt)
 .rela.plt      0x000000000000f2a8     0x30a8 /data/hdd/ti/SDK_8.6/rc_8_6_18thFeb/common/gcc-arm-9.2-2019.12-x86_64-aarch64-none-linux-gnu/bin/../aarch64-none-linux-gnu/libc/usr/lib/../lib64/crti.o
 *(.rela.iplt)

.init           0x0000000000012350       0x14
 *(SORT_NONE(.init))
 .init          0x0000000000012350        0xc /data/hdd/ti/SDK_8.6/rc_8_6_18thFeb/common/gcc-arm-9.2-2019.12-x86_64-aarch64-none-linux-gnu/bin/../aarch64-none-linux-gnu/libc/usr/lib/../lib64/crti.o
                0x0000000000012350                _init
 .init          0x000000000001235c        0x8 /data/hdd/ti/SDK_8.6/rc_8_6_18thFeb/common/gcc-arm-9.2-2019.12-x86_64-aarch64-none-linux-gnu/bin/../aarch64-none-linux-gnu/libc/usr/lib/../lib64/crtn.o

.plt            0x0000000000012370     0x2090
 *(.plt)
 .plt           0x0000000000012370     0x2090 /data/hdd/ti/SDK_8.6/rc_8_6_18thFeb/common/gcc-arm-9.2-2019.12-x86_64-aarch64-none-linux-gnu/bin/../aarch64-none-linux-gnu/libc/usr/lib/../lib64/crti.o
 *(.iplt)

.text           0x0000000000014400     0x8f10
 *(.text.unlikely .text.*_unlikely .text.unlikely.*)
 *(.text.exit .text.exit.*)
 *(.text.startup .text.startup.*)
 *(.text.hot .text.hot.*)
 *(.text .stub .text.* .gnu.linkonce.t.*)
 .text          0x0000000000014400       0x14 /data/hdd/ti/SDK_8.6/rc_8_6_18thFeb/common/gcc-arm-9.2-2019.12-x86_64-aarch64-none-linux-gnu/bin/../aarch64-none-linux-gnu/libc/usr/lib/../lib64/crti.o
 *fill*         0x0000000000014414        0x4 1f2003d5
 .text          0x0000000000014418       0xbc /data/hdd/ti/SDK_8.6/rc_8_6_18thFeb/common/gcc-arm-9.2-2019.12-x86_64-aarch64-none-linux-gnu/bin/../lib/gcc/aarch64-none-linux-gnu/9.2.1/crtbeginS.o
 .text          0x00000000000144d4     0x156c /opt/Jenkins_OUT/workspace/J7_TIDL_Parent/c7x-mma-tidl/ti_dl/release/tidl_j721e_08_06_00_10/arm-tidl/onnxrt_ep/out/J7/A72/LINUX/debug/module/src.armv8/../onnxrt_ep.o
                0x00000000000144d4                TIDL_populateOptions
                0x0000000000014a2c                TIDL_splitStringWithDelimiter(std::__cxx11::basic_string<char, std::char_traits<char>, std::allocator<char> >, std::__cxx11::basic_string<char, std::char_traits<char>, std::allocator<char> >)
                0x0000000000014b74                TIDL_getSupportedNodesInfer
                0x0000000000014f5c                TIDL_computeImportFunc
                0x0000000000014f88                TIDLEP_getDdrStats
                0x0000000000014fbc                TIDL_readOnnxRtMetaDataForInference
                0x000000000001576c                TIDL_createStateInferFunc
                0x00000000000158f4                TIDL_computeInvokeFunc
                0x0000000000015944                TIDL_releaseRtFunc
 .text._ZnwmPv  0x0000000000015a40       0x18 /opt/Jenkins_OUT/workspace/J7_TIDL_Parent/c7x-mma-tidl/ti_dl/release/tidl_j721e_08_06_00_10/arm-tidl/onnxrt_ep/out/J7/A72/LINUX/debug/module/src.armv8/../onnxrt_ep.o
                0x0000000000015a40                operator new(unsigned long, void*)
 .text._ZdlPvS_
                0x0000000000015a58       0x18 /opt/Jenkins_OUT/workspace/J7_TIDL_Parent/c7x-mma-tidl/ti_dl/release/tidl_j721e_08_06_00_10/arm-tidl/onnxrt_ep/out/J7/A72/LINUX/debug/module/src.armv8/../onnxrt_ep.o
                0x0000000000015a58                operator delete(void*, void*)
 .text._ZNSt11char_traitsIcE7compareEPKcS2_m
                0x0000000000015a70       0x44 /opt/Jenkins_OUT/workspace/J7_TIDL_Parent/c7x-mma-tidl/ti_dl/release/tidl_j721e_08_06_00_10/arm-tidl/onnxrt_ep/out/J7/A72/LINUX/debug/module/src.armv8/../onnxrt_ep.o
                0x0000000000015a70                std::char_traits<char>::compare(char const*, char const*, unsigned long)
 .text._ZNSt7__cxx119to_stringEi
                0x0000000000015ab4       0x44 /opt/Jenkins_OUT/workspace/J7_TIDL_Parent/c7x-mma-tidl/ti_dl/release/tidl_j721e_08_06_00_10/arm-tidl/onnxrt_ep/out/J7/A72/LINUX/debug/module/src.armv8/../onnxrt_ep.o
                0x0000000000015ab4                std::__cxx11::to_string(int)
 .text._ZStorSt13_Ios_OpenmodeS_
                0x0000000000015af8       0x20 /opt/Jenkins_OUT/workspace/J7_TIDL_Parent/c7x-mma-tidl/ti_dl/release/tidl_j721e_08_06_00_10/arm-tidl/onnxrt_ep/out/J7/A72/LINUX/debug/module/src.armv8/../onnxrt_ep.o
                0x0000000000015af8                std::operator|(std::_Ios_Openmode, std::_Ios_Openmode)
 .text._ZN25TIDL_OnnxrtEPInferOptionsC2Ev
                0x0000000000015b18       0x50 /opt/Jenkins_OUT/workspace/J7_TIDL_Parent/c7x-mma-tidl/ti_dl/release/tidl_j721e_08_06_00_10/arm-tidl/onnxrt_ep/out/J7/A72/LINUX/debug/module/src.armv8/../onnxrt_ep.o
                0x0000000000015b18                TIDL_OnnxrtEPInferOptions::TIDL_OnnxrtEPInferOptions()
                0x0000000000015b18                TIDL_OnnxrtEPInferOptions::TIDL_OnnxrtEPInferOptions()
 .text._ZNSt12_Vector_baseINSt7__cxx1112basic_stringIcSt11char_traitsIcESaIcEEESaIS5_EE12_Vector_implD2Ev
                0x0000000000015b68       0x20 /opt/Jenkins_OUT/workspace/J7_TIDL_Parent/c7x-mma-tidl/ti_dl/release/tidl_j721e_08_06_00_10/arm-tidl/onnxrt_ep/out/J7/A72/LINUX/debug/module/src.armv8/../onnxrt_ep.o
                0x0000000000015b68                std::_Vector_base<std::__cxx11::basic_string<char, std::char_traits<char>, std::allocator<char> >, std::allocator<std::__cxx11::basic_string<char, std::char_traits<char>, std::allocator<char> > > >::_Vector_impl::~_Vector_impl()
                0x0000000000015b68                std::_Vector_base<std::__cxx11::basic_string<char, std::char_traits<char>, std::allocator<char> >, std::allocator<std::__cxx11::basic_string<char, std::char_traits<char>, std::allocator<char> > > >::_Vector_impl::~_Vector_impl()
 .text._ZNSt12_Vector_baseINSt7__cxx1112basic_stringIcSt11char_traitsIcESaIcEEESaIS5_EEC2Ev
                0x0000000000015b88       0x20 /opt/Jenkins_OUT/workspace/J7_TIDL_Parent/c7x-mma-tidl/ti_dl/release/tidl_j721e_08_06_00_10/arm-tidl/onnxrt_ep/out/J7/A72/LINUX/debug/module/src.armv8/../onnxrt_ep.o
                0x0000000000015b88                std::_Vector_base<std::__cxx11::basic_string<char, std::char_traits<char>, std::allocator<char> >, std::allocator<std::__cxx11::basic_string<char, std::char_traits<char>, std::allocator<char> > > >::_Vector_base()
                0x0000000000015b88                std::_Vector_base<std::__cxx11::basic_string<char, std::char_traits<char>, std::allocator<char> >, std::allocator<std::__cxx11::basic_string<char, std::char_traits<char>, std::allocator<char> > > >::_Vector_base()
 .text._ZNSt6vectorINSt7__cxx1112basic_stringIcSt11char_traitsIcESaIcEEESaIS5_EEC2Ev
                0x0000000000015ba8       0x20 /opt/Jenkins_OUT/workspace/J7_TIDL_Parent/c7x-mma-tidl/ti_dl/release/tidl_j721e_08_06_00_10/arm-tidl/onnxrt_ep/out/J7/A72/LINUX/debug/module/src.armv8/../onnxrt_ep.o
                0x0000000000015ba8                std::vector<std::__cxx11::basic_string<char, std::char_traits<char>, std::allocator<char> >, std::allocator<std::__cxx11::basic_string<char, std::char_traits<char>, std::allocator<char> > > >::vector()
                0x0000000000015ba8                std::vector<std::__cxx11::basic_string<char, std::char_traits<char>, std::allocator<char> >, std::allocator<std::__cxx11::basic_string<char, std::char_traits<char>, std::allocator<char> > > >::vector()
 .text._ZNSt4pairINSt7__cxx1112basic_stringIcSt11char_traitsIcESaIcEEES5_EC2ERKS6_
                0x0000000000015bc8       0x60 /opt/Jenkins_OUT/workspace/J7_TIDL_Parent/c7x-mma-tidl/ti_dl/release/tidl_j721e_08_06_00_10/arm-tidl/onnxrt_ep/out/J7/A72/LINUX/debug/module/src.armv8/../onnxrt_ep.o
                0x0000000000015bc8                std::pair<std::__cxx11::basic_string<char, std::char_traits<char>, std::allocator<char> >, std::__cxx11::basic_string<char, std::char_traits<char>, std::allocator<char> > >::pair(std::pair<std::__cxx11::basic_string<char, std::char_traits<char>, std::allocator<char> >, std::__cxx11::basic_string<char, std::char_traits<char>, std::allocator<char> > > const&)
                0x0000000000015bc8                std::pair<std::__cxx11::basic_string<char, std::char_traits<char>, std::allocator<char> >, std::__cxx11::basic_string<char, std::char_traits<char>, std::allocator<char> > >::pair(std::pair<std::__cxx11::basic_string<char, std::char_traits<char>, std::allocator<char> >, std::__cxx11::basic_string<char, std::char_traits<char>, std::allocator<char> > > const&)
 .text._ZNSt4pairINSt7__cxx1112basic_stringIcSt11char_traitsIcESaIcEEES5_ED2Ev
                0x0000000000015c28       0x2c /opt/Jenkins_OUT/workspace/J7_TIDL_Parent/c7x-mma-tidl/ti_dl/release/tidl_j721e_08_06_00_10/arm-tidl/onnxrt_ep/out/J7/A72/LINUX/debug/module/src.armv8/../onnxrt_ep.o
                0x0000000000015c28                std::pair<std::__cxx11::basic_string<char, std::char_traits<char>, std::allocator<char> >, std::__cxx11::basic_string<char, std::char_traits<char>, std::allocator<char> > >::~pair()
                0x0000000000015c28                std::pair<std::__cxx11::basic_string<char, std::char_traits<char>, std::allocator<char> >, std::__cxx11::basic_string<char, std::char_traits<char>, std::allocator<char> > >::~pair()
 .text._ZN25TIDL_OnnxrtEPInferOptionsD2Ev
                0x0000000000015c54       0x24 /opt/Jenkins_OUT/workspace/J7_TIDL_Parent/c7x-mma-tidl/ti_dl/release/tidl_j721e_08_06_00_10/arm-tidl/onnxrt_ep/out/J7/A72/LINUX/debug/module/src.armv8/../onnxrt_ep.o
                0x0000000000015c54                TIDL_OnnxrtEPInferOptions::~TIDL_OnnxrtEPInferOptions()
                0x0000000000015c54                TIDL_OnnxrtEPInferOptions::~TIDL_OnnxrtEPInferOptions()
 .text._ZNSt12_Vector_baseISt6vectorIiSaIiEESaIS2_EE12_Vector_implD2Ev
                0x0000000000015c78       0x20 /opt/Jenkins_OUT/workspace/J7_TIDL_Parent/c7x-mma-tidl/ti_dl/release/tidl_j721e_08_06_00_10/arm-tidl/onnxrt_ep/out/J7/A72/LINUX/debug/module/src.armv8/../onnxrt_ep.o
                0x0000000000015c78                std::_Vector_base<std::vector<int, std::allocator<int> >, std::allocator<std::vector<int, std::allocator<int> > > >::_Vector_impl::~_Vector_impl()
                0x0000000000015c78                std::_Vector_base<std::vector<int, std::allocator<int> >, std::allocator<std::vector<int, std::allocator<int> > > >::_Vector_impl::~_Vector_impl()
 .text._ZNSt12_Vector_baseISt6vectorIiSaIiEESaIS2_EEC2Ev
                0x0000000000015c98       0x20 /opt/Jenkins_OUT/workspace/J7_TIDL_Parent/c7x-mma-tidl/ti_dl/release/tidl_j721e_08_06_00_10/arm-tidl/onnxrt_ep/out/J7/A72/LINUX/debug/module/src.armv8/../onnxrt_ep.o
                0x0000000000015c98                std::_Vector_base<std::vector<int, std::allocator<int> >, std::allocator<std::vector<int, std::allocator<int> > > >::_Vector_base()
                0x0000000000015c98                std::_Vector_base<std::vector<int, std::allocator<int> >, std::allocator<std::vector<int, std::allocator<int> > > >::_Vector_base()
 .text._ZNSt6vectorIS_IiSaIiEESaIS1_EEC2Ev
                0x0000000000015cb8       0x20 /opt/Jenkins_OUT/workspace/J7_TIDL_Parent/c7x-mma-tidl/ti_dl/release/tidl_j721e_08_06_00_10/arm-tidl/onnxrt_ep/out/J7/A72/LINUX/debug/module/src.armv8/../onnxrt_ep.o
                0x0000000000015cb8                std::vector<std::vector<int, std::allocator<int> >, std::allocator<std::vector<int, std::allocator<int> > > >::vector()
                0x0000000000015cb8                std::vector<std::vector<int, std::allocator<int> >, std::allocator<std::vector<int, std::allocator<int> > > >::vector()
 .text._ZNSt12_Vector_baseIiSaIiEE12_Vector_implD2Ev
                0x0000000000015cd8       0x20 /opt/Jenkins_OUT/workspace/J7_TIDL_Parent/c7x-mma-tidl/ti_dl/release/tidl_j721e_08_06_00_10/arm-tidl/onnxrt_ep/out/J7/A72/LINUX/debug/module/src.armv8/../onnxrt_ep.o
                0x0000000000015cd8                std::_Vector_base<int, std::allocator<int> >::_Vector_impl::~_Vector_impl()
                0x0000000000015cd8                std::_Vector_base<int, std::allocator<int> >::_Vector_impl::~_Vector_impl()
 .text._ZNSt12_Vector_baseIiSaIiEEC2Ev
                0x0000000000015cf8       0x20 /opt/Jenkins_OUT/workspace/J7_TIDL_Parent/c7x-mma-tidl/ti_dl/release/tidl_j721e_08_06_00_10/arm-tidl/onnxrt_ep/out/J7/A72/LINUX/debug/module/src.armv8/../onnxrt_ep.o
                0x0000000000015cf8                std::_Vector_base<int, std::allocator<int> >::_Vector_base()
                0x0000000000015cf8                std::_Vector_base<int, std::allocator<int> >::_Vector_base()
 .text._ZNSt6vectorIiSaIiEEC2Ev
                0x0000000000015d18       0x20 /opt/Jenkins_OUT/workspace/J7_TIDL_Parent/c7x-mma-tidl/ti_dl/release/tidl_j721e_08_06_00_10/arm-tidl/onnxrt_ep/out/J7/A72/LINUX/debug/module/src.armv8/../onnxrt_ep.o
                0x0000000000015d18                std::vector<int, std::allocator<int> >::vector()
                0x0000000000015d18                std::vector<int, std::allocator<int> >::vector()
 .text._ZNSt12_Vector_baseISt6vectorIiSaIiEESaIS2_EEC2EOS4_
                0x0000000000015d38       0x28 /opt/Jenkins_OUT/workspace/J7_TIDL_Parent/c7x-mma-tidl/ti_dl/release/tidl_j721e_08_06_00_10/arm-tidl/onnxrt_ep/out/J7/A72/LINUX/debug/module/src.armv8/../onnxrt_ep.o
                0x0000000000015d38                std::_Vector_base<std::vector<int, std::allocator<int> >, std::allocator<std::vector<int, std::allocator<int> > > >::_Vector_base(std::_Vector_base<std::vector<int, std::allocator<int> >, std::allocator<std::vector<int, std::allocator<int> > > >&&)
                0x0000000000015d38                std::_Vector_base<std::vector<int, std::allocator<int> >, std::allocator<std::vector<int, std::allocator<int> > > >::_Vector_base(std::_Vector_base<std::vector<int, std::allocator<int> >, std::allocator<std::vector<int, std::allocator<int> > > >&&)
 .text._ZNSt6vectorIS_IiSaIiEESaIS1_EEC2EOS3_
                0x0000000000015d60       0x28 /opt/Jenkins_OUT/workspace/J7_TIDL_Parent/c7x-mma-tidl/ti_dl/release/tidl_j721e_08_06_00_10/arm-tidl/onnxrt_ep/out/J7/A72/LINUX/debug/module/src.armv8/../onnxrt_ep.o
                0x0000000000015d60                std::vector<std::vector<int, std::allocator<int> >, std::allocator<std::vector<int, std::allocator<int> > > >::vector(std::vector<std::vector<int, std::allocator<int> >, std::allocator<std::vector<int, std::allocator<int> > > >&&)
                0x0000000000015d60                std::vector<std::vector<int, std::allocator<int> >, std::allocator<std::vector<int, std::allocator<int> > > >::vector(std::vector<std::vector<int, std::allocator<int> >, std::allocator<std::vector<int, std::allocator<int> > > >&&)
 .text._ZN9__gnu_cxx12__to_xstringINSt7__cxx1112basic_stringIcSt11char_traitsIcESaIcEEEcEET_PFiPT0_mPKS8_St9__va_listEmSB_z
                0x0000000000015d88      0x138 /opt/Jenkins_OUT/workspace/J7_TIDL_Parent/c7x-mma-tidl/ti_dl/release/tidl_j721e_08_06_00_10/arm-tidl/onnxrt_ep/out/J7/A72/LINUX/debug/module/src.armv8/../onnxrt_ep.o
                0x0000000000015d88                std::__cxx11::basic_string<char, std::char_traits<char>, std::allocator<char> > __gnu_cxx::__to_xstring<std::__cxx11::basic_string<char, std::char_traits<char>, std::allocator<char> >, char>(int (*)(char*, unsigned long, char const*, std::__va_list), unsigned long, char const*, ...)
 .text._ZNSt7__cxx1112basic_stringIcSt11char_traitsIcESaIcEE12_Alloc_hiderD2Ev
                0x0000000000015ec0       0x20 /opt/Jenkins_OUT/workspace/J7_TIDL_Parent/c7x-mma-tidl/ti_dl/release/tidl_j721e_08_06_00_10/arm-tidl/onnxrt_ep/out/J7/A72/LINUX/debug/module/src.armv8/../onnxrt_ep.o
                0x0000000000015ec0                std::__cxx11::basic_string<char, std::char_traits<char>, std::allocator<char> >::_Alloc_hider::~_Alloc_hider()
                0x0000000000015ec0                std::__cxx11::basic_string<char, std::char_traits<char>, std::allocator<char> >::_Alloc_hider::~_Alloc_hider()
 .text._ZStplIcSt11char_traitsIcESaIcEENSt7__cxx1112basic_stringIT_T0_T1_EERKS8_PKS5_
                0x0000000000015ee0       0x58 /opt/Jenkins_OUT/workspace/J7_TIDL_Parent/c7x-mma-tidl/ti_dl/release/tidl_j721e_08_06_00_10/arm-tidl/onnxrt_ep/out/J7/A72/LINUX/debug/module/src.armv8/../onnxrt_ep.o
                0x0000000000015ee0                std::__cxx11::basic_string<char, std::char_traits<char>, std::allocator<char> > std::operator+<char, std::char_traits<char>, std::allocator<char> >(std::__cxx11::basic_string<char, std::char_traits<char>, std::allocator<char> > const&, char const*)
 .text._ZSt3minImERKT_S2_S2_
                0x0000000000015f38       0x38 /opt/Jenkins_OUT/workspace/J7_TIDL_Parent/c7x-mma-tidl/ti_dl/release/tidl_j721e_08_06_00_10/arm-tidl/onnxrt_ep/out/J7/A72/LINUX/debug/module/src.armv8/../onnxrt_ep.o
                0x0000000000015f38                unsigned long const& std::min<unsigned long>(unsigned long const&, unsigned long const&)
 .text._ZSt3maxImERKT_S2_S2_
                0x0000000000015f70       0x38 /opt/Jenkins_OUT/workspace/J7_TIDL_Parent/c7x-mma-tidl/ti_dl/release/tidl_j721e_08_06_00_10/arm-tidl/onnxrt_ep/out/J7/A72/LINUX/debug/module/src.armv8/../onnxrt_ep.o
                0x0000000000015f70                unsigned long const& std::max<unsigned long>(unsigned long const&, unsigned long const&)
 .text._ZNSt12_Vector_baseINSt7__cxx1112basic_stringIcSt11char_traitsIcESaIcEEESaIS5_EE12_Vector_implC2Ev
                0x0000000000015fa8       0x28 /opt/Jenkins_OUT/workspace/J7_TIDL_Parent/c7x-mma-tidl/ti_dl/release/tidl_j721e_08_06_00_10/arm-tidl/onnxrt_ep/out/J7/A72/LINUX/debug/module/src.armv8/../onnxrt_ep.o
                0x0000000000015fa8                std::_Vector_base<std::__cxx11::basic_string<char, std::char_traits<char>, std::allocator<char> >, std::allocator<std::__cxx11::basic_string<char, std::char_traits<char>, std::allocator<char> > > >::_Vector_impl::_Vector_impl()
                0x0000000000015fa8                std::_Vector_base<std::__cxx11::basic_string<char, std::char_traits<char>, std::allocator<char> >, std::allocator<std::__cxx11::basic_string<char, std::char_traits<char>, std::allocator<char> > > >::_Vector_impl::_Vector_impl()
 .text._ZNSaINSt7__cxx1112basic_stringIcSt11char_traitsIcESaIcEEEED2Ev
                0x0000000000015fd0       0x20 /opt/Jenkins_OUT/workspace/J7_TIDL_Parent/c7x-mma-tidl/ti_dl/release/tidl_j721e_08_06_00_10/arm-tidl/onnxrt_ep/out/J7/A72/LINUX/debug/module/src.armv8/../onnxrt_ep.o
                0x0000000000015fd0                std::allocator<std::__cxx11::basic_string<char, std::char_traits<char>, std::allocator<char> > >::~allocator()
                0x0000000000015fd0                std::allocator<std::__cxx11::basic_string<char, std::char_traits<char>, std::allocator<char> > >::~allocator()
 .text._ZNSt12_Vector_baseINSt7__cxx1112basic_stringIcSt11char_traitsIcESaIcEEESaIS5_EED2Ev
                0x0000000000015ff0       0x50 /opt/Jenkins_OUT/workspace/J7_TIDL_Parent/c7x-mma-tidl/ti_dl/release/tidl_j721e_08_06_00_10/arm-tidl/onnxrt_ep/out/J7/A72/LINUX/debug/module/src.armv8/../onnxrt_ep.o
                0x0000000000015ff0                std::_Vector_base<std::__cxx11::basic_string<char, std::char_traits<char>, std::allocator<char> >, std::allocator<std::__cxx11::basic_string<char, std::char_traits<char>, std::allocator<char> > > >::~_Vector_base()
                0x0000000000015ff0                std::_Vector_base<std::__cxx11::basic_string<char, std::char_traits<char>, std::allocator<char> >, std::allocator<std::__cxx11::basic_string<char, std::char_traits<char>, std::allocator<char> > > >::~_Vector_base()
 .text._ZNSt6vectorINSt7__cxx1112basic_stringIcSt11char_traitsIcESaIcEEESaIS5_EED2Ev
                0x0000000000016040       0x50 /opt/Jenkins_OUT/workspace/J7_TIDL_Parent/c7x-mma-tidl/ti_dl/release/tidl_j721e_08_06_00_10/arm-tidl/onnxrt_ep/out/J7/A72/LINUX/debug/module/src.armv8/../onnxrt_ep.o
                0x0000000000016040                std::vector<std::__cxx11::basic_string<char, std::char_traits<char>, std::allocator<char> >, std::allocator<std::__cxx11::basic_string<char, std::char_traits<char>, std::allocator<char> > > >::~vector()
                0x0000000000016040                std::vector<std::__cxx11::basic_string<char, std::char_traits<char>, std::allocator<char> >, std::allocator<std::__cxx11::basic_string<char, std::char_traits<char>, std::allocator<char> > > >::~vector()
 .text._ZSt4moveIRNSt7__cxx1112basic_stringIcSt11char_traitsIcESaIcEEEEONSt16remove_referenceIT_E4typeEOS8_
                0x0000000000016090       0x14 /opt/Jenkins_OUT/workspace/J7_TIDL_Parent/c7x-mma-tidl/ti_dl/release/tidl_j721e_08_06_00_10/arm-tidl/onnxrt_ep/out/J7/A72/LINUX/debug/module/src.armv8/../onnxrt_ep.o
                0x0000000000016090                std::remove_reference<std::__cxx11::basic_string<char, std::char_traits<char>, std::allocator<char> >&>::type&& std::move<std::__cxx11::basic_string<char, std::char_traits<char>, std::allocator<char> >&>(std::__cxx11::basic_string<char, std::char_traits<char>, std::allocator<char> >&)
 .text._ZNSt6vectorISt4pairINSt7__cxx1112basic_stringIcSt11char_traitsIcESaIcEEES6_ESaIS7_EE5beginEv
                0x00000000000160a4       0x24 /opt/Jenkins_OUT/workspace/J7_TIDL_Parent/c7x-mma-tidl/ti_dl/release/tidl_j721e_08_06_00_10/arm-tidl/onnxrt_ep/out/J7/A72/LINUX/debug/module/src.armv8/../onnxrt_ep.o
                0x00000000000160a4                std::vector<std::pair<std::__cxx11::basic_string<char, std::char_traits<char>, std::allocator<char> >, std::__cxx11::basic_string<char, std::char_traits<char>, std::allocator<char> > >, std::allocator<std::pair<std::__cxx11::basic_string<char, std::char_traits<char>, std::allocator<char> >, std::__cxx11::basic_string<char, std::char_traits<char>, std::allocator<char> > > > >::begin()
 .text._ZNSt6vectorISt4pairINSt7__cxx1112basic_stringIcSt11char_traitsIcESaIcEEES6_ESaIS7_EE3endEv
                0x00000000000160c8       0x28 /opt/Jenkins_OUT/workspace/J7_TIDL_Parent/c7x-mma-tidl/ti_dl/release/tidl_j721e_08_06_00_10/arm-tidl/onnxrt_ep/out/J7/A72/LINUX/debug/module/src.armv8/../onnxrt_ep.o
                0x00000000000160c8                std::vector<std::pair<std::__cxx11::basic_string<char, std::char_traits<char>, std::allocator<char> >, std::__cxx11::basic_string<char, std::char_traits<char>, std::allocator<char> > >, std::allocator<std::pair<std::__cxx11::basic_string<char, std::char_traits<char>, std::allocator<char> >, std::__cxx11::basic_string<char, std::char_traits<char>, std::allocator<char> > > > >::end()
 .text._ZN9__gnu_cxxneIPSt4pairINSt7__cxx1112basic_stringIcSt11char_traitsIcESaIcEEES7_ESt6vectorIS8_SaIS8_EEEEbRKNS_17__normal_iteratorIT_T0_EESI_
                0x00000000000160f0       0x44 /opt/Jenkins_OUT/workspace/J7_TIDL_Parent/c7x-mma-tidl/ti_dl/release/tidl_j721e_08_06_00_10/arm-tidl/onnxrt_ep/out/J7/A72/LINUX/debug/module/src.armv8/../onnxrt_ep.o
                0x00000000000160f0                bool __gnu_cxx::operator!=<std::pair<std::__cxx11::basic_string<char, std::char_traits<char>, std::allocator<char> >, std::__cxx11::basic_string<char, std::char_traits<char>, std::allocator<char> > >*, std::vector<std::pair<std::__cxx11::basic_string<char, std::char_traits<char>, std::allocator<char> >, std::__cxx11::basic_string<char, std::char_traits<char>, std::allocator<char> > >, std::allocator<std::pair<std::__cxx11::basic_string<char, std::char_traits<char>, std::allocator<char> >, std::__cxx11::basic_string<char, std::char_traits<char>, std::allocator<char> > > > > >(__gnu_cxx::__normal_iterator<std::pair<std::__cxx11::basic_string<char, std::char_traits<char>, std::allocator<char> >, std::__cxx11::basic_string<char, std::char_traits<char>, std::allocator<char> > >*, std::vector<std::pair<std::__cxx11::basic_string<char, std::char_traits<char>, std::allocator<char> >, std::__cxx11::basic_string<char, std::char_traits<char>, std::allocator<char> > >, std::allocator<std::pair<std::__cxx11::basic_string<char, std::char_traits<char>, std::allocator<char> >, std::__cxx11::basic_string<char, std::char_traits<char>, std::allocator<char> > > > > > const&, __gnu_cxx::__normal_iterator<std::pair<std::__cxx11::basic_string<char, std::char_traits<char>, std::allocator<char> >, std::__cxx11::basic_string<char, std::char_traits<char>, std::allocator<char> > >*, std::vector<std::pair<std::__cxx11::basic_string<char, std::char_traits<char>, std::allocator<char> >, std::__cxx11::basic_string<char, std::char_traits<char>, std::allocator<char> > >, std::allocator<std::pair<std::__cxx11::basic_string<char, std::char_traits<char>, std::allocator<char> >, std::__cxx11::basic_string<char, std::char_traits<char>, std::allocator<char> > > > > > const&)
 .text._ZN9__gnu_cxx17__normal_iteratorIPSt4pairINSt7__cxx1112basic_stringIcSt11char_traitsIcESaIcEEES7_ESt6vectorIS8_SaIS8_EEEppEv
                0x0000000000016134       0x28 /opt/Jenkins_OUT/workspace/J7_TIDL_Parent/c7x-mma-tidl/ti_dl/release/tidl_j721e_08_06_00_10/arm-tidl/onnxrt_ep/out/J7/A72/LINUX/debug/module/src.armv8/../onnxrt_ep.o
                0x0000000000016134                __gnu_cxx::__normal_iterator<std::pair<std::__cxx11::basic_string<char, std::char_traits<char>, std::allocator<char> >, std::__cxx11::basic_string<char, std::char_traits<char>, std::allocator<char> > >*, std::vector<std::pair<std::__cxx11::basic_string<char, std::char_traits<char>, std::allocator<char> >, std::__cxx11::basic_string<char, std::char_traits<char>, std::allocator<char> > >, std::allocator<std::pair<std::__cxx11::basic_string<char, std::char_traits<char>, std::allocator<char> >, std::__cxx11::basic_string<char, std::char_traits<char>, std::allocator<char> > > > > >::operator++()
 .text._ZNK9__gnu_cxx17__normal_iteratorIPSt4pairINSt7__cxx1112basic_stringIcSt11char_traitsIcESaIcEEES7_ESt6vectorIS8_SaIS8_EEEdeEv
                0x000000000001615c       0x18 /opt/Jenkins_OUT/workspace/J7_TIDL_Parent/c7x-mma-tidl/ti_dl/release/tidl_j721e_08_06_00_10/arm-tidl/onnxrt_ep/out/J7/A72/LINUX/debug/module/src.armv8/../onnxrt_ep.o
                0x000000000001615c                __gnu_cxx::__normal_iterator<std::pair<std::__cxx11::basic_string<char, std::char_traits<char>, std::allocator<char> >, std::__cxx11::basic_string<char, std::char_traits<char>, std::allocator<char> > >*, std::vector<std::pair<std::__cxx11::basic_string<char, std::char_traits<char>, std::allocator<char> >, std::__cxx11::basic_string<char, std::char_traits<char>, std::allocator<char> > >, std::allocator<std::pair<std::__cxx11::basic_string<char, std::char_traits<char>, std::allocator<char> >, std::__cxx11::basic_string<char, std::char_traits<char>, std::allocator<char> > > > > >::operator*() const
 .text._ZStrsINSt7__cxx1118basic_stringstreamIcSt11char_traitsIcESaIcEEERiENSt9enable_ifIXsrSt6__and_IJSt6__not_ISt19is_lvalue_referenceIT_EESt33__is_convertible_to_basic_istreamISB_ESt16__is_extractableINSF_14__istream_typeEOT0_vEEE5valueESH_E4typeEOSB_SJ_
                0x0000000000016174       0x38 /opt/Jenkins_OUT/workspace/J7_TIDL_Parent/c7x-mma-tidl/ti_dl/release/tidl_j721e_08_06_00_10/arm-tidl/onnxrt_ep/out/J7/A72/LINUX/debug/module/src.armv8/../onnxrt_ep.o
                0x0000000000016174                std::enable_if<std::__and_<std::__not_<std::is_lvalue_reference<std::__cxx11::basic_stringstream<char, std::char_traits<char>, std::allocator<char> > > >, std::__is_convertible_to_basic_istream<std::__cxx11::basic_stringstream<char, std::char_traits<char>, std::allocator<char> > >, std::__is_extractable<std::__is_convertible_to_basic_istream<std::__cxx11::basic_stringstream<char, std::char_traits<char>, std::allocator<char> > >::__istream_type, int&, void> >::value, std::__is_convertible_to_basic_istream<std::__cxx11::basic_stringstream<char, std::char_traits<char>, std::allocator<char> > >::__istream_type>::type std::operator>><std::__cxx11::basic_stringstream<char, std::char_traits<char>, std::allocator<char> >, int&>(std::__cxx11::basic_stringstream<char, std::char_traits<char>, std::allocator<char> >&&, int&)
 .text._ZStrsINSt7__cxx1118basic_stringstreamIcSt11char_traitsIcESaIcEEERfENSt9enable_ifIXsrSt6__and_IJSt6__not_ISt19is_lvalue_referenceIT_EESt33__is_convertible_to_basic_istreamISB_ESt16__is_extractableINSF_14__istream_typeEOT0_vEEE5valueESH_E4typeEOSB_SJ_
                0x00000000000161ac       0x38 /opt/Jenkins_OUT/workspace/J7_TIDL_Parent/c7x-mma-tidl/ti_dl/release/tidl_j721e_08_06_00_10/arm-tidl/onnxrt_ep/out/J7/A72/LINUX/debug/module/src.armv8/../onnxrt_ep.o
                0x00000000000161ac                std::enable_if<std::__and_<std::__not_<std::is_lvalue_reference<std::__cxx11::basic_stringstream<char, std::char_traits<char>, std::allocator<char> > > >, std::__is_convertible_to_basic_istream<std::__cxx11::basic_stringstream<char, std::char_traits<char>, std::allocator<char> > >, std::__is_extractable<std::__is_convertible_to_basic_istream<std::__cxx11::basic_stringstream<char, std::char_traits<char>, std::allocator<char> > >::__istream_type, float&, void> >::value, std::__is_convertible_to_basic_istream<std::__cxx11::basic_stringstream<char, std::char_traits<char>, std::allocator<char> > >::__istream_type>::type std::operator>><std::__cxx11::basic_stringstream<char, std::char_traits<char>, std::allocator<char> >, float&>(std::__cxx11::basic_stringstream<char, std::char_traits<char>, std::allocator<char> >&&, float&)
 .text._ZNSt6vectorINSt7__cxx1112basic_stringIcSt11char_traitsIcESaIcEEESaIS5_EE9push_backEOS5_
                0x00000000000161e4       0x30 /opt/Jenkins_OUT/workspace/J7_TIDL_Parent/c7x-mma-tidl/ti_dl/release/tidl_j721e_08_06_00_10/arm-tidl/onnxrt_ep/out/J7/A72/LINUX/debug/module/src.armv8/../onnxrt_ep.o
                0x00000000000161e4                std::vector<std::__cxx11::basic_string<char, std::char_traits<char>, std::allocator<char> >, std::allocator<std::__cxx11::basic_string<char, std::char_traits<char>, std::allocator<char> > > >::push_back(std::__cxx11::basic_string<char, std::char_traits<char>, std::allocator<char> >&&)
 .text._ZNSt12_Vector_baseISt6vectorIiSaIiEESaIS2_EE12_Vector_implC2Ev
                0x0000000000016214       0x28 /opt/Jenkins_OUT/workspace/J7_TIDL_Parent/c7x-mma-tidl/ti_dl/release/tidl_j721e_08_06_00_10/arm-tidl/onnxrt_ep/out/J7/A72/LINUX/debug/module/src.armv8/../onnxrt_ep.o
                0x0000000000016214                std::_Vector_base<std::vector<int, std::allocator<int> >, std::allocator<std::vector<int, std::allocator<int> > > >::_Vector_impl::_Vector_impl()
                0x0000000000016214                std::_Vector_base<std::vector<int, std::allocator<int> >, std::allocator<std::vector<int, std::allocator<int> > > >::_Vector_impl::_Vector_impl()
 .text._ZNSaISt6vectorIiSaIiEEED2Ev
                0x000000000001623c       0x20 /opt/Jenkins_OUT/workspace/J7_TIDL_Parent/c7x-mma-tidl/ti_dl/release/tidl_j721e_08_06_00_10/arm-tidl/onnxrt_ep/out/J7/A72/LINUX/debug/module/src.armv8/../onnxrt_ep.o
                0x000000000001623c                std::allocator<std::vector<int, std::allocator<int> > >::~allocator()
                0x000000000001623c                std::allocator<std::vector<int, std::allocator<int> > >::~allocator()
 .text._ZNSt12_Vector_baseISt6vectorIiSaIiEESaIS2_EED2Ev
                0x000000000001625c       0x5c /opt/Jenkins_OUT/workspace/J7_TIDL_Parent/c7x-mma-tidl/ti_dl/release/tidl_j721e_08_06_00_10/arm-tidl/onnxrt_ep/out/J7/A72/LINUX/debug/module/src.armv8/../onnxrt_ep.o
                0x000000000001625c                std::_Vector_base<std::vector<int, std::allocator<int> >, std::allocator<std::vector<int, std::allocator<int> > > >::~_Vector_base()
                0x000000000001625c                std::_Vector_base<std::vector<int, std::allocator<int> >, std::allocator<std::vector<int, std::allocator<int> > > >::~_Vector_base()
 .text._ZNSt6vectorIS_IiSaIiEESaIS1_EED2Ev
                0x00000000000162b8       0x50 /opt/Jenkins_OUT/workspace/J7_TIDL_Parent/c7x-mma-tidl/ti_dl/release/tidl_j721e_08_06_00_10/arm-tidl/onnxrt_ep/out/J7/A72/LINUX/debug/module/src.armv8/../onnxrt_ep.o
                0x00000000000162b8                std::vector<std::vector<int, std::allocator<int> >, std::allocator<std::vector<int, std::allocator<int> > > >::~vector()
                0x00000000000162b8                std::vector<std::vector<int, std::allocator<int> >, std::allocator<std::vector<int, std::allocator<int> > > >::~vector()
 .text._ZNSt6vectorIS_IiSaIiEESaIS1_EEaSEOS3_
                0x0000000000016308       0x44 /opt/Jenkins_OUT/workspace/J7_TIDL_Parent/c7x-mma-tidl/ti_dl/release/tidl_j721e_08_06_00_10/arm-tidl/onnxrt_ep/out/J7/A72/LINUX/debug/module/src.armv8/../onnxrt_ep.o
                0x0000000000016308                std::vector<std::vector<int, std::allocator<int> >, std::allocator<std::vector<int, std::allocator<int> > > >::operator=(std::vector<std::vector<int, std::allocator<int> >, std::allocator<std::vector<int, std::allocator<int> > > >&&)
 .text._ZNSt6vectorIS_IiSaIiEESaIS1_EE5beginEv
                0x000000000001634c       0x24 /opt/Jenkins_OUT/workspace/J7_TIDL_Parent/c7x-mma-tidl/ti_dl/release/tidl_j721e_08_06_00_10/arm-tidl/onnxrt_ep/out/J7/A72/LINUX/debug/module/src.armv8/../onnxrt_ep.o
                0x000000000001634c                std::vector<std::vector<int, std::allocator<int> >, std::allocator<std::vector<int, std::allocator<int> > > >::begin()
 .text._ZNSt6vectorIS_IiSaIiEESaIS1_EE3endEv
                0x0000000000016370       0x28 /opt/Jenkins_OUT/workspace/J7_TIDL_Parent/c7x-mma-tidl/ti_dl/release/tidl_j721e_08_06_00_10/arm-tidl/onnxrt_ep/out/J7/A72/LINUX/debug/module/src.armv8/../onnxrt_ep.o
                0x0000000000016370                std::vector<std::vector<int, std::allocator<int> >, std::allocator<std::vector<int, std::allocator<int> > > >::end()
 .text._ZN9__gnu_cxxneIPSt6vectorIiSaIiEES1_IS3_SaIS3_EEEEbRKNS_17__normal_iteratorIT_T0_EESC_
                0x0000000000016398       0x44 /opt/Jenkins_OUT/workspace/J7_TIDL_Parent/c7x-mma-tidl/ti_dl/release/tidl_j721e_08_06_00_10/arm-tidl/onnxrt_ep/out/J7/A72/LINUX/debug/module/src.armv8/../onnxrt_ep.o
                0x0000000000016398                bool __gnu_cxx::operator!=<std::vector<int, std::allocator<int> >*, std::vector<std::vector<int, std::allocator<int> >, std::allocator<std::vector<int, std::allocator<int> > > > >(__gnu_cxx::__normal_iterator<std::vector<int, std::allocator<int> >*, std::vector<std::vector<int, std::allocator<int> >, std::allocator<std::vector<int, std::allocator<int> > > > > const&, __gnu_cxx::__normal_iterator<std::vector<int, std::allocator<int> >*, std::vector<std::vector<int, std::allocator<int> >, std::allocator<std::vector<int, std::allocator<int> > > > > const&)
 .text._ZN9__gnu_cxx17__normal_iteratorIPSt6vectorIiSaIiEES1_IS3_SaIS3_EEEppEv
                0x00000000000163dc       0x28 /opt/Jenkins_OUT/workspace/J7_TIDL_Parent/c7x-mma-tidl/ti_dl/release/tidl_j721e_08_06_00_10/arm-tidl/onnxrt_ep/out/J7/A72/LINUX/debug/module/src.armv8/../onnxrt_ep.o
                0x00000000000163dc                __gnu_cxx::__normal_iterator<std::vector<int, std::allocator<int> >*, std::vector<std::vector<int, std::allocator<int> >, std::allocator<std::vector<int, std::allocator<int> > > > >::operator++()
 .text._ZNK9__gnu_cxx17__normal_iteratorIPSt6vectorIiSaIiEES1_IS3_SaIS3_EEEdeEv
                0x0000000000016404       0x18 /opt/Jenkins_OUT/workspace/J7_TIDL_Parent/c7x-mma-tidl/ti_dl/release/tidl_j721e_08_06_00_10/arm-tidl/onnxrt_ep/out/J7/A72/LINUX/debug/module/src.armv8/../onnxrt_ep.o
                0x0000000000016404                __gnu_cxx::__normal_iterator<std::vector<int, std::allocator<int> >*, std::vector<std::vector<int, std::allocator<int> >, std::allocator<std::vector<int, std::allocator<int> > > > >::operator*() const
 .text._ZNKSt6vectorIiSaIiEE4sizeEv
                0x000000000001641c       0x28 /opt/Jenkins_OUT/workspace/J7_TIDL_Parent/c7x-mma-tidl/ti_dl/release/tidl_j721e_08_06_00_10/arm-tidl/onnxrt_ep/out/J7/A72/LINUX/debug/module/src.armv8/../onnxrt_ep.o
                0x000000000001641c                std::vector<int, std::allocator<int> >::size() const
 .text._ZNSt6vectorINSt7__cxx1112basic_stringIcSt11char_traitsIcESaIcEEESaIS5_EEaSEOS7_
                0x0000000000016444       0x44 /opt/Jenkins_OUT/workspace/J7_TIDL_Parent/c7x-mma-tidl/ti_dl/release/tidl_j721e_08_06_00_10/arm-tidl/onnxrt_ep/out/J7/A72/LINUX/debug/module/src.armv8/../onnxrt_ep.o
                0x0000000000016444                std::vector<std::__cxx11::basic_string<char, std::char_traits<char>, std::allocator<char> >, std::allocator<std::__cxx11::basic_string<char, std::char_traits<char>, std::allocator<char> > > >::operator=(std::vector<std::__cxx11::basic_string<char, std::char_traits<char>, std::allocator<char> >, std::allocator<std::__cxx11::basic_string<char, std::char_traits<char>, std::allocator<char> > > >&&)
 .text._ZNSt6vectorINSt7__cxx1112basic_stringIcSt11char_traitsIcESaIcEEESaIS5_EEixEm
                0x0000000000016488       0x28 /opt/Jenkins_OUT/workspace/J7_TIDL_Parent/c7x-mma-tidl/ti_dl/release/tidl_j721e_08_06_00_10/arm-tidl/onnxrt_ep/out/J7/A72/LINUX/debug/module/src.armv8/../onnxrt_ep.o
                0x0000000000016488                std::vector<std::__cxx11::basic_string<char, std::char_traits<char>, std::allocator<char> >, std::allocator<std::__cxx11::basic_string<char, std::char_traits<char>, std::allocator<char> > > >::operator[](unsigned long)
 .text._ZSteqIcSt11char_traitsIcESaIcEEbRKNSt7__cxx1112basic_stringIT_T0_T1_EEPKS5_
                0x00000000000164b0       0x30 /opt/Jenkins_OUT/workspace/J7_TIDL_Parent/c7x-mma-tidl/ti_dl/release/tidl_j721e_08_06_00_10/arm-tidl/onnxrt_ep/out/J7/A72/LINUX/debug/module/src.armv8/../onnxrt_ep.o
                0x00000000000164b0                bool std::operator==<char, std::char_traits<char>, std::allocator<char> >(std::__cxx11::basic_string<char, std::char_traits<char>, std::allocator<char> > const&, char const*)
 .text._ZNKSt6vectorIS_IiSaIiEESaIS1_EE4sizeEv
                0x00000000000164e0       0x34 /opt/Jenkins_OUT/workspace/J7_TIDL_Parent/c7x-mma-tidl/ti_dl/release/tidl_j721e_08_06_00_10/arm-tidl/onnxrt_ep/out/J7/A72/LINUX/debug/module/src.armv8/../onnxrt_ep.o
                0x00000000000164e0                std::vector<std::vector<int, std::allocator<int> >, std::allocator<std::vector<int, std::allocator<int> > > >::size() const
 .text._ZNKSt6vectorIS_IiSaIiEESaIS1_EE5emptyEv
                0x0000000000016514       0x3c /opt/Jenkins_OUT/workspace/J7_TIDL_Parent/c7x-mma-tidl/ti_dl/release/tidl_j721e_08_06_00_10/arm-tidl/onnxrt_ep/out/J7/A72/LINUX/debug/module/src.armv8/../onnxrt_ep.o
                0x0000000000016514                std::vector<std::vector<int, std::allocator<int> >, std::allocator<std::vector<int, std::allocator<int> > > >::empty() const
 .text._ZNSt12_Vector_baseIiSaIiEE12_Vector_implC2Ev
                0x0000000000016550       0x28 /opt/Jenkins_OUT/workspace/J7_TIDL_Parent/c7x-mma-tidl/ti_dl/release/tidl_j721e_08_06_00_10/arm-tidl/onnxrt_ep/out/J7/A72/LINUX/debug/module/src.armv8/../onnxrt_ep.o
                0x0000000000016550                std::_Vector_base<int, std::allocator<int> >::_Vector_impl::_Vector_impl()
                0x0000000000016550                std::_Vector_base<int, std::allocator<int> >::_Vector_impl::_Vector_impl()
 .text._ZNSaIiED2Ev
                0x0000000000016578       0x20 /opt/Jenkins_OUT/workspace/J7_TIDL_Parent/c7x-mma-tidl/ti_dl/release/tidl_j721e_08_06_00_10/arm-tidl/onnxrt_ep/out/J7/A72/LINUX/debug/module/src.armv8/../onnxrt_ep.o
                0x0000000000016578                std::allocator<int>::~allocator()
                0x0000000000016578                std::allocator<int>::~allocator()
 .text._ZNSt12_Vector_baseIiSaIiEED2Ev
                0x0000000000016598       0x50 /opt/Jenkins_OUT/workspace/J7_TIDL_Parent/c7x-mma-tidl/ti_dl/release/tidl_j721e_08_06_00_10/arm-tidl/onnxrt_ep/out/J7/A72/LINUX/debug/module/src.armv8/../onnxrt_ep.o
                0x0000000000016598                std::_Vector_base<int, std::allocator<int> >::~_Vector_base()
                0x0000000000016598                std::_Vector_base<int, std::allocator<int> >::~_Vector_base()
 .text._ZNSt6vectorIiSaIiEED2Ev
                0x00000000000165e8       0x50 /opt/Jenkins_OUT/workspace/J7_TIDL_Parent/c7x-mma-tidl/ti_dl/release/tidl_j721e_08_06_00_10/arm-tidl/onnxrt_ep/out/J7/A72/LINUX/debug/module/src.armv8/../onnxrt_ep.o
                0x00000000000165e8                std::vector<int, std::allocator<int> >::~vector()
                0x00000000000165e8                std::vector<int, std::allocator<int> >::~vector()
 .text._ZNSaISt6vectorIiSaIiEEEC2Ev
                0x0000000000016638       0x20 /opt/Jenkins_OUT/workspace/J7_TIDL_Parent/c7x-mma-tidl/ti_dl/release/tidl_j721e_08_06_00_10/arm-tidl/onnxrt_ep/out/J7/A72/LINUX/debug/module/src.armv8/../onnxrt_ep.o
                0x0000000000016638                std::allocator<std::vector<int, std::allocator<int> > >::allocator()
                0x0000000000016638                std::allocator<std::vector<int, std::allocator<int> > >::allocator()
 .text._ZNSt6vectorIS_IiSaIiEESaIS1_EEC2ESt16initializer_listIS1_ERKS2_
                0x0000000000016658       0x70 /opt/Jenkins_OUT/workspace/J7_TIDL_Parent/c7x-mma-tidl/ti_dl/release/tidl_j721e_08_06_00_10/arm-tidl/onnxrt_ep/out/J7/A72/LINUX/debug/module/src.armv8/../onnxrt_ep.o
                0x0000000000016658                std::vector<std::vector<int, std::allocator<int> >, std::allocator<std::vector<int, std::allocator<int> > > >::vector(std::initializer_list<std::vector<int, std::allocator<int> > >, std::allocator<std::vector<int, std::allocator<int> > > const&)
                0x0000000000016658                std::vector<std::vector<int, std::allocator<int> >, std::allocator<std::vector<int, std::allocator<int> > > >::vector(std::initializer_list<std::vector<int, std::allocator<int> > >, std::allocator<std::vector<int, std::allocator<int> > > const&)
 .text._ZNSt12_Vector_baseISt6vectorIiSaIiEESaIS2_EE12_Vector_implC2EOS5_
                0x00000000000166c8       0x50 /opt/Jenkins_OUT/workspace/J7_TIDL_Parent/c7x-mma-tidl/ti_dl/release/tidl_j721e_08_06_00_10/arm-tidl/onnxrt_ep/out/J7/A72/LINUX/debug/module/src.armv8/../onnxrt_ep.o
                0x00000000000166c8                std::_Vector_base<std::vector<int, std::allocator<int> >, std::allocator<std::vector<int, std::allocator<int> > > >::_Vector_impl::_Vector_impl(std::_Vector_base<std::vector<int, std::allocator<int> >, std::allocator<std::vector<int, std::allocator<int> > > >::_Vector_impl&&)
                0x00000000000166c8                std::_Vector_base<std::vector<int, std::allocator<int> >, std::allocator<std::vector<int, std::allocator<int> > > >::_Vector_impl::_Vector_impl(std::_Vector_base<std::vector<int, std::allocator<int> >, std::allocator<std::vector<int, std::allocator<int> > > >::_Vector_impl&&)
 .text._ZSteqIcEN9__gnu_cxx11__enable_ifIXsrSt9__is_charIT_E7__valueEbE6__typeERKNSt7__cxx1112basic_stringIS3_St11char_traitsIS3_ESaIS3_EEESE_
                0x0000000000016718       0x80 /opt/Jenkins_OUT/workspace/J7_TIDL_Parent/c7x-mma-tidl/ti_dl/release/tidl_j721e_08_06_00_10/arm-tidl/onnxrt_ep/out/J7/A72/LINUX/debug/module/src.armv8/../onnxrt_ep.o
                0x0000000000016718                __gnu_cxx::__enable_if<std::__is_char<char>::__value, bool>::__type std::operator==<char>(std::__cxx11::basic_string<char, std::char_traits<char>, std::allocator<char> > const&, std::__cxx11::basic_string<char, std::char_traits<char>, std::allocator<char> > const&)
 .text._ZNKSt6vectorINSt7__cxx1112basic_stringIcSt11char_traitsIcESaIcEEESaIS5_EE4sizeEv
                0x0000000000016798       0x28 /opt/Jenkins_OUT/workspace/J7_TIDL_Parent/c7x-mma-tidl/ti_dl/release/tidl_j721e_08_06_00_10/arm-tidl/onnxrt_ep/out/J7/A72/LINUX/debug/module/src.armv8/../onnxrt_ep.o
                0x0000000000016798                std::vector<std::__cxx11::basic_string<char, std::char_traits<char>, std::allocator<char> >, std::allocator<std::__cxx11::basic_string<char, std::char_traits<char>, std::allocator<char> > > >::size() const
 .text._ZNSt7__cxx1112basic_stringIcSt11char_traitsIcESaIcEEC2IPcvEET_S7_RKS3_
                0x00000000000167c0       0x6c /opt/Jenkins_OUT/workspace/J7_TIDL_Parent/c7x-mma-tidl/ti_dl/release/tidl_j721e_08_06_00_10/arm-tidl/onnxrt_ep/out/J7/A72/LINUX/debug/module/src.armv8/../onnxrt_ep.o
                0x00000000000167c0                std::__cxx11::basic_string<char, std::char_traits<char>, std::allocator<char> >::basic_string<char*, void>(char*, char*, std::allocator<char> const&)
                0x00000000000167c0                std::__cxx11::basic_string<char, std::char_traits<char>, std::allocator<char> >::basic_string<char*, void>(char*, char*, std::allocator<char> const&)
 .text._ZNSt7__cxx1112basic_stringIcSt11char_traitsIcESaIcEE12_M_constructIPcEEvT_S7_
                0x000000000001682c       0x30 /opt/Jenkins_OUT/workspace/J7_TIDL_Parent/c7x-mma-tidl/ti_dl/release/tidl_j721e_08_06_00_10/arm-tidl/onnxrt_ep/out/J7/A72/LINUX/debug/module/src.armv8/../onnxrt_ep.o
                0x000000000001682c                void std::__cxx11::basic_string<char, std::char_traits<char>, std::allocator<char> >::_M_construct<char*>(char*, char*)
 .text._ZNSaINSt7__cxx1112basic_stringIcSt11char_traitsIcESaIcEEEEC2Ev
                0x000000000001685c       0x20 /opt/Jenkins_OUT/workspace/J7_TIDL_Parent/c7x-mma-tidl/ti_dl/release/tidl_j721e_08_06_00_10/arm-tidl/onnxrt_ep/out/J7/A72/LINUX/debug/module/src.armv8/../onnxrt_ep.o
                0x000000000001685c                std::allocator<std::__cxx11::basic_string<char, std::char_traits<char>, std::allocator<char> > >::allocator()
                0x000000000001685c                std::allocator<std::__cxx11::basic_string<char, std::char_traits<char>, std::allocator<char> > >::allocator()
 .text._ZNSt12_Vector_baseINSt7__cxx1112basic_stringIcSt11char_traitsIcESaIcEEESaIS5_EE17_Vector_impl_dataC2Ev
                0x000000000001687c       0x2c /opt/Jenkins_OUT/workspace/J7_TIDL_Parent/c7x-mma-tidl/ti_dl/release/tidl_j721e_08_06_00_10/arm-tidl/onnxrt_ep/out/J7/A72/LINUX/debug/module/src.armv8/../onnxrt_ep.o
                0x000000000001687c                std::_Vector_base<std::__cxx11::basic_string<char, std::char_traits<char>, std::allocator<char> >, std::allocator<std::__cxx11::basic_string<char, std::char_traits<char>, std::allocator<char> > > >::_Vector_impl_data::_Vector_impl_data()
                0x000000000001687c                std::_Vector_base<std::__cxx11::basic_string<char, std::char_traits<char>, std::allocator<char> >, std::allocator<std::__cxx11::basic_string<char, std::char_traits<char>, std::allocator<char> > > >::_Vector_impl_data::_Vector_impl_data()
 .text._ZN9__gnu_cxx13new_allocatorINSt7__cxx1112basic_stringIcSt11char_traitsIcESaIcEEEED2Ev
                0x00000000000168a8       0x14 /opt/Jenkins_OUT/workspace/J7_TIDL_Parent/c7x-mma-tidl/ti_dl/release/tidl_j721e_08_06_00_10/arm-tidl/onnxrt_ep/out/J7/A72/LINUX/debug/module/src.armv8/../onnxrt_ep.o
                0x00000000000168a8                __gnu_cxx::new_allocator<std::__cxx11::basic_string<char, std::char_traits<char>, std::allocator<char> > >::~new_allocator()
                0x00000000000168a8                __gnu_cxx::new_allocator<std::__cxx11::basic_string<char, std::char_traits<char>, std::allocator<char> > >::~new_allocator()
 .text._ZNSt12_Vector_baseINSt7__cxx1112basic_stringIcSt11char_traitsIcESaIcEEESaIS5_EE13_M_deallocateEPS5_m
                0x00000000000168bc       0x3c /opt/Jenkins_OUT/workspace/J7_TIDL_Parent/c7x-mma-tidl/ti_dl/release/tidl_j721e_08_06_00_10/arm-tidl/onnxrt_ep/out/J7/A72/LINUX/debug/module/src.armv8/../onnxrt_ep.o
                0x00000000000168bc                std::_Vector_base<std::__cxx11::basic_string<char, std::char_traits<char>, std::allocator<char> >, std::allocator<std::__cxx11::basic_string<char, std::char_traits<char>, std::allocator<char> > > >::_M_deallocate(std::__cxx11::basic_string<char, std::char_traits<char>, std::allocator<char> >*, unsigned long)
 .text._ZNSt12_Vector_baseINSt7__cxx1112basic_stringIcSt11char_traitsIcESaIcEEESaIS5_EE19_M_get_Tp_allocatorEv
                0x00000000000168f8       0x14 /opt/Jenkins_OUT/workspace/J7_TIDL_Parent/c7x-mma-tidl/ti_dl/release/tidl_j721e_08_06_00_10/arm-tidl/onnxrt_ep/out/J7/A72/LINUX/debug/module/src.armv8/../onnxrt_ep.o
                0x00000000000168f8                std::_Vector_base<std::__cxx11::basic_string<char, std::char_traits<char>, std::allocator<char> >, std::allocator<std::__cxx11::basic_string<char, std::char_traits<char>, std::allocator<char> > > >::_M_get_Tp_allocator()
 .text._ZSt8_DestroyIPNSt7__cxx1112basic_stringIcSt11char_traitsIcESaIcEEES5_EvT_S7_RSaIT0_E
                0x000000000001690c       0x2c /opt/Jenkins_OUT/workspace/J7_TIDL_Parent/c7x-mma-tidl/ti_dl/release/tidl_j721e_08_06_00_10/arm-tidl/onnxrt_ep/out/J7/A72/LINUX/debug/module/src.armv8/../onnxrt_ep.o
                0x000000000001690c                void std::_Destroy<std::__cxx11::basic_string<char, std::char_traits<char>, std::allocator<char> >*, std::__cxx11::basic_string<char, std::char_traits<char>, std::allocator<char> > >(std::__cxx11::basic_string<char, std::char_traits<char>, std::allocator<char> >*, std::__cxx11::basic_string<char, std::char_traits<char>, std::allocator<char> >*, std::allocator<std::__cxx11::basic_string<char, std::char_traits<char>, std::allocator<char> > >&)
 .text._ZNSaINSt7__cxx1112basic_stringIcSt11char_traitsIcESaIcEEEEC2ERKS5_
                0x0000000000016938       0x28 /opt/Jenkins_OUT/workspace/J7_TIDL_Parent/c7x-mma-tidl/ti_dl/release/tidl_j721e_08_06_00_10/arm-tidl/onnxrt_ep/out/J7/A72/LINUX/debug/module/src.armv8/../onnxrt_ep.o
                0x0000000000016938                std::allocator<std::__cxx11::basic_string<char, std::char_traits<char>, std::allocator<char> > >::allocator(std::allocator<std::__cxx11::basic_string<char, std::char_traits<char>, std::allocator<char> > > const&)
                0x0000000000016938                std::allocator<std::__cxx11::basic_string<char, std::char_traits<char>, std::allocator<char> > >::allocator(std::allocator<std::__cxx11::basic_string<char, std::char_traits<char>, std::allocator<char> > > const&)
 .text._ZSt7forwardINSt7__cxx1112basic_stringIcSt11char_traitsIcESaIcEEEEOT_RNSt16remove_referenceIS6_E4typeE
                0x0000000000016960       0x14 /opt/Jenkins_OUT/workspace/J7_TIDL_Parent/c7x-mma-tidl/ti_dl/release/tidl_j721e_08_06_00_10/arm-tidl/onnxrt_ep/out/J7/A72/LINUX/debug/module/src.armv8/../onnxrt_ep.o
                0x0000000000016960                std::__cxx11::basic_string<char, std::char_traits<char>, std::allocator<char> >&& std::forward<std::__cxx11::basic_string<char, std::char_traits<char>, std::allocator<char> > >(std::remove_reference<std::__cxx11::basic_string<char, std::char_traits<char>, std::allocator<char> > >::type&)
 .text._ZN9__gnu_cxx17__normal_iteratorIPSt4pairINSt7__cxx1112basic_stringIcSt11char_traitsIcESaIcEEES7_ESt6vectorIS8_SaIS8_EEEC2ERKS9_
                0x0000000000016974       0x28 /opt/Jenkins_OUT/workspace/J7_TIDL_Parent/c7x-mma-tidl/ti_dl/release/tidl_j721e_08_06_00_10/arm-tidl/onnxrt_ep/out/J7/A72/LINUX/debug/module/src.armv8/../onnxrt_ep.o
                0x0000000000016974                __gnu_cxx::__normal_iterator<std::pair<std::__cxx11::basic_string<char, std::char_traits<char>, std::allocator<char> >, std::__cxx11::basic_string<char, std::char_traits<char>, std::allocator<char> > >*, std::vector<std::pair<std::__cxx11::basic_string<char, std::char_traits<char>, std::allocator<char> >, std::__cxx11::basic_string<char, std::char_traits<char>, std::allocator<char> > >, std::allocator<std::pair<std::__cxx11::basic_string<char, std::char_traits<char>, std::allocator<char> >, std::__cxx11::basic_string<char, std::char_traits<char>, std::allocator<char> > > > > >::__normal_iterator(std::pair<std::__cxx11::basic_string<char, std::char_traits<char>, std::allocator<char> >, std::__cxx11::basic_string<char, std::char_traits<char>, std::allocator<char> > >* const&)
                0x0000000000016974                __gnu_cxx::__normal_iterator<std::pair<std::__cxx11::basic_string<char, std::char_traits<char>, std::allocator<char> >, std::__cxx11::basic_string<char, std::char_traits<char>, std::allocator<char> > >*, std::vector<std::pair<std::__cxx11::basic_string<char, std::char_traits<char>, std::allocator<char> >, std::__cxx11::basic_string<char, std::char_traits<char>, std::allocator<char> > >, std::allocator<std::pair<std::__cxx11::basic_string<char, std::char_traits<char>, std::allocator<char> >, std::__cxx11::basic_string<char, std::char_traits<char>, std::allocator<char> > > > > >::__normal_iterator(std::pair<std::__cxx11::basic_string<char, std::char_traits<char>, std::allocator<char> >, std::__cxx11::basic_string<char, std::char_traits<char>, std::allocator<char> > >* const&)
 .text._ZNK9__gnu_cxx17__normal_iteratorIPSt4pairINSt7__cxx1112basic_stringIcSt11char_traitsIcESaIcEEES7_ESt6vectorIS8_SaIS8_EEE4baseEv
                0x000000000001699c       0x14 /opt/Jenkins_OUT/workspace/J7_TIDL_Parent/c7x-mma-tidl/ti_dl/release/tidl_j721e_08_06_00_10/arm-tidl/onnxrt_ep/out/J7/A72/LINUX/debug/module/src.armv8/../onnxrt_ep.o
                0x000000000001699c                __gnu_cxx::__normal_iterator<std::pair<std::__cxx11::basic_string<char, std::char_traits<char>, std::allocator<char> >, std::__cxx11::basic_string<char, std::char_traits<char>, std::allocator<char> > >*, std::vector<std::pair<std::__cxx11::basic_string<char, std::char_traits<char>, std::allocator<char> >, std::__cxx11::basic_string<char, std::char_traits<char>, std::allocator<char> > >, std::allocator<std::pair<std::__cxx11::basic_string<char, std::char_traits<char>, std::allocator<char> >, std::__cxx11::basic_string<char, std::char_traits<char>, std::allocator<char> > > > > >::base() const
 .text._ZSt7forwardIRiEOT_RNSt16remove_referenceIS1_E4typeE
                0x00000000000169b0       0x14 /opt/Jenkins_OUT/workspace/J7_TIDL_Parent/c7x-mma-tidl/ti_dl/release/tidl_j721e_08_06_00_10/arm-tidl/onnxrt_ep/out/J7/A72/LINUX/debug/module/src.armv8/../onnxrt_ep.o
                0x00000000000169b0                int& std::forward<int&>(std::remove_reference<int&>::type&)
 .text._ZSt7forwardIRfEOT_RNSt16remove_referenceIS1_E4typeE
                0x00000000000169c4       0x14 /opt/Jenkins_OUT/workspace/J7_TIDL_Parent/c7x-mma-tidl/ti_dl/release/tidl_j721e_08_06_00_10/arm-tidl/onnxrt_ep/out/J7/A72/LINUX/debug/module/src.armv8/../onnxrt_ep.o
                0x00000000000169c4                float& std::forward<float&>(std::remove_reference<float&>::type&)
 .text._ZNSt6vectorINSt7__cxx1112basic_stringIcSt11char_traitsIcESaIcEEESaIS5_EE12emplace_backIJS5_EEEvDpOT_
                0x00000000000169d8       0x9c /opt/Jenkins_OUT/workspace/J7_TIDL_Parent/c7x-mma-tidl/ti_dl/release/tidl_j721e_08_06_00_10/arm-tidl/onnxrt_ep/out/J7/A72/LINUX/debug/module/src.armv8/../onnxrt_ep.o
                0x00000000000169d8                void std::vector<std::__cxx11::basic_string<char, std::char_traits<char>, std::allocator<char> >, std::allocator<std::__cxx11::basic_string<char, std::char_traits<char>, std::allocator<char> > > >::emplace_back<std::__cxx11::basic_string<char, std::char_traits<char>, std::allocator<char> > >(std::__cxx11::basic_string<char, std::char_traits<char>, std::allocator<char> >&&)
 .text._ZNSt12_Vector_baseISt6vectorIiSaIiEESaIS2_EE17_Vector_impl_dataC2Ev
                0x0000000000016a74       0x2c /opt/Jenkins_OUT/workspace/J7_TIDL_Parent/c7x-mma-tidl/ti_dl/release/tidl_j721e_08_06_00_10/arm-tidl/onnxrt_ep/out/J7/A72/LINUX/debug/module/src.armv8/../onnxrt_ep.o
                0x0000000000016a74                std::_Vector_base<std::vector<int, std::allocator<int> >, std::allocator<std::vector<int, std::allocator<int> > > >::_Vector_impl_data::_Vector_impl_data()
                0x0000000000016a74                std::_Vector_base<std::vector<int, std::allocator<int> >, std::allocator<std::vector<int, std::allocator<int> > > >::_Vector_impl_data::_Vector_impl_data()
 .text._ZN9__gnu_cxx13new_allocatorISt6vectorIiSaIiEEED2Ev
                0x0000000000016aa0       0x14 /opt/Jenkins_OUT/workspace/J7_TIDL_Parent/c7x-mma-tidl/ti_dl/release/tidl_j721e_08_06_00_10/arm-tidl/onnxrt_ep/out/J7/A72/LINUX/debug/module/src.armv8/../onnxrt_ep.o
                0x0000000000016aa0                __gnu_cxx::new_allocator<std::vector<int, std::allocator<int> > >::~new_allocator()
                0x0000000000016aa0                __gnu_cxx::new_allocator<std::vector<int, std::allocator<int> > >::~new_allocator()
 .text._ZNSt12_Vector_baseISt6vectorIiSaIiEESaIS2_EE13_M_deallocateEPS2_m
                0x0000000000016ab4       0x3c /opt/Jenkins_OUT/workspace/J7_TIDL_Parent/c7x-mma-tidl/ti_dl/release/tidl_j721e_08_06_00_10/arm-tidl/onnxrt_ep/out/J7/A72/LINUX/debug/module/src.armv8/../onnxrt_ep.o
                0x0000000000016ab4                std::_Vector_base<std::vector<int, std::allocator<int> >, std::allocator<std::vector<int, std::allocator<int> > > >::_M_deallocate(std::vector<int, std::allocator<int> >*, unsigned long)
 .text._ZNSt12_Vector_baseISt6vectorIiSaIiEESaIS2_EE19_M_get_Tp_allocatorEv
                0x0000000000016af0       0x14 /opt/Jenkins_OUT/workspace/J7_TIDL_Parent/c7x-mma-tidl/ti_dl/release/tidl_j721e_08_06_00_10/arm-tidl/onnxrt_ep/out/J7/A72/LINUX/debug/module/src.armv8/../onnxrt_ep.o
                0x0000000000016af0                std::_Vector_base<std::vector<int, std::allocator<int> >, std::allocator<std::vector<int, std::allocator<int> > > >::_M_get_Tp_allocator()
 .text._ZSt8_DestroyIPSt6vectorIiSaIiEES2_EvT_S4_RSaIT0_E
                0x0000000000016b04       0x2c /opt/Jenkins_OUT/workspace/J7_TIDL_Parent/c7x-mma-tidl/ti_dl/release/tidl_j721e_08_06_00_10/arm-tidl/onnxrt_ep/out/J7/A72/LINUX/debug/module/src.armv8/../onnxrt_ep.o
                0x0000000000016b04                void std::_Destroy<std::vector<int, std::allocator<int> >*, std::vector<int, std::allocator<int> > >(std::vector<int, std::allocator<int> >*, std::vector<int, std::allocator<int> >*, std::allocator<std::vector<int, std::allocator<int> > >&)
 .text._ZSt4moveIRSt6vectorIS0_IiSaIiEESaIS2_EEEONSt16remove_referenceIT_E4typeEOS7_
                0x0000000000016b30       0x14 /opt/Jenkins_OUT/workspace/J7_TIDL_Parent/c7x-mma-tidl/ti_dl/release/tidl_j721e_08_06_00_10/arm-tidl/onnxrt_ep/out/J7/A72/LINUX/debug/module/src.armv8/../onnxrt_ep.o
                0x0000000000016b30                std::remove_reference<std::vector<std::vector<int, std::allocator<int> >, std::allocator<std::vector<int, std::allocator<int> > > >&>::type&& std::move<std::vector<std::vector<int, std::allocator<int> >, std::allocator<std::vector<int, std::allocator<int> > > >&>(std::vector<std::vector<int, std::allocator<int> >, std::allocator<std::vector<int, std::allocator<int> > > >&)
 .text._ZNSt6vectorIS_IiSaIiEESaIS1_EE14_M_move_assignEOS3_St17integral_constantIbLb1EE
                0x0000000000016b44       0x8c /opt/Jenkins_OUT/workspace/J7_TIDL_Parent/c7x-mma-tidl/ti_dl/release/tidl_j721e_08_06_00_10/arm-tidl/onnxrt_ep/out/J7/A72/LINUX/debug/module/src.armv8/../onnxrt_ep.o
                0x0000000000016b44                std::vector<std::vector<int, std::allocator<int> >, std::allocator<std::vector<int, std::allocator<int> > > >::_M_move_assign(std::vector<std::vector<int, std::allocator<int> >, std::allocator<std::vector<int, std::allocator<int> > > >&&, std::integral_constant<bool, true>)
 .text._ZN9__gnu_cxx17__normal_iteratorIPSt6vectorIiSaIiEES1_IS3_SaIS3_EEEC2ERKS4_
                0x0000000000016bd0       0x28 /opt/Jenkins_OUT/workspace/J7_TIDL_Parent/c7x-mma-tidl/ti_dl/release/tidl_j721e_08_06_00_10/arm-tidl/onnxrt_ep/out/J7/A72/LINUX/debug/module/src.armv8/../onnxrt_ep.o
                0x0000000000016bd0                __gnu_cxx::__normal_iterator<std::vector<int, std::allocator<int> >*, std::vector<std::vector<int, std::allocator<int> >, std::allocator<std::vector<int, std::allocator<int> > > > >::__normal_iterator(std::vector<int, std::allocator<int> >* const&)
                0x0000000000016bd0                __gnu_cxx::__normal_iterator<std::vector<int, std::allocator<int> >*, std::vector<std::vector<int, std::allocator<int> >, std::allocator<std::vector<int, std::allocator<int> > > > >::__normal_iterator(std::vector<int, std::allocator<int> >* const&)
 .text._ZNK9__gnu_cxx17__normal_iteratorIPSt6vectorIiSaIiEES1_IS3_SaIS3_EEE4baseEv
                0x0000000000016bf8       0x14 /opt/Jenkins_OUT/workspace/J7_TIDL_Parent/c7x-mma-tidl/ti_dl/release/tidl_j721e_08_06_00_10/arm-tidl/onnxrt_ep/out/J7/A72/LINUX/debug/module/src.armv8/../onnxrt_ep.o
                0x0000000000016bf8                __gnu_cxx::__normal_iterator<std::vector<int, std::allocator<int> >*, std::vector<std::vector<int, std::allocator<int> >, std::allocator<std::vector<int, std::allocator<int> > > > >::base() const
 .text._ZSt4moveIRSt6vectorINSt7__cxx1112basic_stringIcSt11char_traitsIcESaIcEEESaIS6_EEEONSt16remove_referenceIT_E4typeEOSB_
                0x0000000000016c0c       0x14 /opt/Jenkins_OUT/workspace/J7_TIDL_Parent/c7x-mma-tidl/ti_dl/release/tidl_j721e_08_06_00_10/arm-tidl/onnxrt_ep/out/J7/A72/LINUX/debug/module/src.armv8/../onnxrt_ep.o
                0x0000000000016c0c                std::remove_reference<std::vector<std::__cxx11::basic_string<char, std::char_traits<char>, std::allocator<char> >, std::allocator<std::__cxx11::basic_string<char, std::char_traits<char>, std::allocator<char> > > >&>::type&& std::move<std::vector<std::__cxx11::basic_string<char, std::char_traits<char>, std::allocator<char> >, std::allocator<std::__cxx11::basic_string<char, std::char_traits<char>, std::allocator<char> > > >&>(std::vector<std::__cxx11::basic_string<char, std::char_traits<char>, std::allocator<char> >, std::allocator<std::__cxx11::basic_string<char, std::char_traits<char>, std::allocator<char> > > >&)
 .text._ZNSt6vectorINSt7__cxx1112basic_stringIcSt11char_traitsIcESaIcEEESaIS5_EE14_M_move_assignEOS7_St17integral_constantIbLb1EE
                0x0000000000016c20       0x8c /opt/Jenkins_OUT/workspace/J7_TIDL_Parent/c7x-mma-tidl/ti_dl/release/tidl_j721e_08_06_00_10/arm-tidl/onnxrt_ep/out/J7/A72/LINUX/debug/module/src.armv8/../onnxrt_ep.o
                0x0000000000016c20                std::vector<std::__cxx11::basic_string<char, std::char_traits<char>, std::allocator<char> >, std::allocator<std::__cxx11::basic_string<char, std::char_traits<char>, std::allocator<char> > > >::_M_move_assign(std::vector<std::__cxx11::basic_string<char, std::char_traits<char>, std::allocator<char> >, std::allocator<std::__cxx11::basic_string<char, std::char_traits<char>, std::allocator<char> > > >&&, std::integral_constant<bool, true>)
 .text._ZNKSt6vectorIS_IiSaIiEESaIS1_EE5beginEv
                0x0000000000016cac       0x30 /opt/Jenkins_OUT/workspace/J7_TIDL_Parent/c7x-mma-tidl/ti_dl/release/tidl_j721e_08_06_00_10/arm-tidl/onnxrt_ep/out/J7/A72/LINUX/debug/module/src.armv8/../onnxrt_ep.o
                0x0000000000016cac                std::vector<std::vector<int, std::allocator<int> >, std::allocator<std::vector<int, std::allocator<int> > > >::begin() const
 .text._ZNKSt6vectorIS_IiSaIiEESaIS1_EE3endEv
                0x0000000000016cdc       0x30 /opt/Jenkins_OUT/workspace/J7_TIDL_Parent/c7x-mma-tidl/ti_dl/release/tidl_j721e_08_06_00_10/arm-tidl/onnxrt_ep/out/J7/A72/LINUX/debug/module/src.armv8/../onnxrt_ep.o
                0x0000000000016cdc                std::vector<std::vector<int, std::allocator<int> >, std::allocator<std::vector<int, std::allocator<int> > > >::end() const
 .text._ZN9__gnu_cxxeqIPKSt6vectorIiSaIiEES1_IS3_SaIS3_EEEEbRKNS_17__normal_iteratorIT_T0_EESD_
                0x0000000000016d0c       0x44 /opt/Jenkins_OUT/workspace/J7_TIDL_Parent/c7x-mma-tidl/ti_dl/release/tidl_j721e_08_06_00_10/arm-tidl/onnxrt_ep/out/J7/A72/LINUX/debug/module/src.armv8/../onnxrt_ep.o
                0x0000000000016d0c                bool __gnu_cxx::operator==<std::vector<int, std::allocator<int> > const*, std::vector<std::vector<int, std::allocator<int> >, std::allocator<std::vector<int, std::allocator<int> > > > >(__gnu_cxx::__normal_iterator<std::vector<int, std::allocator<int> > const*, std::vector<std::vector<int, std::allocator<int> >, std::allocator<std::vector<int, std::allocator<int> > > > > const&, __gnu_cxx::__normal_iterator<std::vector<int, std::allocator<int> > const*, std::vector<std::vector<int, std::allocator<int> >, std::allocator<std::vector<int, std::allocator<int> > > > > const&)
 .text._ZNSaIiEC2Ev
                0x0000000000016d50       0x20 /opt/Jenkins_OUT/workspace/J7_TIDL_Parent/c7x-mma-tidl/ti_dl/release/tidl_j721e_08_06_00_10/arm-tidl/onnxrt_ep/out/J7/A72/LINUX/debug/module/src.armv8/../onnxrt_ep.o
                0x0000000000016d50                std::allocator<int>::allocator()
                0x0000000000016d50                std::allocator<int>::allocator()
 .text._ZNSt12_Vector_baseIiSaIiEE17_Vector_impl_dataC2Ev
                0x0000000000016d70       0x2c /opt/Jenkins_OUT/workspace/J7_TIDL_Parent/c7x-mma-tidl/ti_dl/release/tidl_j721e_08_06_00_10/arm-tidl/onnxrt_ep/out/J7/A72/LINUX/debug/module/src.armv8/../onnxrt_ep.o
                0x0000000000016d70                std::_Vector_base<int, std::allocator<int> >::_Vector_impl_data::_Vector_impl_data()
                0x0000000000016d70                std::_Vector_base<int, std::allocator<int> >::_Vector_impl_data::_Vector_impl_data()
 .text._ZN9__gnu_cxx13new_allocatorIiED2Ev
                0x0000000000016d9c       0x14 /opt/Jenkins_OUT/workspace/J7_TIDL_Parent/c7x-mma-tidl/ti_dl/release/tidl_j721e_08_06_00_10/arm-tidl/onnxrt_ep/out/J7/A72/LINUX/debug/module/src.armv8/../onnxrt_ep.o
                0x0000000000016d9c                __gnu_cxx::new_allocator<int>::~new_allocator()
                0x0000000000016d9c                __gnu_cxx::new_allocator<int>::~new_allocator()
 .text._ZNSt12_Vector_baseIiSaIiEE13_M_deallocateEPim
                0x0000000000016db0       0x3c /opt/Jenkins_OUT/workspace/J7_TIDL_Parent/c7x-mma-tidl/ti_dl/release/tidl_j721e_08_06_00_10/arm-tidl/onnxrt_ep/out/J7/A72/LINUX/debug/module/src.armv8/../onnxrt_ep.o
                0x0000000000016db0                std::_Vector_base<int, std::allocator<int> >::_M_deallocate(int*, unsigned long)
 .text._ZNSt12_Vector_baseIiSaIiEE19_M_get_Tp_allocatorEv
                0x0000000000016dec       0x14 /opt/Jenkins_OUT/workspace/J7_TIDL_Parent/c7x-mma-tidl/ti_dl/release/tidl_j721e_08_06_00_10/arm-tidl/onnxrt_ep/out/J7/A72/LINUX/debug/module/src.armv8/../onnxrt_ep.o
                0x0000000000016dec                std::_Vector_base<int, std::allocator<int> >::_M_get_Tp_allocator()
 .text._ZSt8_DestroyIPiiEvT_S1_RSaIT0_E
                0x0000000000016e00       0x2c /opt/Jenkins_OUT/workspace/J7_TIDL_Parent/c7x-mma-tidl/ti_dl/release/tidl_j721e_08_06_00_10/arm-tidl/onnxrt_ep/out/J7/A72/LINUX/debug/module/src.armv8/../onnxrt_ep.o
                0x0000000000016e00                void std::_Destroy<int*, int>(int*, int*, std::allocator<int>&)
 .text._ZN9__gnu_cxx13new_allocatorISt6vectorIiSaIiEEEC2Ev
                0x0000000000016e2c       0x14 /opt/Jenkins_OUT/workspace/J7_TIDL_Parent/c7x-mma-tidl/ti_dl/release/tidl_j721e_08_06_00_10/arm-tidl/onnxrt_ep/out/J7/A72/LINUX/debug/module/src.armv8/../onnxrt_ep.o
                0x0000000000016e2c                __gnu_cxx::new_allocator<std::vector<int, std::allocator<int> > >::new_allocator()
                0x0000000000016e2c                __gnu_cxx::new_allocator<std::vector<int, std::allocator<int> > >::new_allocator()
 .text._ZNSt12_Vector_baseISt6vectorIiSaIiEESaIS2_EEC2ERKS3_
                0x0000000000016e40       0x28 /opt/Jenkins_OUT/workspace/J7_TIDL_Parent/c7x-mma-tidl/ti_dl/release/tidl_j721e_08_06_00_10/arm-tidl/onnxrt_ep/out/J7/A72/LINUX/debug/module/src.armv8/../onnxrt_ep.o
                0x0000000000016e40                std::_Vector_base<std::vector<int, std::allocator<int> >, std::allocator<std::vector<int, std::allocator<int> > > >::_Vector_base(std::allocator<std::vector<int, std::allocator<int> > > const&)
                0x0000000000016e40                std::_Vector_base<std::vector<int, std::allocator<int> >, std::allocator<std::vector<int, std::allocator<int> > > >::_Vector_base(std::allocator<std::vector<int, std::allocator<int> > > const&)
 .text._ZNKSt16initializer_listISt6vectorIiSaIiEEE5beginEv
                0x0000000000016e68       0x18 /opt/Jenkins_OUT/workspace/J7_TIDL_Parent/c7x-mma-tidl/ti_dl/release/tidl_j721e_08_06_00_10/arm-tidl/onnxrt_ep/out/J7/A72/LINUX/debug/module/src.armv8/../onnxrt_ep.o
                0x0000000000016e68                std::initializer_list<std::vector<int, std::allocator<int> > >::begin() const
 .text._ZNKSt16initializer_listISt6vectorIiSaIiEEE3endEv
                0x0000000000016e80       0x48 /opt/Jenkins_OUT/workspace/J7_TIDL_Parent/c7x-mma-tidl/ti_dl/release/tidl_j721e_08_06_00_10/arm-tidl/onnxrt_ep/out/J7/A72/LINUX/debug/module/src.armv8/../onnxrt_ep.o
                0x0000000000016e80                std::initializer_list<std::vector<int, std::allocator<int> > >::end() const
 .text._ZNSt6vectorIS_IiSaIiEESaIS1_EE19_M_range_initializeIPKS1_EEvT_S7_St20forward_iterator_tag
                0x0000000000016ec8       0xc4 /opt/Jenkins_OUT/workspace/J7_TIDL_Parent/c7x-mma-tidl/ti_dl/release/tidl_j721e_08_06_00_10/arm-tidl/onnxrt_ep/out/J7/A72/LINUX/debug/module/src.armv8/../onnxrt_ep.o
                0x0000000000016ec8                void std::vector<std::vector<int, std::allocator<int> >, std::allocator<std::vector<int, std::allocator<int> > > >::_M_range_initialize<std::vector<int, std::allocator<int> > const*>(std::vector<int, std::allocator<int> > const*, std::vector<int, std::allocator<int> > const*, std::forward_iterator_tag)
 .text._ZSt4moveIRNSt12_Vector_baseISt6vectorIiSaIiEESaIS3_EE12_Vector_implEEONSt16remove_referenceIT_E4typeEOS9_
                0x0000000000016f8c       0x14 /opt/Jenkins_OUT/workspace/J7_TIDL_Parent/c7x-mma-tidl/ti_dl/release/tidl_j721e_08_06_00_10/arm-tidl/onnxrt_ep/out/J7/A72/LINUX/debug/module/src.armv8/../onnxrt_ep.o
                0x0000000000016f8c                std::remove_reference<std::_Vector_base<std::vector<int, std::allocator<int> >, std::allocator<std::vector<int, std::allocator<int> > > >::_Vector_impl&>::type&& std::move<std::_Vector_base<std::vector<int, std::allocator<int> >, std::allocator<std::vector<int, std::allocator<int> > > >::_Vector_impl&>(std::_Vector_base<std::vector<int, std::allocator<int> >, std::allocator<std::vector<int, std::allocator<int> > > >::_Vector_impl&)
 .text._ZNSaISt6vectorIiSaIiEEEC2ERKS2_
                0x0000000000016fa0       0x28 /opt/Jenkins_OUT/workspace/J7_TIDL_Parent/c7x-mma-tidl/ti_dl/release/tidl_j721e_08_06_00_10/arm-tidl/onnxrt_ep/out/J7/A72/LINUX/debug/module/src.armv8/../onnxrt_ep.o
                0x0000000000016fa0                std::allocator<std::vector<int, std::allocator<int> > >::allocator(std::allocator<std::vector<int, std::allocator<int> > > const&)
                0x0000000000016fa0                std::allocator<std::vector<int, std::allocator<int> > >::allocator(std::allocator<std::vector<int, std::allocator<int> > > const&)
 .text._ZNSt12_Vector_baseISt6vectorIiSaIiEESaIS2_EE17_Vector_impl_dataC2EOS5_
                0x0000000000016fc8       0x70 /opt/Jenkins_OUT/workspace/J7_TIDL_Parent/c7x-mma-tidl/ti_dl/release/tidl_j721e_08_06_00_10/arm-tidl/onnxrt_ep/out/J7/A72/LINUX/debug/module/src.armv8/../onnxrt_ep.o
                0x0000000000016fc8                std::_Vector_base<std::vector<int, std::allocator<int> >, std::allocator<std::vector<int, std::allocator<int> > > >::_Vector_impl_data::_Vector_impl_data(std::_Vector_base<std::vector<int, std::allocator<int> >, std::allocator<std::vector<int, std::allocator<int> > > >::_Vector_impl_data&&)
                0x0000000000016fc8                std::_Vector_base<std::vector<int, std::allocator<int> >, std::allocator<std::vector<int, std::allocator<int> > > >::_Vector_impl_data::_Vector_impl_data(std::_Vector_base<std::vector<int, std::allocator<int> >, std::allocator<std::vector<int, std::allocator<int> > > >::_Vector_impl_data&&)
 .text._ZNSt7__cxx1112basic_stringIcSt11char_traitsIcESaIcEE16_M_construct_auxIPcEEvT_S7_St12__false_type
                0x0000000000017038       0x38 /opt/Jenkins_OUT/workspace/J7_TIDL_Parent/c7x-mma-tidl/ti_dl/release/tidl_j721e_08_06_00_10/arm-tidl/onnxrt_ep/out/J7/A72/LINUX/debug/module/src.armv8/../onnxrt_ep.o
                0x0000000000017038                void std::__cxx11::basic_string<char, std::char_traits<char>, std::allocator<char> >::_M_construct_aux<char*>(char*, char*, std::__false_type)
 .text._ZN9__gnu_cxx13new_allocatorINSt7__cxx1112basic_stringIcSt11char_traitsIcESaIcEEEEC2Ev
                0x0000000000017070       0x14 /opt/Jenkins_OUT/workspace/J7_TIDL_Parent/c7x-mma-tidl/ti_dl/release/tidl_j721e_08_06_00_10/arm-tidl/onnxrt_ep/out/J7/A72/LINUX/debug/module/src.armv8/../onnxrt_ep.o
                0x0000000000017070                __gnu_cxx::new_allocator<std::__cxx11::basic_string<char, std::char_traits<char>, std::allocator<char> > >::new_allocator()
                0x0000000000017070                __gnu_cxx::new_allocator<std::__cxx11::basic_string<char, std::char_traits<char>, std::allocator<char> > >::new_allocator()
 .text._ZNSt16allocator_traitsISaINSt7__cxx1112basic_stringIcSt11char_traitsIcESaIcEEEEE10deallocateERS6_PS5_m
                0x0000000000017084       0x30 /opt/Jenkins_OUT/workspace/J7_TIDL_Parent/c7x-mma-tidl/ti_dl/release/tidl_j721e_08_06_00_10/arm-tidl/onnxrt_ep/out/J7/A72/LINUX/debug/module/src.armv8/../onnxrt_ep.o
                0x0000000000017084                std::allocator_traits<std::allocator<std::__cxx11::basic_string<char, std::char_traits<char>, std::allocator<char> > > >::deallocate(std::allocator<std::__cxx11::basic_string<char, std::char_traits<char>, std::allocator<char> > >&, std::__cxx11::basic_string<char, std::char_traits<char>, std::allocator<char> >*, unsigned long)
 .text._ZSt8_DestroyIPNSt7__cxx1112basic_stringIcSt11char_traitsIcESaIcEEEEvT_S7_
                0x00000000000170b4       0x28 /opt/Jenkins_OUT/workspace/J7_TIDL_Parent/c7x-mma-tidl/ti_dl/release/tidl_j721e_08_06_00_10/arm-tidl/onnxrt_ep/out/J7/A72/LINUX/debug/module/src.armv8/../onnxrt_ep.o
                0x00000000000170b4                void std::_Destroy<std::__cxx11::basic_string<char, std::char_traits<char>, std::allocator<char> >*>(std::__cxx11::basic_string<char, std::char_traits<char>, std::allocator<char> >*, std::__cxx11::basic_string<char, std::char_traits<char>, std::allocator<char> >*)
 .text._ZN9__gnu_cxx13new_allocatorINSt7__cxx1112basic_stringIcSt11char_traitsIcESaIcEEEEC2ERKS7_
                0x00000000000170dc       0x18 /opt/Jenkins_OUT/workspace/J7_TIDL_Parent/c7x-mma-tidl/ti_dl/release/tidl_j721e_08_06_00_10/arm-tidl/onnxrt_ep/out/J7/A72/LINUX/debug/module/src.armv8/../onnxrt_ep.o
                0x00000000000170dc                __gnu_cxx::new_allocator<std::__cxx11::basic_string<char, std::char_traits<char>, std::allocator<char> > >::new_allocator(__gnu_cxx::new_allocator<std::__cxx11::basic_string<char, std::char_traits<char>, std::allocator<char> > > const&)
                0x00000000000170dc                __gnu_cxx::new_allocator<std::__cxx11::basic_string<char, std::char_traits<char>, std::allocator<char> > >::new_allocator(__gnu_cxx::new_allocator<std::__cxx11::basic_string<char, std::char_traits<char>, std::allocator<char> > > const&)
 .text._ZNSt16allocator_traitsISaINSt7__cxx1112basic_stringIcSt11char_traitsIcESaIcEEEEE9constructIS5_JS5_EEEvRS6_PT_DpOT0_
                0x00000000000170f4       0x38 /opt/Jenkins_OUT/workspace/J7_TIDL_Parent/c7x-mma-tidl/ti_dl/release/tidl_j721e_08_06_00_10/arm-tidl/onnxrt_ep/out/J7/A72/LINUX/debug/module/src.armv8/../onnxrt_ep.o
                0x00000000000170f4                void std::allocator_traits<std::allocator<std::__cxx11::basic_string<char, std::char_traits<char>, std::allocator<char> > > >::construct<std::__cxx11::basic_string<char, std::char_traits<char>, std::allocator<char> >, std::__cxx11::basic_string<char, std::char_traits<char>, std::allocator<char> > >(std::allocator<std::__cxx11::basic_string<char, std::char_traits<char>, std::allocator<char> > >&, std::__cxx11::basic_string<char, std::char_traits<char>, std::allocator<char> >*, std::__cxx11::basic_string<char, std::char_traits<char>, std::allocator<char> >&&)
 .text._ZNSt6vectorINSt7__cxx1112basic_stringIcSt11char_traitsIcESaIcEEESaIS5_EE3endEv
                0x000000000001712c       0x28 /opt/Jenkins_OUT/workspace/J7_TIDL_Parent/c7x-mma-tidl/ti_dl/release/tidl_j721e_08_06_00_10/arm-tidl/onnxrt_ep/out/J7/A72/LINUX/debug/module/src.armv8/../onnxrt_ep.o
                0x000000000001712c                std::vector<std::__cxx11::basic_string<char, std::char_traits<char>, std::allocator<char> >, std::allocator<std::__cxx11::basic_string<char, std::char_traits<char>, std::allocator<char> > > >::end()
 .text._ZNSt6vectorINSt7__cxx1112basic_stringIcSt11char_traitsIcESaIcEEESaIS5_EE15_S_use_relocateEv
                0x0000000000017154       0x18 /opt/Jenkins_OUT/workspace/J7_TIDL_Parent/c7x-mma-tidl/ti_dl/release/tidl_j721e_08_06_00_10/arm-tidl/onnxrt_ep/out/J7/A72/LINUX/debug/module/src.armv8/../onnxrt_ep.o
                0x0000000000017154                std::vector<std::__cxx11::basic_string<char, std::char_traits<char>, std::allocator<char> >, std::allocator<std::__cxx11::basic_string<char, std::char_traits<char>, std::allocator<char> > > >::_S_use_relocate()
 .text._ZNSt6vectorINSt7__cxx1112basic_stringIcSt11char_traitsIcESaIcEEESaIS5_EE19_S_nothrow_relocateESt17integral_constantIbLb1EE
                0x000000000001716c       0x14 /opt/Jenkins_OUT/workspace/J7_TIDL_Parent/c7x-mma-tidl/ti_dl/release/tidl_j721e_08_06_00_10/arm-tidl/onnxrt_ep/out/J7/A72/LINUX/debug/module/src.armv8/../onnxrt_ep.o
                0x000000000001716c                std::vector<std::__cxx11::basic_string<char, std::char_traits<char>, std::allocator<char> >, std::allocator<std::__cxx11::basic_string<char, std::char_traits<char>, std::allocator<char> > > >::_S_nothrow_relocate(std::integral_constant<bool, true>)
 .text._ZNSt6vectorINSt7__cxx1112basic_stringIcSt11char_traitsIcESaIcEEESaIS5_EE17_M_realloc_insertIJS5_EEEvN9__gnu_cxx17__normal_iteratorIPS5_S7_EEDpOT_
                0x0000000000017180      0x290 /opt/Jenkins_OUT/workspace/J7_TIDL_Parent/c7x-mma-tidl/ti_dl/release/tidl_j721e_08_06_00_10/arm-tidl/onnxrt_ep/out/J7/A72/LINUX/debug/module/src.armv8/../onnxrt_ep.o
                0x0000000000017180                void std::vector<std::__cxx11::basic_string<char, std::char_traits<char>, std::allocator<char> >, std::allocator<std::__cxx11::basic_string<char, std::char_traits<char>, std::allocator<char> > > >::_M_realloc_insert<std::__cxx11::basic_string<char, std::char_traits<char>, std::allocator<char> > >(__gnu_cxx::__normal_iterator<std::__cxx11::basic_string<char, std::char_traits<char>, std::allocator<char> >*, std::vector<std::__cxx11::basic_string<char, std::char_traits<char>, std::allocator<char> >, std::allocator<std::__cxx11::basic_string<char, std::char_traits<char>, std::allocator<char> > > > >, std::__cxx11::basic_string<char, std::char_traits<char>, std::allocator<char> >&&)
 .text._ZNSt16allocator_traitsISaISt6vectorIiSaIiEEEE10deallocateERS3_PS2_m
                0x0000000000017410       0x30 /opt/Jenkins_OUT/workspace/J7_TIDL_Parent/c7x-mma-tidl/ti_dl/release/tidl_j721e_08_06_00_10/arm-tidl/onnxrt_ep/out/J7/A72/LINUX/debug/module/src.armv8/../onnxrt_ep.o
                0x0000000000017410                std::allocator_traits<std::allocator<std::vector<int, std::allocator<int> > > >::deallocate(std::allocator<std::vector<int, std::allocator<int> > >&, std::vector<int, std::allocator<int> >*, unsigned long)
 .text._ZSt8_DestroyIPSt6vectorIiSaIiEEEvT_S4_
                0x0000000000017440       0x28 /opt/Jenkins_OUT/workspace/J7_TIDL_Parent/c7x-mma-tidl/ti_dl/release/tidl_j721e_08_06_00_10/arm-tidl/onnxrt_ep/out/J7/A72/LINUX/debug/module/src.armv8/../onnxrt_ep.o
                0x0000000000017440                void std::_Destroy<std::vector<int, std::allocator<int> >*>(std::vector<int, std::allocator<int> >*, std::vector<int, std::allocator<int> >*)
 .text._ZNKSt12_Vector_baseISt6vectorIiSaIiEESaIS2_EE13get_allocatorEv
                0x0000000000017468       0x38 /opt/Jenkins_OUT/workspace/J7_TIDL_Parent/c7x-mma-tidl/ti_dl/release/tidl_j721e_08_06_00_10/arm-tidl/onnxrt_ep/out/J7/A72/LINUX/debug/module/src.armv8/../onnxrt_ep.o
                0x0000000000017468                std::_Vector_base<std::vector<int, std::allocator<int> >, std::allocator<std::vector<int, std::allocator<int> > > >::get_allocator() const
 .text._ZNSt6vectorIS_IiSaIiEESaIS1_EEC2ERKS2_
                0x00000000000174a0       0x28 /opt/Jenkins_OUT/workspace/J7_TIDL_Parent/c7x-mma-tidl/ti_dl/release/tidl_j721e_08_06_00_10/arm-tidl/onnxrt_ep/out/J7/A72/LINUX/debug/module/src.armv8/../onnxrt_ep.o
                0x00000000000174a0                std::vector<std::vector<int, std::allocator<int> >, std::allocator<std::vector<int, std::allocator<int> > > >::vector(std::allocator<std::vector<int, std::allocator<int> > > const&)
                0x00000000000174a0                std::vector<std::vector<int, std::allocator<int> >, std::allocator<std::vector<int, std::allocator<int> > > >::vector(std::allocator<std::vector<int, std::allocator<int> > > const&)
 .text._ZNSt12_Vector_baseISt6vectorIiSaIiEESaIS2_EE17_Vector_impl_data12_M_swap_dataERS5_
                0x00000000000174c8       0x4c /opt/Jenkins_OUT/workspace/J7_TIDL_Parent/c7x-mma-tidl/ti_dl/release/tidl_j721e_08_06_00_10/arm-tidl/onnxrt_ep/out/J7/A72/LINUX/debug/module/src.armv8/../onnxrt_ep.o
                0x00000000000174c8                std::_Vector_base<std::vector<int, std::allocator<int> >, std::allocator<std::vector<int, std::allocator<int> > > >::_Vector_impl_data::_M_swap_data(std::_Vector_base<std::vector<int, std::allocator<int> >, std::allocator<std::vector<int, std::allocator<int> > > >::_Vector_impl_data&)
 .text._ZSt15__alloc_on_moveISaISt6vectorIiSaIiEEEEvRT_S5_
                0x0000000000017514       0x28 /opt/Jenkins_OUT/workspace/J7_TIDL_Parent/c7x-mma-tidl/ti_dl/release/tidl_j721e_08_06_00_10/arm-tidl/onnxrt_ep/out/J7/A72/LINUX/debug/module/src.armv8/../onnxrt_ep.o
                0x0000000000017514                void std::__alloc_on_move<std::allocator<std::vector<int, std::allocator<int> > > >(std::allocator<std::vector<int, std::allocator<int> > >&, std::allocator<std::vector<int, std::allocator<int> > >&)
 .text._ZNKSt12_Vector_baseINSt7__cxx1112basic_stringIcSt11char_traitsIcESaIcEEESaIS5_EE13get_allocatorEv
                0x000000000001753c       0x38 /opt/Jenkins_OUT/workspace/J7_TIDL_Parent/c7x-mma-tidl/ti_dl/release/tidl_j721e_08_06_00_10/arm-tidl/onnxrt_ep/out/J7/A72/LINUX/debug/module/src.armv8/../onnxrt_ep.o
                0x000000000001753c                std::_Vector_base<std::__cxx11::basic_string<char, std::char_traits<char>, std::allocator<char> >, std::allocator<std::__cxx11::basic_string<char, std::char_traits<char>, std::allocator<char> > > >::get_allocator() const
 .text._ZNSt6vectorINSt7__cxx1112basic_stringIcSt11char_traitsIcESaIcEEESaIS5_EEC2ERKS6_
                0x0000000000017574       0x28 /opt/Jenkins_OUT/workspace/J7_TIDL_Parent/c7x-mma-tidl/ti_dl/release/tidl_j721e_08_06_00_10/arm-tidl/onnxrt_ep/out/J7/A72/LINUX/debug/module/src.armv8/../onnxrt_ep.o
                0x0000000000017574                std::vector<std::__cxx11::basic_string<char, std::char_traits<char>, std::allocator<char> >, std::allocator<std::__cxx11::basic_string<char, std::char_traits<char>, std::allocator<char> > > >::vector(std::allocator<std::__cxx11::basic_string<char, std::char_traits<char>, std::allocator<char> > > const&)
                0x0000000000017574                std::vector<std::__cxx11::basic_string<char, std::char_traits<char>, std::allocator<char> >, std::allocator<std::__cxx11::basic_string<char, std::char_traits<char>, std::allocator<char> > > >::vector(std::allocator<std::__cxx11::basic_string<char, std::char_traits<char>, std::allocator<char> > > const&)
 .text._ZNSt12_Vector_baseINSt7__cxx1112basic_stringIcSt11char_traitsIcESaIcEEESaIS5_EE17_Vector_impl_data12_M_swap_dataERS8_
                0x000000000001759c       0x4c /opt/Jenkins_OUT/workspace/J7_TIDL_Parent/c7x-mma-tidl/ti_dl/release/tidl_j721e_08_06_00_10/arm-tidl/onnxrt_ep/out/J7/A72/LINUX/debug/module/src.armv8/../onnxrt_ep.o
                0x000000000001759c                std::_Vector_base<std::__cxx11::basic_string<char, std::char_traits<char>, std::allocator<char> >, std::allocator<std::__cxx11::basic_string<char, std::char_traits<char>, std::allocator<char> > > >::_Vector_impl_data::_M_swap_data(std::_Vector_base<std::__cxx11::basic_string<char, std::char_traits<char>, std::allocator<char> >, std::allocator<std::__cxx11::basic_string<char, std::char_traits<char>, std::allocator<char> > > >::_Vector_impl_data&)
 .text._ZSt15__alloc_on_moveISaINSt7__cxx1112basic_stringIcSt11char_traitsIcESaIcEEEEEvRT_S8_
                0x00000000000175e8       0x28 /opt/Jenkins_OUT/workspace/J7_TIDL_Parent/c7x-mma-tidl/ti_dl/release/tidl_j721e_08_06_00_10/arm-tidl/onnxrt_ep/out/J7/A72/LINUX/debug/module/src.armv8/../onnxrt_ep.o
                0x00000000000175e8                void std::__alloc_on_move<std::allocator<std::__cxx11::basic_string<char, std::char_traits<char>, std::allocator<char> > > >(std::allocator<std::__cxx11::basic_string<char, std::char_traits<char>, std::allocator<char> > >&, std::allocator<std::__cxx11::basic_string<char, std::char_traits<char>, std::allocator<char> > >&)
 .text._ZN9__gnu_cxx17__normal_iteratorIPKSt6vectorIiSaIiEES1_IS3_SaIS3_EEEC2ERKS5_
                0x0000000000017610       0x28 /opt/Jenkins_OUT/workspace/J7_TIDL_Parent/c7x-mma-tidl/ti_dl/release/tidl_j721e_08_06_00_10/arm-tidl/onnxrt_ep/out/J7/A72/LINUX/debug/module/src.armv8/../onnxrt_ep.o
                0x0000000000017610                __gnu_cxx::__normal_iterator<std::vector<int, std::allocator<int> > const*, std::vector<std::vector<int, std::allocator<int> >, std::allocator<std::vector<int, std::allocator<int> > > > >::__normal_iterator(std::vector<int, std::allocator<int> > const* const&)
                0x0000000000017610                __gnu_cxx::__normal_iterator<std::vector<int, std::allocator<int> > const*, std::vector<std::vector<int, std::allocator<int> >, std::allocator<std::vector<int, std::allocator<int> > > > >::__normal_iterator(std::vector<int, std::allocator<int> > const* const&)
 .text._ZNK9__gnu_cxx17__normal_iteratorIPKSt6vectorIiSaIiEES1_IS3_SaIS3_EEE4baseEv
                0x0000000000017638       0x14 /opt/Jenkins_OUT/workspace/J7_TIDL_Parent/c7x-mma-tidl/ti_dl/release/tidl_j721e_08_06_00_10/arm-tidl/onnxrt_ep/out/J7/A72/LINUX/debug/module/src.armv8/../onnxrt_ep.o
                0x0000000000017638                __gnu_cxx::__normal_iterator<std::vector<int, std::allocator<int> > const*, std::vector<std::vector<int, std::allocator<int> >, std::allocator<std::vector<int, std::allocator<int> > > > >::base() const
 .text._ZN9__gnu_cxx13new_allocatorIiEC2Ev
                0x000000000001764c       0x14 /opt/Jenkins_OUT/workspace/J7_TIDL_Parent/c7x-mma-tidl/ti_dl/release/tidl_j721e_08_06_00_10/arm-tidl/onnxrt_ep/out/J7/A72/LINUX/debug/module/src.armv8/../onnxrt_ep.o
                0x000000000001764c                __gnu_cxx::new_allocator<int>::new_allocator()
                0x000000000001764c                __gnu_cxx::new_allocator<int>::new_allocator()