../freertos/corehttp/source/core_http_client.c:566:17:getZeroTimestampMs	0	static
../freertos/corehttp/source/core_http_client.c:572:15:caseInsensitiveStringCmp	8	static
../freertos/corehttp/source/core_http_client.c:1271:15:httpHeaderStrncpy	8	static
../freertos/corehttp/source/core_http_client.c:1218:16:convertInt32ToAscii	16	static
../freertos/corehttp/source/core_http_client.c:1789:21:sendHttpData	40	static
../freertos/corehttp/source/core_http_client.c:1939:21:sendHttpBody	8	static
../freertos/corehttp/source/core_http_client.c:982:12:httpParserOnMessageCompleteCallback	8	static
../freertos/corehttp/source/core_http_client.c:611:13:processCompleteHeader	24	static
../freertos/corehttp/source/core_http_client.c:821:12:httpParserOnHeadersCompleteCallback	16	static
../freertos/corehttp/source/core_http_client.c:777:12:httpParserOnHeaderValueCallback	8	static
../freertos/corehttp/source/core_http_client.c:720:12:httpParserOnHeaderFieldCallback	16	static
../freertos/corehttp/source/core_http_client.c:679:12:httpParserOnStatusCallback	8	static
../freertos/corehttp/source/core_http_client.c:660:12:httpParserOnMessageBeginCallback	8	static
../freertos/corehttp/source/core_http_client.c:1960:21:getFinalResponseStatus	8	static
../freertos/corehttp/source/core_http_client.c:2371:12:findHeaderOnHeaderCompleteCallback	8	static
../freertos/corehttp/source/core_http_client.c:2312:12:findHeaderValueParserCallback	8	static
../freertos/corehttp/source/core_http_client.c:2270:12:findHeaderFieldParserCallback	16	static
../freertos/corehttp/source/core_http_client.c:1491:21:writeRequestLine	32	static
../freertos/corehttp/source/core_http_client.c:1320:21:addHeader	32	static
../freertos/corehttp/source/core_http_client.c:1869:21:addContentLengthHeader	32	static
../freertos/corehttp/source/core_http_client.c:1901:21:sendHttpHeaders	16	static
../freertos/corehttp/source/core_http_client.c:2124:21:sendHttpRequest	32	static
../freertos/corehttp/source/core_http_client.c:1420:21:addRangeHeader	56	static
../freertos/corehttp/source/core_http_client.c:1001:13:initializeParsingContextForFirstResponse	16	static
../freertos/corehttp/source/core_http_client.c:910:12:httpParserOnBodyCallback	24	static
../freertos/corehttp/source/core_http_client.c:2403:21:findHeaderInResponse	168	static
../freertos/corehttp/source/core_http_client.c:1041:21:processLlhttpError	8	static
../freertos/corehttp/source/core_http_client.c:1155:21:parseHttpResponse	16	static
../freertos/corehttp/source/core_http_client.c:2005:21:receiveAndParseHttpResponse	192	static
../freertos/corehttp/source/core_http_client.c:1567:14:HTTPClient_InitializeRequestHeaders	24	static
../freertos/corehttp/source/core_http_client.c:1664:14:HTTPClient_AddHeader	16	static
../freertos/corehttp/source/core_http_client.c:1724:14:HTTPClient_AddRangeHeader	8	static
../freertos/corehttp/source/core_http_client.c:2167:14:HTTPClient_Send	24	static
../freertos/corehttp/source/core_http_client.c:2511:14:HTTPClient_ReadHeader	24	static
../freertos/corehttp/source/core_http_client.c:2576:14:HTTPClient_strerror	0	static
