C:\Users\USER\Documents\MCUXpressoIDE_11.9.1_2170\workspace\MCUXpresso_IDE_FW\CMSIS/core_cm7.h:1911:22:__NVIC_EnableIRQ	0	static
../component/gpio/fsl_adapter_igpio.c:56:13:HAL_GpioInterruptHandle	80	static
../component/gpio/fsl_adapter_igpio.c:190:26:HAL_GpioConflictSearch	0	static
../component/gpio/fsl_adapter_igpio.c:203:26:HAL_GpioAddItem	0	static
../component/gpio/fsl_adapter_igpio.c:233:26:HAL_GpioRemoveItem	0	static
C:\Users\USER\Documents\MCUXpressoIDE_11.9.1_2170\workspace\MCUXpresso_IDE_FW\drivers/fsl_gpio.h:176:24:GPIO_PinRead	8	static
../component/gpio/fsl_adapter_igpio.c:86:6:GPIO1_Combined_0_15_IRQHandler	8	static
../component/gpio/fsl_adapter_igpio.c:93:6:GPIO1_Combined_16_31_IRQHandler	8	static
../component/gpio/fsl_adapter_igpio.c:103:6:GPIO2_Combined_0_15_IRQHandler	8	static
../component/gpio/fsl_adapter_igpio.c:110:6:GPIO2_Combined_16_31_IRQHandler	8	static
../component/gpio/fsl_adapter_igpio.c:120:6:GPIO3_Combined_0_15_IRQHandler	8	static
../component/gpio/fsl_adapter_igpio.c:127:6:GPIO3_Combined_16_31_IRQHandler	8	static
../component/gpio/fsl_adapter_igpio.c:137:6:GPIO4_Combined_0_15_IRQHandler	8	static
../component/gpio/fsl_adapter_igpio.c:144:6:GPIO4_Combined_16_31_IRQHandler	8	static
../component/gpio/fsl_adapter_igpio.c:154:6:GPIO5_Combined_0_15_IRQHandler	8	static
../component/gpio/fsl_adapter_igpio.c:161:6:GPIO5_Combined_16_31_IRQHandler	8	static
../component/gpio/fsl_adapter_igpio.c:171:6:GPIO6_7_8_9_IRQHandler	8	static
../component/gpio/fsl_adapter_igpio.c:183:6:GPIO13_Combined_0_31_IRQHandler	8	static
../component/gpio/fsl_adapter_igpio.c:264:6:HAL_GpioPreInit	0	static
../component/gpio/fsl_adapter_igpio.c:269:19:HAL_GpioInit	88	static
../component/gpio/fsl_adapter_igpio.c:323:19:HAL_GpioDeinit	80	static
../component/gpio/fsl_adapter_igpio.c:341:19:HAL_GpioGetInput	80	static
../component/gpio/fsl_adapter_igpio.c:354:19:HAL_GpioSetOutput	80	static
../component/gpio/fsl_adapter_igpio.c:367:19:HAL_GpioInstallCallback	8	static
../component/gpio/fsl_adapter_igpio.c:383:19:HAL_GpioGetTriggerMode	8	static
../component/gpio/fsl_adapter_igpio.c:400:19:HAL_GpioSetTriggerMode	144	static
../component/gpio/fsl_adapter_igpio.c:474:19:HAL_GpioWakeUpSetting	8	static
../component/gpio/fsl_adapter_igpio.c:489:19:HAL_GpioEnterLowpower	8	static
../component/gpio/fsl_adapter_igpio.c:496:19:HAL_GpioExitLowpower	8	static
