../lwip/port/enet_ethernetif_kinetis.c:566:23:enet_get_tx_buffer	0	static
../lwip/port/enet_ethernetif_kinetis.c:207:13:ethernet_callback	16	static
../lwip/port/enet_ethernetif_kinetis.c:378:13:ethernetif_rx_free	24	static
../lwip/port/enet_ethernetif_kinetis.c:616:13:ethernetif_rx_release	8	static
../lwip/port/enet_ethernetif_kinetis.c:340:14:ethernetif_rx_alloc	16	static
../lwip/port/enet_ethernetif_kinetis.c:626:21:ethernetif_rx_frame_to_pbufs	48	static
../lwip/port/enet_ethernetif_kinetis.c:575:14:enet_send_frame	40	static
../lwip/port/enet_ethernetif_kinetis.c:404:6:ethernetif_plat_init	112	static
../lwip/port/enet_ethernetif_kinetis.c:514:8:ethernetif_base_ptr	0	static
../lwip/port/enet_ethernetif_kinetis.c:519:15:ethernetif_get_phy	0	static
../lwip/port/enet_ethernetif_kinetis.c:525:19:ethernetif_get_int_gpio_hdl	0	static
../lwip/port/enet_ethernetif_kinetis.c:531:13:ethernetif_get_link_speed	0	static
../lwip/port/enet_ethernetif_kinetis.c:537:14:ethernetif_get_link_duplex	0	static
../lwip/port/enet_ethernetif_kinetis.c:543:6:ethernetif_on_link_up	16	static
../lwip/port/enet_ethernetif_kinetis.c:556:6:ethernetif_on_link_down	0	static
../lwip/port/enet_ethernetif_kinetis.c:684:14:ethernetif_linkinput	32	static
../lwip/port/enet_ethernetif_kinetis.c:728:7:ethernetif_linkoutput	16	static
../lwip/port/enet_ethernetif_kinetis.c:813:7:ethernetif0_init	16	static
../lwip/port/enet_ethernetif_kinetis.c:846:7:ethernetif1_init	16	static
