../lwip/port/ethernetif.c:181:6:ethernetif_phy_init	32	static
../lwip/port/ethernetif.c:413:6:ethernetif_probe_link	24	static
../lwip/port/ethernetif.c:444:13:probe_link_cyclic	8	static
../lwip/port/ethernetif.c:282:7:ethernetif_init	24	static
../lwip/port/ethernetif.c:471:12:ethernetif_wait_linkup_array	24	static
../lwip/port/ethernetif.c:466:12:ethernetif_wait_linkup	16	static
../lwip/port/ethernetif.c:731:6:ethernetif_pbuf_free_safe	8	static
../lwip/port/ethernetif.c:201:13:fetch_all_received_pkts	16	static
../lwip/port/ethernetif.c:255:6:ethernetif_input	8	static
