../mbedtls/library/asn1parse.c:346:12:asn1_get_sequence_of_cb	24	static
../mbedtls/library/asn1parse.c:39:5:mbedtls_asn1_get_len	8	static
../mbedtls/library/asn1parse.c:101:5:mbedtls_asn1_get_tag	8	static
../mbedtls/library/asn1parse.c:139:12:asn1_get_tagged_int	24	static
../mbedtls/library/asn1parse.c:118:5:mbedtls_asn1_get_bool	24	static
../mbedtls/library/asn1parse.c:186:5:mbedtls_asn1_get_int	8	static
../mbedtls/library/asn1parse.c:193:5:mbedtls_asn1_get_enum	8	static
../mbedtls/library/asn1parse.c:201:5:mbedtls_asn1_get_mpi	24	static
../mbedtls/library/asn1parse.c:220:5:mbedtls_asn1_get_bitstring	16	static
../mbedtls/library/asn1parse.c:258:5:mbedtls_asn1_traverse_sequence_of	56	static
../mbedtls/library/asn1parse.c:309:5:mbedtls_asn1_get_bitstring_null	16	static
../mbedtls/library/asn1parse.c:331:6:mbedtls_asn1_sequence_free	16	static
../mbedtls/library/asn1parse.c:378:5:mbedtls_asn1_get_sequence_of	40	static
../mbedtls/library/asn1parse.c:390:5:mbedtls_asn1_get_alg	32	static
../mbedtls/library/asn1parse.c:438:5:mbedtls_asn1_get_alg_null	32	static
../mbedtls/library/asn1parse.c:458:6:mbedtls_asn1_free_named_data	8	static
../mbedtls/library/asn1parse.c:470:6:mbedtls_asn1_free_named_data_list	16	static
../mbedtls/library/asn1parse.c:481:26:mbedtls_asn1_find_named_data	16	static
