../mbedtls/library/asn1write.c:411:33:asn1_find_named_data	16	static
../mbedtls/library/asn1write.c:31:5:mbedtls_asn1_write_len	0	static
../mbedtls/library/asn1write.c:95:5:mbedtls_asn1_write_tag	0	static
../mbedtls/library/asn1write.c:244:12:asn1_write_tagged_int	24	static
../mbedtls/library/asn1write.c:106:5:mbedtls_asn1_write_raw_buffer	8	static
../mbedtls/library/asn1write.c:123:5:mbedtls_asn1_write_mpi	24	static
../mbedtls/library/asn1write.c:167:5:mbedtls_asn1_write_null	16	static
../mbedtls/library/asn1write.c:180:5:mbedtls_asn1_write_oid	16	static
../mbedtls/library/asn1write.c:201:5:mbedtls_asn1_write_algorithm_identifier_ext	24	static
../mbedtls/library/asn1write.c:194:5:mbedtls_asn1_write_algorithm_identifier	16	static
../mbedtls/library/asn1write.c:226:5:mbedtls_asn1_write_bool	16	static
../mbedtls/library/asn1write.c:272:5:mbedtls_asn1_write_int	8	static
../mbedtls/library/asn1write.c:277:5:mbedtls_asn1_write_enum	8	static
../mbedtls/library/asn1write.c:282:5:mbedtls_asn1_write_tagged_string	24	static
../mbedtls/library/asn1write.c:298:5:mbedtls_asn1_write_utf8_string	16	static
../mbedtls/library/asn1write.c:304:5:mbedtls_asn1_write_printable_string	16	static
../mbedtls/library/asn1write.c:311:5:mbedtls_asn1_write_ia5_string	16	static
../mbedtls/library/asn1write.c:361:5:mbedtls_asn1_write_bitstring	24	static
../mbedtls/library/asn1write.c:317:5:mbedtls_asn1_write_named_bitstring	8	static
../mbedtls/library/asn1write.c:394:5:mbedtls_asn1_write_octet_string	16	static
../mbedtls/library/asn1write.c:427:26:mbedtls_asn1_store_named_data	32	static
