../mbedtls/library/bignum.c:366:15:mbedtls_clz	0	static
../mbedtls/library/bignum.c:415:12:mpi_get_digit	0	static
../mbedtls/library/bignum.c:1245:25:mpi_sub_hlp	20	static
../mbedtls/library/bignum.c:1435:6:mpi_mul_hlp	8	static
../mbedtls/library/bignum.c:1603:25:mbedtls_int_div_int	24	static
../mbedtls/library/bignum.c:1943:13:mpi_montg_init	4	static
../mbedtls/library/bignum.c:70:13:mbedtls_mpi_zeroize	8	static
../mbedtls/library/bignum.c:740:25:mpi_uint_bigendian_to_host	0	static
../mbedtls/library/bignum.c:782:13:mpi_bigendian_to_host	16	static
../mbedtls/library/bignum.c:2500:12:mpi_fill_random_internal	32	static
../mbedtls/library/bignum.c:2061:12:mpi_select	32	static
../mbedtls/library/bignum.c:1980:13:mpi_montmul	48	static
../mbedtls/library/bignum.c:2034:13:mpi_montred	32	static
../mbedtls/library/bignum.c:78:6:mbedtls_mpi_init	0	static
../mbedtls/library/bignum.c:91:6:mbedtls_mpi_free	8	static
../mbedtls/library/bignum.c:111:5:mbedtls_mpi_grow	16	static
../mbedtls/library/bignum.c:186:12:mbedtls_mpi_resize_clear	16	static
../mbedtls/library/bignum.c:142:5:mbedtls_mpi_shrink	16	static
../mbedtls/library/bignum.c:210:5:mbedtls_mpi_copy	24	static
../mbedtls/library/bignum.c:254:6:mbedtls_mpi_swap	32	static
../mbedtls/library/bignum.c:280:5:mbedtls_mpi_lset	16	static
../mbedtls/library/bignum.c:299:5:mbedtls_mpi_get_bit	0	static
../mbedtls/library/bignum.c:317:5:mbedtls_mpi_set_bit	24	static
../mbedtls/library/bignum.c:347:8:mbedtls_mpi_lsb	0	static
../mbedtls/library/bignum.c:385:8:mbedtls_mpi_bitlen	8	static
../mbedtls/library/bignum.c:407:8:mbedtls_mpi_size	8	static
../mbedtls/library/bignum.c:814:5:mbedtls_mpi_read_binary_le	24	static
../mbedtls/library/bignum.c:841:5:mbedtls_mpi_read_binary	32	static
../mbedtls/library/bignum.c:876:5:mbedtls_mpi_write_binary_le	16	static
../mbedtls/library/bignum.c:912:5:mbedtls_mpi_write_binary	16	static
../mbedtls/library/bignum.c:956:5:mbedtls_mpi_shift_l	24	static
../mbedtls/library/bignum.c:1007:5:mbedtls_mpi_shift_r	24	static
../mbedtls/library/bignum.c:1051:5:mbedtls_mpi_cmp_abs	8	static
../mbedtls/library/bignum.c:1326:12:add_sub_mpi	24	static
../mbedtls/library/bignum.c:1095:5:mbedtls_mpi_cmp_mpi	12	static
../mbedtls/library/bignum.c:1146:5:mbedtls_mpi_cmp_int	24	static
../mbedtls/library/bignum.c:1164:5:mbedtls_mpi_add_abs_orig	24	static
../mbedtls/library/bignum.c:1266:5:mbedtls_mpi_sub_abs_orig	24	static
../mbedtls/library/bignum.c:1362:5:mbedtls_mpi_add_mpi	8	static
../mbedtls/library/bignum.c:1370:5:mbedtls_mpi_sub_mpi	8	static
../mbedtls/library/bignum.c:1378:5:mbedtls_mpi_add_int	24	static
../mbedtls/library/bignum.c:1396:5:mbedtls_mpi_sub_int	24	static
../mbedtls/library/bignum.c:1497:5:mbedtls_mpi_mul_mpi_orig	56	static
../mbedtls/library/bignum.c:1564:5:mbedtls_mpi_mul_int	24	static
../mbedtls/library/bignum.c:439:5:mbedtls_mpi_read_string	48	static
../mbedtls/library/bignum.c:1706:5:mbedtls_mpi_div_mpi	136	static
../mbedtls/library/bignum.c:1831:5:mbedtls_mpi_div_int	24	static
../mbedtls/library/bignum.c:1852:5:mbedtls_mpi_mod_mpi_orig	16	static
../mbedtls/library/bignum.c:1884:5:mbedtls_mpi_mod_int	8	static
../mbedtls/library/bignum.c:505:12:mpi_write_hlp	48	static
../mbedtls/library/bignum.c:543:5:mbedtls_mpi_write_string	40	static
../mbedtls/library/bignum.c:2756:12:mpi_check_small_factors	24	static
../mbedtls/library/bignum.c:2080:5:mbedtls_mpi_exp_mod_orig	136	static
../mbedtls/library/bignum.c:2383:5:mbedtls_mpi_gcd_orig	48	static
../mbedtls/library/bignum.c:2528:5:mbedtls_mpi_fill_random	24	static
../mbedtls/library/bignum.c:2785:12:mpi_miller_rabin	120	static
../mbedtls/library/bignum.c:2550:5:mbedtls_mpi_random	72	static
../mbedtls/library/bignum.c:2629:5:mbedtls_mpi_inv_mod_orig	136	static
../mbedtls/library/bignum.c:2877:5:mbedtls_mpi_is_prime_ext	32	static
../mbedtls/library/bignum.c:2916:5:mbedtls_mpi_is_prime_orig	8	static
../mbedtls/library/bignum.c:2944:5:mbedtls_mpi_gen_prime	56	static
../mbedtls/library/bignum.c:3081:5:mbedtls_mpi_self_test	112	static
