../mbedtls/library/camellia.c:267:13:camellia_feistel	16	static
../mbedtls/library/camellia.c:292:6:mbedtls_camellia_init	8	static
../mbedtls/library/camellia.c:298:6:mbedtls_camellia_free	8	static
../mbedtls/library/camellia.c:310:5:mbedtls_camellia_setkey_enc	280	static
../mbedtls/library/camellia.c:424:5:mbedtls_camellia_setkey_dec	296	static
../mbedtls/library/camellia.c:475:5:mbedtls_camellia_crypt_ecb	40	static
../mbedtls/library/camellia.c:543:5:mbedtls_camellia_crypt_cbc	48	static
../mbedtls/library/camellia.c:601:5:mbedtls_camellia_crypt_cfb128	32	static
../mbedtls/library/camellia.c:658:5:mbedtls_camellia_crypt_ctr	40	static
../mbedtls/library/camellia.c:904:5:mbedtls_camellia_self_test	504	static
