../mbedtls/library/cipher_wrap.c:2074:12:null_setkey	0	static
../mbedtls/library/cipher_wrap.c:2084:14:null_ctx_alloc	0	static
../mbedtls/library/cipher_wrap.c:2089:13:null_ctx_free	0	static
../mbedtls/library/cipher_wrap.c:2065:12:null_crypt_stream	8	static
../mbedtls/library/cipher_wrap.c:1520:13:des3_ctx_free	8	static
../mbedtls/library/cipher_wrap.c:1506:14:des3_ctx_alloc	8	static
../mbedtls/library/cipher_wrap.c:1471:12:des3_set3key_dec_wrap	8	static
../mbedtls/library/cipher_wrap.c:1479:12:des3_set3key_enc_wrap	8	static
../mbedtls/library/cipher_wrap.c:1431:12:des3_crypt_cbc_wrap	16	static
../mbedtls/library/cipher_wrap.c:1414:12:des3_crypt_ecb_wrap	8	static
../mbedtls/library/cipher_wrap.c:1455:12:des3_set2key_dec_wrap	8	static
../mbedtls/library/cipher_wrap.c:1463:12:des3_set2key_enc_wrap	8	static
../mbedtls/library/cipher_wrap.c:1500:13:des_ctx_free	8	static
../mbedtls/library/cipher_wrap.c:1487:14:des_ctx_alloc	8	static
../mbedtls/library/cipher_wrap.c:1439:12:des_setkey_dec_wrap	8	static
../mbedtls/library/cipher_wrap.c:1447:12:des_setkey_enc_wrap	8	static
../mbedtls/library/cipher_wrap.c:1422:12:des_crypt_cbc_wrap	16	static
../mbedtls/library/cipher_wrap.c:1407:12:des_crypt_ecb_wrap	8	static
../mbedtls/library/cipher_wrap.c:114:13:ccm_ctx_free	8	static
../mbedtls/library/cipher_wrap.c:103:14:ccm_ctx_alloc	8	static
../mbedtls/library/cipher_wrap.c:958:12:ccm_camellia_setkey_wrap	8	static
../mbedtls/library/cipher_wrap.c:582:12:ccm_aes_setkey_wrap	8	static
../mbedtls/library/cipher_wrap.c:94:13:gcm_ctx_free	8	static
../mbedtls/library/cipher_wrap.c:83:14:gcm_ctx_alloc	8	static
../mbedtls/library/cipher_wrap.c:889:12:gcm_camellia_setkey_wrap	8	static
../mbedtls/library/cipher_wrap.c:513:12:gcm_aes_setkey_wrap	8	static
../mbedtls/library/cipher_wrap.c:717:13:camellia_ctx_free	8	static
../mbedtls/library/cipher_wrap.c:703:14:camellia_ctx_alloc	8	static
../mbedtls/library/cipher_wrap.c:691:12:camellia_setkey_dec_wrap	8	static
../mbedtls/library/cipher_wrap.c:697:12:camellia_setkey_enc_wrap	8	static
../mbedtls/library/cipher_wrap.c:682:12:camellia_crypt_ctr_wrap	24	static
../mbedtls/library/cipher_wrap.c:672:12:camellia_crypt_cfb128_wrap	24	static
../mbedtls/library/cipher_wrap.c:662:12:camellia_crypt_cbc_wrap	16	static
../mbedtls/library/cipher_wrap.c:654:12:camellia_crypt_ecb_wrap	8	static
../mbedtls/library/cipher_wrap.c:1738:13:blowfish_ctx_free	8	static
../mbedtls/library/cipher_wrap.c:1724:14:blowfish_ctx_alloc	8	static
../mbedtls/library/cipher_wrap.c:1718:12:blowfish_setkey_wrap	8	static
../mbedtls/library/cipher_wrap.c:1709:12:blowfish_crypt_ctr_wrap	24	static
../mbedtls/library/cipher_wrap.c:1699:12:blowfish_crypt_cfb64_wrap	24	static
../mbedtls/library/cipher_wrap.c:1689:12:blowfish_crypt_cbc_wrap	16	static
../mbedtls/library/cipher_wrap.c:1681:12:blowfish_crypt_ecb_wrap	8	static
../mbedtls/library/cipher_wrap.c:1856:13:arc4_ctx_free	8	static
../mbedtls/library/cipher_wrap.c:1842:14:arc4_ctx_alloc	8	static
../mbedtls/library/cipher_wrap.c:1830:12:arc4_setkey_wrap	8	static
../mbedtls/library/cipher_wrap.c:1823:12:arc4_crypt_stream_wrap	8	static
../mbedtls/library/cipher_wrap.c:218:13:aes_ctx_free	8	static
../mbedtls/library/cipher_wrap.c:205:14:aes_ctx_alloc	8	static
../mbedtls/library/cipher_wrap.c:193:12:aes_setkey_dec_wrap	8	static
../mbedtls/library/cipher_wrap.c:199:12:aes_setkey_enc_wrap	8	static
../mbedtls/library/cipher_wrap.c:158:12:aes_crypt_ctr_wrap	24	static
../mbedtls/library/cipher_wrap.c:139:12:aes_crypt_cfb128_wrap	24	static
../mbedtls/library/cipher_wrap.c:130:12:aes_crypt_cbc_wrap	16	static
../mbedtls/library/cipher_wrap.c:123:12:aes_crypt_ecb_wrap	8	static
