../mbedtls/library/cipher.c:727:13:add_pkcs_padding	0	static
../mbedtls/library/cipher.c:770:13:add_one_and_zeros_padding	4	static
../mbedtls/library/cipher.c:815:13:add_zeros_and_len_padding	8	static
../mbedtls/library/cipher.c:859:13:add_zeros_padding	0	static
../mbedtls/library/cipher.c:897:12:get_no_padding	0	static
../mbedtls/library/cipher.c:869:12:get_zeros_padding	32	static
../mbedtls/library/cipher.c:827:12:get_zeros_and_len_padding	24	static
../mbedtls/library/cipher.c:738:12:get_pkcs_padding	32	static
../mbedtls/library/cipher.c:782:12:get_one_and_zeros_padding	32	static
../mbedtls/library/cipher.c:1296:12:mbedtls_cipher_aead_encrypt	40	static
../mbedtls/library/cipher.c:1373:12:mbedtls_cipher_aead_decrypt	32	static
../mbedtls/library/cipher.c:76:12:mbedtls_cipher_list	0	static
../mbedtls/library/cipher.c:97:30:mbedtls_cipher_info_from_type	0	static
../mbedtls/library/cipher.c:111:30:mbedtls_cipher_info_from_string	16	static
../mbedtls/library/cipher.c:129:30:mbedtls_cipher_info_from_values	8	static
../mbedtls/library/cipher.c:147:6:mbedtls_cipher_init	8	static
../mbedtls/library/cipher.c:153:6:mbedtls_cipher_free	8	static
../mbedtls/library/cipher.c:260:5:mbedtls_cipher_setkey	16	static
../mbedtls/library/cipher.c:359:5:mbedtls_cipher_set_iv	16	static
../mbedtls/library/cipher.c:426:5:mbedtls_cipher_reset	0	static
../mbedtls/library/cipher.c:447:5:mbedtls_cipher_update_ad	16	static
../mbedtls/library/cipher.c:497:5:mbedtls_cipher_update	64	static
../mbedtls/library/cipher.c:910:5:mbedtls_cipher_finish	32	static
../mbedtls/library/cipher.c:1008:5:mbedtls_cipher_set_padding_mode	0	static
../mbedtls/library/cipher.c:194:5:mbedtls_cipher_setup	16	static
../mbedtls/library/cipher.c:1069:5:mbedtls_cipher_write_tag	8	static
../mbedtls/library/cipher.c:1113:5:mbedtls_cipher_check_tag	32	static
../mbedtls/library/cipher.c:1194:5:mbedtls_cipher_crypt	32	static
../mbedtls/library/cipher.c:1475:5:mbedtls_cipher_auth_encrypt	40	static
../mbedtls/library/cipher.c:1498:5:mbedtls_cipher_auth_decrypt	40	static
../mbedtls/library/cipher.c:1524:5:mbedtls_cipher_auth_encrypt_ext	56	static
../mbedtls/library/cipher.c:1581:5:mbedtls_cipher_auth_decrypt_ext	56	static
