../mbedtls/library/constant_time.c:167:15:mbedtls_ct_uchar_mask_of_range	0	static
../mbedtls/library/constant_time.c:219:17:mbedtls_ct_size_gt	0	static
../mbedtls/library/constant_time.c:49:5:mbedtls_ct_memcmp	16	static
../mbedtls/library/constant_time.c:69:10:mbedtls_ct_uint_mask	0	static
../mbedtls/library/constant_time.c:86:8:mbedtls_ct_size_mask	0	static
../mbedtls/library/constant_time.c:136:15:mbedtls_ct_size_mask_lt	8	static
../mbedtls/library/constant_time.c:105:18:mbedtls_ct_mpi_uint_mask	0	static
../mbedtls/library/constant_time.c:151:8:mbedtls_ct_size_mask_ge	8	static
../mbedtls/library/constant_time.c:180:10:mbedtls_ct_size_bool_eq	0	static
../mbedtls/library/constant_time.c:230:10:mbedtls_ct_mpi_uint_lt	0	static
../mbedtls/library/constant_time.c:260:10:mbedtls_ct_uint_if	16	static
../mbedtls/library/constant_time.c:351:13:mbedtls_ct_mem_move_to_left	32	static
../mbedtls/library/constant_time.c:270:6:mbedtls_ct_mpi_uint_cond_assign	16	static
../mbedtls/library/constant_time.c:300:15:mbedtls_ct_base64_enc_char	16	static
../mbedtls/library/constant_time.c:314:13:mbedtls_ct_base64_dec_value	16	static
../mbedtls/library/constant_time.c:377:6:mbedtls_ct_memcpy_if_eq	16	static
../mbedtls/library/constant_time.c:393:6:mbedtls_ct_memcpy_offset	40	static
../mbedtls/library/constant_time.c:408:5:mbedtls_ct_hmac	136	static
../mbedtls/library/constant_time.c:517:5:mbedtls_mpi_safe_cond_assign	24	static
../mbedtls/library/constant_time.c:550:5:mbedtls_mpi_safe_cond_swap	32	static
../mbedtls/library/constant_time.c:589:5:mbedtls_mpi_lt_mpi_ct	40	static
../mbedtls/library/constant_time.c:657:5:mbedtls_ct_rsaes_pkcs1_v15_unpadding	48	static
