../mbedtls/library/ctr_drbg.c:430:15:good_nonce_len	0	static
../mbedtls/library/ctr_drbg.c:824:12:ctr_drbg_self_test_entropy	16	static
../mbedtls/library/ctr_drbg.c:127:12:block_cipher_df	824	static
../mbedtls/library/ctr_drbg.c:250:12:ctr_drbg_update_internal	72	static
../mbedtls/library/ctr_drbg.c:362:12:mbedtls_ctr_drbg_reseed_internal	408	static
../mbedtls/library/ctr_drbg.c:48:6:mbedtls_ctr_drbg_init	8	static
../mbedtls/library/ctr_drbg.c:62:6:mbedtls_ctr_drbg_free	8	static
../mbedtls/library/ctr_drbg.c:80:6:mbedtls_ctr_drbg_set_prediction_resistance	0	static
../mbedtls/library/ctr_drbg.c:86:6:mbedtls_ctr_drbg_set_entropy_len	0	static
../mbedtls/library/ctr_drbg.c:92:5:mbedtls_ctr_drbg_set_nonce_len	0	static
../mbedtls/library/ctr_drbg.c:121:6:mbedtls_ctr_drbg_set_reseed_interval	0	static
../mbedtls/library/ctr_drbg.c:312:5:mbedtls_ctr_drbg_update_ret	64	static
../mbedtls/library/ctr_drbg.c:336:6:mbedtls_ctr_drbg_update	8	static
../mbedtls/library/ctr_drbg.c:419:5:mbedtls_ctr_drbg_reseed	8	static
../mbedtls/library/ctr_drbg.c:450:5:mbedtls_ctr_drbg_seed	56	static
../mbedtls/library/ctr_drbg.c:516:5:mbedtls_ctr_drbg_random_with_add	88	static
../mbedtls/library/ctr_drbg.c:595:5:mbedtls_ctr_drbg_random	16	static
../mbedtls/library/ctr_drbg.c:845:5:mbedtls_ctr_drbg_self_test	408	static
