../mbedtls/library/ecdsa.c:221:12:derive_mpi	24	static
../mbedtls/library/ecdsa.c:719:12:ecdsa_signature_to_asn1	136	static
../mbedtls/library/ecdsa.c:243:5:mbedtls_ecdsa_can_do	0	static
../mbedtls/library/ecdsa.c:261:12:ecdsa_sign_restartable	144	static
../mbedtls/library/ecdsa.c:419:12:ecdsa_sign_det_restartable	376	static
../mbedtls/library/ecdsa.c:593:12:ecdsa_verify_restartable	136	static
../mbedtls/library/ecdsa.c:398:5:mbedtls_ecdsa_sign	48	static
../mbedtls/library/ecdsa.c:552:5:mbedtls_ecdsa_sign_det	32	static
../mbedtls/library/ecdsa.c:568:5:mbedtls_ecdsa_sign_det_ext	32	static
../mbedtls/library/ecdsa.c:700:5:mbedtls_ecdsa_verify	24	static
../mbedtls/library/ecdsa.c:744:5:mbedtls_ecdsa_write_signature_restartable	72	static
../mbedtls/library/ecdsa.c:794:5:mbedtls_ecdsa_write_signature	32	static
../mbedtls/library/ecdsa.c:811:5:mbedtls_ecdsa_write_signature_det	24	static
../mbedtls/library/ecdsa.c:842:5:mbedtls_ecdsa_read_signature_restartable	72	static
../mbedtls/library/ecdsa.c:828:5:mbedtls_ecdsa_read_signature	16	static
../mbedtls/library/ecdsa.c:908:5:mbedtls_ecdsa_genkey	24	static
../mbedtls/library/ecdsa.c:948:6:mbedtls_ecdsa_init	8	static
../mbedtls/library/ecdsa.c:958:6:mbedtls_ecdsa_free	8	static
../mbedtls/library/ecdsa.c:930:5:mbedtls_ecdsa_from_keypair	16	static
