../mbedtls/library/ecjpake.c:964:12:ecjpake_lgc	16	static
../mbedtls/library/ecjpake.c:153:12:ecjpake_write_len_point	32	static
../mbedtls/library/ecjpake.c:189:12:ecjpake_hash	416	static
../mbedtls/library/ecjpake.c:239:12:ecjpake_zkp_read	152	static
../mbedtls/library/ecjpake.c:370:12:ecjpake_kkp_read	48	static
../mbedtls/library/ecjpake.c:445:12:ecjpake_kkpp_read	56	static
../mbedtls/library/ecjpake.c:309:12:ecjpake_zkp_write	112	static
../mbedtls/library/ecjpake.c:407:12:ecjpake_kkp_write	72	static
../mbedtls/library/ecjpake.c:479:12:ecjpake_kkpp_write	88	static
../mbedtls/library/ecjpake.c:547:12:ecjpake_ecp_add3	48	static
../mbedtls/library/ecjpake.c:943:12:ecjpake_test_load	32	static
../mbedtls/library/ecjpake.c:628:12:ecjpake_mul_secret	40	static
../mbedtls/library/ecjpake.c:57:6:mbedtls_ecjpake_init	16	static
../mbedtls/library/ecjpake.c:79:6:mbedtls_ecjpake_free	8	static
../mbedtls/library/ecjpake.c:102:5:mbedtls_ecjpake_setup	16	static
../mbedtls/library/ecjpake.c:137:5:mbedtls_ecjpake_check	0	static
../mbedtls/library/ecjpake.c:512:5:mbedtls_ecjpake_read_round_one	32	static
../mbedtls/library/ecjpake.c:528:5:mbedtls_ecjpake_write_round_one	56	static
../mbedtls/library/ecjpake.c:570:5:mbedtls_ecjpake_read_round_two	208	static
../mbedtls/library/ecjpake.c:659:5:mbedtls_ecjpake_write_round_two	160	static
../mbedtls/library/ecjpake.c:738:5:mbedtls_ecjpake_derive_secret	152	static
../mbedtls/library/ecjpake.c:994:5:mbedtls_ecjpake_self_test	1280	static
