../mbedtls/library/md.c:168:12:mbedtls_md_list	0	static
../mbedtls/library/md.c:226:26:mbedtls_md_info_from_type	0	static
../mbedtls/library/md.c:173:26:mbedtls_md_info_from_string	8	static
../mbedtls/library/md.c:268:6:mbedtls_md_init	8	static
../mbedtls/library/md.c:273:6:mbedtls_md_free	8	static
../mbedtls/library/md.c:336:5:mbedtls_md_clone	8	static
../mbedtls/library/md.c:408:5:mbedtls_md_setup	16	static
../mbedtls/library/md.c:393:5:mbedtls_md_init_ctx	8	static
../mbedtls/library/md.c:474:5:mbedtls_md_starts	8	static
../mbedtls/library/md.c:520:5:mbedtls_md_update	8	static
../mbedtls/library/md.c:564:5:mbedtls_md_finish	8	static
../mbedtls/library/md.c:608:5:mbedtls_md	8	static
../mbedtls/library/md.c:703:5:mbedtls_md_hmac_starts	88	static
../mbedtls/library/md.c:754:5:mbedtls_md_hmac_update	8	static
../mbedtls/library/md.c:763:5:mbedtls_md_hmac_finish	80	static
../mbedtls/library/md.c:792:5:mbedtls_md_hmac_reset	16	static
../mbedtls/library/md.c:811:5:mbedtls_md_hmac	40	static
../mbedtls/library/md.c:846:5:mbedtls_md_process	8	static
../mbedtls/library/md.c:890:15:mbedtls_md_get_size	0	static
../mbedtls/library/md.c:899:19:mbedtls_md_get_type	0	static
../mbedtls/library/md.c:908:13:mbedtls_md_get_name	0	static
