../mbedtls/library/md5.c:39:6:mbedtls_md5_init	8	static
../mbedtls/library/md5.c:44:6:mbedtls_md5_free	8	static
../mbedtls/library/md5.c:53:6:mbedtls_md5_clone	8	static
../mbedtls/library/md5.c:62:5:mbedtls_md5_starts_ret	0	static
../mbedtls/library/md5.c:76:6:mbedtls_md5_starts	8	static
../mbedtls/library/md5.c:83:5:mbedtls_internal_md5_process	160	static
../mbedtls/library/md5.c:218:6:mbedtls_md5_process	8	static
../mbedtls/library/md5.c:229:5:mbedtls_md5_update_ret	32	static
../mbedtls/library/md5.c:279:6:mbedtls_md5_update	8	static
../mbedtls/library/md5.c:290:5:mbedtls_md5_finish_ret	16	static
../mbedtls/library/md5.c:344:6:mbedtls_md5_finish	8	static
../mbedtls/library/md5.c:356:5:mbedtls_md5_ret	112	static
../mbedtls/library/md5.c:384:6:mbedtls_md5	8	static
../mbedtls/library/md5.c:433:5:mbedtls_md5_self_test	32	static
