../mbedtls/library/pem.c:48:12:pem_get_iv	16	static
../mbedtls/library/pem.c:76:12:pem_pbkdf1	128	static
../mbedtls/library/pem.c:177:12:pem_des3_decrypt	88	static
../mbedtls/library/pem.c:147:12:pem_des_decrypt	56	static
../mbedtls/library/pem.c:209:12:pem_aes_decrypt	344	static
../mbedtls/library/pem.c:38:6:mbedtls_pem_init	8	static
../mbedtls/library/pem.c:240:5:mbedtls_pem_read_buffer	64	static
../mbedtls/library/pem.c:460:6:mbedtls_pem_free	8	static
../mbedtls/library/pem.c:473:5:mbedtls_pem_write_buffer	56	static
