../mbedtls/library/pk.c:244:19:pk_hashlen_helper	16	static
../mbedtls/library/pk.c:55:6:mbedtls_pk_init	0	static
../mbedtls/library/pk.c:66:6:mbedtls_pk_free	8	static
../mbedtls/library/pk.c:110:26:mbedtls_pk_info_from_type	0	static
../mbedtls/library/pk.c:136:5:mbedtls_pk_setup	16	static
../mbedtls/library/pk.c:196:5:mbedtls_pk_setup_rsa_alt	24	static
../mbedtls/library/pk.c:229:5:mbedtls_pk_can_do	8	static
../mbedtls/library/pk.c:294:5:mbedtls_pk_verify_restartable	40	static
../mbedtls/library/pk.c:345:5:mbedtls_pk_verify	24	static
../mbedtls/library/pk.c:356:5:mbedtls_pk_verify_ext	32	static
../mbedtls/library/pk.c:426:5:mbedtls_pk_sign_restartable	48	static
../mbedtls/library/pk.c:479:5:mbedtls_pk_sign	32	static
../mbedtls/library/pk.c:491:5:mbedtls_pk_decrypt	32	static
../mbedtls/library/pk.c:516:5:mbedtls_pk_encrypt	32	static
../mbedtls/library/pk.c:541:5:mbedtls_pk_check_pair	8	static
../mbedtls/library/pk.c:571:8:mbedtls_pk_get_bitlen	8	static
../mbedtls/library/pk.c:585:5:mbedtls_pk_debug	8	static
../mbedtls/library/pk.c:603:13:mbedtls_pk_get_name	0	static
../mbedtls/library/pk.c:615:19:mbedtls_pk_get_type	0	static
