../mbedtls/library/ripemd160.c:40:6:mbedtls_ripemd160_init	8	static
../mbedtls/library/ripemd160.c:45:6:mbedtls_ripemd160_free	8	static
../mbedtls/library/ripemd160.c:54:6:mbedtls_ripemd160_clone	8	static
../mbedtls/library/ripemd160.c:63:5:mbedtls_ripemd160_starts_ret	0	static
../mbedtls/library/ripemd160.c:78:6:mbedtls_ripemd160_starts	8	static
../mbedtls/library/ripemd160.c:88:5:mbedtls_internal_ripemd160_process	216	static
../mbedtls/library/ripemd160.c:281:6:mbedtls_ripemd160_process	8	static
../mbedtls/library/ripemd160.c:292:5:mbedtls_ripemd160_update_ret	32	static
../mbedtls/library/ripemd160.c:343:6:mbedtls_ripemd160_update	8	static
../mbedtls/library/ripemd160.c:362:5:mbedtls_ripemd160_finish_ret	24	static
../mbedtls/library/ripemd160.c:400:6:mbedtls_ripemd160_finish	8	static
../mbedtls/library/ripemd160.c:412:5:mbedtls_ripemd160_ret	120	static
../mbedtls/library/ripemd160.c:440:6:mbedtls_ripemd160	8	static
../mbedtls/library/ripemd160.c:494:5:mbedtls_ripemd160_self_test	40	static
