../mbedtls/library/rsa.c:769:12:rsa_prepare_blinding	56	static
../mbedtls/library/rsa.c:1793:12:rsa_rsassa_pkcs1_v15_encode	48	static
../mbedtls/library/rsa.c:2473:12:myrand	16	static
../mbedtls/library/rsa.c:70:5:mbedtls_rsa_import	24	static
../mbedtls/library/rsa.c:93:5:mbedtls_rsa_import_raw	24	static
../mbedtls/library/rsa.c:139:5:rsa_check_context	24	static
../mbedtls/library/rsa.c:223:5:mbedtls_rsa_complete	104	static
../mbedtls/library/rsa.c:323:5:mbedtls_rsa_export_raw	32	static
../mbedtls/library/rsa.c:376:5:mbedtls_rsa_export	32	static
../mbedtls/library/rsa.c:420:5:mbedtls_rsa_export_crt	24	static
../mbedtls/library/rsa.c:482:6:mbedtls_rsa_set_padding	0	static
../mbedtls/library/rsa.c:459:6:mbedtls_rsa_init	16	static
../mbedtls/library/rsa.c:497:8:mbedtls_rsa_get_len	0	static
../mbedtls/library/rsa.c:633:5:mbedtls_rsa_check_pubkey	16	static
../mbedtls/library/rsa.c:657:5:mbedtls_rsa_check_privkey	40	static
../mbedtls/library/rsa.c:684:5:mbedtls_rsa_check_pub_priv	16	static
../mbedtls/library/rsa.c:708:5:mbedtls_rsa_public	48	static
../mbedtls/library/rsa.c:851:5:mbedtls_rsa_private	160	static
../mbedtls/library/rsa.c:1244:5:mbedtls_rsa_rsaes_pkcs1_v15_encrypt	56	static
../mbedtls/library/rsa.c:1318:5:mbedtls_rsa_pkcs1_encrypt	24	static
../mbedtls/library/rsa.c:1505:5:mbedtls_rsa_rsaes_pkcs1_v15_decrypt	536	static
../mbedtls/library/rsa.c:1556:5:mbedtls_rsa_pkcs1_decrypt	24	static
../mbedtls/library/rsa.c:1910:5:mbedtls_rsa_rsassa_pkcs1_v15_sign	40	static
../mbedtls/library/rsa.c:1996:5:mbedtls_rsa_pkcs1_sign	24	static
../mbedtls/library/rsa.c:2233:5:mbedtls_rsa_rsassa_pkcs1_v15_verify	48	static
../mbedtls/library/rsa.c:2315:5:mbedtls_rsa_pkcs1_verify	24	static
../mbedtls/library/rsa.c:2395:6:mbedtls_rsa_free	8	static
../mbedtls/library/rsa.c:511:5:mbedtls_rsa_gen_key	96	static
../mbedtls/library/rsa.c:2353:5:mbedtls_rsa_copy	16	static
../mbedtls/library/rsa.c:2503:5:mbedtls_rsa_self_test	544	static
