../mbedtls/library/ssl_msg.c:261:12:ssl_double_retransmit_timeout	4	static
../mbedtls/library/ssl_msg.c:295:13:ssl_reset_retransmit_timeout	0	static
../mbedtls/library/ssl_msg.c:566:12:ssl_transform_aead_dynamic_iv_is_explicit	0	static
../mbedtls/library/ssl_msg.c:2785:17:ssl_get_hs_frag_len	0	static
../mbedtls/library/ssl_msg.c:2792:17:ssl_get_hs_frag_off	0	static
../mbedtls/library/ssl_msg.c:2870:12:ssl_bitmask_check	4	static
../mbedtls/library/ssl_msg.c:2890:15:ssl_get_reassembly_buffer_size	0	static
../mbedtls/library/ssl_msg.c:2907:17:ssl_get_hs_total_len	0	static
../mbedtls/library/ssl_msg.c:2800:12:ssl_check_hs_header	16	static
../mbedtls/library/ssl_msg.c:3052:24:ssl_load_six_bytes	0	static
../mbedtls/library/ssl_msg.c:3364:12:ssl_check_record_type	0	static
../mbedtls/library/ssl_msg.c:3878:12:ssl_next_record_is_in_datagram	0	static
../mbedtls/library/ssl_msg.c:4302:12:ssl_record_is_in_progress	0	static
../mbedtls/library/ssl_msg.c:4910:15:ssl_transform_get_explicit_iv_len	0	static
../mbedtls/library/ssl_msg.c:414:13:ssl_extract_add_data_from_record	16	static
../mbedtls/library/ssl_msg.c:3888:12:ssl_load_buffered_message	8	static
../mbedtls/library/ssl_msg.c:3159:5:mbedtls_ssl_check_dtls_clihlo_cookie	48	static
../mbedtls/library/ssl_msg.c:595:13:ssl_build_record_nonce	32	static
../mbedtls/library/ssl_msg.c:2826:13:ssl_bitmask_set	16	static
../mbedtls/library/ssl_msg.c:4221:12:ssl_consume_current_message	8	static
../mbedtls/library/ssl_msg.c:5679:13:ssl_buffering_free_slot	24	static
../mbedtls/library/ssl_msg.c:4313:13:ssl_free_buffered_record	8	static
../mbedtls/library/ssl_msg.c:4330:12:ssl_load_buffered_record	24	static
../mbedtls/library/ssl_msg.c:3979:12:ssl_buffer_make_space	24	static
../mbedtls/library/ssl_msg.c:170:15:ssl_get_maximum_datagram_size	8	static
../mbedtls/library/ssl_msg.c:187:12:ssl_get_remaining_space_in_datagram	8	static
../mbedtls/library/ssl_msg.c:2105:12:ssl_flight_append	16	static
../mbedtls/library/ssl_msg.c:4390:12:ssl_buffer_future_record	16	static
../mbedtls/library/ssl_msg.c:2775:12:ssl_hs_is_proper_fragment	8	static
../mbedtls/library/ssl_msg.c:4021:12:ssl_buffer_message	48	static
../mbedtls/library/ssl_msg.c:3312:12:ssl_handle_possible_reconnect	32	static
../mbedtls/library/ssl_msg.c:3623:12:ssl_check_client_reconnect	8	static
../mbedtls/library/ssl_msg.c:5155:12:ssl_check_ctr_renegotiate	24	static
../mbedtls/library/ssl_msg.c:61:6:mbedtls_ssl_set_timer	8	static
../mbedtls/library/ssl_msg.c:74:5:mbedtls_ssl_check_timer	8	static
../mbedtls/library/ssl_msg.c:615:5:mbedtls_ssl_encrypt_buf	176	static
../mbedtls/library/ssl_msg.c:1109:5:mbedtls_ssl_decrypt_buf	240	static
../mbedtls/library/ssl_msg.c:2150:6:mbedtls_ssl_flight_free	16	static
../mbedtls/library/ssl_msg.c:2416:6:mbedtls_ssl_send_flight_completed	8	static
../mbedtls/library/ssl_msg.c:2997:6:mbedtls_ssl_update_handshake_status	16	static
../mbedtls/library/ssl_msg.c:3046:6:mbedtls_ssl_dtls_replay_reset	0	static
../mbedtls/library/ssl_msg.c:3085:5:mbedtls_ssl_dtls_replay_check	8	static
../mbedtls/library/ssl_msg.c:3063:12:mbedtls_ssl_dtls_record_replay_check	16	static
../mbedtls/library/ssl_msg.c:3114:6:mbedtls_ssl_dtls_replay_update	16	static
../mbedtls/library/ssl_msg.c:3652:12:ssl_prepare_record_content	16	static
../mbedtls/library/ssl_msg.c:4920:6:mbedtls_ssl_update_out_pointers	16	static
../mbedtls/library/ssl_msg.c:2039:5:mbedtls_ssl_flush_output	8	static
../mbedtls/library/ssl_msg.c:2169:12:ssl_swap_epochs	24	static
../mbedtls/library/ssl_msg.c:4962:6:mbedtls_ssl_update_in_pointers	0	static
../mbedtls/library/ssl_msg.c:5007:6:mbedtls_ssl_reset_in_out_pointers	8	static
../mbedtls/library/ssl_msg.c:5029:8:mbedtls_ssl_get_bytes_avail	0	static
../mbedtls/library/ssl_msg.c:5034:5:mbedtls_ssl_check_pending	0	static
../mbedtls/library/ssl_msg.c:5087:5:mbedtls_ssl_get_record_expansion	0	static
../mbedtls/library/ssl_msg.c:203:12:ssl_get_remaining_payload_in_datagram	16	static
../mbedtls/library/ssl_msg.c:5639:6:mbedtls_ssl_transform_free	8	static
../mbedtls/library/ssl_msg.c:5663:6:mbedtls_ssl_buffering_free	16	static
../mbedtls/library/ssl_msg.c:2386:6:mbedtls_ssl_recv_flight_completed	16	static
../mbedtls/library/ssl_msg.c:5708:6:mbedtls_ssl_write_version	0	static
../mbedtls/library/ssl_msg.c:2603:5:mbedtls_ssl_write_record	64	static
../mbedtls/library/ssl_msg.c:2230:5:mbedtls_ssl_flight_transmit	32	static
../mbedtls/library/ssl_msg.c:2210:5:mbedtls_ssl_resend	8	static
../mbedtls/library/ssl_msg.c:1836:5:mbedtls_ssl_fetch_input	24	static
../mbedtls/library/ssl_msg.c:2914:5:mbedtls_ssl_prepare_handshake_record	24	static
../mbedtls/library/ssl_msg.c:4658:5:mbedtls_ssl_handle_message_type	8	static
../mbedtls/library/ssl_msg.c:2456:5:mbedtls_ssl_write_handshake_msg	16	static
../mbedtls/library/ssl_msg.c:4814:5:mbedtls_ssl_write_change_cipher_spec	8	static
../mbedtls/library/ssl_msg.c:4783:5:mbedtls_ssl_send_alert_message	8	static
../mbedtls/library/ssl_msg.c:4776:5:mbedtls_ssl_send_fatal_handshake_failure	8	static
../mbedtls/library/ssl_msg.c:5615:5:mbedtls_ssl_close_notify	8	static
../mbedtls/library/ssl_msg.c:5479:12:ssl_write_real	16	static
../mbedtls/library/ssl_msg.c:5544:12:ssl_write_split	16	static
../mbedtls/library/ssl_msg.c:5577:5:mbedtls_ssl_write	16	static
../mbedtls/library/ssl_msg.c:5729:6:mbedtls_ssl_read_version	0	static
../mbedtls/library/ssl_msg.c:3396:12:ssl_parse_record_header	40	static
../mbedtls/library/ssl_msg.c:4450:12:ssl_get_next_record	48	static
../mbedtls/library/ssl_msg.c:3798:5:mbedtls_ssl_read_record	16	static
../mbedtls/library/ssl_msg.c:4836:5:mbedtls_ssl_parse_change_cipher_spec	16	static
../mbedtls/library/ssl_msg.c:5184:5:mbedtls_ssl_read	24	static
