C:\Users\USER\Documents\MCUXpressoIDE_11.9.1_2170\workspace_fw\MCUXpresso_IDE_FW\mbedtls\include/mbedtls/ssl_ciphersuites.h:436:19:mbedtls_ssl_ciphersuite_no_pfs	0	static
C:\Users\USER\Documents\MCUXpressoIDE_11.9.1_2170\workspace_fw\MCUXpresso_IDE_FW\mbedtls\include/mbedtls/ssl_internal.h:1149:35:mbedtls_ssl_own_key	0	static
C:\Users\USER\Documents\MCUXpressoIDE_11.9.1_2170\workspace_fw\MCUXpresso_IDE_FW\mbedtls\include/mbedtls/ssl_internal.h:1162:33:mbedtls_ssl_own_cert	0	static
../mbedtls/library/ssl_srv.c:141:12:ssl_conf_has_psk_or_cb	0	static
../mbedtls/library/ssl_srv.c:2229:13:ssl_write_truncated_hmac_ext	0	static
../mbedtls/library/ssl_srv.c:2343:13:ssl_write_extended_ms_ext	0	static
../mbedtls/library/ssl_srv.c:2369:13:ssl_write_session_ticket_ext	0	static
../mbedtls/library/ssl_srv.c:2430:13:ssl_write_max_fragment_length_ext	0	static
../mbedtls/library/ssl_srv.c:2457:13:ssl_write_supported_point_formats_ext	0	static
../mbedtls/library/ssl_srv.c:2392:13:ssl_write_renegotiation_ext	24	static
../mbedtls/library/ssl_srv.c:78:12:ssl_parse_servername_ext	16	static
../mbedtls/library/ssl_srv.c:372:12:ssl_parse_supported_point_formats	8	static
../mbedtls/library/ssl_srv.c:440:12:ssl_parse_max_fragment_length_ext	8	static
../mbedtls/library/ssl_srv.c:527:12:ssl_parse_truncated_hmac_ext	8	static
../mbedtls/library/ssl_srv.c:550:12:ssl_parse_encrypt_then_mac_ext	8	static
../mbedtls/library/ssl_srv.c:574:12:ssl_parse_extended_ms_ext	8	static
../mbedtls/library/ssl_srv.c:189:12:ssl_parse_renegotiation_info	8	static
../mbedtls/library/ssl_srv.c:3931:12:ssl_parse_client_psk_identity	24	static
../mbedtls/library/ssl_srv.c:237:12:ssl_parse_signature_algorithms_ext	32	static
../mbedtls/library/ssl_srv.c:309:12:ssl_parse_supported_elliptic_curves	32	static
../mbedtls/library/ssl_srv.c:2692:13:ssl_handle_id_based_session_resumption	152	static
../mbedtls/library/ssl_srv.c:598:12:ssl_parse_session_ticket_ext	160	static
../mbedtls/library/ssl_srv.c:672:12:ssl_parse_alpn_ext	32	static
../mbedtls/library/ssl_srv.c:2529:13:ssl_write_alpn_ext	16	static
../mbedtls/library/ssl_srv.c:873:12:ssl_check_key_curve	16	static
../mbedtls/library/ssl_srv.c:895:12:ssl_pick_cert	32	static
../mbedtls/library/ssl_srv.c:996:12:ssl_ciphersuite_match	16	static
../mbedtls/library/ssl_srv.c:1370:12:ssl_parse_client_hello	80	static
../mbedtls/library/ssl_srv.c:2625:12:ssl_write_hello_verify_request	40	static
../mbedtls/library/ssl_srv.c:4448:12:ssl_write_new_session_ticket	32	static
../mbedtls/library/ssl_srv.c:2300:13:ssl_write_encrypt_then_mac_ext	16	static
../mbedtls/library/ssl_srv.c:2746:12:ssl_write_server_hello	32	static
../mbedtls/library/ssl_srv.c:3152:12:ssl_get_ecdh_params_from_cert	24	static
../mbedtls/library/ssl_srv.c:3207:12:ssl_prepare_server_key_exchange	120	static
../mbedtls/library/ssl_srv.c:3556:12:ssl_write_server_key_exchange	24	static
../mbedtls/library/ssl_srv.c:2987:12:ssl_write_certificate_request	48	static
../mbedtls/library/ssl_srv.c:3652:12:ssl_write_server_hello_done	8	static
../mbedtls/library/ssl_srv.c:3691:12:ssl_parse_client_dh_public	16	static
../mbedtls/library/ssl_srv.c:3749:12:ssl_decrypt_encrypted_pms	48	static
../mbedtls/library/ssl_srv.c:3840:12:ssl_parse_encrypted_pms	144	static
../mbedtls/library/ssl_srv.c:3985:12:ssl_parse_client_key_exchange	32	static
../mbedtls/library/ssl_srv.c:4271:12:ssl_parse_certificate_verify	96	static
../mbedtls/library/ssl_srv.c:45:5:mbedtls_ssl_set_client_transport_id	16	static
../mbedtls/library/ssl_srv.c:65:6:mbedtls_ssl_conf_dtls_cookies	0	static
../mbedtls/library/ssl_srv.c:4503:5:mbedtls_ssl_handshake_server_step	16	static
