D:\Work\Gateway\FW\NXP\ECU_NETIF\ECU_SFW\trunk\mbedtls\include/mbedtls/ssl_internal.h:1065:19:mbedtls_ssl_get_psk	4	static
D:\Work\Gateway\FW\NXP\ECU_NETIF\ECU_SFW\trunk\mbedtls\include/mbedtls/ssl_internal.h:1162:33:mbedtls_ssl_own_cert	0	static
../mbedtls/library/ssl_tls.c:154:21:ssl_mfl_code_to_length	0	static
../mbedtls/library/ssl_tls.c:868:30:tls_prf_get_type	0	static
../mbedtls/library/ssl_tls.c:1492:12:ssl_set_handshake_prfs	0	static
../mbedtls/library/ssl_tls.c:2508:12:ssl_parse_certificate_coordinate	0	static
../mbedtls/library/ssl_tls.c:3796:12:ssl_cookie_write_dummy	0	static
../mbedtls/library/ssl_tls.c:3810:12:ssl_cookie_check_dummy	0	static
../mbedtls/library/ssl_tls.c:5313:12:ssl_session_save	24	static
../mbedtls/library/ssl_tls.c:4233:12:ssl_append_key_cert	24	static
../mbedtls/library/ssl_tls.c:4400:12:ssl_conf_set_psk_identity	16	static
../mbedtls/library/ssl_tls.c:1554:12:ssl_compute_master	96	static
../mbedtls/library/ssl_tls.c:684:12:tls_prf_generic	128	static
../mbedtls/library/ssl_tls.c:789:12:tls_prf_sha256	24	static
../mbedtls/library/ssl_tls.c:801:12:tls_prf_sha384	24	static
../mbedtls/library/ssl_tls.c:389:12:tls1_prf	88	static
../mbedtls/library/ssl_tls.c:2091:13:ssl_clear_peer_cert	8	static
../mbedtls/library/ssl_tls.c:4364:13:ssl_conf_remove_psk	8	static
../mbedtls/library/ssl_tls.c:4456:13:ssl_remove_psk	8	static
../mbedtls/library/ssl_tls.c:5949:13:ssl_key_cert_free	8	static
../mbedtls/library/ssl_tls.c:3186:13:ssl_calc_finished_tls_sha256	408	static
../mbedtls/library/ssl_tls.c:1847:6:ssl_calc_verify_tls_sha256	352	static
../mbedtls/library/ssl_tls.c:3262:13:ssl_calc_finished_tls_sha384	304	static
../mbedtls/library/ssl_tls.c:1894:6:ssl_calc_verify_tls_sha384	232	static
../mbedtls/library/ssl_tls.c:3125:13:ssl_calc_finished_tls	496	static
../mbedtls/library/ssl_tls.c:1815:6:ssl_calc_verify_tls	440	static
../mbedtls/library/ssl_tls.c:963:12:ssl_populate_transform	328	static
../mbedtls/library/ssl_tls.c:5826:12:ssl_write_hello_request	8	static
../mbedtls/library/ssl_tls.c:2460:12:ssl_srv_check_client_no_crt_notification	8	static
../mbedtls/library/ssl_tls.c:5505:12:ssl_session_load	24	static
../mbedtls/library/ssl_tls.c:2281:12:ssl_check_peer_crt_unchanged	72	static
../mbedtls/library/ssl_tls.c:2319:12:ssl_parse_certificate_chain	32	static
../mbedtls/library/ssl_tls.c:2719:12:ssl_remember_peer_crt_digest	24	static
../mbedtls/library/ssl_tls.c:2750:12:ssl_remember_peer_pubkey	24	static
../mbedtls/library/ssl_tls.c:3014:13:ssl_update_checksum_sha256	8	static
../mbedtls/library/ssl_tls.c:3026:13:ssl_update_checksum_sha384	8	static
../mbedtls/library/ssl_tls.c:3004:13:ssl_update_checksum_md5sha1	16	static
../mbedtls/library/ssl_tls.c:2976:13:ssl_update_checksum_start	16	static
../mbedtls/library/ssl_tls.c:896:6:mbedtls_ssl_tls_prf	24	static
../mbedtls/library/ssl_tls.c:1676:5:mbedtls_ssl_derive_keys	104	static
../mbedtls/library/ssl_tls.c:1942:5:mbedtls_ssl_psk_derive_premaster	48	static
../mbedtls/library/ssl_tls.c:2066:5:mbedtls_ssl_resend_hello_request	8	static
../mbedtls/library/ssl_tls.c:2153:5:mbedtls_ssl_write_certificate	24	static
../mbedtls/library/ssl_tls.c:2920:6:mbedtls_ssl_optimize_checksum	0	static
../mbedtls/library/ssl_tls.c:2949:6:mbedtls_ssl_reset_checksum	8	static
../mbedtls/library/ssl_tls.c:3430:5:mbedtls_ssl_write_finished	16	static
../mbedtls/library/ssl_tls.c:3551:5:mbedtls_ssl_parse_finished	32	static
../mbedtls/library/ssl_tls.c:3700:6:mbedtls_ssl_transform_init	8	static
../mbedtls/library/ssl_tls.c:3713:6:mbedtls_ssl_session_init	8	static
../mbedtls/library/ssl_tls.c:3827:6:mbedtls_ssl_init	8	static
../mbedtls/library/ssl_tls.c:4057:6:mbedtls_ssl_conf_endpoint	0	static
../mbedtls/library/ssl_tls.c:4062:6:mbedtls_ssl_conf_transport	0	static
../mbedtls/library/ssl_tls.c:4068:6:mbedtls_ssl_conf_dtls_anti_replay	0	static
../mbedtls/library/ssl_tls.c:4075:6:mbedtls_ssl_conf_dtls_badmac_limit	0	static
../mbedtls/library/ssl_tls.c:4083:6:mbedtls_ssl_set_datagram_packing	0	static
../mbedtls/library/ssl_tls.c:4089:6:mbedtls_ssl_conf_handshake_timeout	0	static
../mbedtls/library/ssl_tls.c:4097:6:mbedtls_ssl_conf_authmode	0	static
../mbedtls/library/ssl_tls.c:4103:6:mbedtls_ssl_conf_verify	0	static
../mbedtls/library/ssl_tls.c:4112:6:mbedtls_ssl_conf_rng	0	static
../mbedtls/library/ssl_tls.c:4120:6:mbedtls_ssl_conf_dbg	0	static
../mbedtls/library/ssl_tls.c:4128:6:mbedtls_ssl_set_bio	0	static
../mbedtls/library/ssl_tls.c:4141:6:mbedtls_ssl_set_mtu	0	static
../mbedtls/library/ssl_tls.c:4147:6:mbedtls_ssl_conf_read_timeout	0	static
../mbedtls/library/ssl_tls.c:4152:6:mbedtls_ssl_set_timer_cb	8	static
../mbedtls/library/ssl_tls.c:4166:6:mbedtls_ssl_conf_session_cache	0	static
../mbedtls/library/ssl_tls.c:4200:6:mbedtls_ssl_conf_ciphersuites	0	static
../mbedtls/library/ssl_tls.c:4209:6:mbedtls_ssl_conf_ciphersuites_for_version	0	static
../mbedtls/library/ssl_tls.c:4225:6:mbedtls_ssl_conf_cert_profile	0	static
../mbedtls/library/ssl_tls.c:4262:5:mbedtls_ssl_conf_own_cert	8	static
../mbedtls/library/ssl_tls.c:4269:6:mbedtls_ssl_conf_ca_chain	0	static
../mbedtls/library/ssl_tls.c:4301:5:mbedtls_ssl_set_hs_own_cert	8	static
../mbedtls/library/ssl_tls.c:4309:6:mbedtls_ssl_set_hs_ca_chain	0	static
../mbedtls/library/ssl_tls.c:4317:6:mbedtls_ssl_set_hs_authmode	0	static
../mbedtls/library/ssl_tls.c:4325:6:mbedtls_ssl_set_verify	0	static
../mbedtls/library/ssl_tls.c:4422:5:mbedtls_ssl_conf_psk	24	static
../mbedtls/library/ssl_tls.c:4471:5:mbedtls_ssl_set_hs_psk	24	static
../mbedtls/library/ssl_tls.c:4534:6:mbedtls_ssl_conf_psk_cb	0	static
../mbedtls/library/ssl_tls.c:4547:5:mbedtls_ssl_conf_dh_param	24	static
../mbedtls/library/ssl_tls.c:4562:5:mbedtls_ssl_conf_dh_param_bin	24	static
../mbedtls/library/ssl_tls.c:4581:5:mbedtls_ssl_conf_dh_param_ctx	24	static
../mbedtls/library/ssl_tls.c:4603:6:mbedtls_ssl_conf_dhm_min_bitlen	0	static
../mbedtls/library/ssl_tls.c:4614:6:mbedtls_ssl_conf_sig_hashes	0	static
../mbedtls/library/ssl_tls.c:4625:6:mbedtls_ssl_conf_curves	0	static
../mbedtls/library/ssl_tls.c:4633:5:mbedtls_ssl_set_hostname	24	static
../mbedtls/library/ssl_tls.c:4676:6:mbedtls_ssl_conf_sni	0	static
../mbedtls/library/ssl_tls.c:4687:5:mbedtls_ssl_conf_alpn_protocols	24	static
../mbedtls/library/ssl_tls.c:4714:13:mbedtls_ssl_get_alpn_protocol	0	static
../mbedtls/library/ssl_tls.c:4790:6:mbedtls_ssl_conf_max_version	0	static
../mbedtls/library/ssl_tls.c:4796:6:mbedtls_ssl_conf_min_version	0	static
../mbedtls/library/ssl_tls.c:4803:6:mbedtls_ssl_conf_fallback	0	static
../mbedtls/library/ssl_tls.c:4810:6:mbedtls_ssl_conf_cert_req_ca_list	0	static
../mbedtls/library/ssl_tls.c:4818:6:mbedtls_ssl_conf_encrypt_then_mac	0	static
../mbedtls/library/ssl_tls.c:4825:6:mbedtls_ssl_conf_extended_master_secret	0	static
../mbedtls/library/ssl_tls.c:4832:6:mbedtls_ssl_conf_arc4_support	0	static
../mbedtls/library/ssl_tls.c:4839:5:mbedtls_ssl_conf_max_frag_len	16	static
../mbedtls/library/ssl_tls.c:4853:6:mbedtls_ssl_conf_truncated_hmac	0	static
../mbedtls/library/ssl_tls.c:4860:6:mbedtls_ssl_conf_cbc_record_splitting	0	static
../mbedtls/library/ssl_tls.c:4866:6:mbedtls_ssl_conf_legacy_renegotiation	0	static
../mbedtls/library/ssl_tls.c:4872:6:mbedtls_ssl_conf_renegotiation	0	static
../mbedtls/library/ssl_tls.c:4877:6:mbedtls_ssl_conf_renegotiation_enforced	0	static
../mbedtls/library/ssl_tls.c:4882:6:mbedtls_ssl_conf_renegotiation_period	8	static
../mbedtls/library/ssl_tls.c:4891:6:mbedtls_ssl_conf_session_tickets	0	static
../mbedtls/library/ssl_tls.c:4898:6:mbedtls_ssl_conf_session_tickets_cb	0	static
../mbedtls/library/ssl_tls.c:4911:6:mbedtls_ssl_conf_export_keys_cb	0	static
../mbedtls/library/ssl_tls.c:4919:6:mbedtls_ssl_conf_export_keys_ext_cb	0	static
../mbedtls/library/ssl_tls.c:4970:10:mbedtls_ssl_get_verify_result	0	static
../mbedtls/library/ssl_tls.c:4983:13:mbedtls_ssl_get_ciphersuite	8	static
../mbedtls/library/ssl_tls.c:4992:13:mbedtls_ssl_get_version	0	static
../mbedtls/library/ssl_tls.c:5028:8:mbedtls_ssl_get_input_max_frag_len	16	static
../mbedtls/library/ssl_tls.c:5058:8:mbedtls_ssl_get_output_max_frag_len	16	static
../mbedtls/library/ssl_tls.c:5083:8:mbedtls_ssl_get_max_frag_len	8	static
../mbedtls/library/ssl_tls.c:5091:8:mbedtls_ssl_get_current_mtu	0	static
../mbedtls/library/ssl_tls.c:5113:5:mbedtls_ssl_get_max_out_record_payload	16	static
../mbedtls/library/ssl_tls.c:5160:25:mbedtls_ssl_get_peer_cert	0	static
../mbedtls/library/ssl_tls.c:5189:28:mbedtls_ssl_get_session_pointer	0	static
../mbedtls/library/ssl_tls.c:5490:5:mbedtls_ssl_session_save	16	static
../mbedtls/library/ssl_tls.c:5760:5:mbedtls_ssl_handshake_step	8	static
../mbedtls/library/ssl_tls.c:5785:5:mbedtls_ssl_handshake	8	static
../mbedtls/library/ssl_tls.c:5961:6:mbedtls_ssl_handshake_free	16	static
../mbedtls/library/ssl_tls.c:3348:6:mbedtls_ssl_handshake_wrapup_free_hs_transform	8	static
../mbedtls/library/ssl_tls.c:6080:6:mbedtls_ssl_session_free	8	static
../mbedtls/library/ssl_tls.c:173:5:mbedtls_ssl_session_copy	16	static
../mbedtls/library/ssl_tls.c:4178:5:mbedtls_ssl_set_session	8	static
../mbedtls/library/ssl_tls.c:5175:5:mbedtls_ssl_get_session	8	static
../mbedtls/library/ssl_tls.c:3372:6:mbedtls_ssl_handshake_wrapup	16	static
../mbedtls/library/ssl_tls.c:5744:5:mbedtls_ssl_session_load	16	static
../mbedtls/library/ssl_tls.c:6745:6:mbedtls_ssl_free	16	static
../mbedtls/library/ssl_tls.c:6831:6:mbedtls_ssl_config_init	8	static
../mbedtls/library/ssl_tls.c:6884:5:mbedtls_ssl_config_defaults	296	static
../mbedtls/library/ssl_tls.c:7045:6:mbedtls_ssl_config_free	8	static
../mbedtls/library/ssl_tls.c:7080:15:mbedtls_ssl_sig_from_pk	8	static
../mbedtls/library/ssl_tls.c:7095:15:mbedtls_ssl_sig_from_pk_alg	0	static
../mbedtls/library/ssl_tls.c:7108:19:mbedtls_ssl_pk_alg_from_sig	0	static
../mbedtls/library/ssl_tls.c:7129:19:mbedtls_ssl_sig_hash_set_find	0	static
../mbedtls/library/ssl_tls.c:7143:6:mbedtls_ssl_sig_hash_set_add	0	static
../mbedtls/library/ssl_tls.c:7166:6:mbedtls_ssl_sig_hash_set_const_hash	0	static
../mbedtls/library/ssl_tls.c:3633:13:ssl_handshake_params_init	16	static
../mbedtls/library/ssl_tls.c:3719:12:ssl_handshake_init	8	static
../mbedtls/library/ssl_tls.c:3836:5:mbedtls_ssl_setup	16	static
../mbedtls/library/ssl_tls.c:3919:5:mbedtls_ssl_session_reset_int	16	static
../mbedtls/library/ssl_tls.c:4049:5:mbedtls_ssl_session_reset	8	static
../mbedtls/library/ssl_tls.c:5856:5:mbedtls_ssl_start_renegotiation	8	static
../mbedtls/library/ssl_tls.c:5896:5:mbedtls_ssl_renegotiate	8	static
../mbedtls/library/ssl_tls.c:7179:19:mbedtls_ssl_md_alg_from_hash	0	static
../mbedtls/library/ssl_tls.c:7212:15:mbedtls_ssl_hash_from_md_alg	0	static
../mbedtls/library/ssl_tls.c:7247:5:mbedtls_ssl_check_curve	0	static
../mbedtls/library/ssl_tls.c:7267:5:mbedtls_ssl_check_curve_tls_id	8	static
../mbedtls/library/ssl_tls.c:7283:5:mbedtls_ssl_check_sig_hash	0	static
../mbedtls/library/ssl_tls.c:7303:5:mbedtls_ssl_check_cert_usage	24	static
../mbedtls/library/ssl_tls.c:2538:12:ssl_parse_certificate_verify	64	static
../mbedtls/library/ssl_tls.c:2769:5:mbedtls_ssl_parse_certificate	32	static
../mbedtls/library/ssl_tls.c:7384:5:mbedtls_ssl_set_calc_verify_md	0	static
../mbedtls/library/ssl_tls.c:7428:5:mbedtls_ssl_get_key_exchange_md_ssl_tls	448	static
../mbedtls/library/ssl_tls.c:7565:5:mbedtls_ssl_get_key_exchange_md_tls1_2	40	static
