D:\Work\Gateway\FW\NXP\ECU_NETIF\ECU_SFW\trunk\mbedtls\include/mbedtls/ssl_internal.h:1149:35:mbedtls_ssl_own_key	0	static
D:\Work\Gateway\FW\NXP\ECU_NETIF\ECU_SFW\trunk\mbedtls\include/mbedtls/ssl_internal.h:1162:33:mbedtls_ssl_own_cert	0	static
../mbedtls/library/ssl_cli.c:51:12:ssl_conf_has_static_psk	0	static
../mbedtls/library/ssl_cli.c:378:12:ssl_write_supported_point_formats_ext	0	static
../mbedtls/library/ssl_cli.c:526:12:ssl_write_max_fragment_length_ext	4	static
../mbedtls/library/ssl_cli.c:560:12:ssl_write_truncated_hmac_ext	4	static
../mbedtls/library/ssl_cli.c:592:12:ssl_write_encrypt_then_mac_ext	4	static
../mbedtls/library/ssl_cli.c:625:12:ssl_write_extended_ms_ext	4	static
../mbedtls/library/ssl_cli.c:878:12:ssl_generate_random	16	static
../mbedtls/library/ssl_cli.c:1999:12:is_compression_bad	0	static
../mbedtls/library/ssl_cli.c:2734:12:ssl_parse_server_psk_hint	0	static
../mbedtls/library/ssl_cli.c:164:12:ssl_write_renegotiation_ext	16	static
../mbedtls/library/ssl_cli.c:658:12:ssl_write_session_ticket_ext	16	static
../mbedtls/library/ssl_cli.c:929:12:ssl_validate_ciphersuite	8	static
../mbedtls/library/ssl_cli.c:92:12:ssl_write_hostname_ext	24	static
../mbedtls/library/ssl_cli.c:703:12:ssl_write_alpn_ext	32	static
../mbedtls/library/ssl_cli.c:209:12:ssl_write_signature_algorithms_ext	32	static
../mbedtls/library/ssl_cli.c:308:12:ssl_write_supported_elliptic_curves_ext	32	static
../mbedtls/library/ssl_cli.c:977:12:ssl_write_client_hello	64	static
../mbedtls/library/ssl_cli.c:1481:12:ssl_parse_max_fragment_length_ext	8	static
../mbedtls/library/ssl_cli.c:1507:12:ssl_parse_truncated_hmac_ext	8	static
../mbedtls/library/ssl_cli.c:1585:12:ssl_parse_encrypt_then_mac_ext	8	static
../mbedtls/library/ssl_cli.c:1611:12:ssl_parse_extended_ms_ext	8	static
../mbedtls/library/ssl_cli.c:1637:12:ssl_parse_session_ticket_ext	8	static
../mbedtls/library/ssl_cli.c:1663:12:ssl_parse_supported_point_formats_ext	8	static
../mbedtls/library/ssl_cli.c:3366:12:ssl_parse_certificate_request	16	static
../mbedtls/library/ssl_cli.c:1739:12:ssl_parse_alpn_ext	24	static
../mbedtls/library/ssl_cli.c:1920:12:ssl_parse_hello_verify_request	32	static
../mbedtls/library/ssl_cli.c:3528:12:ssl_parse_server_hello_done	16	static
../mbedtls/library/ssl_cli.c:1440:12:ssl_parse_renegotiation_info	16	static
../mbedtls/library/ssl_cli.c:2027:12:ssl_parse_server_hello	40	static
../mbedtls/library/ssl_cli.c:2581:12:ssl_check_server_ecdh_params	16	static
../mbedtls/library/ssl_cli.c:2925:12:ssl_get_ecdh_params_from_cert	24	static
../mbedtls/library/ssl_cli.c:2536:12:ssl_parse_server_dh_params	16	static
../mbedtls/library/ssl_cli.c:2695:12:ssl_parse_server_ecdh_params	16	static
../mbedtls/library/ssl_cli.c:2861:12:ssl_parse_signature_algorithm	24	static
../mbedtls/library/ssl_cli.c:2975:12:ssl_parse_server_key_exchange	128	static
../mbedtls/library/ssl_cli.c:2779:12:ssl_write_encrypted_pms	56	static
../mbedtls/library/ssl_cli.c:3566:12:ssl_write_client_key_exchange	40	static
../mbedtls/library/ssl_cli.c:3989:12:ssl_write_certificate_verify	104	static
../mbedtls/library/ssl_cli.c:4150:12:ssl_parse_new_session_ticket	32	static
../mbedtls/library/ssl_cli.c:4264:5:mbedtls_ssl_handshake_client_step	16	static
