../mbedtls/library/x509_crt.c:153:12:x509_profile_check_md_alg	0	static
../mbedtls/library/x509_crt.c:171:12:x509_profile_check_pk_alg	0	static
../mbedtls/library/x509_crt.c:228:12:x509_memcasecmp	8	static
../mbedtls/library/x509_crt.c:355:13:x509_crt_verify_chain_reset	0	static
../mbedtls/library/x509_crt.c:3083:12:x509_crt_merge_flags_with_cb	32	static
../mbedtls/library/x509_crt.c:446:12:x509_get_uid	16	static
../mbedtls/library/x509_crt.c:778:12:x509_get_certificate_policies	48	static
../mbedtls/library/x509_crt.c:1711:12:x509_get_other_name	40	static
../mbedtls/library/x509_crt.c:291:12:x509_string_cmp	16	static
../mbedtls/library/x509_crt.c:319:12:x509_name_cmp	16	static
../mbedtls/library/x509_crt.c:2770:12:x509_crt_check_ee_locally_trusted	16	static
../mbedtls/library/x509_crt.c:375:12:x509_get_version	24	static
../mbedtls/library/x509_crt.c:412:12:x509_get_dates	32	static
../mbedtls/library/x509_crt.c:474:12:x509_get_basic_constraints	32	static
../mbedtls/library/x509_crt.c:559:12:x509_get_key_usage	24	static
../mbedtls/library/x509_crt.c:538:12:x509_get_ns_cert_type	24	static
../mbedtls/library/x509_crt.c:590:12:x509_get_ext_key_usage	8	static
../mbedtls/library/x509_crt.c:1962:12:x509_info_cert_type	24	static
../mbedtls/library/x509_crt.c:1992:12:x509_info_key_usage	24	static
../mbedtls/library/x509_crt.c:2016:12:x509_info_ext_key_usage	48	static
../mbedtls/library/x509_crt.c:2045:12:x509_info_cert_policies	48	static
../mbedtls/library/x509_crt.c:189:12:x509_profile_check_key	24	static
../mbedtls/library/x509_crt.c:256:12:x509_check_wildcard	16	static
../mbedtls/library/x509_crt.c:3008:12:x509_crt_check_cn	16	static
../mbedtls/library/x509_crt.c:3028:12:x509_crt_check_san	8	static
../mbedtls/library/x509_crt.c:3048:13:x509_crt_verify_name	24	static
../mbedtls/library/x509_crt.c:2452:12:x509_crt_check_signature	104	static
../mbedtls/library/x509_crt.c:1898:5:mbedtls_x509_parse_subject_alt_name	56	static
../mbedtls/library/x509_crt.c:636:12:x509_get_subject_alt_name	96	static
../mbedtls/library/x509_crt.c:902:12:x509_get_crt_ext	72	static
../mbedtls/library/x509_crt.c:1793:12:x509_info_subject_alt_name	72	static
../mbedtls/library/x509_crt.c:2079:5:mbedtls_x509_crt_info	88	static
../mbedtls/library/x509_crt.c:2253:5:mbedtls_x509_crt_verify_info	40	static
../mbedtls/library/x509_crt.c:2281:5:mbedtls_x509_crt_check_key_usage	0	static
../mbedtls/library/x509_crt.c:2511:12:x509_crt_check_parent	16	static
../mbedtls/library/x509_crt.c:2587:12:x509_crt_find_parent_in	56	static
../mbedtls/library/x509_crt.c:2705:12:x509_crt_find_parent	56	static
../mbedtls/library/x509_crt.c:2309:5:mbedtls_x509_crt_check_extended_key_usage	16	static
../mbedtls/library/x509_crt.c:2344:5:mbedtls_x509_crt_is_revoked	16	static
../mbedtls/library/x509_crt.c:2364:12:x509_crt_verifycrl	128	static
../mbedtls/library/x509_crt.c:2833:12:x509_crt_verify_chain	72	static
../mbedtls/library/x509_crt.c:3127:12:x509_crt_verify_restartable_ca_cb	136	static
../mbedtls/library/x509_crt.c:3223:5:mbedtls_x509_crt_verify	48	static
../mbedtls/library/x509_crt.c:3240:5:mbedtls_x509_crt_verify_with_profile	48	static
../mbedtls/library/x509_crt.c:3274:5:mbedtls_x509_crt_verify_restartable	40	static
../mbedtls/library/x509_crt.c:3293:6:mbedtls_x509_crt_init	8	static
../mbedtls/library/x509_crt.c:3301:6:mbedtls_x509_crt_free	24	static
../mbedtls/library/x509_crt.c:1101:12:x509_crt_parse_der_core	80	static
../mbedtls/library/x509_crt.c:1347:12:mbedtls_x509_crt_parse_der_internal	40	static
../mbedtls/library/x509_crt.c:1400:5:mbedtls_x509_crt_parse_der_nocopy	16	static
../mbedtls/library/x509_crt.c:1407:5:mbedtls_x509_crt_parse_der_with_ext_cb	16	static
../mbedtls/library/x509_crt.c:1417:5:mbedtls_x509_crt_parse_der	16	static
../mbedtls/library/x509_crt.c:1428:5:mbedtls_x509_crt_parse	64	static
