../mbedtls/library/x509.c:541:12:x509_parse_int	4	static
../mbedtls/library/x509.c:557:12:x509_date_is_valid	0	static
../mbedtls/library/x509.c:594:12:x509_parse_time	24	static
../mbedtls/library/x509.c:371:12:x509_get_attr_type_value	32	static
../mbedtls/library/x509.c:73:5:mbedtls_x509_get_serial	16	static
../mbedtls/library/x509.c:107:5:mbedtls_x509_get_alg_null	8	static
../mbedtls/library/x509.c:122:5:mbedtls_x509_get_alg	8	static
../mbedtls/library/x509.c:463:5:mbedtls_x509_get_name	40	static
../mbedtls/library/x509.c:659:5:mbedtls_x509_get_time	24	static
../mbedtls/library/x509.c:692:5:mbedtls_x509_get_sig	24	static
../mbedtls/library/x509.c:721:5:mbedtls_x509_get_sig_alg	8	static
../mbedtls/library/x509.c:771:5:mbedtls_x509_get_ext	24	static
../mbedtls/library/x509.c:810:5:mbedtls_x509_dn_gets	304	static
../mbedtls/library/x509.c:879:5:mbedtls_x509_serial_gets	40	static
../mbedtls/library/x509.c:912:5:mbedtls_x509_sig_alg_gets	24	static
../mbedtls/library/x509.c:957:5:mbedtls_x509_key_size_helper	8	static
../mbedtls/library/x509.c:1068:5:mbedtls_x509_time_is_past	0	static
../mbedtls/library/x509.c:1074:5:mbedtls_x509_time_is_future	0	static
../mbedtls/library/x509.c:1089:5:mbedtls_x509_self_test	720	static
