../llhttp/src/api.c:34:6:llhttp_init	16	static
../llhttp/src/api.c:113:6:llhttp_reset	24	static
../llhttp/src/api.c:128:16:llhttp_execute	8	static
../llhttp/src/api.c:133:6:llhttp_settings_init	8	static
../llhttp/src/api.c:138:16:llhttp_finish	8	static
../llhttp/src/api.c:163:6:llhttp_pause	0	static
../llhttp/src/api.c:173:6:llhttp_resume	0	static
../llhttp/src/api.c:182:6:llhttp_resume_after_upgrade	0	static
../llhttp/src/api.c:191:16:llhttp_get_errno	0	static
../llhttp/src/api.c:196:13:llhttp_get_error_reason	0	static
../llhttp/src/api.c:201:6:llhttp_set_error_reason	0	static
../llhttp/src/api.c:206:13:llhttp_get_error_pos	0	static
../llhttp/src/api.c:211:13:llhttp_errno_name	8	static
../llhttp/src/api.c:221:13:llhttp_method_name	8	static
../llhttp/src/api.c:231:6:llhttp_set_lenient_headers	0	static
../llhttp/src/api.c:240:6:llhttp_set_lenient_chunked_length	0	static
../llhttp/src/api.c:249:6:llhttp_set_lenient_keep_alive	0	static
../llhttp/src/api.c:260:5:llhttp__on_message_begin	8	static
../llhttp/src/api.c:267:5:llhttp__on_url	8	static
../llhttp/src/api.c:274:5:llhttp__on_url_complete	8	static
../llhttp/src/api.c:281:5:llhttp__on_status	8	static
../llhttp/src/api.c:288:5:llhttp__on_status_complete	8	static
../llhttp/src/api.c:295:5:llhttp__on_header_field	8	static
../llhttp/src/api.c:302:5:llhttp__on_header_field_complete	8	static
../llhttp/src/api.c:309:5:llhttp__on_header_value	8	static
../llhttp/src/api.c:316:5:llhttp__on_header_value_complete	8	static
../llhttp/src/api.c:323:5:llhttp__on_headers_complete	8	static
../llhttp/src/api.c:330:5:llhttp__on_message_complete	8	static
../llhttp/src/api.c:337:5:llhttp__on_body	8	static
../llhttp/src/api.c:344:5:llhttp__on_chunk_header	8	static
../llhttp/src/api.c:351:5:llhttp__on_chunk_complete	8	static
../llhttp/src/api.c:361:6:llhttp__debug	16	static
