../llhttp/src/llhttp.c:7473:24:llparse__match_sequence_to_lower	16	static
../llhttp/src/llhttp.c:7505:24:llparse__match_sequence_to_lower_unsafe	16	static
../llhttp/src/llhttp.c:7537:24:llparse__match_sequence_id	16	static
../llhttp/src/llhttp.c:7776:5:llhttp__internal__c_update_finish	0	static
../llhttp/src/llhttp.c:7788:5:llhttp__internal__c_load_type	0	static
../llhttp/src/llhttp.c:7795:5:llhttp__internal__c_store_method	0	static
../llhttp/src/llhttp.c:7804:5:llhttp__internal__c_is_equal_method	0	static
../llhttp/src/llhttp.c:7811:5:llhttp__internal__c_update_http_major	0	static
../llhttp/src/llhttp.c:7819:5:llhttp__internal__c_update_http_minor	0	static
../llhttp/src/llhttp.c:7831:5:llhttp__internal__c_test_flags	0	static
../llhttp/src/llhttp.c:7846:5:llhttp__internal__c_is_equal_upgrade	0	static
../llhttp/src/llhttp.c:7857:5:llhttp__internal__c_update_finish_1	0	static
../llhttp/src/llhttp.c:7865:5:llhttp__internal__c_test_lenient_flags	0	static
../llhttp/src/llhttp.c:7872:5:llhttp__internal__c_test_flags_1	0	static
../llhttp/src/llhttp.c:7879:5:llhttp__internal__c_test_lenient_flags_1	0	static
../llhttp/src/llhttp.c:7898:5:llhttp__internal__c_update_content_length	0	static
../llhttp/src/llhttp.c:7906:5:llhttp__internal__c_mul_add_content_length	4	static
../llhttp/src/llhttp.c:7936:5:llhttp__internal__c_is_equal_content_length	0	static
../llhttp/src/llhttp.c:7943:5:llhttp__internal__c_or_flags	0	static
../llhttp/src/llhttp.c:7951:5:llhttp__internal__c_update_finish_3	0	static
../llhttp/src/llhttp.c:7959:5:llhttp__internal__c_or_flags_1	0	static
../llhttp/src/llhttp.c:7967:5:llhttp__internal__c_update_upgrade	0	static
../llhttp/src/llhttp.c:7975:5:llhttp__internal__c_store_header_state	0	static
../llhttp/src/llhttp.c:7988:5:llhttp__internal__c_load_header_state	0	static
../llhttp/src/llhttp.c:7995:5:llhttp__internal__c_or_flags_3	0	static
../llhttp/src/llhttp.c:8003:5:llhttp__internal__c_update_header_state	0	static
../llhttp/src/llhttp.c:8015:5:llhttp__internal__c_or_flags_4	0	static
../llhttp/src/llhttp.c:8023:5:llhttp__internal__c_or_flags_5	0	static
../llhttp/src/llhttp.c:8031:5:llhttp__internal__c_or_flags_6	0	static
../llhttp/src/llhttp.c:8039:5:llhttp__internal__c_update_header_state_2	0	static
../llhttp/src/llhttp.c:8047:5:llhttp__internal__c_test_lenient_flags_2	0	static
../llhttp/src/llhttp.c:8054:5:llhttp__internal__c_update_header_state_4	0	static
../llhttp/src/llhttp.c:8062:5:llhttp__internal__c_update_header_state_5	0	static
../llhttp/src/llhttp.c:8070:5:llhttp__internal__c_update_header_state_6	0	static
../llhttp/src/llhttp.c:8078:5:llhttp__internal__c_test_flags_2	0	static
../llhttp/src/llhttp.c:8085:5:llhttp__internal__c_mul_add_content_length_1	8	static
../llhttp/src/llhttp.c:8111:5:llhttp__internal__c_or_flags_15	0	static
../llhttp/src/llhttp.c:8119:5:llhttp__internal__c_or_flags_16	0	static
../llhttp/src/llhttp.c:8127:5:llhttp__internal__c_and_flags	0	static
../llhttp/src/llhttp.c:8135:5:llhttp__internal__c_update_header_state_7	0	static
../llhttp/src/llhttp.c:8143:5:llhttp__internal__c_or_flags_17	0	static
../llhttp/src/llhttp.c:8151:5:llhttp__internal__c_load_method	0	static
../llhttp/src/llhttp.c:8158:5:llhttp__internal__c_store_http_major	0	static
../llhttp/src/llhttp.c:8167:5:llhttp__internal__c_store_http_minor	0	static
../llhttp/src/llhttp.c:8176:5:llhttp__internal__c_update_status_code	0	static
../llhttp/src/llhttp.c:8184:5:llhttp__internal__c_mul_add_status_code	0	static
../llhttp/src/llhttp.c:8219:5:llhttp__internal__c_update_type	0	static
../llhttp/src/llhttp.c:8227:5:llhttp__internal__c_update_type_1	0	static
../llhttp/src/llhttp.c:8241:24:llhttp__internal__run	40	static
../llhttp/src/llhttp.c:8235:5:llhttp__internal_init	8	static
../llhttp/src/llhttp.c:14194:5:llhttp__internal_execute	16	static
