../Crypto/src/bignum.c:255:12:mpi_get_digit	0	static
../Crypto/src/bignum.c:780:13:mpi_sub_hlp	16	static
../Crypto/src/bignum.c:946:6:mpi_mul_hlp	40	static
../Crypto/src/bignum.c:1323:13:mpi_montg_init	0	static
../Crypto/src/bignum.c:55:6:mpi_init	0	static
../Crypto/src/bignum.c:68:6:mpi_free	8	static
../Crypto/src/bignum.c:87:5:mpi_grow	24	static
../Crypto/src/bignum.c:118:5:mpi_copy	24	static
../Crypto/src/bignum.c:146:6:mpi_swap	32	static
../Crypto/src/bignum.c:158:5:mpi_lset	16	static
../Crypto/src/bignum.c:176:5:mpi_get_bit	0	static
../Crypto/src/bignum.c:187:5:mpi_set_bit	24	static
../Crypto/src/bignum.c:214:8:mpi_lsb	0	static
../Crypto/src/bignum.c:229:8:mpi_msb	0	static
../Crypto/src/bignum.c:247:8:mpi_size	8	static
../Crypto/src/bignum.c:513:5:mpi_read_binary	24	static
../Crypto/src/bignum.c:536:5:mpi_write_binary	24	static
../Crypto/src/bignum.c:556:5:mpi_shift_l	24	static
../Crypto/src/bignum.c:606:5:mpi_shift_r	24	static
../Crypto/src/bignum.c:649:5:mpi_cmp_abs	8	static
../Crypto/src/bignum.c:1341:13:mpi_montmul	48	static
../Crypto/src/bignum.c:1378:13:mpi_montred	32	static
../Crypto/src/bignum.c:679:5:mpi_cmp_mpi	12	static
../Crypto/src/bignum.c:712:5:mpi_cmp_int	24	static
../Crypto/src/bignum.c:728:5:mpi_add_abs	24	static
../Crypto/src/bignum.c:801:5:mpi_sub_abs	40	static
../Crypto/src/bignum.c:844:5:mpi_add_mpi	24	static
../Crypto/src/bignum.c:875:5:mpi_sub_mpi	24	static
../Crypto/src/bignum.c:906:5:mpi_add_int	24	static
../Crypto/src/bignum.c:922:5:mpi_sub_int	24	static
../Crypto/src/bignum.c:1010:5:mpi_mul_mpi	56	static
../Crypto/src/bignum.c:1047:5:mpi_mul_int	24	static
../Crypto/src/bignum.c:272:5:mpi_read_string	48	static
../Crypto/src/bignum.c:1063:5:mpi_div_mpi	128	static
../Crypto/src/bignum.c:1227:5:mpi_div_int	24	static
../Crypto/src/bignum.c:1243:5:mpi_mod_mpi	16	static
../Crypto/src/bignum.c:1266:5:mpi_mod_int	8	static
../Crypto/src/bignum.c:341:12:mpi_write_hlp	32	static
../Crypto/src/bignum.c:368:5:mpi_write_string	40	static
../Crypto/src/bignum.c:1392:5:mpi_exp_mod	1640	static
../Crypto/src/bignum.c:1600:5:mpi_gcd	56	static
../Crypto/src/bignum.c:1649:5:mpi_fill_random	24	static
../Crypto/src/bignum.c:1667:5:mpi_inv_mod	136	static
