../Crypto/src/md_wrap.c:313:5:sha1_file_wrap	0	static
../Crypto/src/md_wrap.c:400:5:sha224_file_wrap	0	static
../Crypto/src/md_wrap.c:487:5:sha256_file_wrap	0	static
../Crypto/src/md_wrap.c:298:6:sha1_starts_wrap	8	static
../Crypto/src/md_wrap.c:303:6:sha1_update_wrap	8	static
../Crypto/src/md_wrap.c:308:6:sha1_finish_wrap	8	static
../Crypto/src/md_wrap.c:324:6:sha1_hmac_starts_wrap	8	static
../Crypto/src/md_wrap.c:329:6:sha1_hmac_update_wrap	8	static
../Crypto/src/md_wrap.c:334:6:sha1_hmac_finish_wrap	8	static
../Crypto/src/md_wrap.c:339:6:sha1_hmac_reset_wrap	8	static
../Crypto/src/md_wrap.c:344:8:sha1_ctx_alloc	8	static
../Crypto/src/md_wrap.c:438:8:sha224_ctx_alloc	8	static
../Crypto/src/md_wrap.c:525:8:sha256_ctx_alloc	8	static
../Crypto/src/md_wrap.c:349:6:sha1_ctx_free	8	static
../Crypto/src/md_wrap.c:443:6:sha224_ctx_free	8	static
../Crypto/src/md_wrap.c:530:6:sha256_ctx_free	8	static
../Crypto/src/md_wrap.c:379:6:sha224_starts_wrap	8	static
../Crypto/src/md_wrap.c:466:6:sha256_starts_wrap	8	static
../Crypto/src/md_wrap.c:384:6:sha224_update_wrap	8	static
../Crypto/src/md_wrap.c:471:6:sha256_update_wrap	8	static
../Crypto/src/md_wrap.c:389:6:sha224_finish_wrap	8	static
../Crypto/src/md_wrap.c:476:6:sha256_finish_wrap	8	static
../Crypto/src/md_wrap.c:394:6:sha224_wrap	8	static
../Crypto/src/md_wrap.c:481:6:sha256_wrap	8	static
../Crypto/src/md_wrap.c:411:6:sha224_hmac_starts_wrap	8	static
../Crypto/src/md_wrap.c:498:6:sha256_hmac_starts_wrap	8	static
../Crypto/src/md_wrap.c:416:6:sha224_hmac_update_wrap	8	static
../Crypto/src/md_wrap.c:503:6:sha256_hmac_update_wrap	8	static
../Crypto/src/md_wrap.c:421:6:sha224_hmac_finish_wrap	8	static
../Crypto/src/md_wrap.c:508:6:sha256_hmac_finish_wrap	8	static
../Crypto/src/md_wrap.c:426:6:sha224_hmac_reset_wrap	8	static
../Crypto/src/md_wrap.c:513:6:sha256_hmac_reset_wrap	8	static
../Crypto/src/md_wrap.c:431:6:sha224_hmac_wrap	16	static
../Crypto/src/md_wrap.c:518:6:sha256_hmac_wrap	16	static
