../Crypto/src/rsa.c:75:6:sha_starts	8	static
../Crypto/src/rsa.c:83:6:sha_update	8	static
../Crypto/src/rsa.c:91:6:sha_finish	8	static
../Crypto/src/rsa.c:99:6:sha	8	static
../Crypto/src/rsa.c:110:6:rsa_init	16	static
../Crypto/src/rsa.c:124:5:rsa_check_pubkey	16	static
../Crypto/src/rsa.c:147:5:rsa_check_privkey	192	static
../Crypto/src/rsa.c:209:5:rsa_public	48	static
../Crypto/src/rsa.c:244:5:rsa_private	64	static
../Crypto/src/rsa.c:310:7:mgf_mask	104	static
../Crypto/src/rsa.c:353:5:rsa_rsaes_oaep_encrypt	64	static
../Crypto/src/rsa.c:426:5:rsa_rsaes_pkcs1_v15_encrypt	40	static
../Crypto/src/rsa.c:487:5:rsa_pkcs1_encrypt	32	static
../Crypto/src/rsa.c:515:5:rsa_rsaes_oaep_decrypt	624	static
../Crypto/src/rsa.c:607:5:rsa_rsaes_pkcs1_v15_decrypt	536	static
../Crypto/src/rsa.c:700:5:rsa_pkcs1_decrypt	24	static
../Crypto/src/rsa.c:727:5:rsa_rsassa_pss_sign	136	static
../Crypto/src/rsa.c:831:5:rsa_rsassa_pkcs1_v15_sign	40	static
../Crypto/src/rsa.c:901:5:rsa_pkcs1_sign	24	static
../Crypto/src/rsa.c:931:5:rsa_rsassa_pss_verify	640	static
../Crypto/src/rsa.c:1044:5:rsa_rsassa_pkcs1_v15_verify	544	static
../Crypto/src/rsa.c:1152:5:rsa_pkcs1_verify	16	static
../Crypto/src/rsa.c:1177:6:rsa_free	8	static
../Crypto/src/rsa.c:1195:10:hmac_printf	24	static
../Crypto/src/rsa.c:1229:6:sha2_mac_testing	1360	static
../Crypto/src/rsa.c:1274:9:sha2_Hmac_analysis	352	static
