Archive member included to satisfy reference by file (symbol)

/data/hdd/ti/SDK_8.6/rc_8_6_18thFeb/common/gcc-arm-9.2-2019.12-x86_64-aarch64-none-linux-gnu/bin/../aarch64-none-linux-gnu/libc/usr/lib64/libc_nonshared.a(stat.oS)
                              /opt/Jenkins_OUT/workspace/J7_TIDL_Parent/c7x-mma-tidl/ti_dl/release/tidl_j721e_08_06_00_10/arm-tidl/tfl_delegate/out/J7/A72/LINUX/debug/module/src.armv8/../../../common/tidl_runtimes_infer_common.o (stat)

Discarded input sections

 .note.GNU-stack
                0x0000000000000000        0x0 /data/hdd/ti/SDK_8.6/rc_8_6_18thFeb/common/gcc-arm-9.2-2019.12-x86_64-aarch64-none-linux-gnu/bin/../aarch64-none-linux-gnu/libc/usr/lib/../lib64/crti.o
 .note.GNU-stack
                0x0000000000000000        0x0 /data/hdd/ti/SDK_8.6/rc_8_6_18thFeb/common/gcc-arm-9.2-2019.12-x86_64-aarch64-none-linux-gnu/bin/../lib/gcc/aarch64-none-linux-gnu/9.2.1/crtbeginS.o
 .group         0x0000000000000000        0x8 /opt/Jenkins_OUT/workspace/J7_TIDL_Parent/c7x-mma-tidl/ti_dl/release/tidl_j721e_08_06_00_10/arm-tidl/tfl_delegate/out/J7/A72/LINUX/debug/module/src.armv8/../tfl_delegate.o
 .group         0x0000000000000000        0xc /opt/Jenkins_OUT/workspace/J7_TIDL_Parent/c7x-mma-tidl/ti_dl/release/tidl_j721e_08_06_00_10/arm-tidl/tfl_delegate/out/J7/A72/LINUX/debug/module/src.armv8/../tfl_delegate.o
 .group         0x0000000000000000        0x8 /opt/Jenkins_OUT/workspace/J7_TIDL_Parent/c7x-mma-tidl/ti_dl/release/tidl_j721e_08_06_00_10/arm-tidl/tfl_delegate/out/J7/A72/LINUX/debug/module/src.armv8/../tfl_delegate.o
 .group         0x0000000000000000        0x8 /opt/Jenkins_OUT/workspace/J7_TIDL_Parent/c7x-mma-tidl/ti_dl/release/tidl_j721e_08_06_00_10/arm-tidl/tfl_delegate/out/J7/A72/LINUX/debug/module/src.armv8/../tfl_delegate.o
 .group         0x0000000000000000        0x8 /opt/Jenkins_OUT/workspace/J7_TIDL_Parent/c7x-mma-tidl/ti_dl/release/tidl_j721e_08_06_00_10/arm-tidl/tfl_delegate/out/J7/A72/LINUX/debug/module/src.armv8/../tfl_delegate.o
 .group         0x0000000000000000        0xc /opt/Jenkins_OUT/workspace/J7_TIDL_Parent/c7x-mma-tidl/ti_dl/release/tidl_j721e_08_06_00_10/arm-tidl/tfl_delegate/out/J7/A72/LINUX/debug/module/src.armv8/../tfl_delegate.o
 .group         0x0000000000000000        0xc /opt/Jenkins_OUT/workspace/J7_TIDL_Parent/c7x-mma-tidl/ti_dl/release/tidl_j721e_08_06_00_10/arm-tidl/tfl_delegate/out/J7/A72/LINUX/debug/module/src.armv8/../tfl_delegate.o
 .group         0x0000000000000000        0xc /opt/Jenkins_OUT/workspace/J7_TIDL_Parent/c7x-mma-tidl/ti_dl/release/tidl_j721e_08_06_00_10/arm-tidl/tfl_delegate/out/J7/A72/LINUX/debug/module/src.armv8/../tfl_delegate.o
 .group         0x0000000000000000        0xc /opt/Jenkins_OUT/workspace/J7_TIDL_Parent/c7x-mma-tidl/ti_dl/release/tidl_j721e_08_06_00_10/arm-tidl/tfl_delegate/out/J7/A72/LINUX/debug/module/src.armv8/../tfl_delegate.o
 .group         0x0000000000000000        0xc /opt/Jenkins_OUT/workspace/J7_TIDL_Parent/c7x-mma-tidl/ti_dl/release/tidl_j721e_08_06_00_10/arm-tidl/tfl_delegate/out/J7/A72/LINUX/debug/module/src.armv8/../tfl_delegate.o
 .group         0x0000000000000000        0xc /opt/Jenkins_OUT/workspace/J7_TIDL_Parent/c7x-mma-tidl/ti_dl/release/tidl_j721e_08_06_00_10/arm-tidl/tfl_delegate/out/J7/A72/LINUX/debug/module/src.armv8/../tfl_delegate.o
 .group         0x0000000000000000        0x8 /opt/Jenkins_OUT/workspace/J7_TIDL_Parent/c7x-mma-tidl/ti_dl/release/tidl_j721e_08_06_00_10/arm-tidl/tfl_delegate/out/J7/A72/LINUX/debug/module/src.armv8/../tfl_delegate.o
 .group         0x0000000000000000        0xc /opt/Jenkins_OUT/workspace/J7_TIDL_Parent/c7x-mma-tidl/ti_dl/release/tidl_j721e_08_06_00_10/arm-tidl/tfl_delegate/out/J7/A72/LINUX/debug/module/src.armv8/../tfl_delegate.o
 .group         0x0000000000000000        0xc /opt/Jenkins_OUT/workspace/J7_TIDL_Parent/c7x-mma-tidl/ti_dl/release/tidl_j721e_08_06_00_10/arm-tidl/tfl_delegate/out/J7/A72/LINUX/debug/module/src.armv8/../tfl_delegate.o
 .group         0x0000000000000000        0xc /opt/Jenkins_OUT/workspace/J7_TIDL_Parent/c7x-mma-tidl/ti_dl/release/tidl_j721e_08_06_00_10/arm-tidl/tfl_delegate/out/J7/A72/LINUX/debug/module/src.armv8/../tfl_delegate.o
 .group         0x0000000000000000        0xc /opt/Jenkins_OUT/workspace/J7_TIDL_Parent/c7x-mma-tidl/ti_dl/release/tidl_j721e_08_06_00_10/arm-tidl/tfl_delegate/out/J7/A72/LINUX/debug/module/src.armv8/../tfl_delegate.o
 .group         0x0000000000000000        0xc /opt/Jenkins_OUT/workspace/J7_TIDL_Parent/c7x-mma-tidl/ti_dl/release/tidl_j721e_08_06_00_10/arm-tidl/tfl_delegate/out/J7/A72/LINUX/debug/module/src.armv8/../tfl_delegate.o
 .group         0x0000000000000000        0xc /opt/Jenkins_OUT/workspace/J7_TIDL_Parent/c7x-mma-tidl/ti_dl/release/tidl_j721e_08_06_00_10/arm-tidl/tfl_delegate/out/J7/A72/LINUX/debug/module/src.armv8/../tfl_delegate.o
[...]
Memory Configuration

Name             Origin             Length             Attributes
*default*        0x0000000000000000 0xffffffffffffffff

Linker script and memory map

LOAD /data/hdd/ti/SDK_8.6/rc_8_6_18thFeb/common/gcc-arm-9.2-2019.12-x86_64-aarch64-none-linux-gnu/bin/../aarch64-none-linux-gnu/libc/usr/lib/../lib64/crti.o
LOAD /data/hdd/ti/SDK_8.6/rc_8_6_18thFeb/common/gcc-arm-9.2-2019.12-x86_64-aarch64-none-linux-gnu/bin/../lib/gcc/aarch64-none-linux-gnu/9.2.1/crtbeginS.o
LOAD /opt/Jenkins_OUT/workspace/J7_TIDL_Parent/c7x-mma-tidl/ti_dl/release/tidl_j721e_08_06_00_10/arm-tidl/tfl_delegate/out/J7/A72/LINUX/debug/module/src.armv8/../tfl_delegate.o
LOAD /opt/Jenkins_OUT/workspace/J7_TIDL_Parent/c7x-mma-tidl/ti_dl/release/tidl_j721e_08_06_00_10/arm-tidl/tfl_delegate/out/J7/A72/LINUX/debug/module/src.armv8/../../../common/tidl_runtimes_infer_common.o
LOAD /opt/Jenkins_OUT/workspace/J7_TIDL_Parent/c7x-mma-tidl/ti_dl/release/tidl_j721e_08_06_00_10/arm-tidl/tfl_delegate/out/J7/A72/LINUX/debug/module/src.armv8/../../../common/tidl_tflrt_common.o
START GROUP
END GROUP
LOAD /data/hdd/ti/SDK_8.6/rc_8_6_18thFeb/common/gcc-arm-9.2-2019.12-x86_64-aarch64-none-linux-gnu/bin/../aarch64-none-linux-gnu/libc/usr/lib/../lib64/libdl.so
LOAD /data/hdd/ti/SDK_8.6/rc_8_6_18thFeb/common/gcc-arm-9.2-2019.12-x86_64-aarch64-none-linux-gnu/bin/../lib/gcc/aarch64-none-linux-gnu/9.2.1/../../../../aarch64-none-linux-gnu/lib/../lib64/libstdc++.so
LOAD /data/hdd/ti/SDK_8.6/rc_8_6_18thFeb/common/gcc-arm-9.2-2019.12-x86_64-aarch64-none-linux-gnu/bin/../aarch64-none-linux-gnu/libc/usr/lib/../lib64/libm.so
LOAD /data/hdd/ti/SDK_8.6/rc_8_6_18thFeb/common/gcc-arm-9.2-2019.12-x86_64-aarch64-none-linux-gnu/bin/../lib/gcc/aarch64-none-linux-gnu/9.2.1/../../../../aarch64-none-linux-gnu/lib/../lib64/libgcc_s.so
LOAD /data/hdd/ti/SDK_8.6/rc_8_6_18thFeb/common/gcc-arm-9.2-2019.12-x86_64-aarch64-none-linux-gnu/bin/../aarch64-none-linux-gnu/libc/usr/lib/../lib64/libc.so
START GROUP
LOAD /data/hdd/ti/SDK_8.6/rc_8_6_18thFeb/common/gcc-arm-9.2-2019.12-x86_64-aarch64-none-linux-gnu/bin/../aarch64-none-linux-gnu/libc/lib64/libc.so.6
LOAD /data/hdd/ti/SDK_8.6/rc_8_6_18thFeb/common/gcc-arm-9.2-2019.12-x86_64-aarch64-none-linux-gnu/bin/../aarch64-none-linux-gnu/libc/usr/lib64/libc_nonshared.a
LOAD /data/hdd/ti/SDK_8.6/rc_8_6_18thFeb/common/gcc-arm-9.2-2019.12-x86_64-aarch64-none-linux-gnu/bin/../aarch64-none-linux-gnu/libc/lib/ld-linux-aarch64.so.1
END GROUP
LOAD /data/hdd/ti/SDK_8.6/rc_8_6_18thFeb/common/gcc-arm-9.2-2019.12-x86_64-aarch64-none-linux-gnu/bin/../lib/gcc/aarch64-none-linux-gnu/9.2.1/../../../../aarch64-none-linux-gnu/lib/../lib64/libgcc_s.so
LOAD /data/hdd/ti/SDK_8.6/rc_8_6_18thFeb/common/gcc-arm-9.2-2019.12-x86_64-aarch64-none-linux-gnu/bin/../lib/gcc/aarch64-none-linux-gnu/9.2.1/crtendS.o
LOAD /data/hdd/ti/SDK_8.6/rc_8_6_18thFeb/common/gcc-arm-9.2-2019.12-x86_64-aarch64-none-linux-gnu/bin/../aarch64-none-linux-gnu/libc/usr/lib/../lib64/crtn.o
                0x0000000000000190                . = (SEGMENT_START ("text-segment", 0x0) + SIZEOF_HEADERS)

.note.gnu.build-id
 *(.note.gnu.build-id)

.hash           0x0000000000000190      0xb4c
 *(.hash)
 .hash          0x0000000000000190      0xb4c /data/hdd/ti/SDK_8.6/rc_8_6_18thFeb/common/gcc-arm-9.2-2019.12-x86_64-aarch64-none-linux-gnu/bin/../aarch64-none-linux-gnu/libc/usr/lib/../lib64/crti.o

.gnu.hash       0x0000000000000ce0      0xc38
 *(.gnu.hash)
 .gnu.hash      0x0000000000000ce0      0xc38 /data/hdd/ti/SDK_8.6/rc_8_6_18thFeb/common/gcc-arm-9.2-2019.12-x86_64-aarch64-none-linux-gnu/bin/../aarch64-none-linux-gnu/libc/usr/lib/../lib64/crti.o

.dynsym         0x0000000000001918     0x2af0
 *(.dynsym)
 .dynsym        0x0000000000001918     0x2af0 /data/hdd/ti/SDK_8.6/rc_8_6_18thFeb/common/gcc-arm-9.2-2019.12-x86_64-aarch64-none-linux-gnu/bin/../aarch64-none-linux-gnu/libc/usr/lib/../lib64/crti.o

.dynstr         0x0000000000004408     0x5c03
 *(.dynstr)
 .dynstr        0x0000000000004408     0x5c03 /data/hdd/ti/SDK_8.6/rc_8_6_18thFeb/common/gcc-arm-9.2-2019.12-x86_64-aarch64-none-linux-gnu/bin/../aarch64-none-linux-gnu/libc/usr/lib/../lib64/crti.o

.gnu.version    0x000000000000a00c      0x394
 *(.gnu.version)
 .gnu.version   0x000000000000a00c      0x394 /data/hdd/ti/SDK_8.6/rc_8_6_18thFeb/common/gcc-arm-9.2-2019.12-x86_64-aarch64-none-linux-gnu/bin/../aarch64-none-linux-gnu/libc/usr/lib/../lib64/crti.o

.gnu.version_d  0x000000000000a3a0        0x0
 *(.gnu.version_d)
 .gnu.version_d
                0x000000000000a3a0        0x0 /data/hdd/ti/SDK_8.6/rc_8_6_18thFeb/common/gcc-arm-9.2-2019.12-x86_64-aarch64-none-linux-gnu/bin/../aarch64-none-linux-gnu/libc/usr/lib/../lib64/crti.o

.gnu.version_r  0x000000000000a3a0       0x60
 *(.gnu.version_r)
 .gnu.version_r
                0x000000000000a3a0       0x60 /data/hdd/ti/SDK_8.6/rc_8_6_18thFeb/common/gcc-arm-9.2-2019.12-x86_64-aarch64-none-linux-gnu/bin/../aarch64-none-linux-gnu/libc/usr/lib/../lib64/crti.o

.rela.dyn       0x000000000000a400      0x150
 *(.rela.init)
 *(.rela.text .rela.text.* .rela.gnu.linkonce.t.*)
 *(.rela.fini)
 *(.rela.rodata .rela.rodata.* .rela.gnu.linkonce.r.*)
 *(.rela.data .rela.data.* .rela.gnu.linkonce.d.*)
 .rela.data.rel.local
                0x000000000000a400       0x18 /data/hdd/ti/SDK_8.6/rc_8_6_18thFeb/common/gcc-arm-9.2-2019.12-x86_64-aarch64-none-linux-gnu/bin/../aarch64-none-linux-gnu/libc/usr/lib/../lib64/crti.o
 .rela.data.rel.local.DW.ref.__gxx_personality_v0
                0x000000000000a418       0x18 /data/hdd/ti/SDK_8.6/rc_8_6_18thFeb/common/gcc-arm-9.2-2019.12-x86_64-aarch64-none-linux-gnu/bin/../aarch64-none-linux-gnu/libc/usr/lib/../lib64/crti.o
 *(.rela.tdata .rela.tdata.* .rela.gnu.linkonce.td.*)
 *(.rela.tbss .rela.tbss.* .rela.gnu.linkonce.tb.*)
 *(.rela.ctors)
 *(.rela.dtors)
 *(.rela.got)
 .rela.got      0x000000000000a430       0xc0 /data/hdd/ti/SDK_8.6/rc_8_6_18thFeb/common/gcc-arm-9.2-2019.12-x86_64-aarch64-none-linux-gnu/bin/../aarch64-none-linux-gnu/libc/usr/lib/../lib64/crti.o
 *(.rela.bss .rela.bss.* .rela.gnu.linkonce.b.*)
 *(.rela.ifunc)
 .rela.ifunc    0x000000000000a4f0        0x0 /data/hdd/ti/SDK_8.6/rc_8_6_18thFeb/common/gcc-arm-9.2-2019.12-x86_64-aarch64-none-linux-gnu/bin/../aarch64-none-linux-gnu/libc/usr/lib/../lib64/crti.o
 .rela.init_array
                0x000000000000a4f0       0x48 /data/hdd/ti/SDK_8.6/rc_8_6_18thFeb/common/gcc-arm-9.2-2019.12-x86_64-aarch64-none-linux-gnu/bin/../aarch64-none-linux-gnu/libc/usr/lib/../lib64/crti.o
 .rela.fini_array
                0x000000000000a538       0x18 /data/hdd/ti/SDK_8.6/rc_8_6_18thFeb/common/gcc-arm-9.2-2019.12-x86_64-aarch64-none-linux-gnu/bin/../aarch64-none-linux-gnu/libc/usr/lib/../lib64/crti.o

.rela.plt       0x000000000000a550     0x24c0
 *(.rela.plt)
 .rela.plt      0x000000000000a550     0x24c0 /data/hdd/ti/SDK_8.6/rc_8_6_18thFeb/common/gcc-arm-9.2-2019.12-x86_64-aarch64-none-linux-gnu/bin/../aarch64-none-linux-gnu/libc/usr/lib/../lib64/crti.o
 *(.rela.iplt)

.init           0x000000000000ca10       0x14
 *(SORT_NONE(.init))
 .init          0x000000000000ca10        0xc /data/hdd/ti/SDK_8.6/rc_8_6_18thFeb/common/gcc-arm-9.2-2019.12-x86_64-aarch64-none-linux-gnu/bin/../aarch64-none-linux-gnu/libc/usr/lib/../lib64/crti.o
                0x000000000000ca10                _init
 .init          0x000000000000ca1c        0x8 /data/hdd/ti/SDK_8.6/rc_8_6_18thFeb/common/gcc-arm-9.2-2019.12-x86_64-aarch64-none-linux-gnu/bin/../aarch64-none-linux-gnu/libc/usr/lib/../lib64/crtn.o

.plt            0x000000000000ca30     0x18a0
 *(.plt)
 .plt           0x000000000000ca30     0x18a0 /data/hdd/ti/SDK_8.6/rc_8_6_18thFeb/common/gcc-arm-9.2-2019.12-x86_64-aarch64-none-linux-gnu/bin/../aarch64-none-linux-gnu/libc/usr/lib/../lib64/crti.o
 *(.iplt)

.text           0x000000000000e2d0     0x7330
 *(.text.unlikely .text.*_unlikely .text.unlikely.*)
 *(.text.exit .text.exit.*)
 *(.text.startup .text.startup.*)
 *(.text.hot .text.hot.*)
 *(.text .stub .text.* .gnu.linkonce.t.*)
 .text          0x000000000000e2d0       0x14 /data/hdd/ti/SDK_8.6/rc_8_6_18thFeb/common/gcc-arm-9.2-2019.12-x86_64-aarch64-none-linux-gnu/bin/../aarch64-none-linux-gnu/libc/usr/lib/../lib64/crti.o
 *fill*         0x000000000000e2e4        0x4 1f2003d5
 .text          0x000000000000e2e8       0xbc /data/hdd/ti/SDK_8.6/rc_8_6_18thFeb/common/gcc-arm-9.2-2019.12-x86_64-aarch64-none-linux-gnu/bin/../lib/gcc/aarch64-none-linux-gnu/9.2.1/crtbeginS.o
 .text          0x000000000000e3a4     0x1014 /opt/Jenkins_OUT/workspace/J7_TIDL_Parent/c7x-mma-tidl/ti_dl/release/tidl_j721e_08_06_00_10/arm-tidl/tfl_delegate/out/J7/A72/LINUX/debug/module/src.armv8/../tfl_delegate.o
                0x000000000000e3fc                tflite::tfl_delegate::tidlDelegate::Init(TfLiteContext*, TfLiteDelegateParams const*)
                0x000000000000e5d8                tflite::tfl_delegate::tidlDelegate::Prepare(TfLiteContext*, TfLiteNode*)
                0x000000000000e6dc                tflite::tfl_delegate::tidlDelegate::Invoke(TfLiteContext*, TfLiteNode*)
                0x000000000000e754                tflite::tfl_delegate::tidlDelegate::~tidlDelegate()
                0x000000000000e754                tflite::tfl_delegate::tidlDelegate::~tidlDelegate()
                0x000000000000ea70                tflite::tfl_delegate::GetTIDLNodeRegistration()
                0x000000000000eaf4                tflite::tfl_delegate::tidlDelegate::CustomData(TfLiteContext*, TfLiteNode*, char const*, char**, void**)
                0x000000000000ed28                tflite::tfl_delegate::DelegatePrepareInfer(TfLiteContext*, TfLiteDelegate*)
                0x000000000000efc0                tflite::tfl_delegate::TfLiteTIDLDelegateCreate(tflite::tfl_delegate::TfLiteTIDLDelegateOptions*)
                0x000000000000f078                tflite_plugin_create_delegate
                0x000000000000f384                tflite_plugin_destroy_delegate
 .text._ZnwmPv  0x000000000000f3b8       0x18 /opt/Jenkins_OUT/workspace/J7_TIDL_Parent/c7x-mma-tidl/ti_dl/release/tidl_j721e_08_06_00_10/arm-tidl/tfl_delegate/out/J7/A72/LINUX/debug/module/src.armv8/../tfl_delegate.o
                0x000000000000f3b8                operator new(unsigned long, void*)
 .text._ZNSt7__cxx119to_stringEi
                0x000000000000f3d0       0x44 /opt/Jenkins_OUT/workspace/J7_TIDL_Parent/c7x-mma-tidl/ti_dl/release/tidl_j721e_08_06_00_10/arm-tidl/tfl_delegate/out/J7/A72/LINUX/debug/module/src.armv8/../tfl_delegate.o
                0x000000000000f3d0                std::__cxx11::to_string(int)
 .text._ZN6tflite18TfLiteIntArrayViewC2EPK14TfLiteIntArray
                0x000000000000f414       0x24 /opt/Jenkins_OUT/workspace/J7_TIDL_Parent/c7x-mma-tidl/ti_dl/release/tidl_j721e_08_06_00_10/arm-tidl/tfl_delegate/out/J7/A72/LINUX/debug/module/src.armv8/../tfl_delegate.o
                0x000000000000f414                tflite::TfLiteIntArrayView::TfLiteIntArrayView(TfLiteIntArray const*)
                0x000000000000f414                tflite::TfLiteIntArrayView::TfLiteIntArrayView(TfLiteIntArray const*)
 .text._ZNK6tflite18TfLiteIntArrayView5beginEv
                0x000000000000f438       0x1c /opt/Jenkins_OUT/workspace/J7_TIDL_Parent/c7x-mma-tidl/ti_dl/release/tidl_j721e_08_06_00_10/arm-tidl/tfl_delegate/out/J7/A72/LINUX/debug/module/src.armv8/../tfl_delegate.o
                0x000000000000f438                tflite::TfLiteIntArrayView::begin() const
 .text._ZNK6tflite18TfLiteIntArrayView3endEv
                0x000000000000f454       0x34 /opt/Jenkins_OUT/workspace/J7_TIDL_Parent/c7x-mma-tidl/ti_dl/release/tidl_j721e_08_06_00_10/arm-tidl/tfl_delegate/out/J7/A72/LINUX/debug/module/src.armv8/../tfl_delegate.o
                0x000000000000f454                tflite::TfLiteIntArrayView::end() const
 .text._ZNSt12_Vector_baseImSaImEEC2Ev
                0x000000000000f488       0x20 /opt/Jenkins_OUT/workspace/J7_TIDL_Parent/c7x-mma-tidl/ti_dl/release/tidl_j721e_08_06_00_10/arm-tidl/tfl_delegate/out/J7/A72/LINUX/debug/module/src.armv8/../tfl_delegate.o
                0x000000000000f488                std::_Vector_base<unsigned long, std::allocator<unsigned long> >::_Vector_base()
                0x000000000000f488                std::_Vector_base<unsigned long, std::allocator<unsigned long> >::_Vector_base()
 .text._ZNSt6vectorImSaImEEC2Ev
                0x000000000000f4a8       0x20 /opt/Jenkins_OUT/workspace/J7_TIDL_Parent/c7x-mma-tidl/ti_dl/release/tidl_j721e_08_06_00_10/arm-tidl/tfl_delegate/out/J7/A72/LINUX/debug/module/src.armv8/../tfl_delegate.o
                0x000000000000f4a8                std::vector<unsigned long, std::allocator<unsigned long> >::vector()
                0x000000000000f4a8                std::vector<unsigned long, std::allocator<unsigned long> >::vector()
 .text._ZNSt12_Vector_baseISt6vectorIiSaIiEESaIS2_EE12_Vector_implD2Ev
                0x000000000000f4c8       0x20 /opt/Jenkins_OUT/workspace/J7_TIDL_Parent/c7x-mma-tidl/ti_dl/release/tidl_j721e_08_06_00_10/arm-tidl/tfl_delegate/out/J7/A72/LINUX/debug/module/src.armv8/../tfl_delegate.o
                0x000000000000f4c8                std::_Vector_base<std::vector<int, std::allocator<int> >, std::allocator<std::vector<int, std::allocator<int> > > >::_Vector_impl::~_Vector_impl()
                0x000000000000f4c8                std::_Vector_base<std::vector<int, std::allocator<int> >, std::allocator<std::vector<int, std::allocator<int> > > >::_Vector_impl::~_Vector_impl()
 .text._ZN9__gnu_cxx12__to_xstringINSt7__cxx1112basic_stringIcSt11char_traitsIcESaIcEEEcEET_PFiPT0_mPKS8_St9__va_listEmSB_z
                0x000000000000f4e8      0x138 /opt/Jenkins_OUT/workspace/J7_TIDL_Parent/c7x-mma-tidl/ti_dl/release/tidl_j721e_08_06_00_10/arm-tidl/tfl_delegate/out/J7/A72/LINUX/debug/module/src.armv8/../tfl_delegate.o
                0x000000000000f4e8                std::__cxx11::basic_string<char, std::char_traits<char>, std::allocator<char> > __gnu_cxx::__to_xstring<std::__cxx11::basic_string<char, std::char_traits<char>, std::allocator<char> >, char>(int (*)(char*, unsigned long, char const*, std::__va_list), unsigned long, char const*, ...)
 .text._ZNSt7__cxx1112basic_stringIcSt11char_traitsIcESaIcEE12_Alloc_hiderD2Ev
                0x000000000000f620       0x20 /opt/Jenkins_OUT/workspace/J7_TIDL_Parent/c7x-mma-tidl/ti_dl/release/tidl_j721e_08_06_00_10/arm-tidl/tfl_delegate/out/J7/A72/LINUX/debug/module/src.armv8/../tfl_delegate.o
                0x000000000000f620                std::__cxx11::basic_string<char, std::char_traits<char>, std::allocator<char> >::_Alloc_hider::~_Alloc_hider()
                0x000000000000f620                std::__cxx11::basic_string<char, std::char_traits<char>, std::allocator<char> >::_Alloc_hider::~_Alloc_hider()
 .text._ZSteqIcSt11char_traitsIcESaIcEEbRKNSt7__cxx1112basic_stringIT_T0_T1_EEPKS5_
                0x000000000000f640       0x30 /opt/Jenkins_OUT/workspace/J7_TIDL_Parent/c7x-mma-tidl/ti_dl/release/tidl_j721e_08_06_00_10/arm-tidl/tfl_delegate/out/J7/A72/LINUX/debug/module/src.armv8/../tfl_delegate.o
                0x000000000000f640                bool std::operator==<char, std::char_traits<char>, std::allocator<char> >(std::__cxx11::basic_string<char, std::char_traits<char>, std::allocator<char> > const&, char const*)
 .text._ZNSt4pairImmEC2ImmLb1EEEv
                0x000000000000f670       0x24 /opt/Jenkins_OUT/workspace/J7_TIDL_Parent/c7x-mma-tidl/ti_dl/release/tidl_j721e_08_06_00_10/arm-tidl/tfl_delegate/out/J7/A72/LINUX/debug/module/src.armv8/../tfl_delegate.o
                0x000000000000f670                std::pair<unsigned long, unsigned long>::pair<unsigned long, unsigned long, true>()
                0x000000000000f670                std::pair<unsigned long, unsigned long>::pair<unsigned long, unsigned long, true>()
 .text._ZNSt12_Vector_baseImSaImEE12_Vector_implC2Ev
                0x000000000000f694       0x28 /opt/Jenkins_OUT/workspace/J7_TIDL_Parent/c7x-mma-tidl/ti_dl/release/tidl_j721e_08_06_00_10/arm-tidl/tfl_delegate/out/J7/A72/LINUX/debug/module/src.armv8/../tfl_delegate.o
                0x000000000000f694                std::_Vector_base<unsigned long, std::allocator<unsigned long> >::_Vector_impl::_Vector_impl()
                0x000000000000f694                std::_Vector_base<unsigned long, std::allocator<unsigned long> >::_Vector_impl::_Vector_impl()
 .text._ZNSt6vectorImSaImEE9push_backEOm
                0x000000000000f6bc       0x30 /opt/Jenkins_OUT/workspace/J7_TIDL_Parent/c7x-mma-tidl/ti_dl/release/tidl_j721e_08_06_00_10/arm-tidl/tfl_delegate/out/J7/A72/LINUX/debug/module/src.armv8/../tfl_delegate.o
                0x000000000000f6bc                std::vector<unsigned long, std::allocator<unsigned long> >::push_back(unsigned long&&)
 .text._ZNSt6vectorIS_IiSaIiEESaIS1_EED2Ev
                0x000000000000f6ec       0x50 /opt/Jenkins_OUT/workspace/J7_TIDL_Parent/c7x-mma-tidl/ti_dl/release/tidl_j721e_08_06_00_10/arm-tidl/tfl_delegate/out/J7/A72/LINUX/debug/module/src.armv8/../tfl_delegate.o
                0x000000000000f6ec                std::vector<std::vector<int, std::allocator<int> >, std::allocator<std::vector<int, std::allocator<int> > > >::~vector()
                0x000000000000f6ec                std::vector<std::vector<int, std::allocator<int> >, std::allocator<std::vector<int, std::allocator<int> > > >::~vector()
 .text._ZNSaISt6vectorIiSaIiEEED2Ev
                0x000000000000f73c       0x20 /opt/Jenkins_OUT/workspace/J7_TIDL_Parent/c7x-mma-tidl/ti_dl/release/tidl_j721e_08_06_00_10/arm-tidl/tfl_delegate/out/J7/A72/LINUX/debug/module/src.armv8/../tfl_delegate.o
                0x000000000000f73c                std::allocator<std::vector<int, std::allocator<int> > >::~allocator()
                0x000000000000f73c                std::allocator<std::vector<int, std::allocator<int> > >::~allocator()
 .text._ZNSt12_Vector_baseISt6vectorIiSaIiEESaIS2_EED2Ev
                0x000000000000f75c       0x5c /opt/Jenkins_OUT/workspace/J7_TIDL_Parent/c7x-mma-tidl/ti_dl/release/tidl_j721e_08_06_00_10/arm-tidl/tfl_delegate/out/J7/A72/LINUX/debug/module/src.armv8/../tfl_delegate.o
                0x000000000000f75c                std::_Vector_base<std::vector<int, std::allocator<int> >, std::allocator<std::vector<int, std::allocator<int> > > >::~_Vector_base()
                0x000000000000f75c                std::_Vector_base<std::vector<int, std::allocator<int> >, std::allocator<std::vector<int, std::allocator<int> > > >::~_Vector_base()
 .text._ZNSaIiEC2Ev
                0x000000000000f7b8       0x20 /opt/Jenkins_OUT/workspace/J7_TIDL_Parent/c7x-mma-tidl/ti_dl/release/tidl_j721e_08_06_00_10/arm-tidl/tfl_delegate/out/J7/A72/LINUX/debug/module/src.armv8/../tfl_delegate.o
                0x000000000000f7b8                std::allocator<int>::allocator()
                0x000000000000f7b8                std::allocator<int>::allocator()
 .text._ZNSaIiED2Ev
                0x000000000000f7d8       0x20 /opt/Jenkins_OUT/workspace/J7_TIDL_Parent/c7x-mma-tidl/ti_dl/release/tidl_j721e_08_06_00_10/arm-tidl/tfl_delegate/out/J7/A72/LINUX/debug/module/src.armv8/../tfl_delegate.o
                0x000000000000f7d8                std::allocator<int>::~allocator()
                0x000000000000f7d8                std::allocator<int>::~allocator()
 .text._ZNSt6vectorIiSaIiEEC2EmRKS0_
                0x000000000000f7f8       0x68 /opt/Jenkins_OUT/workspace/J7_TIDL_Parent/c7x-mma-tidl/ti_dl/release/tidl_j721e_08_06_00_10/arm-tidl/tfl_delegate/out/J7/A72/LINUX/debug/module/src.armv8/../tfl_delegate.o
                0x000000000000f7f8                std::vector<int, std::allocator<int> >::vector(unsigned long, std::allocator<int> const&)
                0x000000000000f7f8                std::vector<int, std::allocator<int> >::vector(unsigned long, std::allocator<int> const&)
 .text._ZNSt6vectorIiSaIiEED2Ev
                0x000000000000f860       0x50 /opt/Jenkins_OUT/workspace/J7_TIDL_Parent/c7x-mma-tidl/ti_dl/release/tidl_j721e_08_06_00_10/arm-tidl/tfl_delegate/out/J7/A72/LINUX/debug/module/src.armv8/../tfl_delegate.o
                0x000000000000f860                std::vector<int, std::allocator<int> >::~vector()
                0x000000000000f860                std::vector<int, std::allocator<int> >::~vector()
 .text._ZNKSt6vectorIS_IiSaIiEESaIS1_EE4sizeEv
                0x000000000000f8b0       0x34 /opt/Jenkins_OUT/workspace/J7_TIDL_Parent/c7x-mma-tidl/ti_dl/release/tidl_j721e_08_06_00_10/arm-tidl/tfl_delegate/out/J7/A72/LINUX/debug/module/src.armv8/../tfl_delegate.o
                0x000000000000f8b0                std::vector<std::vector<int, std::allocator<int> >, std::allocator<std::vector<int, std::allocator<int> > > >::size() const
 .text._ZNSt6vectorIiSaIiEE3endEv
                0x000000000000f8e4       0x28 /opt/Jenkins_OUT/workspace/J7_TIDL_Parent/c7x-mma-tidl/ti_dl/release/tidl_j721e_08_06_00_10/arm-tidl/tfl_delegate/out/J7/A72/LINUX/debug/module/src.armv8/../tfl_delegate.o
                0x000000000000f8e4                std::vector<int, std::allocator<int> >::end()
 .text._ZNSt6vectorIS_IiSaIiEESaIS1_EEixEm
                0x000000000000f90c       0x34 /opt/Jenkins_OUT/workspace/J7_TIDL_Parent/c7x-mma-tidl/ti_dl/release/tidl_j721e_08_06_00_10/arm-tidl/tfl_delegate/out/J7/A72/LINUX/debug/module/src.armv8/../tfl_delegate.o
                0x000000000000f90c                std::vector<std::vector<int, std::allocator<int> >, std::allocator<std::vector<int, std::allocator<int> > > >::operator[](unsigned long)
 .text._ZNSt6vectorIiSaIiEE5beginEv
                0x000000000000f940       0x24 /opt/Jenkins_OUT/workspace/J7_TIDL_Parent/c7x-mma-tidl/ti_dl/release/tidl_j721e_08_06_00_10/arm-tidl/tfl_delegate/out/J7/A72/LINUX/debug/module/src.armv8/../tfl_delegate.o
                0x000000000000f940                std::vector<int, std::allocator<int> >::begin()
 .text._ZN9__gnu_cxx17__normal_iteratorIPKiSt6vectorIiSaIiEEEC2IPiEERKNS0_IT_NS_11__enable_ifIXsrSt10__are_sameIS9_S8_E7__valueES5_E6__typeEEE
                0x000000000000f964       0x30 /opt/Jenkins_OUT/workspace/J7_TIDL_Parent/c7x-mma-tidl/ti_dl/release/tidl_j721e_08_06_00_10/arm-tidl/tfl_delegate/out/J7/A72/LINUX/debug/module/src.armv8/../tfl_delegate.o
                0x000000000000f964                __gnu_cxx::__normal_iterator<int const*, std::vector<int, std::allocator<int> > >::__normal_iterator<int*>(__gnu_cxx::__normal_iterator<int*, __gnu_cxx::__enable_if<std::__are_same<int*, int*>::__value, std::vector<int, std::allocator<int> > >::__type> const&)
                0x000000000000f964                __gnu_cxx::__normal_iterator<int const*, std::vector<int, std::allocator<int> > >::__normal_iterator<int*>(__gnu_cxx::__normal_iterator<int*, __gnu_cxx::__enable_if<std::__are_same<int*, int*>::__value, std::vector<int, std::allocator<int> > >::__type> const&)
 .text._ZNSt6vectorIiSaIiEE6insertIN9__gnu_cxx17__normal_iteratorIPiS1_EEvEES6_NS4_IPKiS1_EET_SA_
                0x000000000000f994       0x8c /opt/Jenkins_OUT/workspace/J7_TIDL_Parent/c7x-mma-tidl/ti_dl/release/tidl_j721e_08_06_00_10/arm-tidl/tfl_delegate/out/J7/A72/LINUX/debug/module/src.armv8/../tfl_delegate.o
                0x000000000000f994                __gnu_cxx::__normal_iterator<int*, std::vector<int, std::allocator<int> > > std::vector<int, std::allocator<int> >::insert<__gnu_cxx::__normal_iterator<int*, std::vector<int, std::allocator<int> > >, void>(__gnu_cxx::__normal_iterator<int const*, std::vector<int, std::allocator<int> > >, __gnu_cxx::__normal_iterator<int*, std::vector<int, std::allocator<int> > >, __gnu_cxx::__normal_iterator<int*, std::vector<int, std::allocator<int> > >)
 .text._ZNSt6vectorIiSaIiEEixEm
                0x000000000000fa20       0x28 /opt/Jenkins_OUT/workspace/J7_TIDL_Parent/c7x-mma-tidl/ti_dl/release/tidl_j721e_08_06_00_10/arm-tidl/tfl_delegate/out/J7/A72/LINUX/debug/module/src.armv8/../tfl_delegate.o
                0x000000000000fa20                std::vector<int, std::allocator<int> >::operator[](unsigned long)
 .text._ZNKSt6vectorIiSaIiEE4sizeEv
                0x000000000000fa48       0x28 /opt/Jenkins_OUT/workspace/J7_TIDL_Parent/c7x-mma-tidl/ti_dl/release/tidl_j721e_08_06_00_10/arm-tidl/tfl_delegate/out/J7/A72/LINUX/debug/module/src.armv8/../tfl_delegate.o
                0x000000000000fa48                std::vector<int, std::allocator<int> >::size() const
 .text._ZNSt6vectorIiSaIiEE4dataEv
                0x000000000000fa70       0x28 /opt/Jenkins_OUT/workspace/J7_TIDL_Parent/c7x-mma-tidl/ti_dl/release/tidl_j721e_08_06_00_10/arm-tidl/tfl_delegate/out/J7/A72/LINUX/debug/module/src.armv8/../tfl_delegate.o
                0x000000000000fa70                std::vector<int, std::allocator<int> >::data()
 .text._ZNSt7__cxx1112basic_stringIcSt11char_traitsIcESaIcEEC2IPcvEET_S7_RKS3_
                0x000000000000fa98       0x6c /opt/Jenkins_OUT/workspace/J7_TIDL_Parent/c7x-mma-tidl/ti_dl/release/tidl_j721e_08_06_00_10/arm-tidl/tfl_delegate/out/J7/A72/LINUX/debug/module/src.armv8/../tfl_delegate.o
                0x000000000000fa98                std::__cxx11::basic_string<char, std::char_traits<char>, std::allocator<char> >::basic_string<char*, void>(char*, char*, std::allocator<char> const&)
                0x000000000000fa98                std::__cxx11::basic_string<char, std::char_traits<char>, std::allocator<char> >::basic_string<char*, void>(char*, char*, std::allocator<char> const&)
 .text._ZNSaImEC2Ev
                0x000000000000fb04       0x20 /opt/Jenkins_OUT/workspace/J7_TIDL_Parent/c7x-mma-tidl/ti_dl/release/tidl_j721e_08_06_00_10/arm-tidl/tfl_delegate/out/J7/A72/LINUX/debug/module/src.armv8/../tfl_delegate.o
                0x000000000000fb04                std::allocator<unsigned long>::allocator()
                0x000000000000fb04                std::allocator<unsigned long>::allocator()
 .text._ZNSt12_Vector_baseImSaImEE17_Vector_impl_dataC2Ev
                0x000000000000fb24       0x2c /opt/Jenkins_OUT/workspace/J7_TIDL_Parent/c7x-mma-tidl/ti_dl/release/tidl_j721e_08_06_00_10/arm-tidl/tfl_delegate/out/J7/A72/LINUX/debug/module/src.armv8/../tfl_delegate.o
                0x000000000000fb24                std::_Vector_base<unsigned long, std::allocator<unsigned long> >::_Vector_impl_data::_Vector_impl_data()
                0x000000000000fb24                std::_Vector_base<unsigned long, std::allocator<unsigned long> >::_Vector_impl_data::_Vector_impl_data()
 .text._ZNSt12_Vector_baseImSaImEE13_M_deallocateEPmm
                0x000000000000fb50       0x3c /opt/Jenkins_OUT/workspace/J7_TIDL_Parent/c7x-mma-tidl/ti_dl/release/tidl_j721e_08_06_00_10/arm-tidl/tfl_delegate/out/J7/A72/LINUX/debug/module/src.armv8/../tfl_delegate.o
                0x000000000000fb50                std::_Vector_base<unsigned long, std::allocator<unsigned long> >::_M_deallocate(unsigned long*, unsigned long)
 .text._ZSt4moveIRmEONSt16remove_referenceIT_E4typeEOS2_
                0x000000000000fb8c       0x14 /opt/Jenkins_OUT/workspace/J7_TIDL_Parent/c7x-mma-tidl/ti_dl/release/tidl_j721e_08_06_00_10/arm-tidl/tfl_delegate/out/J7/A72/LINUX/debug/module/src.armv8/../tfl_delegate.o
                0x000000000000fb8c                std::remove_reference<unsigned long&>::type&& std::move<unsigned long&>(unsigned long&)
 .text._ZNSt6vectorImSaImEE12emplace_backIJmEEEvDpOT_
                0x000000000000fba0       0x9c /opt/Jenkins_OUT/workspace/J7_TIDL_Parent/c7x-mma-tidl/ti_dl/release/tidl_j721e_08_06_00_10/arm-tidl/tfl_delegate/out/J7/A72/LINUX/debug/module/src.armv8/../tfl_delegate.o
                0x000000000000fba0                void std::vector<unsigned long, std::allocator<unsigned long> >::emplace_back<unsigned long>(unsigned long&&)
 .text._ZNSt12_Vector_baseISt6vectorIiSaIiEESaIS2_EE19_M_get_Tp_allocatorEv
                0x000000000000fc3c       0x14 /opt/Jenkins_OUT/workspace/J7_TIDL_Parent/c7x-mma-tidl/ti_dl/release/tidl_j721e_08_06_00_10/arm-tidl/tfl_delegate/out/J7/A72/LINUX/debug/module/src.armv8/../tfl_delegate.o
                0x000000000000fc3c                std::_Vector_base<std::vector<int, std::allocator<int> >, std::allocator<std::vector<int, std::allocator<int> > > >::_M_get_Tp_allocator()
 .text._ZSt8_DestroyIPSt6vectorIiSaIiEES2_EvT_S4_RSaIT0_E
                0x000000000000fc50       0x2c /opt/Jenkins_OUT/workspace/J7_TIDL_Parent/c7x-mma-tidl/ti_dl/release/tidl_j721e_08_06_00_10/arm-tidl/tfl_delegate/out/J7/A72/LINUX/debug/module/src.armv8/../tfl_delegate.o
                0x000000000000fc50                void std::_Destroy<std::vector<int, std::allocator<int> >*, std::vector<int, std::allocator<int> > >(std::vector<int, std::allocator<int> >*, std::vector<int, std::allocator<int> >*, std::allocator<std::vector<int, std::allocator<int> > >&)
 .text._ZN9__gnu_cxx13new_allocatorISt6vectorIiSaIiEEED2Ev
                0x000000000000fc7c       0x14 /opt/Jenkins_OUT/workspace/J7_TIDL_Parent/c7x-mma-tidl/ti_dl/release/tidl_j721e_08_06_00_10/arm-tidl/tfl_delegate/out/J7/A72/LINUX/debug/module/src.armv8/../tfl_delegate.o
                0x000000000000fc7c                __gnu_cxx::new_allocator<std::vector<int, std::allocator<int> > >::~new_allocator()
                0x000000000000fc7c                __gnu_cxx::new_allocator<std::vector<int, std::allocator<int> > >::~new_allocator()
 .text._ZNSt12_Vector_baseISt6vectorIiSaIiEESaIS2_EE13_M_deallocateEPS2_m
                0x000000000000fc90       0x3c /opt/Jenkins_OUT/workspace/J7_TIDL_Parent/c7x-mma-tidl/ti_dl/release/tidl_j721e_08_06_00_10/arm-tidl/tfl_delegate/out/J7/A72/LINUX/debug/module/src.armv8/../tfl_delegate.o
                0x000000000000fc90                std::_Vector_base<std::vector<int, std::allocator<int> >, std::allocator<std::vector<int, std::allocator<int> > > >::_M_deallocate(std::vector<int, std::allocator<int> >*, unsigned long)
 .text._ZN9__gnu_cxx13new_allocatorIiEC2Ev
                0x000000000000fccc       0x14 /opt/Jenkins_OUT/workspace/J7_TIDL_Parent/c7x-mma-tidl/ti_dl/release/tidl_j721e_08_06_00_10/arm-tidl/tfl_delegate/out/J7/A72/LINUX/debug/module/src.armv8/../tfl_delegate.o
                0x000000000000fccc                __gnu_cxx::new_allocator<int>::new_allocator()
                0x000000000000fccc                __gnu_cxx::new_allocator<int>::new_allocator()
 .text._ZN9__gnu_cxx13new_allocatorIiED2Ev
                0x000000000000fce0       0x14 /opt/Jenkins_OUT/workspace/J7_TIDL_Parent/c7x-mma-tidl/ti_dl/release/tidl_j721e_08_06_00_10/arm-tidl/tfl_delegate/out/J7/A72/LINUX/debug/module/src.armv8/../tfl_delegate.o
                0x000000000000fce0                __gnu_cxx::new_allocator<int>::~new_allocator()
                0x000000000000fce0                __gnu_cxx::new_allocator<int>::~new_allocator()
 .text._ZNSt6vectorIiSaIiEE17_S_check_init_lenEmRKS0_
                0x000000000000fcf4       0x68 /opt/Jenkins_OUT/workspace/J7_TIDL_Parent/c7x-mma-tidl/ti_dl/release/tidl_j721e_08_06_00_10/arm-tidl/tfl_delegate/out/J7/A72/LINUX/debug/module/src.armv8/../tfl_delegate.o
                0x000000000000fcf4                std::vector<int, std::allocator<int> >::_S_check_init_len(unsigned long, std::allocator<int> const&)
 .text._ZNSt12_Vector_baseIiSaIiEE12_Vector_implD2Ev
                0x000000000000fd5c       0x20 /opt/Jenkins_OUT/workspace/J7_TIDL_Parent/c7x-mma-tidl/ti_dl/release/tidl_j721e_08_06_00_10/arm-tidl/tfl_delegate/out/J7/A72/LINUX/debug/module/src.armv8/../tfl_delegate.o
                0x000000000000fd5c                std::_Vector_base<int, std::allocator<int> >::_Vector_impl::~_Vector_impl()
                0x000000000000fd5c                std::_Vector_base<int, std::allocator<int> >::_Vector_impl::~_Vector_impl()
 .text._ZNSt12_Vector_baseIiSaIiEEC2EmRKS0_
                0x000000000000fd7c       0x54 /opt/Jenkins_OUT/workspace/J7_TIDL_Parent/c7x-mma-tidl/ti_dl/release/tidl_j721e_08_06_00_10/arm-tidl/tfl_delegate/out/J7/A72/LINUX/debug/module/src.armv8/../tfl_delegate.o
                0x000000000000fd7c                std::_Vector_base<int, std::allocator<int> >::_Vector_base(unsigned long, std::allocator<int> const&)
                0x000000000000fd7c                std::_Vector_base<int, std::allocator<int> >::_Vector_base(unsigned long, std::allocator<int> const&)
 .text._ZNSt12_Vector_baseIiSaIiEED2Ev
                0x000000000000fdd0       0x50 /opt/Jenkins_OUT/workspace/J7_TIDL_Parent/c7x-mma-tidl/ti_dl/release/tidl_j721e_08_06_00_10/arm-tidl/tfl_delegate/out/J7/A72/LINUX/debug/module/src.armv8/../tfl_delegate.o
                0x000000000000fdd0                std::_Vector_base<int, std::allocator<int> >::~_Vector_base()
                0x000000000000fdd0                std::_Vector_base<int, std::allocator<int> >::~_Vector_base()
 .text._ZNSt6vectorIiSaIiEE21_M_default_initializeEm
                0x000000000000fe20       0x50 /opt/Jenkins_OUT/workspace/J7_TIDL_Parent/c7x-mma-tidl/ti_dl/release/tidl_j721e_08_06_00_10/arm-tidl/tfl_delegate/out/J7/A72/LINUX/debug/module/src.armv8/../tfl_delegate.o
                0x000000000000fe20                std::vector<int, std::allocator<int> >::_M_default_initialize(unsigned long)
 .text._ZNSt12_Vector_baseIiSaIiEE19_M_get_Tp_allocatorEv
                0x000000000000fe70       0x14 /opt/Jenkins_OUT/workspace/J7_TIDL_Parent/c7x-mma-tidl/ti_dl/release/tidl_j721e_08_06_00_10/arm-tidl/tfl_delegate/out/J7/A72/LINUX/debug/module/src.armv8/../tfl_delegate.o
                0x000000000000fe70                std::_Vector_base<int, std::allocator<int> >::_M_get_Tp_allocator()
 .text._ZSt8_DestroyIPiiEvT_S1_RSaIT0_E
                0x000000000000fe84       0x2c /opt/Jenkins_OUT/workspace/J7_TIDL_Parent/c7x-mma-tidl/ti_dl/release/tidl_j721e_08_06_00_10/arm-tidl/tfl_delegate/out/J7/A72/LINUX/debug/module/src.armv8/../tfl_delegate.o
                0x000000000000fe84                void std::_Destroy<int*, int>(int*, int*, std::allocator<int>&)
 .text._ZN9__gnu_cxx17__normal_iteratorIPiSt6vectorIiSaIiEEEC2ERKS1_
                0x000000000000feb0       0x28 /opt/Jenkins_OUT/workspace/J7_TIDL_Parent/c7x-mma-tidl/ti_dl/release/tidl_j721e_08_06_00_10/arm-tidl/tfl_delegate/out/J7/A72/LINUX/debug/module/src.armv8/../tfl_delegate.o
                0x000000000000feb0                __gnu_cxx::__normal_iterator<int*, std::vector<int, std::allocator<int> > >::__normal_iterator(int* const&)
                0x000000000000feb0                __gnu_cxx::__normal_iterator<int*, std::vector<int, std::allocator<int> > >::__normal_iterator(int* const&)
 .text._ZNK9__gnu_cxx17__normal_iteratorIPiSt6vectorIiSaIiEEE4baseEv
                0x000000000000fed8       0x14 /opt/Jenkins_OUT/workspace/J7_TIDL_Parent/c7x-mma-tidl/ti_dl/release/tidl_j721e_08_06_00_10/arm-tidl/tfl_delegate/out/J7/A72/LINUX/debug/module/src.armv8/../tfl_delegate.o
                0x000000000000fed8                __gnu_cxx::__normal_iterator<int*, std::vector<int, std::allocator<int> > >::base() const
 .text._ZNKSt6vectorIiSaIiEE6cbeginEv
                0x000000000000feec       0x30 /opt/Jenkins_OUT/workspace/J7_TIDL_Parent/c7x-mma-tidl/ti_dl/release/tidl_j721e_08_06_00_10/arm-tidl/tfl_delegate/out/J7/A72/LINUX/debug/module/src.armv8/../tfl_delegate.o
                0x000000000000feec                std::vector<int, std::allocator<int> >::cbegin() const
 .text._ZN9__gnu_cxxmiIPKiSt6vectorIiSaIiEEEENS_17__normal_iteratorIT_T0_E15difference_typeERKS9_SC_
                0x000000000000ff1c       0x40 /opt/Jenkins_OUT/workspace/J7_TIDL_Parent/c7x-mma-tidl/ti_dl/release/tidl_j721e_08_06_00_10/arm-tidl/tfl_delegate/out/J7/A72/LINUX/debug/module/src.armv8/../tfl_delegate.o
                0x000000000000ff1c                __gnu_cxx::__normal_iterator<int const*, std::vector<int, std::allocator<int> > >::difference_type __gnu_cxx::operator-<int const*, std::vector<int, std::allocator<int> > >(__gnu_cxx::__normal_iterator<int const*, std::vector<int, std::allocator<int> > > const&, __gnu_cxx::__normal_iterator<int const*, std::vector<int, std::allocator<int> > > const&)
 .text._ZNK9__gnu_cxx17__normal_iteratorIPiSt6vectorIiSaIiEEEplEl
                0x000000000000ff5c       0x40 /opt/Jenkins_OUT/workspace/J7_TIDL_Parent/c7x-mma-tidl/ti_dl/release/tidl_j721e_08_06_00_10/arm-tidl/tfl_delegate/out/J7/A72/LINUX/debug/module/src.armv8/../tfl_delegate.o
                0x000000000000ff5c                __gnu_cxx::__normal_iterator<int*, std::vector<int, std::allocator<int> > >::operator+(long) const
 .text._ZNSt6vectorIiSaIiEE18_M_insert_dispatchIN9__gnu_cxx17__normal_iteratorIPiS1_EEEEvS6_T_S7_St12__false_type
                0x000000000000ff9c       0x50 /opt/Jenkins_OUT/workspace/J7_TIDL_Parent/c7x-mma-tidl/ti_dl/release/tidl_j721e_08_06_00_10/arm-tidl/tfl_delegate/out/J7/A72/LINUX/debug/module/src.armv8/../tfl_delegate.o
                0x000000000000ff9c                void std::vector<int, std::allocator<int> >::_M_insert_dispatch<__gnu_cxx::__normal_iterator<int*, std::vector<int, std::allocator<int> > > >(__gnu_cxx::__normal_iterator<int*, std::vector<int, std::allocator<int> > >, __gnu_cxx::__normal_iterator<int*, std::vector<int, std::allocator<int> > >, __gnu_cxx::__normal_iterator<int*, std::vector<int, std::allocator<int> > >, std::__false_type)
 .text._ZNKSt6vectorIiSaIiEE11_M_data_ptrIiEEPT_S4_
                0x000000000000ffec       0x18 /opt/Jenkins_OUT/workspace/J7_TIDL_Parent/c7x-mma-tidl/ti_dl/release/tidl_j721e_08_06_00_10/arm-tidl/tfl_delegate/out/J7/A72/LINUX/debug/module/src.armv8/../tfl_delegate.o
                0x000000000000ffec                int* std::vector<int, std::allocator<int> >::_M_data_ptr<int>(int*) const
 .text._ZNSt7__cxx1112basic_stringIcSt11char_traitsIcESaIcEE12_M_constructIPcEEvT_S7_
                0x0000000000010004       0x30 /opt/Jenkins_OUT/workspace/J7_TIDL_Parent/c7x-mma-tidl/ti_dl/release/tidl_j721e_08_06_00_10/arm-tidl/tfl_delegate/out/J7/A72/LINUX/debug/module/src.armv8/../tfl_delegate.o
                0x0000000000010004                void std::__cxx11::basic_string<char, std::char_traits<char>, std::allocator<char> >::_M_construct<char*>(char*, char*)
 .text._ZN9__gnu_cxx13new_allocatorImEC2Ev
                0x0000000000010034       0x14 /opt/Jenkins_OUT/workspace/J7_TIDL_Parent/c7x-mma-tidl/ti_dl/release/tidl_j721e_08_06_00_10/arm-tidl/tfl_delegate/out/J7/A72/LINUX/debug/module/src.armv8/../tfl_delegate.o
                0x0000000000010034                __gnu_cxx::new_allocator<unsigned long>::new_allocator()
                0x0000000000010034                __gnu_cxx::new_allocator<unsigned long>::new_allocator()
 .text._ZNSt16allocator_traitsISaImEE10deallocateERS0_Pmm
                0x0000000000010048       0x30 /opt/Jenkins_OUT/workspace/J7_TIDL_Parent/c7x-mma-tidl/ti_dl/release/tidl_j721e_08_06_00_10/arm-tidl/tfl_delegate/out/J7/A72/LINUX/debug/module/src.armv8/../tfl_delegate.o
                0x0000000000010048                std::allocator_traits<std::allocator<unsigned long> >::deallocate(std::allocator<unsigned long>&, unsigned long*, unsigned long)
 .text._ZSt7forwardImEOT_RNSt16remove_referenceIS0_E4typeE
                0x0000000000010078       0x14 /opt/Jenkins_OUT/workspace/J7_TIDL_Parent/c7x-mma-tidl/ti_dl/release/tidl_j721e_08_06_00_10/arm-tidl/tfl_delegate/out/J7/A72/LINUX/debug/module/src.armv8/../tfl_delegate.o
                0x0000000000010078                unsigned long&& std::forward<unsigned long>(std::remove_reference<unsigned long>::type&)
 .text._ZNSt16allocator_traitsISaImEE9constructImJmEEEvRS0_PT_DpOT0_
                0x000000000001008c       0x38 /opt/Jenkins_OUT/workspace/J7_TIDL_Parent/c7x-mma-tidl/ti_dl/release/tidl_j721e_08_06_00_10/arm-tidl/tfl_delegate/out/J7/A72/LINUX/debug/module/src.armv8/../tfl_delegate.o
                0x000000000001008c                void std::allocator_traits<std::allocator<unsigned long> >::construct<unsigned long, unsigned long>(std::allocator<unsigned long>&, unsigned long*, unsigned long&&)
 .text._ZNSt6vectorImSaImEE3endEv
                0x00000000000100c4       0x28 /opt/Jenkins_OUT/workspace/J7_TIDL_Parent/c7x-mma-tidl/ti_dl/release/tidl_j721e_08_06_00_10/arm-tidl/tfl_delegate/out/J7/A72/LINUX/debug/module/src.armv8/../tfl_delegate.o
                0x00000000000100c4                std::vector<unsigned long, std::allocator<unsigned long> >::end()
 .text._ZNSt6vectorImSaImEE15_S_use_relocateEv
                0x00000000000100ec       0x18 /opt/Jenkins_OUT/workspace/J7_TIDL_Parent/c7x-mma-tidl/ti_dl/release/tidl_j721e_08_06_00_10/arm-tidl/tfl_delegate/out/J7/A72/LINUX/debug/module/src.armv8/../tfl_delegate.o
                0x00000000000100ec                std::vector<unsigned long, std::allocator<unsigned long> >::_S_use_relocate()
 .text._ZNSt6vectorImSaImEE19_S_nothrow_relocateESt17integral_constantIbLb1EE
                0x0000000000010104       0x14 /opt/Jenkins_OUT/workspace/J7_TIDL_Parent/c7x-mma-tidl/ti_dl/release/tidl_j721e_08_06_00_10/arm-tidl/tfl_delegate/out/J7/A72/LINUX/debug/module/src.armv8/../tfl_delegate.o
                0x0000000000010104                std::vector<unsigned long, std::allocator<unsigned long> >::_S_nothrow_relocate(std::integral_constant<bool, true>)
 .text._ZNSt6vectorImSaImEE17_M_realloc_insertIJmEEEvN9__gnu_cxx17__normal_iteratorIPmS1_EEDpOT_
                0x0000000000010118      0x290 /opt/Jenkins_OUT/workspace/J7_TIDL_Parent/c7x-mma-tidl/ti_dl/release/tidl_j721e_08_06_00_10/arm-tidl/tfl_delegate/out/J7/A72/LINUX/debug/module/src.armv8/../tfl_delegate.o
                0x0000000000010118                void std::vector<unsigned long, std::allocator<unsigned long> >::_M_realloc_insert<unsigned long>(__gnu_cxx::__normal_iterator<unsigned long*, std::vector<unsigned long, std::allocator<unsigned long> > >, unsigned long&&)
 .text._ZSt8_DestroyIPSt6vectorIiSaIiEEEvT_S4_
                0x00000000000103a8       0x28 /opt/Jenkins_OUT/workspace/J7_TIDL_Parent/c7x-mma-tidl/ti_dl/release/tidl_j721e_08_06_00_10/arm-tidl/tfl_delegate/out/J7/A72/LINUX/debug/module/src.armv8/../tfl_delegate.o
                0x00000000000103a8                void std::_Destroy<std::vector<int, std::allocator<int> >*>(std::vector<int, std::allocator<int> >*, std::vector<int, std::allocator<int> >*)
 .text._ZNSt16allocator_traitsISaISt6vectorIiSaIiEEEE10deallocateERS3_PS2_m
                0x00000000000103d0       0x30 /opt/Jenkins_OUT/workspace/J7_TIDL_Parent/c7x-mma-tidl/ti_dl/release/tidl_j721e_08_06_00_10/arm-tidl/tfl_delegate/out/J7/A72/LINUX/debug/module/src.armv8/../tfl_delegate.o
                0x00000000000103d0                std::allocator_traits<std::allocator<std::vector<int, std::allocator<int> > > >::deallocate(std::allocator<std::vector<int, std::allocator<int> > >&, std::vector<int, std::allocator<int> >*, unsigned long)
 .text._ZNSt6vectorIiSaIiEE11_S_max_sizeERKS0_
                0x0000000000010400       0x38 /opt/Jenkins_OUT/workspace/J7_TIDL_Parent/c7x-mma-tidl/ti_dl/release/tidl_j721e_08_06_00_10/arm-tidl/tfl_delegate/out/J7/A72/LINUX/debug/module/src.armv8/../tfl_delegate.o
                0x0000000000010400                std::vector<int, std::allocator<int> >::_S_max_size(std::allocator<int> const&)
 .text._ZNSaIiEC2ERKS_
                0x0000000000010438       0x28 /opt/Jenkins_OUT/workspace/J7_TIDL_Parent/c7x-mma-tidl/ti_dl/release/tidl_j721e_08_06_00_10/arm-tidl/tfl_delegate/out/J7/A72/LINUX/debug/module/src.armv8/../tfl_delegate.o
                0x0000000000010438                std::allocator<int>::allocator(std::allocator<int> const&)
                0x0000000000010438                std::allocator<int>::allocator(std::allocator<int> const&)
 .text._ZNSt12_Vector_baseIiSaIiEE12_Vector_implC2ERKS0_
                0x0000000000010460       0x30 /opt/Jenkins_OUT/workspace/J7_TIDL_Parent/c7x-mma-tidl/ti_dl/release/tidl_j721e_08_06_00_10/arm-tidl/tfl_delegate/out/J7/A72/LINUX/debug/module/src.armv8/../tfl_delegate.o
                0x0000000000010460                std::_Vector_base<int, std::allocator<int> >::_Vector_impl::_Vector_impl(std::allocator<int> const&)
                0x0000000000010460                std::_Vector_base<int, std::allocator<int> >::_Vector_impl::_Vector_impl(std::allocator<int> const&)
 .text._ZNSt12_Vector_baseIiSaIiEE17_M_create_storageEm
                0x0000000000010490       0x60 /opt/Jenkins_OUT/workspace/J7_TIDL_Parent/c7x-mma-tidl/ti_dl/release/tidl_j721e_08_06_00_10/arm-tidl/tfl_delegate/out/J7/A72/LINUX/debug/module/src.armv8/../tfl_delegate.o
                0x0000000000010490                std::_Vector_base<int, std::allocator<int> >::_M_create_storage(unsigned long)
 .text._ZNSt12_Vector_baseIiSaIiEE13_M_deallocateEPim
                0x00000000000104f0       0x3c /opt/Jenkins_OUT/workspace/J7_TIDL_Parent/c7x-mma-tidl/ti_dl/release/tidl_j721e_08_06_00_10/arm-tidl/tfl_delegate/out/J7/A72/LINUX/debug/module/src.armv8/../tfl_delegate.o
                0x00000000000104f0                std::_Vector_base<int, std::allocator<int> >::_M_deallocate(int*, unsigned long)
 .text._ZSt27__uninitialized_default_n_aIPimiET_S1_T0_RSaIT1_E
                0x000000000001052c       0x28 /opt/Jenkins_OUT/workspace/J7_TIDL_Parent/c7x-mma-tidl/ti_dl/release/tidl_j721e_08_06_00_10/arm-tidl/tfl_delegate/out/J7/A72/LINUX/debug/module/src.armv8/../tfl_delegate.o
                0x000000000001052c                int* std::__uninitialized_default_n_a<int*, unsigned long, int>(int*, unsigned long, std::allocator<int>&)
 .text._ZSt8_DestroyIPiEvT_S1_
                0x0000000000010554       0x28 /opt/Jenkins_OUT/workspace/J7_TIDL_Parent/c7x-mma-tidl/ti_dl/release/tidl_j721e_08_06_00_10/arm-tidl/tfl_delegate/out/J7/A72/LINUX/debug/module/src.armv8/../tfl_delegate.o
                0x0000000000010554                void std::_Destroy<int*>(int*, int*)
 .text._ZN9__gnu_cxx17__normal_iteratorIPKiSt6vectorIiSaIiEEEC2ERKS2_
                0x000000000001057c       0x28 /opt/Jenkins_OUT/workspace/J7_TIDL_Parent/c7x-mma-tidl/ti_dl/release/tidl_j721e_08_06_00_10/arm-tidl/tfl_delegate/out/J7/A72/LINUX/debug/module/src.armv8/../tfl_delegate.o
                0x000000000001057c                __gnu_cxx::__normal_iterator<int const*, std::vector<int, std::allocator<int> > >::__normal_iterator(int const* const&)
                0x000000000001057c                __gnu_cxx::__normal_iterator<int const*, std::vector<int, std::allocator<int> > >::__normal_iterator(int const* const&)
 .text._ZNK9__gnu_cxx17__normal_iteratorIPKiSt6vectorIiSaIiEEE4baseEv
                0x00000000000105a4       0x14 /opt/Jenkins_OUT/workspace/J7_TIDL_Parent/c7x-mma-tidl/ti_dl/release/tidl_j721e_08_06_00_10/arm-tidl/tfl_delegate/out/J7/A72/LINUX/debug/module/src.armv8/../tfl_delegate.o
                0x00000000000105a4                __gnu_cxx::__normal_iterator<int const*, std::vector<int, std::allocator<int> > >::base() const
 .text._ZSt19__iterator_categoryIN9__gnu_cxx17__normal_iteratorIPiSt6vectorIiSaIiEEEEENSt15iterator_traitsIT_E17iterator_categoryERKS8_
                0x00000000000105b8       0x14 /opt/Jenkins_OUT/workspace/J7_TIDL_Parent/c7x-mma-tidl/ti_dl/release/tidl_j721e_08_06_00_10/arm-tidl/tfl_delegate/out/J7/A72/LINUX/debug/module/src.armv8/../tfl_delegate.o
                0x00000000000105b8                std::iterator_traits<__gnu_cxx::__normal_iterator<int*, std::vector<int, std::allocator<int> > > >::iterator_category std::__iterator_category<__gnu_cxx::__normal_iterator<int*, std::vector<int, std::allocator<int> > > >(__gnu_cxx::__normal_iterator<int*, std::vector<int, std::allocator<int> > > const&)
 .text._ZNSt6vectorIiSaIiEE15_M_range_insertIN9__gnu_cxx17__normal_iteratorIPiS1_EEEEvS6_T_S7_St20forward_iterator_tag
                0x00000000000105cc      0x3a8 /opt/Jenkins_OUT/workspace/J7_TIDL_Parent/c7x-mma-tidl/ti_dl/release/tidl_j721e_08_06_00_10/arm-tidl/tfl_delegate/out/J7/A72/LINUX/debug/module/src.armv8/../tfl_delegate.o
                0x00000000000105cc                void std::vector<int, std::allocator<int> >::_M_range_insert<__gnu_cxx::__normal_iterator<int*, std::vector<int, std::allocator<int> > > >(__gnu_cxx::__normal_iterator<int*, std::vector<int, std::allocator<int> > >, __gnu_cxx::__normal_iterator<int*, std::vector<int, std::allocator<int> > >, __gnu_cxx::__normal_iterator<int*, std::vector<int, std::allocator<int> > >, std::forward_iterator_tag)
 .text._ZNSt7__cxx1112basic_stringIcSt11char_traitsIcESaIcEE16_M_construct_auxIPcEEvT_S7_St12__false_type
                0x0000000000010974       0x38 /opt/Jenkins_OUT/workspace/J7_TIDL_Parent/c7x-mma-tidl/ti_dl/release/tidl_j721e_08_06_00_10/arm-tidl/tfl_delegate/out/J7/A72/LINUX/debug/module/src.armv8/../tfl_delegate.o
                0x0000000000010974                void std::__cxx11::basic_string<char, std::char_traits<char>, std::allocator<char> >::_M_construct_aux<char*>(char*, char*, std::__false_type)
 .text._ZN9__gnu_cxx13new_allocatorImE10deallocateEPmm
                0x00000000000109ac       0x28 /opt/Jenkins_OUT/workspace/J7_TIDL_Parent/c7x-mma-tidl/ti_dl/release/tidl_j721e_08_06_00_10/arm-tidl/tfl_delegate/out/J7/A72/LINUX/debug/module/src.armv8/../tfl_delegate.o
                0x00000000000109ac                __gnu_cxx::new_allocator<unsigned long>::deallocate(unsigned long*, unsigned long)
 .text._ZN9__gnu_cxx13new_allocatorImE9constructImJmEEEvPT_DpOT0_
                0x00000000000109d4       0x48 /opt/Jenkins_OUT/workspace/J7_TIDL_Parent/c7x-mma-tidl/ti_dl/release/tidl_j721e_08_06_00_10/arm-tidl/tfl_delegate/out/J7/A72/LINUX/debug/module/src.armv8/../tfl_delegate.o
                0x00000000000109d4                void __gnu_cxx::new_allocator<unsigned long>::construct<unsigned long, unsigned long>(unsigned long*, unsigned long&&)
 .text._ZN9__gnu_cxx17__normal_iteratorIPmSt6vectorImSaImEEEC2ERKS1_
                0x0000000000010a1c       0x28 /opt/Jenkins_OUT/workspace/J7_TIDL_Parent/c7x-mma-tidl/ti_dl/release/tidl_j721e_08_06_00_10/arm-tidl/tfl_delegate/out/J7/A72/LINUX/debug/module/src.armv8/../tfl_delegate.o
                0x0000000000010a1c                __gnu_cxx::__normal_iterator<unsigned long*, std::vector<unsigned long, std::allocator<unsigned long> > >::__normal_iterator(unsigned long* const&)
                0x0000000000010a1c                __gnu_cxx::__normal_iterator<unsigned long*, std::vector<unsigned long, std::allocator<unsigned long> > >::__normal_iterator(unsigned long* const&)
 .text._ZNKSt6vectorImSaImEE12_M_check_lenEmPKc
                0x0000000000010a44       0xcc /opt/Jenkins_OUT/workspace/J7_TIDL_Parent/c7x-mma-tidl/ti_dl/release/tidl_j721e_08_06_00_10/arm-tidl/tfl_delegate/out/J7/A72/LINUX/debug/module/src.armv8/../tfl_delegate.o
                0x0000000000010a44                std::vector<unsigned long, std::allocator<unsigned long> >::_M_check_len(unsigned long, char const*) const
 .text._ZNSt6vectorImSaImEE5beginEv
                0x0000000000010b10       0x24 /opt/Jenkins_OUT/workspace/J7_TIDL_Parent/c7x-mma-tidl/ti_dl/release/tidl_j721e_08_06_00_10/arm-tidl/tfl_delegate/out/J7/A72/LINUX/debug/module/src.armv8/../tfl_delegate.o
                0x0000000000010b10                std::vector<unsigned long, std::allocator<unsigned long> >::begin()
 .text._ZN9__gnu_cxxmiIPmSt6vectorImSaImEEEENS_17__normal_iteratorIT_T0_E15difference_typeERKS8_SB_
                0x0000000000010b34       0x40 /opt/Jenkins_OUT/workspace/J7_TIDL_Parent/c7x-mma-tidl/ti_dl/release/tidl_j721e_08_06_00_10/arm-tidl/tfl_delegate/out/J7/A72/LINUX/debug/module/src.armv8/../tfl_delegate.o
                0x0000000000010b34                __gnu_cxx::__normal_iterator<unsigned long*, std::vector<unsigned long, std::allocator<unsigned long> > >::difference_type __gnu_cxx::operator-<unsigned long*, std::vector<unsigned long, std::allocator<unsigned long> > >(__gnu_cxx::__normal_iterator<unsigned long*, std::vector<unsigned long, std::allocator<unsigned long> > > const&, __gnu_cxx::__normal_iterator<unsigned long*, std::vector<unsigned long, std::allocator<unsigned long> > > const&)
 .text._ZNSt12_Vector_baseImSaImEE11_M_allocateEm
                0x0000000000010b74       0x38 /opt/Jenkins_OUT/workspace/J7_TIDL_Parent/c7x-mma-tidl/ti_dl/release/tidl_j721e_08_06_00_10/arm-tidl/tfl_delegate/out/J7/A72/LINUX/debug/module/src.armv8/../tfl_delegate.o
                0x0000000000010b74                std::_Vector_base<unsigned long, std::allocator<unsigned long> >::_M_allocate(unsigned long)
 .text._ZNSt6vectorImSaImEE11_S_relocateEPmS2_S2_RS0_
                0x0000000000010bac       0x34 /opt/Jenkins_OUT/workspace/J7_TIDL_Parent/c7x-mma-tidl/ti_dl/release/tidl_j721e_08_06_00_10/arm-tidl/tfl_delegate/out/J7/A72/LINUX/debug/module/src.armv8/../tfl_delegate.o
                0x0000000000010bac                std::vector<unsigned long, std::allocator<unsigned long> >::_S_relocate(unsigned long*, unsigned long*, unsigned long*, std::allocator<unsigned long>&)
 .text._ZNK9__gnu_cxx17__normal_iteratorIPmSt6vectorImSaImEEE4baseEv
                0x0000000000010be0       0x14 /opt/Jenkins_OUT/workspace/J7_TIDL_Parent/c7x-mma-tidl/ti_dl/release/tidl_j721e_08_06_00_10/arm-tidl/tfl_delegate/out/J7/A72/LINUX/debug/module/src.armv8/../tfl_delegate.o
                0x0000000000010be0                __gnu_cxx::__normal_iterator<unsigned long*, std::vector<unsigned long, std::allocator<unsigned long> > >::base() const
 .text._ZNSt12_Vector_baseImSaImEE19_M_get_Tp_allocatorEv
                0x0000000000010bf4       0x14 /opt/Jenkins_OUT/workspace/J7_TIDL_Parent/c7x-mma-tidl/ti_dl/release/tidl_j721e_08_06_00_10/arm-tidl/tfl_delegate/out/J7/A72/LINUX/debug/module/src.armv8/../tfl_delegate.o
                0x0000000000010bf4                std::_Vector_base<unsigned long, std::allocator<unsigned long> >::_M_get_Tp_allocator()
 .text._ZSt34__uninitialized_move_if_noexcept_aIPmS0_SaImEET0_T_S3_S2_RT1_
                0x0000000000010c08       0x50 /opt/Jenkins_OUT/workspace/J7_TIDL_Parent/c7x-mma-tidl/ti_dl/release/tidl_j721e_08_06_00_10/arm-tidl/tfl_delegate/out/J7/A72/LINUX/debug/module/src.armv8/../tfl_delegate.o
                0x0000000000010c08                unsigned long* std::__uninitialized_move_if_noexcept_a<unsigned long*, unsigned long*, std::allocator<unsigned long> >(unsigned long*, unsigned long*, unsigned long*, std::allocator<unsigned long>&)
 .text._ZNSt16allocator_traitsISaImEE7destroyImEEvRS0_PT_
                0x0000000000010c58       0x28 /opt/Jenkins_OUT/workspace/J7_TIDL_Parent/c7x-mma-tidl/ti_dl/release/tidl_j721e_08_06_00_10/arm-tidl/tfl_delegate/out/J7/A72/LINUX/debug/module/src.armv8/../tfl_delegate.o
                0x0000000000010c58                void std::allocator_traits<std::allocator<unsigned long> >::destroy<unsigned long>(std::allocator<unsigned long>&, unsigned long*)
 .text._ZSt8_DestroyIPmmEvT_S1_RSaIT0_E
                0x0000000000010c80       0x2c /opt/Jenkins_OUT/workspace/J7_TIDL_Parent/c7x-mma-tidl/ti_dl/release/tidl_j721e_08_06_00_10/arm-tidl/tfl_delegate/out/J7/A72/LINUX/debug/module/src.armv8/../tfl_delegate.o
                0x0000000000010c80                void std::_Destroy<unsigned long*, unsigned long>(unsigned long*, unsigned long*, std::allocator<unsigned long>&)
 .text._ZNSt12_Destroy_auxILb0EE9__destroyIPSt6vectorIiSaIiEEEEvT_S6_
                0x0000000000010cac       0x48 /opt/Jenkins_OUT/workspace/J7_TIDL_Parent/c7x-mma-tidl/ti_dl/release/tidl_j721e_08_06_00_10/arm-tidl/tfl_delegate/out/J7/A72/LINUX/debug/module/src.armv8/../tfl_delegate.o
                0x0000000000010cac                void std::_Destroy_aux<false>::__destroy<std::vector<int, std::allocator<int> >*>(std::vector<int, std::allocator<int> >*, std::vector<int, std::allocator<int> >*)
 .text._ZN9__gnu_cxx13new_allocatorISt6vectorIiSaIiEEE10deallocateEPS3_m
                0x0000000000010cf4       0x28 /opt/Jenkins_OUT/workspace/J7_TIDL_Parent/c7x-mma-tidl/ti_dl/release/tidl_j721e_08_06_00_10/arm-tidl/tfl_delegate/out/J7/A72/LINUX/debug/module/src.armv8/../tfl_delegate.o
                0x0000000000010cf4                __gnu_cxx::new_allocator<std::vector<int, std::allocator<int> > >::deallocate(std::vector<int, std::allocator<int> >*, unsigned long)
 .text._ZNSt16allocator_traitsISaIiEE8max_sizeERKS0_
                0x0000000000010d1c       0x1c /opt/Jenkins_OUT/workspace/J7_TIDL_Parent/c7x-mma-tidl/ti_dl/release/tidl_j721e_08_06_00_10/arm-tidl/tfl_delegate/out/J7/A72/LINUX/debug/module/src.armv8/../tfl_delegate.o
                0x0000000000010d1c                std::allocator_traits<std::allocator<int> >::max_size(std::allocator<int> const&)
 .text._ZSt3minImERKT_S2_S2_
                0x0000000000010d38       0x38 /opt/Jenkins_OUT/workspace/J7_TIDL_Parent/c7x-mma-tidl/ti_dl/release/tidl_j721e_08_06_00_10/arm-tidl/tfl_delegate/out/J7/A72/LINUX/debug/module/src.armv8/../tfl_delegate.o
                0x0000000000010d38                unsigned long const& std::min<unsigned long>(unsigned long const&, unsigned long const&)
 .text._ZN9__gnu_cxx13new_allocatorIiEC2ERKS1_
                0x0000000000010d70       0x18 /opt/Jenkins_OUT/workspace/J7_TIDL_Parent/c7x-mma-tidl/ti_dl/release/tidl_j721e_08_06_00_10/arm-tidl/tfl_delegate/out/J7/A72/LINUX/debug/module/src.armv8/../tfl_delegate.o
                0x0000000000010d70                __gnu_cxx::new_allocator<int>::new_allocator(__gnu_cxx::new_allocator<int> const&)
                0x0000000000010d70                __gnu_cxx::new_allocator<int>::new_allocator(__gnu_cxx::new_allocator<int> const&)
 .text._ZNSt12_Vector_baseIiSaIiEE17_Vector_impl_dataC2Ev
                0x0000000000010d88       0x2c /opt/Jenkins_OUT/workspace/J7_TIDL_Parent/c7x-mma-tidl/ti_dl/release/tidl_j721e_08_06_00_10/arm-tidl/tfl_delegate/out/J7/A72/LINUX/debug/module/src.armv8/../tfl_delegate.o
                0x0000000000010d88                std::_Vector_base<int, std::allocator<int> >::_Vector_impl_data::_Vector_impl_data()
                0x0000000000010d88                std::_Vector_base<int, std::allocator<int> >::_Vector_impl_data::_Vector_impl_data()
 .text._ZNSt12_Vector_baseIiSaIiEE11_M_allocateEm
                0x0000000000010db4       0x38 /opt/Jenkins_OUT/workspace/J7_TIDL_Parent/c7x-mma-tidl/ti_dl/release/tidl_j721e_08_06_00_10/arm-tidl/tfl_delegate/out/J7/A72/LINUX/debug/module/src.armv8/../tfl_delegate.o
                0x0000000000010db4                std::_Vector_base<int, std::allocator<int> >::_M_allocate(unsigned long)
 .text._ZNSt16allocator_traitsISaIiEE10deallocateERS0_Pim
                0x0000000000010dec       0x30 /opt/Jenkins_OUT/workspace/J7_TIDL_Parent/c7x-mma-tidl/ti_dl/release/tidl_j721e_08_06_00_10/arm-tidl/tfl_delegate/out/J7/A72/LINUX/debug/module/src.armv8/../tfl_delegate.o
                0x0000000000010dec                std::allocator_traits<std::allocator<int> >::deallocate(std::allocator<int>&, int*, unsigned long)
 .text._ZSt25__uninitialized_default_nIPimET_S1_T0_
                0x0000000000010e1c       0x2c /opt/Jenkins_OUT/workspace/J7_TIDL_Parent/c7x-mma-tidl/ti_dl/release/tidl_j721e_08_06_00_10/arm-tidl/tfl_delegate/out/J7/A72/LINUX/debug/module/src.armv8/../tfl_delegate.o
                0x0000000000010e1c                int* std::__uninitialized_default_n<int*, unsigned long>(int*, unsigned long)
 .text._ZNSt12_Destroy_auxILb1EE9__destroyIPiEEvT_S3_
                0x0000000000010e48       0x18 /opt/Jenkins_OUT/workspace/J7_TIDL_Parent/c7x-mma-tidl/ti_dl/release/tidl_j721e_08_06_00_10/arm-tidl/tfl_delegate/out/J7/A72/LINUX/debug/module/src.armv8/../tfl_delegate.o
                0x0000000000010e48                void std::_Destroy_aux<true>::__destroy<int*>(int*, int*)
 .text._ZN9__gnu_cxxneIPiSt6vectorIiSaIiEEEEbRKNS_17__normal_iteratorIT_T0_EESA_
                0x0000000000010e60       0x44 /opt/Jenkins_OUT/workspace/J7_TIDL_Parent/c7x-mma-tidl/ti_dl/release/tidl_j721e_08_06_00_10/arm-tidl/tfl_delegate/out/J7/A72/LINUX/debug/module/src.armv8/../tfl_delegate.o
                0x0000000000010e60                bool __gnu_cxx::operator!=<int*, std::vector<int, std::allocator<int> > >(__gnu_cxx::__normal_iterator<int*, std::vector<int, std::allocator<int> > > const&, __gnu_cxx::__normal_iterator<int*, std::vector<int, std::allocator<int> > > const&)
 .text._ZSt8distanceIN9__gnu_cxx17__normal_iteratorIPiSt6vectorIiSaIiEEEEENSt15iterator_traitsIT_E15difference_typeES8_S8_
                0x0000000000010ea4       0x38 /opt/Jenkins_OUT/workspace/J7_TIDL_Parent/c7x-mma-tidl/ti_dl/release/tidl_j721e_08_06_00_10/arm-tidl/tfl_delegate/out/J7/A72/LINUX/debug/module/src.armv8/../tfl_delegate.o
                0x0000000000010ea4                std::iterator_traits<__gnu_cxx::__normal_iterator<int*, std::vector<int, std::allocator<int> > > >::difference_type std::distance<__gnu_cxx::__normal_iterator<int*, std::vector<int, std::allocator<int> > > >(__gnu_cxx::__normal_iterator<int*, std::vector<int, std::allocator<int> > >, __gnu_cxx::__normal_iterator<int*, std::vector<int, std::allocator<int> > >)
 .text._ZN9__gnu_cxxmiIPiSt6vectorIiSaIiEEEENS_17__normal_iteratorIT_T0_E15difference_typeERKS8_SB_
                0x0000000000010edc       0x40 /opt/Jenkins_OUT/workspace/J7_TIDL_Parent/c7x-mma-tidl/ti_dl/release/tidl_j721e_08_06_00_10/arm-tidl/tfl_delegate/out/J7/A72/LINUX/debug/module/src.armv8/../tfl_delegate.o
                0x0000000000010edc                __gnu_cxx::__normal_iterator<int*, std::vector<int, std::allocator<int> > >::difference_type __gnu_cxx::operator-<int*, std::vector<int, std::allocator<int> > >(__gnu_cxx::__normal_iterator<int*, std::vector<int, std::allocator<int> > > const&, __gnu_cxx::__normal_iterator<int*, std::vector<int, std::allocator<int> > > const&)
 .text._ZSt22__uninitialized_move_aIPiS0_SaIiEET0_T_S3_S2_RT1_
                0x0000000000010f1c       0x50 /opt/Jenkins_OUT/workspace/J7_TIDL_Parent/c7x-mma-tidl/ti_dl/release/tidl_j721e_08_06_00_10/arm-tidl/tfl_delegate/out/J7/A72/LINUX/debug/module/src.armv8/../tfl_delegate.o
                0x0000000000010f1c                int* std::__uninitialized_move_a<int*, int*, std::allocator<int> >(int*, int*, int*, std::allocator<int>&)
 .text._ZSt13move_backwardIPiS0_ET0_T_S2_S1_
                0x0000000000010f6c       0x48 /opt/Jenkins_OUT/workspace/J7_TIDL_Parent/c7x-mma-tidl/ti_dl/release/tidl_j721e_08_06_00_10/arm-tidl/tfl_delegate/out/J7/A72/LINUX/debug/module/src.armv8/../tfl_delegate.o
                0x0000000000010f6c                int* std::move_backward<int*, int*>(int*, int*, int*)
 .text._ZSt4copyIN9__gnu_cxx17__normal_iteratorIPiSt6vectorIiSaIiEEEES6_ET0_T_S8_S7_
                0x0000000000010fb4       0x48 /opt/Jenkins_OUT/workspace/J7_TIDL_Parent/c7x-mma-tidl/ti_dl/release/tidl_j721e_08_06_00_10/arm-tidl/tfl_delegate/out/J7/A72/LINUX/debug/module/src.armv8/../tfl_delegate.o
                0x0000000000010fb4                __gnu_cxx::__normal_iterator<int*, std::vector<int, std::allocator<int> > > std::copy<__gnu_cxx::__normal_iterator<int*, std::vector<int, std::allocator<int> > >, __gnu_cxx::__normal_iterator<int*, std::vector<int, std::allocator<int> > > >(__gnu_cxx::__normal_iterator<int*, std::vector<int, std::allocator<int> > >, __gnu_cxx::__normal_iterator<int*, std::vector<int, std::allocator<int> > >, __gnu_cxx::__normal_iterator<int*, std::vector<int, std::allocator<int> > >)
 .text._ZSt7advanceIN9__gnu_cxx17__normal_iteratorIPiSt6vectorIiSaIiEEEEmEvRT_T0_
                0x0000000000010ffc       0x44 /opt/Jenkins_OUT/workspace/J7_TIDL_Parent/c7x-mma-tidl/ti_dl/release/tidl_j721e_08_06_00_10/arm-tidl/tfl_delegate/out/J7/A72/LINUX/debug/module/src.armv8/../tfl_delegate.o
                0x0000000000010ffc                void std::advance<__gnu_cxx::__normal_iterator<int*, std::vector<int, std::allocator<int> > >, unsigned long>(__gnu_cxx::__normal_iterator<int*, std::vector<int, std::allocator<int> > >&, unsigned long)
 .text._ZSt22__uninitialized_copy_aIN9__gnu_cxx17__normal_iteratorIPiSt6vectorIiSaIiEEEES2_iET0_T_S8_S7_RSaIT1_E
                0x0000000000011040       0x30 /opt/Jenkins_OUT/workspace/J7_TIDL_Parent/c7x-mma-tidl/ti_dl/release/tidl_j721e_08_06_00_10/arm-tidl/tfl_delegate/out/J7/A72/LINUX/debug/module/src.armv8/../tfl_delegate.o
                0x0000000000011040                int* std::__uninitialized_copy_a<__gnu_cxx::__normal_iterator<int*, std::vector<int, std::allocator<int> > >, int*, int>(__gnu_cxx::__normal_iterator<int*, std::vector<int, std::allocator<int> > >, __gnu_cxx::__normal_iterator<int*, std::vector<int, std::allocator<int> > >, int*, std::allocator<int>&)
 .text._ZNKSt6vectorIiSaIiEE12_M_check_lenEmPKc
                0x0000000000011070       0xcc /opt/Jenkins_OUT/workspace/J7_TIDL_Parent/c7x-mma-tidl/ti_dl/release/tidl_j721e_08_06_00_10/arm-tidl/tfl_delegate/out/J7/A72/LINUX/debug/module/src.armv8/../tfl_delegate.o
                0x0000000000011070                std::vector<int, std::allocator<int> >::_M_check_len(unsigned long, char const*) const
 .text._ZSt34__uninitialized_move_if_noexcept_aIPiS0_SaIiEET0_T_S3_S2_RT1_
                0x000000000001113c       0x50 /opt/Jenkins_OUT/workspace/J7_TIDL_Parent/c7x-mma-tidl/ti_dl/release/tidl_j721e_08_06_00_10/arm-tidl/tfl_delegate/out/J7/A72/LINUX/debug/module/src.armv8/../tfl_delegate.o
                0x000000000001113c                int* std::__uninitialized_move_if_noexcept_a<int*, int*, std::allocator<int> >(int*, int*, int*, std::allocator<int>&)
 .text._ZNSt7__cxx1112basic_stringIcSt11char_traitsIcESaIcEE12_M_constructIPcEEvT_S7_St20forward_iterator_tag
                0x000000000001118c      0x100 /opt/Jenkins_OUT/workspace/J7_TIDL_Parent/c7x-mma-tidl/ti_dl/release/tidl_j721e_08_06_00_10/arm-tidl/tfl_delegate/out/J7/A72/LINUX/debug/module/src.armv8/../tfl_delegate.o
                0x000000000001118c                void std::__cxx11::basic_string<char, std::char_traits<char>, std::allocator<char> >::_M_construct<char*>(char*, char*, std::forward_iterator_tag)
 .text._ZNKSt6vectorImSaImEE8max_sizeEv
                0x000000000001128c       0x20 /opt/Jenkins_OUT/workspace/J7_TIDL_Parent/c7x-mma-tidl/ti_dl/release/tidl_j721e_08_06_00_10/arm-tidl/tfl_delegate/out/J7/A72/LINUX/debug/module/src.armv8/../tfl_delegate.o
                0x000000000001128c                std::vector<unsigned long, std::allocator<unsigned long> >::max_size() const
 .text._ZNKSt6vectorImSaImEE4sizeEv
                0x00000000000112ac       0x28 /opt/Jenkins_OUT/workspace/J7_TIDL_Parent/c7x-mma-tidl/ti_dl/release/tidl_j721e_08_06_00_10/arm-tidl/tfl_delegate/out/J7/A72/LINUX/debug/module/src.armv8/../tfl_delegate.o
                0x00000000000112ac                std::vector<unsigned long, std::allocator<unsigned long> >::size() const
 .text._ZSt3maxImERKT_S2_S2_
                0x00000000000112d4       0x38 /opt/Jenkins_OUT/workspace/J7_TIDL_Parent/c7x-mma-tidl/ti_dl/release/tidl_j721e_08_06_00_10/arm-tidl/tfl_delegate/out/J7/A72/LINUX/debug/module/src.armv8/../tfl_delegate.o
                0x00000000000112d4                unsigned long const& std::max<unsigned long>(unsigned long const&, unsigned long const&)
 .text._ZNSt16allocator_traitsISaImEE8allocateERS0_m
                0x000000000001130c       0x28 /opt/Jenkins_OUT/workspace/J7_TIDL_Parent/c7x-mma-tidl/ti_dl/release/tidl_j721e_08_06_00_10/arm-tidl/tfl_delegate/out/J7/A72/LINUX/debug/module/src.armv8/../tfl_delegate.o
                0x000000000001130c                std::allocator_traits<std::allocator<unsigned long> >::allocate(std::allocator<unsigned long>&, unsigned long)
 .text._ZNSt6vectorImSaImEE14_S_do_relocateEPmS2_S2_RS0_St17integral_constantIbLb1EE
                0x0000000000011334       0x38 /opt/Jenkins_OUT/workspace/J7_TIDL_Parent/c7x-mma-tidl/ti_dl/release/tidl_j721e_08_06_00_10/arm-tidl/tfl_delegate/out/J7/A72/LINUX/debug/module/src.armv8/../tfl_delegate.o
                0x0000000000011334                std::vector<unsigned long, std::allocator<unsigned long> >::_S_do_relocate(unsigned long*, unsigned long*, unsigned long*, std::allocator<unsigned long>&, std::integral_constant<bool, true>)
 .text._ZSt32__make_move_if_noexcept_iteratorImSt13move_iteratorIPmEET0_PT_
                0x000000000001136c       0x24 /opt/Jenkins_OUT/workspace/J7_TIDL_Parent/c7x-mma-tidl/ti_dl/release/tidl_j721e_08_06_00_10/arm-tidl/tfl_delegate/out/J7/A72/LINUX/debug/module/src.armv8/../tfl_delegate.o
                0x000000000001136c                std::move_iterator<unsigned long*> std::__make_move_if_noexcept_iterator<unsigned long, std::move_iterator<unsigned long*> >(unsigned long*)
 .text._ZSt22__uninitialized_copy_aISt13move_iteratorIPmES1_mET0_T_S4_S3_RSaIT1_E
                0x0000000000011390       0x30 /opt/Jenkins_OUT/workspace/J7_TIDL_Parent/c7x-mma-tidl/ti_dl/release/tidl_j721e_08_06_00_10/arm-tidl/tfl_delegate/out/J7/A72/LINUX/debug/module/src.armv8/../tfl_delegate.o
                0x0000000000011390                unsigned long* std::__uninitialized_copy_a<std::move_iterator<unsigned long*>, unsigned long*, unsigned long>(std::move_iterator<unsigned long*>, std::move_iterator<unsigned long*>, unsigned long*, std::allocator<unsigned long>&)
 .text._ZN9__gnu_cxx13new_allocatorImE7destroyImEEvPT_
                0x00000000000113c0       0x18 /opt/Jenkins_OUT/workspace/J7_TIDL_Parent/c7x-mma-tidl/ti_dl/release/tidl_j721e_08_06_00_10/arm-tidl/tfl_delegate/out/J7/A72/LINUX/debug/module/src.armv8/../tfl_delegate.o
                0x00000000000113c0                void __gnu_cxx::new_allocator<unsigned long>::destroy<unsigned long>(unsigned long*)
 .text._ZSt8_DestroyIPmEvT_S1_
                0x00000000000113d8       0x28 /opt/Jenkins_OUT/workspace/J7_TIDL_Parent/c7x-mma-tidl/ti_dl/release/tidl_j721e_08_06_00_10/arm-tidl/tfl_delegate/out/J7/A72/LINUX/debug/module/src.armv8/../tfl_delegate.o
                0x00000000000113d8                void std::_Destroy<unsigned long*>(unsigned long*, unsigned long*)
 .text._ZSt11__addressofISt6vectorIiSaIiEEEPT_RS3_
                0x0000000000011400       0x14 /opt/Jenkins_OUT/workspace/J7_TIDL_Parent/c7x-mma-tidl/ti_dl/release/tidl_j721e_08_06_00_10/arm-tidl/tfl_delegate/out/J7/A72/LINUX/debug/module/src.armv8/../tfl_delegate.o
                0x0000000000011400                std::vector<int, std::allocator<int> >* std::__addressof<std::vector<int, std::allocator<int> > >(std::vector<int, std::allocator<int> >&)
 .text._ZSt8_DestroyISt6vectorIiSaIiEEEvPT_
                0x0000000000011414       0x20 /opt/Jenkins_OUT/workspace/J7_TIDL_Parent/c7x-mma-tidl/ti_dl/release/tidl_j721e_08_06_00_10/arm-tidl/tfl_delegate/out/J7/A72/LINUX/debug/module/src.armv8/../tfl_delegate.o
                0x0000000000011414                void std::_Destroy<std::vector<int, std::allocator<int> > >(std::vector<int, std::allocator<int> >*)
 .text._ZNK9__gnu_cxx13new_allocatorIiE8max_sizeEv
                0x0000000000011434       0x14 /opt/Jenkins_OUT/workspace/J7_TIDL_Parent/c7x-mma-tidl/ti_dl/release/tidl_j721e_08_06_00_10/arm-tidl/tfl_delegate/out/J7/A72/LINUX/debug/module/src.armv8/../tfl_delegate.o
                0x0000000000011434                __gnu_cxx::new_allocator<int>::max_size() const
 .text._ZNSt16allocator_traitsISaIiEE8allocateERS0_m
                0x0000000000011448       0x28 /opt/Jenkins_OUT/workspace/J7_TIDL_Parent/c7x-mma-tidl/ti_dl/release/tidl_j721e_08_06_00_10/arm-tidl/tfl_delegate/out/J7/A72/LINUX/debug/module/src.armv8/../tfl_delegate.o
                0x0000000000011448                std::allocator_traits<std::allocator<int> >::allocate(std::allocator<int>&, unsigned long)
 .text._ZN9__gnu_cxx13new_allocatorIiE10deallocateEPim
                0x0000000000011470       0x28 /opt/Jenkins_OUT/workspace/J7_TIDL_Parent/c7x-mma-tidl/ti_dl/release/tidl_j721e_08_06_00_10/arm-tidl/tfl_delegate/out/J7/A72/LINUX/debug/module/src.armv8/../tfl_delegate.o
                0x0000000000011470                __gnu_cxx::new_allocator<int>::deallocate(int*, unsigned long)
 .text._ZNSt27__uninitialized_default_n_1ILb1EE18__uninit_default_nIPimEET_S3_T0_
                0x0000000000011498       0x30 /opt/Jenkins_OUT/workspace/J7_TIDL_Parent/c7x-mma-tidl/ti_dl/release/tidl_j721e_08_06_00_10/arm-tidl/tfl_delegate/out/J7/A72/LINUX/debug/module/src.armv8/../tfl_delegate.o
                0x0000000000011498                int* std::__uninitialized_default_n_1<true>::__uninit_default_n<int*, unsigned long>(int*, unsigned long)
 .text._ZSt10__distanceIN9__gnu_cxx17__normal_iteratorIPiSt6vectorIiSaIiEEEEENSt15iterator_traitsIT_E15difference_typeES8_S8_St26random_access_iterator_tag
                0x00000000000114c8       0x28 /opt/Jenkins_OUT/workspace/J7_TIDL_Parent/c7x-mma-tidl/ti_dl/release/tidl_j721e_08_06_00_10/arm-tidl/tfl_delegate/out/J7/A72/LINUX/debug/module/src.armv8/../tfl_delegate.o
                0x00000000000114c8                std::iterator_traits<__gnu_cxx::__normal_iterator<int*, std::vector<int, std::allocator<int> > > >::difference_type std::__distance<__gnu_cxx::__normal_iterator<int*, std::vector<int, std::allocator<int> > > >(__gnu_cxx::__normal_iterator<int*, std::vector<int, std::allocator<int> > >, __gnu_cxx::__normal_iterator<int*, std::vector<int, std::allocator<int> > >, std::random_access_iterator_tag)
 .text._ZSt18make_move_iteratorIPiESt13move_iteratorIT_ES2_
                0x00000000000114f0       0x24 /opt/Jenkins_OUT/workspace/J7_TIDL_Parent/c7x-mma-tidl/ti_dl/release/tidl_j721e_08_06_00_10/arm-tidl/tfl_delegate/out/J7/A72/LINUX/debug/module/src.armv8/../tfl_delegate.o
                0x00000000000114f0                std::move_iterator<int*> std::make_move_iterator<int*>(int*)
 .text._ZSt22__uninitialized_copy_aISt13move_iteratorIPiES1_iET0_T_S4_S3_RSaIT1_E
                0x0000000000011514       0x30 /opt/Jenkins_OUT/workspace/J7_TIDL_Parent/c7x-mma-tidl/ti_dl/release/tidl_j721e_08_06_00_10/arm-tidl/tfl_delegate/out/J7/A72/LINUX/debug/module/src.armv8/../tfl_delegate.o
                0x0000000000011514                int* std::__uninitialized_copy_a<std::move_iterator<int*>, int*, int>(std::move_iterator<int*>, std::move_iterator<int*>, int*, std::allocator<int>&)
 .text._ZSt12__miter_baseIPiET_S1_
                0x0000000000011544       0x14 /opt/Jenkins_OUT/workspace/J7_TIDL_Parent/c7x-mma-tidl/ti_dl/release/tidl_j721e_08_06_00_10/arm-tidl/tfl_delegate/out/J7/A72/LINUX/debug/module/src.armv8/../tfl_delegate.o
                0x0000000000011544                int* std::__miter_base<int*>(int*)
 .text._ZSt23__copy_move_backward_a2ILb1EPiS0_ET1_T0_S2_S1_
                0x0000000000011558       0x60 /opt/Jenkins_OUT/workspace/J7_TIDL_Parent/c7x-mma-tidl/ti_dl/release/tidl_j721e_08_06_00_10/arm-tidl/tfl_delegate/out/J7/A72/LINUX/debug/module/src.armv8/../tfl_delegate.o
                0x0000000000011558                int* std::__copy_move_backward_a2<true, int*, int*>(int*, int*, int*)
 .text._ZSt12__miter_baseIN9__gnu_cxx17__normal_iteratorIPiSt6vectorIiSaIiEEEEET_S7_
                0x00000000000115b8       0x14 /opt/Jenkins_OUT/workspace/J7_TIDL_Parent/c7x-mma-tidl/ti_dl/release/tidl_j721e_08_06_00_10/arm-tidl/tfl_delegate/out/J7/A72/LINUX/debug/module/src.armv8/../tfl_delegate.o
                0x00000000000115b8                __gnu_cxx::__normal_iterator<int*, std::vector<int, std::allocator<int> > > std::__miter_base<__gnu_cxx::__normal_iterator<int*, std::vector<int, std::allocator<int> > > >(__gnu_cxx::__normal_iterator<int*, std::vector<int, std::allocator<int> > >)
 .text._ZSt14__copy_move_a2ILb0EN9__gnu_cxx17__normal_iteratorIPiSt6vectorIiSaIiEEEES6_ET1_T0_S8_S7_
                0x00000000000115cc       0x60 /opt/Jenkins_OUT/workspace/J7_TIDL_Parent/c7x-mma-tidl/ti_dl/release/tidl_j721e_08_06_00_10/arm-tidl/tfl_delegate/out/J7/A72/LINUX/debug/module/src.armv8/../tfl_delegate.o
                0x00000000000115cc                __gnu_cxx::__normal_iterator<int*, std::vector<int, std::allocator<int> > > std::__copy_move_a2<false, __gnu_cxx::__normal_iterator<int*, std::vector<int, std::allocator<int> > >, __gnu_cxx::__normal_iterator<int*, std::vector<int, std::allocator<int> > > >(__gnu_cxx::__normal_iterator<int*, std::vector<int, std::allocator<int> > >, __gnu_cxx::__normal_iterator<int*, std::vector<int, std::allocator<int> > >, __gnu_cxx::__normal_iterator<int*, std::vector<int, std::allocator<int> > >)
 .text._ZSt9__advanceIN9__gnu_cxx17__normal_iteratorIPiSt6vectorIiSaIiEEEElEvRT_T0_St26random_access_iterator_tag
                0x000000000001162c       0x2c /opt/Jenkins_OUT/workspace/J7_TIDL_Parent/c7x-mma-tidl/ti_dl/release/tidl_j721e_08_06_00_10/arm-tidl/tfl_delegate/out/J7/A72/LINUX/debug/module/src.armv8/../tfl_delegate.o
                0x000000000001162c                void std::__advance<__gnu_cxx::__normal_iterator<int*, std::vector<int, std::allocator<int> > >, long>(__gnu_cxx::__normal_iterator<int*, std::vector<int, std::allocator<int> > >&, long, std::random_access_iterator_tag)
 .text._ZSt18uninitialized_copyIN9__gnu_cxx17__normal_iteratorIPiSt6vectorIiSaIiEEEES2_ET0_T_S8_S7_
                0x0000000000011658       0x34 /opt/Jenkins_OUT/workspace/J7_TIDL_Parent/c7x-mma-tidl/ti_dl/release/tidl_j721e_08_06_00_10/arm-tidl/tfl_delegate/out/J7/A72/LINUX/debug/module/src.armv8/../tfl_delegate.o
                0x0000000000011658                int* std::uninitialized_copy<__gnu_cxx::__normal_iterator<int*, std::vector<int, std::allocator<int> > >, int*>(__gnu_cxx::__normal_iterator<int*, std::vector<int, std::allocator<int> > >, __gnu_cxx::__normal_iterator<int*, std::vector<int, std::allocator<int> > >, int*)
 .text._ZNKSt6vectorIiSaIiEE8max_sizeEv
                0x000000000001168c       0x20 /opt/Jenkins_OUT/workspace/J7_TIDL_Parent/c7x-mma-tidl/ti_dl/release/tidl_j721e_08_06_00_10/arm-tidl/tfl_delegate/out/J7/A72/LINUX/debug/module/src.armv8/../tfl_delegate.o
                0x000000000001168c                std::vector<int, std::allocator<int> >::max_size() const
 .text._ZSt32__make_move_if_noexcept_iteratorIiSt13move_iteratorIPiEET0_PT_
                0x00000000000116ac       0x24 /opt/Jenkins_OUT/workspace/J7_TIDL_Parent/c7x-mma-tidl/ti_dl/release/tidl_j721e_08_06_00_10/arm-tidl/tfl_delegate/out/J7/A72/LINUX/debug/module/src.armv8/../tfl_delegate.o
                0x00000000000116ac                std::move_iterator<int*> std::__make_move_if_noexcept_iterator<int, std::move_iterator<int*> >(int*)
 .text._ZN9__gnu_cxx17__is_null_pointerIcEEbPT_
                0x00000000000116d0       0x20 /opt/Jenkins_OUT/workspace/J7_TIDL_Parent/c7x-mma-tidl/ti_dl/release/tidl_j721e_08_06_00_10/arm-tidl/tfl_delegate/out/J7/A72/LINUX/debug/module/src.armv8/../tfl_delegate.o
                0x00000000000116d0                bool __gnu_cxx::__is_null_pointer<char>(char*)
 .text._ZSt8distanceIPcENSt15iterator_traitsIT_E15difference_typeES2_S2_
                0x00000000000116f0       0x3c /opt/Jenkins_OUT/workspace/J7_TIDL_Parent/c7x-mma-tidl/ti_dl/release/tidl_j721e_08_06_00_10/arm-tidl/tfl_delegate/out/J7/A72/LINUX/debug/module/src.armv8/../tfl_delegate.o
                0x00000000000116f0                std::iterator_traits<char*>::difference_type std::distance<char*>(char*, char*)
 .text._ZNSt6vectorImSaImEE11_S_max_sizeERKS0_
                0x000000000001172c       0x38 /opt/Jenkins_OUT/workspace/J7_TIDL_Parent/c7x-mma-tidl/ti_dl/release/tidl_j721e_08_06_00_10/arm-tidl/tfl_delegate/out/J7/A72/LINUX/debug/module/src.armv8/../tfl_delegate.o
                0x000000000001172c                std::vector<unsigned long, std::allocator<unsigned long> >::_S_max_size(std::allocator<unsigned long> const&)
 .text._ZNKSt12_Vector_baseImSaImEE19_M_get_Tp_allocatorEv
                0x0000000000011764       0x14 /opt/Jenkins_OUT/workspace/J7_TIDL_Parent/c7x-mma-tidl/ti_dl/release/tidl_j721e_08_06_00_10/arm-tidl/tfl_delegate/out/J7/A72/LINUX/debug/module/src.armv8/../tfl_delegate.o
                0x0000000000011764                std::_Vector_base<unsigned long, std::allocator<unsigned long> >::_M_get_Tp_allocator() const
 .text._ZN9__gnu_cxx13new_allocatorImE8allocateEmPKv
                0x0000000000011778       0x50 /opt/Jenkins_OUT/workspace/J7_TIDL_Parent/c7x-mma-tidl/ti_dl/release/tidl_j721e_08_06_00_10/arm-tidl/tfl_delegate/out/J7/A72/LINUX/debug/module/src.armv8/../tfl_delegate.o
                0x0000000000011778                __gnu_cxx::new_allocator<unsigned long>::allocate(unsigned long, void const*)
 .text._ZSt12__relocate_aIPmS0_SaImEET0_T_S3_S2_RT1_
                0x00000000000117c8       0x5c /opt/Jenkins_OUT/workspace/J7_TIDL_Parent/c7x-mma-tidl/ti_dl/release/tidl_j721e_08_06_00_10/arm-tidl/tfl_delegate/out/J7/A72/LINUX/debug/module/src.armv8/../tfl_delegate.o
                0x00000000000117c8                unsigned long* std::__relocate_a<unsigned long*, unsigned long*, std::allocator<unsigned long> >(unsigned long*, unsigned long*, unsigned long*, std::allocator<unsigned long>&)
 .text._ZNSt13move_iteratorIPmEC2ES0_
                0x0000000000011824       0x24 /opt/Jenkins_OUT/workspace/J7_TIDL_Parent/c7x-mma-tidl/ti_dl/release/tidl_j721e_08_06_00_10/arm-tidl/tfl_delegate/out/J7/A72/LINUX/debug/module/src.armv8/../tfl_delegate.o
                0x0000000000011824                std::move_iterator<unsigned long*>::move_iterator(unsigned long*)
                0x0000000000011824                std::move_iterator<unsigned long*>::move_iterator(unsigned long*)
 .text._ZSt18uninitialized_copyISt13move_iteratorIPmES1_ET0_T_S4_S3_
                0x0000000000011848       0x34 /opt/Jenkins_OUT/workspace/J7_TIDL_Parent/c7x-mma-tidl/ti_dl/release/tidl_j721e_08_06_00_10/arm-tidl/tfl_delegate/out/J7/A72/LINUX/debug/module/src.armv8/../tfl_delegate.o
                0x0000000000011848                unsigned long* std::uninitialized_copy<std::move_iterator<unsigned long*>, unsigned long*>(std::move_iterator<unsigned long*>, std::move_iterator<unsigned long*>, unsigned long*)
 .text._ZNSt12_Destroy_auxILb1EE9__destroyIPmEEvT_S3_
                0x000000000001187c       0x18 /opt/Jenkins_OUT/workspace/J7_TIDL_Parent/c7x-mma-tidl/ti_dl/release/tidl_j721e_08_06_00_10/arm-tidl/tfl_delegate/out/J7/A72/LINUX/debug/module/src.armv8/../tfl_delegate.o
                0x000000000001187c                void std::_Destroy_aux<true>::__destroy<unsigned long*>(unsigned long*, unsigned long*)
 .text._ZN9__gnu_cxx13new_allocatorIiE8allocateEmPKv
                0x0000000000011894       0x50 /opt/Jenkins_OUT/workspace/J7_TIDL_Parent/c7x-mma-tidl/ti_dl/release/tidl_j721e_08_06_00_10/arm-tidl/tfl_delegate/out/J7/A72/LINUX/debug/module/src.armv8/../tfl_delegate.o
                0x0000000000011894                __gnu_cxx::new_allocator<int>::allocate(unsigned long, void const*)
 .text._ZSt6fill_nIPimiET_S1_T0_RKT1_
                0x00000000000118e4       0x3c /opt/Jenkins_OUT/workspace/J7_TIDL_Parent/c7x-mma-tidl/ti_dl/release/tidl_j721e_08_06_00_10/arm-tidl/tfl_delegate/out/J7/A72/LINUX/debug/module/src.armv8/../tfl_delegate.o
                0x00000000000118e4                int* std::fill_n<int*, unsigned long, int>(int*, unsigned long, int const&)
 .text._ZNSt13move_iteratorIPiEC2ES0_
                0x0000000000011920       0x24 /opt/Jenkins_OUT/workspace/J7_TIDL_Parent/c7x-mma-tidl/ti_dl/release/tidl_j721e_08_06_00_10/arm-tidl/tfl_delegate/out/J7/A72/LINUX/debug/module/src.armv8/../tfl_delegate.o
                0x0000000000011920                std::move_iterator<int*>::move_iterator(int*)
                0x0000000000011920                std::move_iterator<int*>::move_iterator(int*)
 .text._ZSt18uninitialized_copyISt13move_iteratorIPiES1_ET0_T_S4_S3_
                0x0000000000011944       0x34 /opt/Jenkins_OUT/workspace/J7_TIDL_Parent/c7x-mma-tidl/ti_dl/release/tidl_j721e_08_06_00_10/arm-tidl/tfl_delegate/out/J7/A72/LINUX/debug/module/src.armv8/../tfl_delegate.o
                0x0000000000011944                int* std::uninitialized_copy<std::move_iterator<int*>, int*>(std::move_iterator<int*>, std::move_iterator<int*>, int*)
 .text._ZSt12__niter_baseIPiET_S1_
                0x0000000000011978       0x14 /opt/Jenkins_OUT/workspace/J7_TIDL_Parent/c7x-mma-tidl/ti_dl/release/tidl_j721e_08_06_00_10/arm-tidl/tfl_delegate/out/J7/A72/LINUX/debug/module/src.armv8/../tfl_delegate.o
                0x0000000000011978                int* std::__niter_base<int*>(int*)
 .text._ZSt22__copy_move_backward_aILb1EPiS0_ET1_T0_S2_S1_
                0x000000000001198c       0x34 /opt/Jenkins_OUT/workspace/J7_TIDL_Parent/c7x-mma-tidl/ti_dl/release/tidl_j721e_08_06_00_10/arm-tidl/tfl_delegate/out/J7/A72/LINUX/debug/module/src.armv8/../tfl_delegate.o
                0x000000000001198c                int* std::__copy_move_backward_a<true, int*, int*>(int*, int*, int*)
 .text._ZSt12__niter_wrapIPiET_RKS1_S1_
                0x00000000000119c0       0x18 /opt/Jenkins_OUT/workspace/J7_TIDL_Parent/c7x-mma-tidl/ti_dl/release/tidl_j721e_08_06_00_10/arm-tidl/tfl_delegate/out/J7/A72/LINUX/debug/module/src.armv8/../tfl_delegate.o
                0x00000000000119c0                int* std::__niter_wrap<int*>(int* const&, int*)
 .text._ZSt12__niter_baseIPiSt6vectorIiSaIiEEET_N9__gnu_cxx17__normal_iteratorIS4_T0_EE
                0x00000000000119d8       0x20 /opt/Jenkins_OUT/workspace/J7_TIDL_Parent/c7x-mma-tidl/ti_dl/release/tidl_j721e_08_06_00_10/arm-tidl/tfl_delegate/out/J7/A72/LINUX/debug/module/src.armv8/../tfl_delegate.o
                0x00000000000119d8                int* std::__niter_base<int*, std::vector<int, std::allocator<int> > >(__gnu_cxx::__normal_iterator<int*, std::vector<int, std::allocator<int> > >)
 .text._ZSt13__copy_move_aILb0EPiS0_ET1_T0_S2_S1_
                0x00000000000119f8       0x34 /opt/Jenkins_OUT/workspace/J7_TIDL_Parent/c7x-mma-tidl/ti_dl/release/tidl_j721e_08_06_00_10/arm-tidl/tfl_delegate/out/J7/A72/LINUX/debug/module/src.armv8/../tfl_delegate.o
                0x00000000000119f8                int* std::__copy_move_a<false, int*, int*>(int*, int*, int*)
 .text._ZSt12__niter_wrapIN9__gnu_cxx17__normal_iteratorIPiSt6vectorIiSaIiEEEES2_ET_S7_T0_
                0x0000000000011a2c       0x3c /opt/Jenkins_OUT/workspace/J7_TIDL_Parent/c7x-mma-tidl/ti_dl/release/tidl_j721e_08_06_00_10/arm-tidl/tfl_delegate/out/J7/A72/LINUX/debug/module/src.armv8/../tfl_delegate.o
                0x0000000000011a2c                __gnu_cxx::__normal_iterator<int*, std::vector<int, std::allocator<int> > > std::__niter_wrap<__gnu_cxx::__normal_iterator<int*, std::vector<int, std::allocator<int> > >, int*>(__gnu_cxx::__normal_iterator<int*, std::vector<int, std::allocator<int> > >, int*)
 .text._ZN9__gnu_cxx17__normal_iteratorIPiSt6vectorIiSaIiEEEpLEl
                0x0000000000011a68       0x34 /opt/Jenkins_OUT/workspace/J7_TIDL_Parent/c7x-mma-tidl/ti_dl/release/tidl_j721e_08_06_00_10/arm-tidl/tfl_delegate/out/J7/A72/LINUX/debug/module/src.armv8/../tfl_delegate.o
                0x0000000000011a68                __gnu_cxx::__normal_iterator<int*, std::vector<int, std::allocator<int> > >::operator+=(long)
 .text._ZNSt20__uninitialized_copyILb1EE13__uninit_copyIN9__gnu_cxx17__normal_iteratorIPiSt6vectorIiSaIiEEEES4_EET0_T_SA_S9_
                0x0000000000011a9c       0x2c /opt/Jenkins_OUT/workspace/J7_TIDL_Parent/c7x-mma-tidl/ti_dl/release/tidl_j721e_08_06_00_10/arm-tidl/tfl_delegate/out/J7/A72/LINUX/debug/module/src.armv8/../tfl_delegate.o
                0x0000000000011a9c                int* std::__uninitialized_copy<true>::__uninit_copy<__gnu_cxx::__normal_iterator<int*, std::vector<int, std::allocator<int> > >, int*>(__gnu_cxx::__normal_iterator<int*, std::vector<int, std::allocator<int> > >, __gnu_cxx::__normal_iterator<int*, std::vector<int, std::allocator<int> > >, int*)
 .text._ZNKSt12_Vector_baseIiSaIiEE19_M_get_Tp_allocatorEv
                0x0000000000011ac8       0x14 /opt/Jenkins_OUT/workspace/J7_TIDL_Parent/c7x-mma-tidl/ti_dl/release/tidl_j721e_08_06_00_10/arm-tidl/tfl_delegate/out/J7/A72/LINUX/debug/module/src.armv8/../tfl_delegate.o
                0x0000000000011ac8                std::_Vector_base<int, std::allocator<int> >::_M_get_Tp_allocator() const
 .text._ZSt19__iterator_categoryIPcENSt15iterator_traitsIT_E17iterator_categoryERKS2_
                0x0000000000011adc       0x14 /opt/Jenkins_OUT/workspace/J7_TIDL_Parent/c7x-mma-tidl/ti_dl/release/tidl_j721e_08_06_00_10/arm-tidl/tfl_delegate/out/J7/A72/LINUX/debug/module/src.armv8/../tfl_delegate.o
                0x0000000000011adc                std::iterator_traits<char*>::iterator_category std::__iterator_category<char*>(char* const&)
 .text._ZSt10__distanceIPcENSt15iterator_traitsIT_E15difference_typeES2_S2_St26random_access_iterator_tag
                0x0000000000011af0       0x24 /opt/Jenkins_OUT/workspace/J7_TIDL_Parent/c7x-mma-tidl/ti_dl/release/tidl_j721e_08_06_00_10/arm-tidl/tfl_delegate/out/J7/A72/LINUX/debug/module/src.armv8/../tfl_delegate.o
                0x0000000000011af0                std::iterator_traits<char*>::difference_type std::__distance<char*>(char*, char*, std::random_access_iterator_tag)
 .text._ZNSt16allocator_traitsISaImEE8max_sizeERKS0_
                0x0000000000011b14       0x1c /opt/Jenkins_OUT/workspace/J7_TIDL_Parent/c7x-mma-tidl/ti_dl/release/tidl_j721e_08_06_00_10/arm-tidl/tfl_delegate/out/J7/A72/LINUX/debug/module/src.armv8/../tfl_delegate.o
                0x0000000000011b14                std::allocator_traits<std::allocator<unsigned long> >::max_size(std::allocator<unsigned long> const&)
 .text._ZNK9__gnu_cxx13new_allocatorImE8max_sizeEv
                0x0000000000011b30       0x14 /opt/Jenkins_OUT/workspace/J7_TIDL_Parent/c7x-mma-tidl/ti_dl/release/tidl_j721e_08_06_00_10/arm-tidl/tfl_delegate/out/J7/A72/LINUX/debug/module/src.armv8/../tfl_delegate.o
                0x0000000000011b30                __gnu_cxx::new_allocator<unsigned long>::max_size() const
 .text._ZSt12__niter_baseIPmET_S1_
                0x0000000000011b44       0x14 /opt/Jenkins_OUT/workspace/J7_TIDL_Parent/c7x-mma-tidl/ti_dl/release/tidl_j721e_08_06_00_10/arm-tidl/tfl_delegate/out/J7/A72/LINUX/debug/module/src.armv8/../tfl_delegate.o
                0x0000000000011b44                unsigned long* std::__niter_base<unsigned long*>(unsigned long*)
 .text._ZSt14__relocate_a_1ImmENSt9enable_ifIXsrSt24__is_bitwise_relocatableIT_vE5valueEPS2_E4typeES4_S4_S4_RSaIT0_E
                0x0000000000011b58       0x68 /opt/Jenkins_OUT/workspace/J7_TIDL_Parent/c7x-mma-tidl/ti_dl/release/tidl_j721e_08_06_00_10/arm-tidl/tfl_delegate/out/J7/A72/LINUX/debug/module/src.armv8/../tfl_delegate.o
                0x0000000000011b58                std::enable_if<std::__is_bitwise_relocatable<unsigned long, void>::value, unsigned long*>::type std::__relocate_a_1<unsigned long, unsigned long>(unsigned long*, unsigned long*, unsigned long*, std::allocator<unsigned long>&)
 .text._ZNSt20__uninitialized_copyILb1EE13__uninit_copyISt13move_iteratorIPmES3_EET0_T_S6_S5_
                0x0000000000011bc0       0x2c /opt/Jenkins_OUT/workspace/J7_TIDL_Parent/c7x-mma-tidl/ti_dl/release/tidl_j721e_08_06_00_10/arm-tidl/tfl_delegate/out/J7/A72/LINUX/debug/module/src.armv8/../tfl_delegate.o
                0x0000000000011bc0                unsigned long* std::__uninitialized_copy<true>::__uninit_copy<std::move_iterator<unsigned long*>, unsigned long*>(std::move_iterator<unsigned long*>, std::move_iterator<unsigned long*>, unsigned long*)
 .text._ZSt10__fill_n_aIPimiEN9__gnu_cxx11__enable_ifIXsrSt11__is_scalarIT1_E7__valueET_E6__typeES6_T0_RKS4_
                0x0000000000011bec       0x64 /opt/Jenkins_OUT/workspace/J7_TIDL_Parent/c7x-mma-tidl/ti_dl/release/tidl_j721e_08_06_00_10/arm-tidl/tfl_delegate/out/J7/A72/LINUX/debug/module/src.armv8/../tfl_delegate.o
                0x0000000000011bec                __gnu_cxx::__enable_if<std::__is_scalar<int>::__value, int*>::__type std::__fill_n_a<int*, unsigned long, int>(int*, unsigned long, int const&)
 .text._ZNSt20__uninitialized_copyILb1EE13__uninit_copyISt13move_iteratorIPiES3_EET0_T_S6_S5_
                0x0000000000011c50       0x2c /opt/Jenkins_OUT/workspace/J7_TIDL_Parent/c7x-mma-tidl/ti_dl/release/tidl_j721e_08_06_00_10/arm-tidl/tfl_delegate/out/J7/A72/LINUX/debug/module/src.armv8/../tfl_delegate.o
                0x0000000000011c50                int* std::__uninitialized_copy<true>::__uninit_copy<std::move_iterator<int*>, int*>(std::move_iterator<int*>, std::move_iterator<int*>, int*)
 .text._ZNSt20__copy_move_backwardILb1ELb1ESt26random_access_iterator_tagE13__copy_move_bIiEEPT_PKS3_S6_S4_
                0x0000000000011c7c       0x7c /opt/Jenkins_OUT/workspace/J7_TIDL_Parent/c7x-mma-tidl/ti_dl/release/tidl_j721e_08_06_00_10/arm-tidl/tfl_delegate/out/J7/A72/LINUX/debug/module/src.armv8/../tfl_delegate.o
                0x0000000000011c7c                int* std::__copy_move_backward<true, true, std::random_access_iterator_tag>::__copy_move_b<int>(int const*, int const*, int*)
 .text._ZNSt11__copy_moveILb0ELb1ESt26random_access_iterator_tagE8__copy_mIiEEPT_PKS3_S6_S4_
                0x0000000000011cf8       0x64 /opt/Jenkins_OUT/workspace/J7_TIDL_Parent/c7x-mma-tidl/ti_dl/release/tidl_j721e_08_06_00_10/arm-tidl/tfl_delegate/out/J7/A72/LINUX/debug/module/src.armv8/../tfl_delegate.o
                0x0000000000011cf8                int* std::__copy_move<false, true, std::random_access_iterator_tag>::__copy_m<int>(int const*, int const*, int*)
 .text._ZSt4copyIN9__gnu_cxx17__normal_iteratorIPiSt6vectorIiSaIiEEEES2_ET0_T_S8_S7_
                0x0000000000011d5c       0x48 /opt/Jenkins_OUT/workspace/J7_TIDL_Parent/c7x-mma-tidl/ti_dl/release/tidl_j721e_08_06_00_10/arm-tidl/tfl_delegate/out/J7/A72/LINUX/debug/module/src.armv8/../tfl_delegate.o
                0x0000000000011d5c                int* std::copy<__gnu_cxx::__normal_iterator<int*, std::vector<int, std::allocator<int> > >, int*>(__gnu_cxx::__normal_iterator<int*, std::vector<int, std::allocator<int> > >, __gnu_cxx::__normal_iterator<int*, std::vector<int, std::allocator<int> > >, int*)
 .text._ZSt4copyISt13move_iteratorIPmES1_ET0_T_S4_S3_
                0x0000000000011da4       0x48 /opt/Jenkins_OUT/workspace/J7_TIDL_Parent/c7x-mma-tidl/ti_dl/release/tidl_j721e_08_06_00_10/arm-tidl/tfl_delegate/out/J7/A72/LINUX/debug/module/src.armv8/../tfl_delegate.o
                0x0000000000011da4                unsigned long* std::copy<std::move_iterator<unsigned long*>, unsigned long*>(std::move_iterator<unsigned long*>, std::move_iterator<unsigned long*>, unsigned long*)
 .text._ZSt4copyISt13move_iteratorIPiES1_ET0_T_S4_S3_
                0x0000000000011dec       0x48 /opt/Jenkins_OUT/workspace/J7_TIDL_Parent/c7x-mma-tidl/ti_dl/release/tidl_j721e_08_06_00_10/arm-tidl/tfl_delegate/out/J7/A72/LINUX/debug/module/src.armv8/../tfl_delegate.o
                0x0000000000011dec                int* std::copy<std::move_iterator<int*>, int*>(std::move_iterator<int*>, std::move_iterator<int*>, int*)
 .text._ZSt14__copy_move_a2ILb0EN9__gnu_cxx17__normal_iteratorIPiSt6vectorIiSaIiEEEES2_ET1_T0_S8_S7_