C:\Users\USER\Documents\MCUXpressoIDE_11.9.1_2170\workspace_fw\MCUXpresso_IDE_FW\CMSIS/core_cm7.h:1911:22:__NVIC_EnableIRQ	0	static
../drivers/fsl_clock.h:2178:20:CLOCK_ControlGate	0	static
../drivers/fsl_flexcan.h:1663:20:FLEXCAN_EnableInterrupts	4	static
../drivers/fsl_flexcan.h:1715:20:FLEXCAN_DisableInterrupts	4	static
../drivers/fsl_flexcan.c:349:13:flexcan_memset	0	static
../drivers/fsl_flexcan.c:613:13:FLEXCAN_IsMbOccupied	0	static
../drivers/fsl_flexcan.c:1631:13:FLEXCAN_GetSegments	4	static
../drivers/fsl_flexcan.c:1849:17:FLEXCAN_GetFDMailboxOffset	0	static
../drivers/fsl_flexcan.c:1885:13:FLEXCAN_FDGetSegments	4	static
../drivers/fsl_flexcan.c:4230:13:FLEXCAN_CheckUnhandleInterruptEvents	4	static
../drivers/fsl_flexcan.c:689:13:FLEXCAN_Reset	16	static
../drivers/fsl_flexcan.c:1983:13:FLEXCAN_CalculateImprovedNominalTimingValues	40	static
../drivers/fsl_flexcan.c:411:10:FLEXCAN_GetInstance	8	static
../drivers/fsl_flexcan.c:567:6:FLEXCAN_EnterFreezeMode	0	static
../drivers/fsl_flexcan.c:585:6:FLEXCAN_ExitFreezeMode	0	static
../drivers/fsl_flexcan.c:378:6:FLEXCAN_IsInstanceHasFDMode	8	static
../drivers/fsl_flexcan.c:1179:6:FLEXCAN_Deinit	8	static
../drivers/fsl_flexcan.c:1224:6:FLEXCAN_GetDefaultConfig	8	static
../drivers/fsl_flexcan.c:1397:6:FLEXCAN_SetTimingConfig	16	static
../drivers/fsl_flexcan.c:846:6:FLEXCAN_Init	40	static
../drivers/fsl_flexcan.c:1476:6:FLEXCAN_SetFDTimingConfig	16	static
../drivers/fsl_flexcan.c:1046:6:FLEXCAN_FDInit	48	static
../drivers/fsl_flexcan.c:1523:6:FLEXCAN_SetRxMbGlobalMask	16	static
../drivers/fsl_flexcan.c:1545:6:FLEXCAN_SetRxFifoGlobalMask	16	static
../drivers/fsl_flexcan.c:1571:6:FLEXCAN_SetRxIndividualMask	16	static
../drivers/fsl_flexcan.c:1597:6:FLEXCAN_SetTxMbConfig	16	static
../drivers/fsl_flexcan.c:1755:6:FLEXCAN_CalculateImprovedTimingValues	48	static
../drivers/fsl_flexcan.c:779:10:FLEXCAN_SetBitRate	24	static
../drivers/fsl_flexcan.c:2094:6:FLEXCAN_FDCalculateImprovedTimingValues	32	static
../drivers/fsl_flexcan.c:806:10:FLEXCAN_SetFDBitRate	32	static
../drivers/fsl_flexcan.c:2196:6:FLEXCAN_SetFDTxMbConfig	24	static
../drivers/fsl_flexcan.c:2261:6:FLEXCAN_SetRxMbConfig	24	static
../drivers/fsl_flexcan.c:2317:6:FLEXCAN_SetFDRxMbConfig	24	static
../drivers/fsl_flexcan.c:2383:6:FLEXCAN_SetRxFifoConfig	16	static
../drivers/fsl_flexcan.c:2579:6:FLEXCAN_EnableRxFifoDMA	8	static
../drivers/fsl_flexcan.c:2615:6:FLEXCAN_GetMemoryErrorReportStatus	16	static
../drivers/fsl_flexcan.c:2752:10:FLEXCAN_WriteTxMb	16	static
../drivers/fsl_flexcan.c:2829:10:FLEXCAN_WriteFDTxMb	24	static
../drivers/fsl_flexcan.c:2924:10:FLEXCAN_ReadRxMb	16	static
../drivers/fsl_flexcan.c:3005:10:FLEXCAN_ReadFDRxMb	24	static
../drivers/fsl_flexcan.c:3105:10:FLEXCAN_ReadRxFifo	8	static
../drivers/fsl_flexcan.c:3215:10:FLEXCAN_TransferSendBlocking	16	static
../drivers/fsl_flexcan.c:3275:10:FLEXCAN_TransferReceiveBlocking	16	static
../drivers/fsl_flexcan.c:3321:10:FLEXCAN_TransferFDSendBlocking	24	static
../drivers/fsl_flexcan.c:3382:10:FLEXCAN_TransferFDReceiveBlocking	16	static
../drivers/fsl_flexcan.c:3427:10:FLEXCAN_TransferReceiveFifoBlocking	8	static
../drivers/fsl_flexcan.c:3484:6:FLEXCAN_TransferCreateHandle	24	static
../drivers/fsl_flexcan.c:3569:10:FLEXCAN_TransferSendNonBlocking	16	static
../drivers/fsl_flexcan.c:3640:10:FLEXCAN_TransferReceiveNonBlocking	16	static
../drivers/fsl_flexcan.c:3700:10:FLEXCAN_TransferFDSendNonBlocking	16	static
../drivers/fsl_flexcan.c:3772:10:FLEXCAN_TransferFDReceiveNonBlocking	16	static
../drivers/fsl_flexcan.c:3831:10:FLEXCAN_TransferReceiveFifoNonBlocking	8	static
../drivers/fsl_flexcan.c:3881:10:FLEXCAN_TransferGetReceiveFifoCount	8	static
../drivers/fsl_flexcan.c:3968:6:FLEXCAN_TransferAbortSend	16	static
../drivers/fsl_flexcan.c:4014:6:FLEXCAN_TransferFDAbortSend	24	static
../drivers/fsl_flexcan.c:4064:6:FLEXCAN_TransferFDAbortReceive	16	static
../drivers/fsl_flexcan.c:4104:6:FLEXCAN_TransferAbortReceive	16	static
../drivers/fsl_flexcan.c:4397:17:FLEXCAN_SubHandlerForMB	24	static
../drivers/fsl_flexcan.c:4142:6:FLEXCAN_TransferAbortReceiveFifo	8	static
../drivers/fsl_flexcan.c:4288:17:FLEXCAN_SubHandlerForLegacyRxFIFO	16	static
../drivers/fsl_flexcan.c:4501:17:FLEXCAN_SubHandlerForDataTransfered	32	static
../drivers/fsl_flexcan.c:4704:6:FLEXCAN_TransferHandleIRQ	40	static
../drivers/fsl_flexcan.c:4216:10:FLEXCAN_GetTimeStamp	8	static
../drivers/fsl_flexcan.c:4769:6:CAN1_DriverIRQHandler	8	static
../drivers/fsl_flexcan.c:4780:6:CAN2_DriverIRQHandler	8	static
../drivers/fsl_flexcan.c:4791:6:CAN3_DriverIRQHandler	8	static
