../drivers/fsl_clock.h:2178:20:CLOCK_ControlGate	0	static
../drivers/fsl_caam.c:259:17:ADD_OFFSET	0	static
../drivers/fsl_caam.c:302:13:caam_job_ring_set_base_address_and_size	32	static
../drivers/fsl_caam.c:342:20:caam_input_ring_set_jobs_added	0	static
../drivers/fsl_caam.c:393:17:caam_output_ring_get_slots_full	0	static
../drivers/fsl_caam.c:440:25:hmac2hash_algo	0	static
../drivers/fsl_caam.c:510:17:caam_in_job_ring_add	32	static
../drivers/fsl_caam.c:570:17:caam_out_job_ring_remove	4	static
../drivers/fsl_caam.c:601:17:caam_out_job_ring_test_and_remove	48	static
../drivers/fsl_caam.c:689:17:swap_bytes	0	static
../drivers/fsl_caam.c:710:17:caam_aes_gcm_check_input_args	12	static
../drivers/fsl_caam.c:2540:17:caam_hash_check_input_alg	0	static
../drivers/fsl_caam.c:2602:17:caam_hash_check_context	8	static
../drivers/fsl_caam.c:2612:17:caam_hash_algo2mode	0	static
../drivers/fsl_caam.c:2692:17:caam_hash_algo2ctx_size	0	static
../drivers/fsl_caam.c:2821:17:caam_hash_sgt_insert	32	static
../drivers/fsl_caam.c:3730:17:caam_crc_check_input_alg	0	static
../drivers/fsl_caam.c:3744:17:caam_crc_check_input_args	24	static
../drivers/fsl_caam.c:3769:17:caam_crc_check_context	8	static
../drivers/fsl_caam.c:3779:17:caam_crc_algo2mode	0	static
../drivers/fsl_caam.c:3816:17:caam_crc_sgt_insert	32	static
../drivers/fsl_caam.c:7539:13:caam_pkha_default_parms	0	static
../drivers/fsl_caam.c:7553:13:caam_pkha_mode_set_src_reg_copy	0	static
../drivers/fsl_caam.c:7571:13:caam_pkha_mode_set_dst_reg_copy	0	static
../drivers/fsl_caam.c:7585:13:caam_pkha_mode_set_src_seg_copy	0	static
../drivers/fsl_caam.c:7590:13:caam_pkha_mode_set_dst_seg_copy	0	static
../drivers/fsl_caam.c:7595:17:caam_pkha_get_mode	16	static
../drivers/fsl_caam.c:960:13:caam_aes_ccm_context_init	56	static
../drivers/fsl_caam.c:2896:17:caam_hash_schedule_input_data	64	static
../drivers/fsl_caam.c:3891:17:caam_crc_schedule_input_data	48	static
../drivers/fsl_caam.c:7638:17:caam_pkha_algorithm_operation_command	40	static
../drivers/fsl_caam.c:7771:17:caam_pkha_ecc_algorithm_operation_command	40	static
../drivers/fsl_caam.c:3065:17:caam_hash_append_data	96	static
../drivers/fsl_caam.c:4034:17:caam_crc_append_data	96	static
../drivers/fsl_caam.c:428:6:caam_check_key_size	0	static
../drivers/fsl_caam.c:910:17:caam_aes_ccm_check_input_args	8	static
../drivers/fsl_caam.c:2569:17:caam_hash_check_input_args	24	static
../drivers/fsl_caam.c:811:10:caam_aes_gcm_non_blocking	72	static
../drivers/fsl_caam.c:1051:10:caam_aes_ccm_non_blocking	72	static
../drivers/fsl_caam.c:1189:10:CAAM_AES_EncryptTagCcmNonBlocking	56	static
../drivers/fsl_caam.c:1231:10:CAAM_AES_DecryptTagCcmNonBlocking	56	static
../drivers/fsl_caam.c:1308:10:CAAM_AES_CryptCtrNonBlocking	32	static
../drivers/fsl_caam.c:1424:10:CAAM_AES_EncryptEcbNonBlocking	32	static
../drivers/fsl_caam.c:1477:10:CAAM_AES_DecryptEcbNonBlocking	32	static
../drivers/fsl_caam.c:1544:10:CAAM_AES_EncryptCbcNonBlocking	32	static
../drivers/fsl_caam.c:1613:10:CAAM_AES_DecryptCbcNonBlocking	32	static
../drivers/fsl_caam.c:1687:10:CAAM_AES_EncryptTagGcmNonBlocking	56	static
../drivers/fsl_caam.c:1729:10:CAAM_AES_DecryptTagGcmNonBlocking	56	static
../drivers/fsl_caam.c:1758:6:CAAM_GetDefaultConfig	40	static
../drivers/fsl_caam.c:1931:10:CAAM_Wait	48	static
../drivers/fsl_caam.c:2023:10:CAAM_ExternalKeyTransfer	280	static
../drivers/fsl_caam.c:2075:10:CAAM_AES_EncryptEcb	312	static
../drivers/fsl_caam.c:2119:10:CAAM_AES_DecryptEcb	312	static
../drivers/fsl_caam.c:2162:10:CAAM_AES_EncryptCbc	320	static
../drivers/fsl_caam.c:2206:10:CAAM_AES_DecryptCbc	320	static
../drivers/fsl_caam.c:2260:10:CAAM_AES_CryptCtr	336	static
../drivers/fsl_caam.c:2320:10:CAAM_AES_EncryptTagCcm	344	static
../drivers/fsl_caam.c:2380:10:CAAM_AES_DecryptTagCcm	344	static
../drivers/fsl_caam.c:2437:10:CAAM_AES_EncryptTagGcm	344	static
../drivers/fsl_caam.c:2500:10:CAAM_AES_DecryptTagGcm	344	static
../drivers/fsl_caam.c:3114:10:CAAM_HASH_Init	40	static
../drivers/fsl_caam.c:3173:10:CAAM_HASH_Update	304	static
../drivers/fsl_caam.c:3286:10:CAAM_HASH_UpdateNonBlocking	40	static
../drivers/fsl_caam.c:3333:10:CAAM_HASH_Finish	304	static
../drivers/fsl_caam.c:3407:10:CAAM_HASH_FinishNonBlocking	64	static
../drivers/fsl_caam.c:3526:10:CAAM_HASH_NonBlocking	104	static
../drivers/fsl_caam.c:3472:10:CAAM_HASH	304	static
../drivers/fsl_caam.c:482:17:hmac_prehash_key	48	static
../drivers/fsl_caam.c:3579:10:CAAM_HMAC_Init	16	static
../drivers/fsl_caam.c:3613:10:CAAM_HMAC	528	static
../drivers/fsl_caam.c:3683:10:CAAM_HMAC_NonBlocking	528	static
../drivers/fsl_caam.c:4074:10:CAAM_CRC_Init	40	static
../drivers/fsl_caam.c:4135:10:CAAM_CRC_Update	304	static
../drivers/fsl_caam.c:4237:10:CAAM_CRC_Finish	296	static
../drivers/fsl_caam.c:4363:10:CAAM_CRC_NonBlocking	104	static
../drivers/fsl_caam.c:4310:10:CAAM_CRC	312	static
../drivers/fsl_caam.c:4409:10:CAAM_RNG_GetDefaultConfig	0	static
../drivers/fsl_caam.c:4439:10:CAAM_RNG_Init	280	static
../drivers/fsl_caam.c:4501:10:CAAM_RNG_Deinit	272	static
../drivers/fsl_caam.c:1971:10:CAAM_Deinit	32	static
../drivers/fsl_caam.c:4538:10:CAAM_RNG_GenerateSecureKey	272	static
../drivers/fsl_caam.c:1780:10:CAAM_Init	48	static
../drivers/fsl_caam.c:4585:10:CAAM_RNG_Reseed	280	static
../drivers/fsl_caam.c:4701:10:CAAM_RNG_GetRandomDataNonBlocking	32	static
../drivers/fsl_caam.c:4641:10:CAAM_RNG_GetRandomData	312	static
../drivers/fsl_caam.c:4779:10:CAAM_BLACK_GetKeyBlacken	280	static
../drivers/fsl_caam.c:4852:10:CAAM_RedBlob_Encapsule	280	static
../drivers/fsl_caam.c:4930:10:CAAM_RedBlob_Decapsule	280	static
../drivers/fsl_caam.c:5009:10:CAAM_BlackBlob_Encapsule	280	static
../drivers/fsl_caam.c:5091:10:CAAM_BlackBlob_Decapsule	280	static
../drivers/fsl_caam.c:5229:10:CAAM_DES_EncryptEcbNonBlocking	24	static
../drivers/fsl_caam.c:5191:10:CAAM_DES_EncryptEcb	296	static
../drivers/fsl_caam.c:5314:10:CAAM_DES_DecryptEcbNonBlocking	24	static
../drivers/fsl_caam.c:5276:10:CAAM_DES_DecryptEcb	296	static
../drivers/fsl_caam.c:5403:10:CAAM_DES_EncryptCbcNonBlocking	24	static
../drivers/fsl_caam.c:5362:10:CAAM_DES_EncryptCbc	304	static
../drivers/fsl_caam.c:5494:10:CAAM_DES_DecryptCbcNonBlocking	24	static
../drivers/fsl_caam.c:5453:10:CAAM_DES_DecryptCbc	304	static
../drivers/fsl_caam.c:5583:10:CAAM_DES_EncryptCfbNonBlocking	24	static
../drivers/fsl_caam.c:5543:10:CAAM_DES_EncryptCfb	304	static
../drivers/fsl_caam.c:5672:10:CAAM_DES_DecryptCfbNonBlocking	24	static
../drivers/fsl_caam.c:5632:10:CAAM_DES_DecryptCfb	304	static
../drivers/fsl_caam.c:5763:10:CAAM_DES_EncryptOfbNonBlocking	24	static
../drivers/fsl_caam.c:5722:10:CAAM_DES_EncryptOfb	304	static
../drivers/fsl_caam.c:5854:10:CAAM_DES_DecryptOfbNonBlocking	24	static
../drivers/fsl_caam.c:5813:10:CAAM_DES_DecryptOfb	304	static
../drivers/fsl_caam.c:5943:10:CAAM_DES2_EncryptEcbNonBlocking	24	static
../drivers/fsl_caam.c:5903:10:CAAM_DES2_EncryptEcb	296	static
../drivers/fsl_caam.c:6033:10:CAAM_DES2_DecryptEcbNonBlocking	24	static
../drivers/fsl_caam.c:5993:10:CAAM_DES2_DecryptEcb	296	static
../drivers/fsl_caam.c:6128:10:CAAM_DES2_EncryptCbcNonBlocking	24	static
../drivers/fsl_caam.c:6085:10:CAAM_DES2_EncryptCbc	320	static
../drivers/fsl_caam.c:6225:10:CAAM_DES2_DecryptCbcNonBlocking	24	static
../drivers/fsl_caam.c:6182:10:CAAM_DES2_DecryptCbc	320	static
../drivers/fsl_caam.c:6319:10:CAAM_DES2_EncryptCfbNonBlocking	24	static
../drivers/fsl_caam.c:6277:10:CAAM_DES2_EncryptCfb	320	static
../drivers/fsl_caam.c:6414:10:CAAM_DES2_DecryptCfbNonBlocking	24	static
../drivers/fsl_caam.c:6372:10:CAAM_DES2_DecryptCfb	320	static
../drivers/fsl_caam.c:6510:10:CAAM_DES2_EncryptOfbNonBlocking	24	static
../drivers/fsl_caam.c:6467:10:CAAM_DES2_EncryptOfb	320	static
../drivers/fsl_caam.c:6607:10:CAAM_DES2_DecryptOfbNonBlocking	24	static
../drivers/fsl_caam.c:6564:10:CAAM_DES2_DecryptOfb	320	static
../drivers/fsl_caam.c:6701:10:CAAM_DES3_EncryptEcbNonBlocking	24	static
../drivers/fsl_caam.c:6659:10:CAAM_DES3_EncryptEcb	304	static
../drivers/fsl_caam.c:6796:10:CAAM_DES3_DecryptEcbNonBlocking	24	static
../drivers/fsl_caam.c:6754:10:CAAM_DES3_DecryptEcb	304	static
../drivers/fsl_caam.c:6897:10:CAAM_DES3_EncryptCbcNonBlocking	24	static
../drivers/fsl_caam.c:6851:10:CAAM_DES3_EncryptCbc	320	static
../drivers/fsl_caam.c:6999:10:CAAM_DES3_DecryptCbcNonBlocking	24	static
../drivers/fsl_caam.c:6953:10:CAAM_DES3_DecryptCbc	320	static
../drivers/fsl_caam.c:7097:10:CAAM_DES3_EncryptCfbNonBlocking	24	static
../drivers/fsl_caam.c:7052:10:CAAM_DES3_EncryptCfb	320	static
../drivers/fsl_caam.c:7197:10:CAAM_DES3_DecryptCfbNonBlocking	24	static
../drivers/fsl_caam.c:7152:10:CAAM_DES3_DecryptCfb	320	static
../drivers/fsl_caam.c:7297:10:CAAM_DES3_EncryptOfbNonBlocking	24	static
../drivers/fsl_caam.c:7251:10:CAAM_DES3_EncryptOfb	320	static
../drivers/fsl_caam.c:7399:10:CAAM_DES3_DecryptOfbNonBlocking	24	static
../drivers/fsl_caam.c:7353:10:CAAM_DES3_DecryptOfb	320	static
../drivers/fsl_caam.c:7883:5:CAAM_PKHA_CompareBigNum	12	static
../drivers/fsl_caam.c:7973:10:CAAM_PKHA_ModAddNonBlocking	96	static
../drivers/fsl_caam.c:8030:10:CAAM_PKHA_ModAdd	336	static
../drivers/fsl_caam.c:8077:10:CAAM_PKHA_ModSub1NonBlocking	88	static
../drivers/fsl_caam.c:8127:10:CAAM_PKHA_ModSub1	336	static
../drivers/fsl_caam.c:8172:10:CAAM_PKHA_ModSub2NonBlocking	80	static
../drivers/fsl_caam.c:8212:10:CAAM_PKHA_ModSub2	336	static
../drivers/fsl_caam.c:8261:10:CAAM_PKHA_ModMulNonBlocking	96	static
../drivers/fsl_caam.c:8329:10:CAAM_PKHA_ModMul	360	static
../drivers/fsl_caam.c:8376:10:CAAM_PKHA_ModR2NonBlocking	80	static
../drivers/fsl_caam.c:8411:10:CAAM_PKHA_ModR2	312	static
../drivers/fsl_caam.c:8456:10:CAAM_PKHA_ModExpNonBlocking	96	static
../drivers/fsl_caam.c:8513:10:CAAM_PKHA_ModExp	344	static
../drivers/fsl_caam.c:8561:10:CAAM_PKHA_ModRedNonBlocking	80	static
../drivers/fsl_caam.c:8600:10:CAAM_PKHA_ModRed	328	static
../drivers/fsl_caam.c:8643:10:CAAM_PKHA_ModInvNonBlocking	80	static
../drivers/fsl_caam.c:8682:10:CAAM_PKHA_ModInv	328	static
../drivers/fsl_caam.c:8725:10:CAAM_PKHA_ModGcdNonBlocking	80	static
../drivers/fsl_caam.c:8764:10:CAAM_PKHA_ModGcd	328	static
../drivers/fsl_caam.c:8806:10:CAAM_PKHA_PrimalityTestNonBlocking	88	static
../drivers/fsl_caam.c:8843:10:CAAM_PKHA_PrimalityTest	320	static
../drivers/fsl_caam.c:8903:10:CAAM_PKHA_ECC_PointAddNonBlocking	96	static
../drivers/fsl_caam.c:8948:10:CAAM_PKHA_ECC_PointAdd	336	static
../drivers/fsl_caam.c:8995:10:CAAM_PKHA_ECC_PointDoubleNonBlocking	88	static
../drivers/fsl_caam.c:9034:10:CAAM_PKHA_ECC_PointDouble	328	static
../drivers/fsl_caam.c:9083:10:CAAM_PKHA_ECC_PointMulNonBlocking	96	static
../drivers/fsl_caam.c:9133:10:CAAM_PKHA_ECC_PointMul	344	static
../drivers/fsl_caam.c:9191:10:CAAM_PKHA_NormalToMontgomery	72	static
../drivers/fsl_caam.c:9264:10:CAAM_PKHA_MontgomeryToNormal	88	static
