../drivers/fsl_clock.h:2178:20:CLOCK_ControlGate	0	static
../drivers/fsl_dcdc.c:51:17:DCDC_GetInstance	8	static
../drivers/fsl_dcdc.c:70:17:DCDC_ConvertByteArrayToWord	8	static
../drivers/fsl_dcdc.c:91:6:DCDC_Init	16	static
../drivers/fsl_dcdc.c:119:6:DCDC_Deinit	8	static
../drivers/fsl_dcdc.c:142:6:DCDC_GetDefaultConfig	8	static
../drivers/fsl_dcdc.c:173:6:DCDC_GetDefaultDetectionConfig	8	static
../drivers/fsl_dcdc.c:196:6:DCDC_SetDetectionConfig	8	static
../drivers/fsl_dcdc.c:245:6:DCDC_SetClockSource	8	static
../drivers/fsl_dcdc.c:283:6:DCDC_GetDefaultLowPowerConfig	8	static
../drivers/fsl_dcdc.c:298:6:DCDC_SetLowPowerConfig	8	static
../drivers/fsl_dcdc.c:331:6:DCDC_GetDefaultLoopControlConfig	8	static
../drivers/fsl_dcdc.c:354:6:DCDC_SetLoopControlConfig	8	static
../drivers/fsl_dcdc.c:407:6:DCDC_SetMinPowerConfig	8	static
../drivers/fsl_dcdc.c:427:6:DCDC_SetInternalRegulatorConfig	8	static
../drivers/fsl_dcdc.c:447:6:DCDC_SetPointInit	16	static
../drivers/fsl_dcdc.c:498:6:DCDC_BootIntoDCM	0	static
../drivers/fsl_dcdc.c:517:6:DCDC_BootIntoCCM	0	static
