../drivers/fsl_cache.h:227:20:L1CACHE_InvalidateDCacheByRange	0	static
../drivers/fsl_cache.h:242:20:L1CACHE_CleanDCacheByRange	0	static
../drivers/fsl_cache.h:257:20:L1CACHE_CleanInvalidateDCacheByRange	0	static
../drivers/fsl_cache.c:496:6:L1CACHE_InvalidateICacheByRange	0	static
../drivers/fsl_cache.c:527:6:ICACHE_InvalidateByRange	8	static
../drivers/fsl_cache.c:550:6:DCACHE_InvalidateByRange	8	static
../drivers/fsl_cache.c:572:6:DCACHE_CleanByRange	8	static
../drivers/fsl_cache.c:594:6:DCACHE_CleanInvalidateByRange	8	static
