C:\Users\USER\Documents\MCUXpressoIDE_11.9.1_2170\workspace_fw\MCUXpresso_IDE_FW\CMSIS/core_cm7.h:1911:22:__NVIC_EnableIRQ	0	static
../drivers/fsl_clock.h:2178:20:CLOCK_ControlGate	0	static
../drivers/fsl_flexspi.c:118:13:FLEXSPI_Memset	8	static
../drivers/fsl_flexspi.c:148:17:FLEXSPI_CalculateDll	8	static
../drivers/fsl_flexspi.c:130:10:FLEXSPI_GetInstance	8	static
../drivers/fsl_flexspi.c:213:10:FLEXSPI_CheckAndClearError	8	static
../drivers/fsl_flexspi.c:255:6:FLEXSPI_Init	16	static
../drivers/fsl_flexspi.c:361:6:FLEXSPI_GetDefaultConfig	16	static
../drivers/fsl_flexspi.c:419:6:FLEXSPI_Deinit	0	static
../drivers/fsl_flexspi.c:432:6:FLEXSPI_UpdateDllValue	16	static
../drivers/fsl_flexspi.c:494:6:FLEXSPI_SetFlashConfig	16	static
../drivers/fsl_flexspi.c:587:6:FLEXSPI_UpdateLUT	8	static
../drivers/fsl_flexspi.c:623:6:FLEXSPI_UpdateRxSampleClock	0	static
../drivers/fsl_flexspi.c:652:10:FLEXSPI_WriteBlocking	24	static
../drivers/fsl_flexspi.c:731:10:FLEXSPI_ReadBlocking	32	static
../drivers/fsl_flexspi.c:836:10:FLEXSPI_TransferBlocking	8	static
../drivers/fsl_flexspi.c:904:6:FLEXSPI_TransferCreateHandle	24	static
../drivers/fsl_flexspi.c:945:10:FLEXSPI_TransferNonBlocking	8	static
../drivers/fsl_flexspi.c:1022:10:FLEXSPI_TransferGetCount	8	static
../drivers/fsl_flexspi.c:1049:6:FLEXSPI_TransferAbort	8	static
../drivers/fsl_flexspi.c:1063:6:FLEXSPI_TransferHandleIRQ	24	static
../drivers/fsl_flexspi.c:1230:6:FLEXSPI1_DriverIRQHandler	8	static
../drivers/fsl_flexspi.c:1238:6:FLEXSPI2_DriverIRQHandler	8	static
