C:\Users\USER\Documents\MCUXpressoIDE_11.9.1_2170\workspace_fw\MCUXpresso_IDE_FW\CMSIS/core_cm7.h:1911:22:__NVIC_EnableIRQ	0	static
../drivers/fsl_clock.h:2178:20:CLOCK_ControlGate	0	static
../drivers/fsl_lpuart.c:1887:13:LPUART_TransferHandleTransmissionComplete	8	static
../drivers/fsl_lpuart.c:255:13:LPUART_ReadNonBlocking	8	static
../drivers/fsl_lpuart.c:1681:13:LPUART_TransferHandleIDLEReady	24	static
../drivers/fsl_lpuart.c:241:13:LPUART_WriteNonBlocking	8	static
../drivers/fsl_lpuart.c:1847:13:LPUART_TransferHandleSendDataEmpty	24	static
../drivers/fsl_lpuart.c:168:10:LPUART_GetInstance	8	static
../drivers/fsl_lpuart.c:203:8:LPUART_TransferGetRxRingBufferLength	8	static
../drivers/fsl_lpuart.c:224:13:LPUART_TransferIsRxRingBufferFull	8	static
../drivers/fsl_lpuart.c:1734:13:LPUART_TransferHandleReceiveDataFull	24	static
../drivers/fsl_lpuart.c:309:10:LPUART_Init	32	static
../drivers/fsl_lpuart.c:537:6:LPUART_Deinit	8	static
../drivers/fsl_lpuart.c:601:6:LPUART_GetDefaultConfig	8	static
../drivers/fsl_lpuart.c:646:10:LPUART_SetBaudRate	24	static
../drivers/fsl_lpuart.c:746:6:LPUART_Enable9bitMode	8	static
../drivers/fsl_lpuart.c:780:6:LPUART_SendAddress	8	static
../drivers/fsl_lpuart.c:802:6:LPUART_EnableInterrupts	0	static
../drivers/fsl_lpuart.c:854:6:LPUART_DisableInterrupts	0	static
../drivers/fsl_lpuart.c:912:10:LPUART_GetEnabledInterrupts	0	static
../drivers/fsl_lpuart.c:950:10:LPUART_GetStatusFlags	0	static
../drivers/fsl_lpuart.c:1915:6:LPUART_TransferHandleIRQ	24	static
../drivers/fsl_lpuart.c:983:10:LPUART_ClearStatusFlags	8	static
../drivers/fsl_lpuart.c:1033:10:LPUART_WriteBlocking	8	static
../drivers/fsl_lpuart.c:1098:10:LPUART_ReadBlocking	32	static
../drivers/fsl_lpuart.c:1233:6:LPUART_TransferCreateHandle	24	static
../drivers/fsl_lpuart.c:1298:6:LPUART_TransferStartRingBuffer	8	static
../drivers/fsl_lpuart.c:1327:6:LPUART_TransferStopRingBuffer	8	static
../drivers/fsl_lpuart.c:1365:10:LPUART_TransferSendNonBlocking	8	static
../drivers/fsl_lpuart.c:1408:6:LPUART_TransferAbortSend	8	static
../drivers/fsl_lpuart.c:1433:10:LPUART_TransferGetSendCount	8	static
../drivers/fsl_lpuart.c:1491:10:LPUART_TransferReceiveNonBlocking	32	static
../drivers/fsl_lpuart.c:1630:6:LPUART_TransferAbortReceive	8	static
../drivers/fsl_lpuart.c:1661:10:LPUART_TransferGetReceiveCount	8	static
../drivers/fsl_lpuart.c:1973:6:LPUART_TransferHandleErrorIRQ	0	static
../drivers/fsl_lpuart.c:2068:6:LPUART1_DriverIRQHandler	8	static
../drivers/fsl_lpuart.c:2093:6:LPUART2_DriverIRQHandler	8	static
../drivers/fsl_lpuart.c:2117:6:LPUART3_DriverIRQHandler	8	static
../drivers/fsl_lpuart.c:2141:6:LPUART4_DriverIRQHandler	8	static
../drivers/fsl_lpuart.c:2165:6:LPUART5_DriverIRQHandler	8	static
../drivers/fsl_lpuart.c:2189:6:LPUART6_DriverIRQHandler	8	static
../drivers/fsl_lpuart.c:2213:6:LPUART7_DriverIRQHandler	8	static
../drivers/fsl_lpuart.c:2237:6:LPUART8_DriverIRQHandler	8	static
../drivers/fsl_lpuart.c:2261:6:LPUART9_DriverIRQHandler	8	static
../drivers/fsl_lpuart.c:2285:6:LPUART10_DriverIRQHandler	8	static
../drivers/fsl_lpuart.c:2309:6:LPUART11_DriverIRQHandler	8	static
../drivers/fsl_lpuart.c:2333:6:LPUART12_DriverIRQHandler	8	static
