../drivers/fsl_snvs_hp.c:329:17:SNVS_HP_RTC_GetSeconds	4	static
../drivers/fsl_snvs_hp.c:98:13:SNVS_HP_CheckDatetimeFormat	24	static
../drivers/fsl_snvs_hp.c:130:17:SNVS_HP_ConvertDatetimeToSeconds	40	static
../drivers/fsl_snvs_hp.c:160:13:SNVS_HP_ConvertSecondsToDatetime	24	static
../drivers/fsl_snvs_hp.c:246:6:SNVS_HP_Init	0	static
../drivers/fsl_snvs_hp.c:260:6:SNVS_HP_Deinit	0	static
../drivers/fsl_snvs_hp.c:277:6:SNVS_HP_RTC_Init	8	static
../drivers/fsl_snvs_hp.c:299:6:SNVS_HP_RTC_Deinit	0	static
../drivers/fsl_snvs_hp.c:317:6:SNVS_HP_RTC_GetDefaultConfig	8	static
../drivers/fsl_snvs_hp.c:354:10:SNVS_HP_RTC_SetDatetime	16	static
../drivers/fsl_snvs_hp.c:391:6:SNVS_HP_RTC_GetDatetime	8	static
../drivers/fsl_snvs_hp.c:412:10:SNVS_HP_RTC_SetAlarm	16	static
../drivers/fsl_snvs_hp.c:457:6:SNVS_HP_RTC_GetAlarm	8	static
../drivers/fsl_snvs_hp.c:476:6:SNVS_HP_RTC_TimeSynchronize	0	static
../drivers/fsl_snvs_hp.c:501:10:SNVS_HP_RTC_GetStatusFlags	0	static
../drivers/fsl_snvs_hp.c:526:10:SNVS_HP_RTC_GetEnabledInterrupts	0	static
