../drivers/fsl_clock.h:2178:20:CLOCK_ControlGate	0	static
../drivers/fsl_clock.c:615:13:ANATOP_AudioPllGate	0	static
../drivers/fsl_clock.c:627:13:ANATOP_AudioPllSwEnClk	0	static
../drivers/fsl_clock.c:735:13:ANATOP_VideoPllGate	0	static
../drivers/fsl_clock.c:747:13:ANATOP_VideoPllSwEnClk	0	static
../drivers/fsl_clock.c:985:13:ANATOP_SysPll1Gate	0	static
../drivers/fsl_clock.c:997:13:ANATOP_SysPll1Div2En	0	static
../drivers/fsl_clock.c:1009:13:ANATOP_SysPll1Div5En	0	static
../drivers/fsl_clock.c:1021:13:ANATOP_SysPll1SwEnClk	0	static
../drivers/fsl_clock.c:1033:13:ANATOP_SysPll1WaitStable	0	static
../drivers/fsl_clock.h:3161:20:CLOCK_ROOT_ConfigSetPoint	8	static
../drivers/fsl_clock.c:558:13:ANATOP_PllBypass	8	static
../drivers/fsl_clock.c:552:13:ANATOP_PllSetPower	8	static
../drivers/fsl_clock.c:563:13:ANATOP_PllEnablePllReg	8	static
../drivers/fsl_clock.c:568:13:ANATOP_PllHoldRingOff	8	static
../drivers/fsl_clock.c:573:13:ANATOP_PllToggleHoldRingOff	16	static
../drivers/fsl_clock.c:585:13:ANATOP_PllEnableClk	8	static
../drivers/fsl_clock.c:580:13:ANATOP_PllEnableSs	8	static
../drivers/fsl_clock.c:590:13:ANATOP_PllConfigure	32	static
../drivers/fsl_clock.c:1396:17:CLOCK_GetAvPllFreq	24	static
../drivers/fsl_clock.c:118:6:CLOCK_InitArmPll	16	static
../drivers/fsl_clock.c:178:6:CLOCK_DeinitArmPll	0	static
../drivers/fsl_clock.c:187:6:CLOCK_CalcPllSpreadSpectrum	8	static
../drivers/fsl_clock.c:196:6:CLOCK_InitSysPll2	16	static
../drivers/fsl_clock.c:278:6:CLOCK_DeinitSysPll2	0	static
../drivers/fsl_clock.c:300:6:CLOCK_IsSysPll2PfdEnabled	0	static
../drivers/fsl_clock.c:308:6:CLOCK_InitPfd	32	static
../drivers/fsl_clock.c:363:6:CLOCK_DeinitPfd	8	static
../drivers/fsl_clock.c:392:10:CLOCK_GetPfdFreq	8	static
../drivers/fsl_clock.c:444:6:CLOCK_InitSysPll3	16	static
../drivers/fsl_clock.c:495:6:CLOCK_DeinitSysPll3	0	static
../drivers/fsl_clock.c:515:6:CLOCK_IsSysPll3PfdEnabled	0	static
../drivers/fsl_clock.c:521:6:CLOCK_SetPllBypass	8	static
../drivers/fsl_clock.c:658:6:CLOCK_InitAudioPll	24	static
../drivers/fsl_clock.c:709:6:CLOCK_DeinitAudioPll	8	static
../drivers/fsl_clock.c:719:6:CLOCK_GPC_SetAudioPllOutputFreq	8	static
../drivers/fsl_clock.c:759:10:CLOCK_CalcArmPllFreq	8	static
../drivers/fsl_clock.c:807:10:CLOCK_InitArmPllWithFreq	16	static
../drivers/fsl_clock.c:818:10:CLOCK_CalcAvPllFreq	8	static
../drivers/fsl_clock.c:639:10:CLOCK_InitAudioPllWithFreq	40	static
../drivers/fsl_clock.c:907:6:CLOCK_InitVideoPll	24	static
../drivers/fsl_clock.c:888:10:CLOCK_InitVideoPllWithFreq	40	static
../drivers/fsl_clock.c:958:6:CLOCK_DeinitVideoPll	8	static
../drivers/fsl_clock.c:968:6:CLOCK_GPC_SetVideoPllOutputFreq	8	static
../drivers/fsl_clock.c:1044:6:CLOCK_InitSysPll1	16	static
../drivers/fsl_clock.c:1083:6:CLOCK_DeinitSysPll1	8	static
../drivers/fsl_clock.c:1095:6:CLOCK_GPC_SetSysPll1OutputFreq	8	static
../drivers/fsl_clock.c:1112:6:CLOCK_OSC_EnableOsc24M	0	static
../drivers/fsl_clock.c:1130:6:CLOCK_OSC_SetOsc24MWorkMode	0	static
../drivers/fsl_clock.c:1152:6:CLOCK_OSC_SetOsc16MConfig	4	static
../drivers/fsl_clock.c:1171:6:CLOCK_OSC_SetOscRc400MRefClkDiv	8	static
../drivers/fsl_clock.c:1186:6:CLOCK_OSC_SetOscRc400MFastClkCount	8	static
../drivers/fsl_clock.c:1205:6:CLOCK_OSC_SetOscRc400MHysteresisValue	16	static
../drivers/fsl_clock.c:1223:6:CLOCK_OSC_BypassOscRc400MTuneLogic	8	static
../drivers/fsl_clock.c:1242:6:CLOCK_OSC_EnableOscRc400MTuneLogic	8	static
../drivers/fsl_clock.c:1261:6:CLOCK_OSC_FreezeOscRc400MTuneValue	8	static
../drivers/fsl_clock.c:1278:6:CLOCK_OSC_SetOscRc400MTuneValue	8	static
../drivers/fsl_clock.c:1296:6:CLOCK_OSC_Set1MHzOutputBehavior	8	static
../drivers/fsl_clock.c:1323:6:CLOCK_OSC_SetLocked1MHzCount	8	static
../drivers/fsl_clock.c:1350:6:CLOCK_OSC_CheckLocked1MHzErrorFlag	8	static
../drivers/fsl_clock.c:1362:6:CLOCK_OSC_ClearLocked1MHzErrorFlag	8	static
../drivers/fsl_clock.c:1372:10:CLOCK_OSC_GetCurrentOscRc400MFastClockCount	8	static
../drivers/fsl_clock.c:1386:9:CLOCK_OSC_GetCurrentOscRc400MTuneValue	8	static
../drivers/fsl_clock.c:1420:10:CLOCK_GetPllFreq	8	static
../drivers/fsl_clock.c:1493:10:CLOCK_GetFreq	8	static
../drivers/fsl_clock.h:2240:24:CLOCK_GetRootClockFreq	16	static
../drivers/fsl_clock.h:2254:24:CLOCK_GetM7Freq	8	static
../drivers/fsl_clock.c:1604:6:CLOCK_SetGroupConfig	8	static
../drivers/fsl_clock.c:1613:6:CLOCK_OSC_TrimOscRc400M	8	static
../drivers/fsl_clock.c:1625:6:CLOCK_OSC_EnableOscRc400M	0	static
../drivers/fsl_clock.c:1631:10:CLOCK_GetFreqFromObs	8	static
../drivers/fsl_clock.c:1660:6:CLOCK_EnableUsbhs0Clock	0	static
../drivers/fsl_clock.c:1673:6:CLOCK_EnableUsbhs0PhyPllClock	8	static
../drivers/fsl_clock.c:1770:6:CLOCK_DisableUsbhs0PhyPllClock	0	static
../drivers/fsl_clock.c:1775:6:CLOCK_EnableUsbhs1Clock	0	static
../drivers/fsl_clock.c:1779:6:CLOCK_EnableUsbhs1PhyPllClock	8	static
../drivers/fsl_clock.c:1864:6:CLOCK_DisableUsbhs1PhyPllClock	0	static
../drivers/fsl_clock.c:1870:6:CLOCK_OSCPLL_ControlBySetPointMode	4	static
../drivers/fsl_clock.c:1881:6:CLOCK_OSCPLL_ControlByCpuLowPowerMode	8	static
../drivers/fsl_clock.c:1898:6:CLOCK_ROOT_ControlBySetPointMode	16	static
../drivers/fsl_clock.c:1913:6:CLOCK_LPCG_ControlBySetPointMode	4	static
../drivers/fsl_clock.c:1924:6:CLOCK_LPCG_ControlByCpuLowPowerMode	8	static
