C:\Users\USER\Documents\MCUXpressoIDE_11.9.1_2170\workspace_fw\MCUXpresso_IDE_FW\CMSIS/core_cm7.h:1911:22:__NVIC_EnableIRQ	0	static
../drivers/fsl_clock.h:2178:20:CLOCK_ControlGate	0	static
../drivers/fsl_enet.c:1192:17:ENET_MDIOWaitTransferOver	0	static
../drivers/fsl_enet.c:760:13:ENET_SetTxBufferDescriptors	24	static
../drivers/fsl_enet.c:1367:17:ENET_IncreaseIndex	8	static
../drivers/fsl_enet.c:924:13:ENET_RxBufferFreeAll	32	static
../drivers/fsl_enet.c:976:20:ENET_ActiveReadRing	8	static
../drivers/fsl_enet.c:1745:13:ENET_UpdateReadBuffers	16	static
../drivers/fsl_enet.c:1013:13:ENET_ActiveSendRing	8	static
../drivers/fsl_enet.c:3075:6:ENET_ReceiveIRQHandler	32	static
../drivers/fsl_enet.c:3122:6:ENET_ErrorIRQHandler	16	static
../drivers/fsl_enet.c:2098:24:ENET_GetRxFrameErr	8	static
../drivers/fsl_enet.c:821:17:ENET_SetRxBufferDescriptors	32	static
../drivers/fsl_enet.c:163:10:ENET_GetInstance	8	static
../drivers/fsl_enet.c:195:6:ENET_GetDefaultConfig	8	static
../drivers/fsl_enet.c:342:6:ENET_Down	8	static
../drivers/fsl_enet.c:366:6:ENET_Deinit	8	static
../drivers/fsl_enet.c:382:6:ENET_SetRxISRHandler	8	static
../drivers/fsl_enet.c:390:6:ENET_SetTxISRHandler	8	static
../drivers/fsl_enet.c:415:6:ENET_SetErrISRHandler	8	static
../drivers/fsl_enet.c:441:13:ENET_SetHandler	24	static
../drivers/fsl_enet.c:1068:6:ENET_SetMII	16	static
../drivers/fsl_enet.c:1124:6:ENET_SetMacAddr	0	static
../drivers/fsl_enet.c:1144:6:ENET_GetMacAddr	8	static
../drivers/fsl_enet.c:1172:6:ENET_SetSMI	8	static
../drivers/fsl_enet.c:498:13:ENET_SetMacController	24	static
../drivers/fsl_enet.c:246:10:ENET_Up	40	static
../drivers/fsl_enet.c:311:10:ENET_Init	32	static
../drivers/fsl_enet.c:1231:10:ENET_MDIOWrite	16	static
../drivers/fsl_enet.c:1263:10:ENET_MDIORead	16	static
../drivers/fsl_enet.c:1302:10:ENET_MDIOC45Write	16	static
../drivers/fsl_enet.c:1338:10:ENET_MDIOC45Read	16	static
../drivers/fsl_enet.c:1404:6:ENET_GetRxErrBeforeReadFrame	8	static
../drivers/fsl_enet.c:1487:6:ENET_GetStatistics	0	static
../drivers/fsl_enet.c:1521:10:ENET_GetRxFrameSize	24	static
../drivers/fsl_enet.c:1636:10:ENET_ReadFrame	48	static
../drivers/fsl_enet.c:1786:10:ENET_SendFrame	56	static
../drivers/fsl_enet.c:2004:10:ENET_SetTxReclaim	8	static
../drivers/fsl_enet.c:2045:6:ENET_ReclaimTxDescriptor	32	static
../drivers/fsl_enet.c:3009:6:ENET_TransmitIRQHandler	32	static
../drivers/fsl_enet.c:2169:10:ENET_GetRxFrame	64	static
../drivers/fsl_enet.c:2421:10:ENET_StartTxFrame	48	static
../drivers/fsl_enet.c:2561:6:ENET_AddMulticastGroup	16	static
../drivers/fsl_enet.c:2614:6:ENET_LeaveMulticastGroup	16	static
../drivers/fsl_enet.c:3219:6:ENET_CommonFrame0IRQHandler	16	static
../drivers/fsl_enet.c:3267:6:ENET_CommonFrame1IRQHandler	16	static
../drivers/fsl_enet.c:3297:6:ENET_CommonFrame2IRQHandler	16	static
../drivers/fsl_enet.c:3321:6:ENET_Ptp1588IRQHandler	8	static
../drivers/fsl_enet.c:3406:6:ENET_MAC0_Rx_Tx_Done1_DriverIRQHandler	8	static
../drivers/fsl_enet.c:3412:6:ENET_MAC0_Rx_Tx_Done2_DriverIRQHandler	8	static
../drivers/fsl_enet.c:3420:6:ENET_DriverIRQHandler	8	static
../drivers/fsl_enet.c:3427:6:ENET_1588_Timer_DriverIRQHandler	8	static
../drivers/fsl_enet.c:3434:6:ENET_TIMER_DriverIRQHandler	8	static
../drivers/fsl_enet.c:3525:6:ENET_1G_DriverIRQHandler	8	static
../drivers/fsl_enet.c:3531:6:ENET_1G_MAC0_Tx_Rx_1_DriverIRQHandler	8	static
../drivers/fsl_enet.c:3537:6:ENET_1G_MAC0_Tx_Rx_2_DriverIRQHandler	8	static
../drivers/fsl_enet.c:3543:6:ENET_1G_1588_Timer_DriverIRQHandler	8	static
