../lwip/src/core/dns.c:1043:1:dns_backupserver_available	0	static
../lwip/src/core/dns.c:1019:1:dns_create_txid	8	static
../lwip/src/core/dns.c:961:1:dns_call_found	32	static
../lwip/src/core/dns.c:1156:1:dns_correct_response	16	static
../lwip/src/core/dns.c:767:1:dns_send	48	static
../lwip/src/core/dns.c:1066:1:dns_check_entry	16	static
../lwip/src/core/dns.c:1143:1:dns_check_entries	8	static
../lwip/src/core/dns.c:618:1:dns_lookup	24	static
../lwip/src/core/dns.c:885:1:dns_alloc_random_port	8	static
../lwip/src/core/dns.c:919:1:dns_alloc_pcb	8	static
../lwip/src/core/dns.c:1394:1:dns_enqueue	48	static
../lwip/src/core/dns.c:670:1:dns_compare_name	24	static
../lwip/src/core/dns.c:727:1:dns_skip_name	16	static
../lwip/src/core/dns.c:1189:1:dns_recv	64	static
../lwip/src/core/dns.c:315:1:dns_init	0	static
../lwip/src/core/dns.c:361:1:dns_setserver	0	static
../lwip/src/core/dns.c:381:1:dns_getserver	0	static
../lwip/src/core/dns.c:395:1:dns_tmr	8	static
../lwip/src/core/dns.c:1570:1:dns_gethostbyname_addrtype	24	static
../lwip/src/core/dns.c:1549:1:dns_gethostbyname	16	static
