../mbedtls/port/ksdk/ecp_alt.c:3557:12:self_test_adjust_exponent	0	static
../mbedtls/port/ksdk/ecp_alt.c:1241:12:ecp_modp	24	static
../mbedtls/port/ksdk/ecp_alt.c:1297:19:mbedtls_mpi_mul_mod	16	static
../mbedtls/port/ksdk/ecp_alt.c:1346:19:mbedtls_mpi_add_mod	24	static
../mbedtls/port/ksdk/ecp_alt.c:2859:12:ecp_check_pubkey_sw	48	static
../mbedtls/port/ksdk/ecp_alt.c:3307:12:mbedtls_ecp_gen_privkey_sw	16	static
../mbedtls/port/ksdk/ecp_alt.c:580:31:mbedtls_ecp_curve_list	0	static
../mbedtls/port/ksdk/ecp_alt.c:588:29:mbedtls_ecp_grp_id_list	8	static
../mbedtls/port/ksdk/ecp_alt.c:612:31:mbedtls_ecp_curve_info_from_grp_id	8	static
../mbedtls/port/ksdk/ecp_alt.c:630:31:mbedtls_ecp_curve_info_from_tls_id	8	static
../mbedtls/port/ksdk/ecp_alt.c:648:31:mbedtls_ecp_curve_info_from_name	16	static
../mbedtls/port/ksdk/ecp_alt.c:670:24:mbedtls_ecp_get_type	0	static
../mbedtls/port/ksdk/ecp_alt.c:686:6:mbedtls_ecp_point_init	8	static
../mbedtls/port/ksdk/ecp_alt.c:698:6:mbedtls_ecp_group_init	16	static
../mbedtls/port/ksdk/ecp_alt.c:722:6:mbedtls_ecp_keypair_init	8	static
../mbedtls/port/ksdk/ecp_alt.c:734:6:mbedtls_ecp_point_free	8	static
../mbedtls/port/ksdk/ecp_alt.c:748:6:mbedtls_ecp_group_free	16	static
../mbedtls/port/ksdk/ecp_alt.c:777:6:mbedtls_ecp_keypair_free_o	8	static
../mbedtls/port/ksdk/ecp_alt.c:804:6:mbedtls_ecp_keypair_free	8	static
../mbedtls/port/ksdk/ecp_alt.c:813:5:mbedtls_ecp_copy	16	static
../mbedtls/port/ksdk/ecp_alt.c:830:5:mbedtls_ecp_group_copy	8	static
../mbedtls/port/ksdk/ecp_alt.c:841:5:mbedtls_ecp_set_zero	8	static
../mbedtls/port/ksdk/ecp_alt.c:857:5:mbedtls_ecp_is_zero	8	static
../mbedtls/port/ksdk/ecp_alt.c:867:5:mbedtls_ecp_point_cmp	16	static
../mbedtls/port/ksdk/ecp_alt.c:885:5:mbedtls_ecp_point_read_string	16	static
../mbedtls/port/ksdk/ecp_alt.c:904:5:mbedtls_ecp_point_write_binary	24	static
../mbedtls/port/ksdk/ecp_alt.c:977:5:mbedtls_ecp_point_read_binary	24	static
../mbedtls/port/ksdk/ecp_alt.c:1045:5:mbedtls_ecp_tls_read_point	8	static
../mbedtls/port/ksdk/ecp_alt.c:1083:5:mbedtls_ecp_tls_write_point	24	static
../mbedtls/port/ksdk/ecp_alt.c:1160:5:mbedtls_ecp_tls_read_group_id	8	static
../mbedtls/port/ksdk/ecp_alt.c:1119:5:mbedtls_ecp_tls_read_group_o	16	static
../mbedtls/port/ksdk/ecp_alt.c:1149:5:mbedtls_ecp_tls_read_group	8	static
../mbedtls/port/ksdk/ecp_alt.c:1202:5:mbedtls_ecp_tls_write_group	16	static
../mbedtls/port/ksdk/ecp_alt.c:3208:5:mbedtls_ecp_check_pubkey	16	static
../mbedtls/port/ksdk/ecp_alt.c:3235:5:mbedtls_ecp_check_privkey	16	static
../mbedtls/port/ksdk/ecp_alt.c:2769:5:mbedtls_ecp_mul_restartable	40	static
../mbedtls/port/ksdk/ecp_alt.c:2843:5:mbedtls_ecp_mul	24	static
../mbedtls/port/ksdk/ecp_alt.c:3591:12:self_test_point	56	static
../mbedtls/port/ksdk/ecp_alt.c:2909:12:mbedtls_ecp_mul_shortcuts	40	static
../mbedtls/port/ksdk/ecp_alt.c:2969:5:mbedtls_ecp_muladd_restartable	72	static
../mbedtls/port/ksdk/ecp_alt.c:3079:5:mbedtls_ecp_muladd	24	static
../mbedtls/port/ksdk/ecp_alt.c:3324:5:mbedtls_ecp_gen_privkey	24	static
../mbedtls/port/ksdk/ecp_alt.c:3351:5:mbedtls_ecp_gen_keypair_base	40	static
../mbedtls/port/ksdk/ecp_alt.c:3374:5:mbedtls_ecp_gen_keypair	16	static
../mbedtls/port/ksdk/ecp_alt.c:3390:5:mbedtls_ecp_gen_key	24	static
../mbedtls/port/ksdk/ecp_alt.c:3408:5:mbedtls_ecp_read_key	24	static
../mbedtls/port/ksdk/ecp_alt.c:3476:5:mbedtls_ecp_write_key	16	static
../mbedtls/port/ksdk/ecp_alt.c:3513:5:mbedtls_ecp_check_pub_priv	192	static
../mbedtls/port/ksdk/ecp_alt.c:3644:5:mbedtls_ecp_self_test	264	static
