../mbedtls/port/ksdk/ksdk_mbedtls.c:2659:13:ltc_reverse_array	4	static
../mbedtls/port/ksdk/ksdk_mbedtls.c:2188:12:ccm_auth_crypt	48	static
../mbedtls/port/ksdk/ksdk_mbedtls.c:4053:12:get_and_extend_mbedtls_mpi	32	static
../mbedtls/port/ksdk/ksdk_mbedtls.c:4093:12:caam_get_from_mbedtls_mpi	8	static
../mbedtls/port/ksdk/ksdk_mbedtls.c:313:10:CRYPTO_InitHardware	32	static
../mbedtls/port/ksdk/ksdk_mbedtls.c:466:5:mbedtls_des_setkey_enc	8	static
../mbedtls/port/ksdk/ksdk_mbedtls.c:487:5:mbedtls_des_setkey_dec	8	static
../mbedtls/port/ksdk/ksdk_mbedtls.c:511:5:mbedtls_des3_set2key_enc	16	static
../mbedtls/port/ksdk/ksdk_mbedtls.c:543:5:mbedtls_des3_set2key_dec	16	static
../mbedtls/port/ksdk/ksdk_mbedtls.c:575:5:mbedtls_des3_set3key_enc	8	static
../mbedtls/port/ksdk/ksdk_mbedtls.c:601:5:mbedtls_des3_set3key_dec	8	static
../mbedtls/port/ksdk/ksdk_mbedtls.c:628:5:mbedtls_des_crypt_ecb	16	static
../mbedtls/port/ksdk/ksdk_mbedtls.c:691:5:mbedtls_des3_crypt_ecb	24	static
../mbedtls/port/ksdk/ksdk_mbedtls.c:892:5:mbedtls_des_crypt_cbc	48	static
../mbedtls/port/ksdk/ksdk_mbedtls.c:941:5:mbedtls_des3_crypt_cbc	56	static
../mbedtls/port/ksdk/ksdk_mbedtls.c:1026:5:mbedtls_aes_setkey_enc	16	static
../mbedtls/port/ksdk/ksdk_mbedtls.c:1115:5:mbedtls_aes_setkey_dec	16	static
../mbedtls/port/ksdk/ksdk_mbedtls.c:1204:5:mbedtls_internal_aes_encrypt	24	static
../mbedtls/port/ksdk/ksdk_mbedtls.c:1375:5:mbedtls_internal_aes_decrypt	24	static
../mbedtls/port/ksdk/ksdk_mbedtls.c:1648:5:mbedtls_aes_crypt_cbc	64	static
../mbedtls/port/ksdk/ksdk_mbedtls.c:1976:5:mbedtls_aes_crypt_ctr	32	static
../mbedtls/port/ksdk/ksdk_mbedtls.c:2263:5:mbedtls_ccm_encrypt_and_tag	40	static
../mbedtls/port/ksdk/ksdk_mbedtls.c:2290:5:mbedtls_ccm_auth_decrypt	72	static
../mbedtls/port/ksdk/ksdk_mbedtls.c:2535:5:mbedtls_gcm_crypt_and_tag	56	static
../mbedtls/port/ksdk/ksdk_mbedtls.c:2608:5:mbedtls_gcm_auth_decrypt	72	static
../mbedtls/port/ksdk/ksdk_mbedtls.c:2779:5:mbedtls_mpi_add_abs	88	static
../mbedtls/port/ksdk/ksdk_mbedtls.c:2925:5:mbedtls_mpi_sub_abs	80	static
../mbedtls/port/ksdk/ksdk_mbedtls.c:3090:5:mbedtls_mpi_mul_mpi	96	static
../mbedtls/port/ksdk/ksdk_mbedtls.c:3254:5:mbedtls_mpi_mod_mpi	80	static
../mbedtls/port/ksdk/ksdk_mbedtls.c:3438:5:mbedtls_mpi_exp_mod	96	static
../mbedtls/port/ksdk/ksdk_mbedtls.c:3621:5:mbedtls_mpi_gcd	64	static
../mbedtls/port/ksdk/ksdk_mbedtls.c:3801:5:mbedtls_mpi_inv_mod	64	static
../mbedtls/port/ksdk/ksdk_mbedtls.c:3966:5:mbedtls_mpi_is_prime	56	static
../mbedtls/port/ksdk/ksdk_mbedtls.c:4209:5:ecp_mul_comb	128	static
../mbedtls/port/ksdk/ksdk_mbedtls.c:4509:5:ecp_add	120	static
../mbedtls/port/ksdk/ksdk_mbedtls.c:5252:6:mbedtls_sha1_init	8	static
../mbedtls/port/ksdk/ksdk_mbedtls.c:5259:6:mbedtls_sha1_free	8	static
../mbedtls/port/ksdk/ksdk_mbedtls.c:5268:6:mbedtls_sha1_clone	8	static
../mbedtls/port/ksdk/ksdk_mbedtls.c:5276:5:mbedtls_sha1_starts_ret	16	static
../mbedtls/port/ksdk/ksdk_mbedtls.c:5299:5:mbedtls_internal_sha1_process	8	static
../mbedtls/port/ksdk/ksdk_mbedtls.c:5326:5:mbedtls_sha1_update_ret	8	static
../mbedtls/port/ksdk/ksdk_mbedtls.c:5353:5:mbedtls_sha1_finish_ret	8	static
../mbedtls/port/ksdk/ksdk_mbedtls.c:5742:6:mbedtls_sha1_starts	8	static
../mbedtls/port/ksdk/ksdk_mbedtls.c:5747:6:mbedtls_sha1_update	8	static
../mbedtls/port/ksdk/ksdk_mbedtls.c:5752:6:mbedtls_sha1_finish	8	static
../mbedtls/port/ksdk/ksdk_mbedtls.c:5757:6:mbedtls_sha1_process	8	static
../mbedtls/port/ksdk/ksdk_mbedtls.c:6174:6:mbedtls_sha256_init	8	static
../mbedtls/port/ksdk/ksdk_mbedtls.c:6181:6:mbedtls_sha256_free	8	static
../mbedtls/port/ksdk/ksdk_mbedtls.c:6190:6:mbedtls_sha256_clone	8	static
../mbedtls/port/ksdk/ksdk_mbedtls.c:6198:5:mbedtls_sha256_starts_ret	16	static
../mbedtls/port/ksdk/ksdk_mbedtls.c:6225:5:mbedtls_internal_sha256_process	8	static
../mbedtls/port/ksdk/ksdk_mbedtls.c:6252:5:mbedtls_sha256_update_ret	8	static
../mbedtls/port/ksdk/ksdk_mbedtls.c:6279:5:mbedtls_sha256_finish_ret	8	static
../mbedtls/port/ksdk/ksdk_mbedtls.c:6548:6:mbedtls_sha256_starts	8	static
../mbedtls/port/ksdk/ksdk_mbedtls.c:6553:6:mbedtls_sha256_update	8	static
../mbedtls/port/ksdk/ksdk_mbedtls.c:6558:6:mbedtls_sha256_finish	8	static
../mbedtls/port/ksdk/ksdk_mbedtls.c:6563:6:mbedtls_sha256_process	8	static
../mbedtls/port/ksdk/ksdk_mbedtls.c:6583:5:mbedtls_hardware_poll	32	static
