../lwip/src/api/sockets.c:450:1:tryget_socket_unconn_nouse	0	static
../lwip/src/api/sockets.c:468:1:tryget_socket_unconn	8	static
../lwip/src/api/sockets.c:481:1:tryget_socket_unconn_locked	8	static
../lwip/src/api/sockets.c:499:1:tryget_socket	8	static
../lwip/src/api/sockets.c:518:1:get_socket	8	static
../lwip/src/api/sockets.c:587:1:free_socket_locked	0	static
../lwip/src/api/sockets.c:2483:1:lwip_poll_should_wake	12	static
../lwip/src/api/sockets.c:2904:1:lwip_sockopt_to_ipopt	8	static
../lwip/src/api/sockets.c:540:1:alloc_socket	24	static
../lwip/src/api/sockets.c:2238:1:lwip_pollscan	56	static
../lwip/src/api/sockets.c:1809:1:lwip_link_select_cb	8	static
../lwip/src/api/sockets.c:1833:1:lwip_unlink_select_cb	8	static
../lwip/src/api/sockets.c:1873:1:lwip_selscan	72	static
../lwip/src/api/sockets.c:1061:1:lwip_sock_make_addr	40	static
../lwip/src/api/sockets.c:1094:1:lwip_recv_tcp_from	32	static
../lwip/src/api/sockets.c:2745:1:lwip_getaddrname	40	static
../lwip/src/api/sockets.c:611:1:free_socket_free_elements	8	static
../lwip/src/api/sockets.c:633:1:free_socket	24	static
../lwip/src/api/sockets.c:958:1:lwip_recv_tcp	56	static
../lwip/src/api/sockets.c:1126:1:lwip_recvfrom_udp_raw	56	static
../lwip/src/api/sockets.c:2621:13:select_check_waiters	32	static
../lwip/src/api/sockets.c:2522:1:event_callback	24	static
../lwip/src/api/sockets.c:2927:1:lwip_getsockopt_impl	24	static
../lwip/src/api/sockets.c:3356:1:lwip_setsockopt_impl	24	static
../lwip/src/api/sockets.c:359:1:lwip_socket_thread_init	0	static
../lwip/src/api/sockets.c:366:1:lwip_socket_thread_cleanup	0	static
../lwip/src/api/sockets.c:461:1:lwip_socket_dbg_get_socket	8	static
../lwip/src/api/sockets.c:659:1:lwip_accept	56	static
../lwip/src/api/sockets.c:756:1:lwip_bind	24	static
../lwip/src/api/sockets.c:810:1:lwip_close	16	static
../lwip/src/api/sockets.c:851:1:lwip_connect	24	static
../lwip/src/api/sockets.c:919:1:lwip_listen	16	static
../lwip/src/api/sockets.c:1237:1:lwip_recvfrom	80	static
../lwip/src/api/sockets.c:1290:1:lwip_read	16	static
../lwip/src/api/sockets.c:1313:1:lwip_recv	16	static
../lwip/src/api/sockets.c:1319:1:lwip_recvmsg	48	static
../lwip/src/api/sockets.c:1296:1:lwip_readv	40	static
../lwip/src/api/sockets.c:1460:1:lwip_sendmsg	56	static
../lwip/src/api/sockets.c:1623:1:lwip_sendto	48	static
../lwip/src/api/sockets.c:1420:1:lwip_send	40	static
../lwip/src/api/sockets.c:1723:1:lwip_socket	16	static
../lwip/src/api/sockets.c:1784:1:lwip_write	8	static
../lwip/src/api/sockets.c:1790:1:lwip_writev	40	static
../lwip/src/api/sockets.c:2002:1:lwip_select	112	static
../lwip/src/api/sockets.c:2364:1:lwip_poll	64	static
../lwip/src/api/sockets.c:2700:1:lwip_shutdown	8	static
../lwip/src/api/sockets.c:2792:1:lwip_getpeername	8	static
../lwip/src/api/sockets.c:2798:1:lwip_getsockname	8	static
../lwip/src/api/sockets.c:2804:1:lwip_getsockopt	32	static
../lwip/src/api/sockets.c:3258:1:lwip_setsockopt	32	static
../lwip/src/api/sockets.c:3809:1:lwip_ioctl	16	static
../lwip/src/api/sockets.c:3917:1:lwip_fcntl	16	static
../lwip/src/api/sockets.c:4000:1:lwip_inet_ntop	8	static
../lwip/src/api/sockets.c:4033:1:lwip_inet_pton	8	static
