
Discarded input sections

 .note.GNU-stack
                0x0000000000000000        0x0 /data/hdd/ti/SDK_8.6/rc_8_6_18thFeb/common/gcc-arm-9.2-2019.12-x86_64-aarch64-none-linux-gnu/bin/../aarch64-none-linux-gnu/libc/usr/lib/../lib64/crti.o
 .note.GNU-stack
                0x0000000000000000        0x0 /data/hdd/ti/SDK_8.6/rc_8_6_18thFeb/common/gcc-arm-9.2-2019.12-x86_64-aarch64-none-linux-gnu/bin/../lib/gcc/aarch64-none-linux-gnu/9.2.1/crtbeginS.o
 .group         0x0000000000000000        0xc /opt/Jenkins_OUT/workspace/J7_TIDL_Parent/c7x-mma-tidl/ti_dl/release/tidl_j721e_08_06_00_10/arm-tidl/rt/out/J7/A72/LINUX/debug/module/src.armv8/../tidl_rt_ovx_datamove.o
 .group         0x0000000000000000        0xc /opt/Jenkins_OUT/workspace/J7_TIDL_Parent/c7x-mma-tidl/ti_dl/release/tidl_j721e_08_06_00_10/arm-tidl/rt/out/J7/A72/LINUX/debug/module/src.armv8/../tidl_rt_ovx_datamove.o
 .group         0x0000000000000000        0xc /opt/Jenkins_OUT/workspace/J7_TIDL_Parent/c7x-mma-tidl/ti_dl/release/tidl_j721e_08_06_00_10/arm-tidl/rt/out/J7/A72/LINUX/debug/module/src.armv8/../tidl_rt_ovx_datamove.o
 .group         0x0000000000000000        0xc /opt/Jenkins_OUT/workspace/J7_TIDL_Parent/c7x-mma-tidl/ti_dl/release/tidl_j721e_08_06_00_10/arm-tidl/rt/out/J7/A72/LINUX/debug/module/src.armv8/../tidl_rt_ovx_datamove.o
 .group         0x0000000000000000        0xc /opt/Jenkins_OUT/workspace/J7_TIDL_Parent/c7x-mma-tidl/ti_dl/release/tidl_j721e_08_06_00_10/arm-tidl/rt/out/J7/A72/LINUX/debug/module/src.armv8/../tidl_rt_ovx_datamove.o
 .group         0x0000000000000000        0xc /opt/Jenkins_OUT/workspace/J7_TIDL_Parent/c7x-mma-tidl/ti_dl/release/tidl_j721e_08_06_00_10/arm-tidl/rt/out/J7/A72/LINUX/debug/module/src.armv8/../tidl_rt_ovx_datamove.o
 .group         0x0000000000000000        0xc /opt/Jenkins_OUT/workspace/J7_TIDL_Parent/c7x-mma-tidl/ti_dl/release/tidl_j721e_08_06_00_10/arm-tidl/rt/out/J7/A72/LINUX/debug/module/src.armv8/../tidl_rt_ovx_datamove.o
 .group         0x0000000000000000        0xc /opt/Jenkins_OUT/workspace/J7_TIDL_Parent/c7x-mma-tidl/ti_dl/release/tidl_j721e_08_06_00_10/arm-tidl/rt/out/J7/A72/LINUX/debug/module/src.armv8/../tidl_rt_ovx_datamove.o
 .group         0x0000000000000000        0xc /opt/Jenkins_OUT/workspace/J7_TIDL_Parent/c7x-mma-tidl/ti_dl/release/tidl_j721e_08_06_00_10/arm-tidl/rt/out/J7/A72/LINUX/debug/module/src.armv8/../tidl_rt_ovx_datamove.o
 .group         0x0000000000000000        0xc /opt/Jenkins_OUT/workspace/J7_TIDL_Parent/c7x-mma-tidl/ti_dl/release/tidl_j721e_08_06_00_10/arm-tidl/rt/out/J7/A72/LINUX/debug/module/src.armv8/../tidl_rt_ovx_datamove.o
 .group         0x0000000000000000        0xc /opt/Jenkins_OUT/workspace/J7_TIDL_Parent/c7x-mma-tidl/ti_dl/release/tidl_j721e_08_06_00_10/arm-tidl/rt/out/J7/A72/LINUX/debug/module/src.armv8/../tidl_rt_ovx_datamove.o
 .group         0x0000000000000000        0xc /opt/Jenkins_OUT/workspace/J7_TIDL_Parent/c7x-mma-tidl/ti_dl/release/tidl_j721e_08_06_00_10/arm-tidl/rt/out/J7/A72/LINUX/debug/module/src.armv8/../tidl_rt_ovx_datamove.o
 .group         0x0000000000000000        0xc /opt/Jenkins_OUT/workspace/J7_TIDL_Parent/c7x-mma-tidl/ti_dl/release/tidl_j721e_08_06_00_10/arm-tidl/rt/out/J7/A72/LINUX/debug/module/src.armv8/../tidl_rt_ovx_datamove.o
 .group         0x0000000000000000        0xc /opt/Jenkins_OUT/workspace/J7_TIDL_Parent/c7x-mma-tidl/ti_dl/release/tidl_j721e_08_06_00_10/arm-tidl/rt/out/J7/A72/LINUX/debug/module/src.armv8/../tidl_rt_ovx_datamove.o
 .group         0x0000000000000000        0xc /opt/Jenkins_OUT/workspace/J7_TIDL_Parent/c7x-mma-tidl/ti_dl/release/tidl_j721e_08_06_00_10/arm-tidl/rt/out/J7/A72/LINUX/debug/module/src.armv8/../tidl_rt_ovx_datamove.o
 .group         0x0000000000000000        0xc /opt/Jenkins_OUT/workspace/J7_TIDL_Parent/c7x-mma-tidl/ti_dl/release/tidl_j721e_08_06_00_10/arm-tidl/rt/out/J7/A72/LINUX/debug/module/src.armv8/../tidl_rt_ovx_datamove.o
 .group         0x0000000000000000        0xc /opt/Jenkins_OUT/workspace/J7_TIDL_Parent/c7x-mma-tidl/ti_dl/release/tidl_j721e_08_06_00_10/arm-tidl/rt/out/J7/A72/LINUX/debug/module/src.armv8/../tidl_rt_ovx_datamove.o
 .group         0x0000000000000000        0xc /opt/Jenkins_OUT/workspace/J7_TIDL_Parent/c7x-mma-tidl/ti_dl/release/tidl_j721e_08_06_00_10/arm-tidl/rt/out/J7/A72/LINUX/debug/module/src.armv8/../tidl_rt_ovx_datamove.o
 .group         0x0000000000000000        0xc /opt/Jenkins_OUT/workspace/J7_TIDL_Parent/c7x-mma-tidl/ti_dl/release/tidl_j721e_08_06_00_10/arm-tidl/rt/out/J7/A72/LINUX/debug/module/src.armv8/../tidl_rt_ovx_datamove.o
 .group         0x0000000000000000        0xc /opt/Jenkins_OUT/workspace/J7_TIDL_Parent/c7x-mma-tidl/ti_dl/release/tidl_j721e_08_06_00_10/arm-tidl/rt/out/J7/A72/LINUX/debug/module/src.armv8/../tidl_rt_ovx_datamove.o
 .group         0x0000000000000000        0xc /opt/Jenkins_OUT/workspace/J7_TIDL_Parent/c7x-mma-tidl/ti_dl/release/tidl_j721e_08_06_00_10/arm-tidl/rt/out/J7/A72/LINUX/debug/module/src.armv8/../tidl_rt_ovx_datamove.o
[...]
Memory Configuration

Name             Origin             Length             Attributes
*default*        0x0000000000000000 0xffffffffffffffff

Linker script and memory map

LOAD /data/hdd/ti/SDK_8.6/rc_8_6_18thFeb/common/gcc-arm-9.2-2019.12-x86_64-aarch64-none-linux-gnu/bin/../aarch64-none-linux-gnu/libc/usr/lib/../lib64/crti.o
LOAD /data/hdd/ti/SDK_8.6/rc_8_6_18thFeb/common/gcc-arm-9.2-2019.12-x86_64-aarch64-none-linux-gnu/bin/../lib/gcc/aarch64-none-linux-gnu/9.2.1/crtbeginS.o
LOAD /opt/Jenkins_OUT/workspace/J7_TIDL_Parent/c7x-mma-tidl/ti_dl/release/tidl_j721e_08_06_00_10/arm-tidl/rt/out/J7/A72/LINUX/debug/module/src.armv8/../tidl_rt_ovx_datamove.o
LOAD /opt/Jenkins_OUT/workspace/J7_TIDL_Parent/c7x-mma-tidl/ti_dl/release/tidl_j721e_08_06_00_10/arm-tidl/rt/out/J7/A72/LINUX/debug/module/src.armv8/tidl_rt_linux_arm.o
LOAD /opt/Jenkins_OUT/workspace/J7_TIDL_Parent/c7x-mma-tidl/ti_dl/release/tidl_j721e_08_06_00_10/arm-tidl/rt/out/J7/A72/LINUX/debug/module/src.armv8/../tidl_rt_ovx.o
LOAD /opt/Jenkins_OUT/workspace/J7_TIDL_Parent/c7x-mma-tidl/ti_dl/release/tidl_j721e_08_06_00_10/arm-tidl/rt/out/J7/A72/LINUX/debug/module/src.armv8/../tidl_rt_utils.o
LOAD /opt/Jenkins_OUT/workspace/J7_TIDL_Parent/c7x-mma-tidl/ti_dl/release/tidl_j721e_08_06_00_10/arm-tidl/rt/out/J7/A72/LINUX/debug/module/src.armv8/../tidl_rt_ovx_debug_utils.o
LOAD /opt/Jenkins_OUT/workspace/J7_TIDL_Parent/c7x-mma-tidl/ti_dl/release/tidl_j721e_08_06_00_10/arm-tidl/rt/out/J7/A72/LINUX/debug/module/src.armv8/../tvm_rt_ovx.o
START GROUP
END GROUP
LOAD /data/hdd/ti/SDK_8.6/rc_8_6_18thFeb/j721e_08_06_00_04/targetfs/usr/lib/libti_rpmsg_char.so
LOAD /data/hdd/ti/SDK_8.6/rc_8_6_18thFeb/j721e_08_06_00_04/vision_apps/out/J7/A72/LINUX/debug/libtivision_apps.so
LOAD /data/hdd/ti/SDK_8.6/rc_8_6_18thFeb/j721e_08_06_00_04/targetfs/usr/lib/librt.so
LOAD /data/hdd/ti/SDK_8.6/rc_8_6_18thFeb/j721e_08_06_00_04/targetfs/usr/lib/libstdc++.so
LOAD /data/hdd/ti/SDK_8.6/rc_8_6_18thFeb/j721e_08_06_00_04/targetfs/usr/lib/libm.so
LOAD /data/hdd/ti/SDK_8.6/rc_8_6_18thFeb/common/gcc-arm-9.2-2019.12-x86_64-aarch64-none-linux-gnu/bin/../lib/gcc/aarch64-none-linux-gnu/9.2.1/../../../../aarch64-none-linux-gnu/lib/../lib64/libgcc_s.so
LOAD /data/hdd/ti/SDK_8.6/rc_8_6_18thFeb/j721e_08_06_00_04/targetfs/usr/lib/libc.so
START GROUP
LOAD /data/hdd/ti/SDK_8.6/rc_8_6_18thFeb/j721e_08_06_00_04/targetfs/usr/lib/../../lib/libc.so.6
LOAD /data/hdd/ti/SDK_8.6/rc_8_6_18thFeb/j721e_08_06_00_04/targetfs/usr/lib/./libc_nonshared.a
LOAD /data/hdd/ti/SDK_8.6/rc_8_6_18thFeb/j721e_08_06_00_04/targetfs/usr/lib/../../lib/ld-linux-aarch64.so.1
END GROUP
LOAD /data/hdd/ti/SDK_8.6/rc_8_6_18thFeb/common/gcc-arm-9.2-2019.12-x86_64-aarch64-none-linux-gnu/bin/../lib/gcc/aarch64-none-linux-gnu/9.2.1/../../../../aarch64-none-linux-gnu/lib/../lib64/libgcc_s.so
LOAD /data/hdd/ti/SDK_8.6/rc_8_6_18thFeb/common/gcc-arm-9.2-2019.12-x86_64-aarch64-none-linux-gnu/bin/../lib/gcc/aarch64-none-linux-gnu/9.2.1/crtendS.o
LOAD /data/hdd/ti/SDK_8.6/rc_8_6_18thFeb/common/gcc-arm-9.2-2019.12-x86_64-aarch64-none-linux-gnu/bin/../aarch64-none-linux-gnu/libc/usr/lib/../lib64/crtn.o
                0x0000000000000190                . = (SEGMENT_START ("text-segment", 0x0) + SIZEOF_HEADERS)

.note.gnu.build-id
 *(.note.gnu.build-id)

.hash           0x0000000000000190     0x15e4
 *(.hash)
 .hash          0x0000000000000190     0x15e4 /data/hdd/ti/SDK_8.6/rc_8_6_18thFeb/common/gcc-arm-9.2-2019.12-x86_64-aarch64-none-linux-gnu/bin/../aarch64-none-linux-gnu/libc/usr/lib/../lib64/crti.o

.gnu.hash       0x0000000000001778     0x18e4
 *(.gnu.hash)
 .gnu.hash      0x0000000000001778     0x18e4 /data/hdd/ti/SDK_8.6/rc_8_6_18thFeb/common/gcc-arm-9.2-2019.12-x86_64-aarch64-none-linux-gnu/bin/../aarch64-none-linux-gnu/libc/usr/lib/../lib64/crti.o

.dynsym         0x0000000000003060     0x5250
 *(.dynsym)
 .dynsym        0x0000000000003060     0x5250 /data/hdd/ti/SDK_8.6/rc_8_6_18thFeb/common/gcc-arm-9.2-2019.12-x86_64-aarch64-none-linux-gnu/bin/../aarch64-none-linux-gnu/libc/usr/lib/../lib64/crti.o

.dynstr         0x00000000000082b0     0x8c14
 *(.dynstr)
 .dynstr        0x00000000000082b0     0x8c14 /data/hdd/ti/SDK_8.6/rc_8_6_18thFeb/common/gcc-arm-9.2-2019.12-x86_64-aarch64-none-linux-gnu/bin/../aarch64-none-linux-gnu/libc/usr/lib/../lib64/crti.o

.gnu.version    0x0000000000010ec4      0x6dc
 *(.gnu.version)
 .gnu.version   0x0000000000010ec4      0x6dc /data/hdd/ti/SDK_8.6/rc_8_6_18thFeb/common/gcc-arm-9.2-2019.12-x86_64-aarch64-none-linux-gnu/bin/../aarch64-none-linux-gnu/libc/usr/lib/../lib64/crti.o

.gnu.version_d  0x00000000000115a0        0x0
 *(.gnu.version_d)
 .gnu.version_d
                0x00000000000115a0        0x0 /data/hdd/ti/SDK_8.6/rc_8_6_18thFeb/common/gcc-arm-9.2-2019.12-x86_64-aarch64-none-linux-gnu/bin/../aarch64-none-linux-gnu/libc/usr/lib/../lib64/crti.o

.gnu.version_r  0x00000000000115a0       0x20
 *(.gnu.version_r)
 .gnu.version_r
                0x00000000000115a0       0x20 /data/hdd/ti/SDK_8.6/rc_8_6_18thFeb/common/gcc-arm-9.2-2019.12-x86_64-aarch64-none-linux-gnu/bin/../aarch64-none-linux-gnu/libc/usr/lib/../lib64/crti.o

.rela.dyn       0x00000000000115c0      0x2b8
 *(.rela.init)
 *(.rela.text .rela.text.* .rela.gnu.linkonce.t.*)
 *(.rela.fini)
 *(.rela.rodata .rela.rodata.* .rela.gnu.linkonce.r.*)
 *(.rela.data .rela.data.* .rela.gnu.linkonce.d.*)
 .rela.data.rel.local
                0x00000000000115c0       0x18 /data/hdd/ti/SDK_8.6/rc_8_6_18thFeb/common/gcc-arm-9.2-2019.12-x86_64-aarch64-none-linux-gnu/bin/../aarch64-none-linux-gnu/libc/usr/lib/../lib64/crti.o
 .rela.data     0x00000000000115d8      0x180 /data/hdd/ti/SDK_8.6/rc_8_6_18thFeb/common/gcc-arm-9.2-2019.12-x86_64-aarch64-none-linux-gnu/bin/../aarch64-none-linux-gnu/libc/usr/lib/../lib64/crti.o
 *(.rela.tdata .rela.tdata.* .rela.gnu.linkonce.td.*)
 *(.rela.tbss .rela.tbss.* .rela.gnu.linkonce.tb.*)
 *(.rela.ctors)
 *(.rela.dtors)
 *(.rela.got)
 .rela.got      0x0000000000011758       0xc0 /data/hdd/ti/SDK_8.6/rc_8_6_18thFeb/common/gcc-arm-9.2-2019.12-x86_64-aarch64-none-linux-gnu/bin/../aarch64-none-linux-gnu/libc/usr/lib/../lib64/crti.o
 *(.rela.bss .rela.bss.* .rela.gnu.linkonce.b.*)
 *(.rela.ifunc)
 .rela.ifunc    0x0000000000011818        0x0 /data/hdd/ti/SDK_8.6/rc_8_6_18thFeb/common/gcc-arm-9.2-2019.12-x86_64-aarch64-none-linux-gnu/bin/../aarch64-none-linux-gnu/libc/usr/lib/../lib64/crti.o
 .rela.init_array
                0x0000000000011818       0x48 /data/hdd/ti/SDK_8.6/rc_8_6_18thFeb/common/gcc-arm-9.2-2019.12-x86_64-aarch64-none-linux-gnu/bin/../aarch64-none-linux-gnu/libc/usr/lib/../lib64/crti.o
 .rela.fini_array
                0x0000000000011860       0x18 /data/hdd/ti/SDK_8.6/rc_8_6_18thFeb/common/gcc-arm-9.2-2019.12-x86_64-aarch64-none-linux-gnu/bin/../aarch64-none-linux-gnu/libc/usr/lib/../lib64/crti.o

.rela.plt       0x0000000000011878     0x5010
 *(.rela.plt)
 .rela.plt      0x0000000000011878     0x5010 /data/hdd/ti/SDK_8.6/rc_8_6_18thFeb/common/gcc-arm-9.2-2019.12-x86_64-aarch64-none-linux-gnu/bin/../aarch64-none-linux-gnu/libc/usr/lib/../lib64/crti.o
 *(.rela.iplt)

.init           0x0000000000016888       0x14
 *(SORT_NONE(.init))
 .init          0x0000000000016888        0xc /data/hdd/ti/SDK_8.6/rc_8_6_18thFeb/common/gcc-arm-9.2-2019.12-x86_64-aarch64-none-linux-gnu/bin/../aarch64-none-linux-gnu/libc/usr/lib/../lib64/crti.o
                0x0000000000016888                _init
 .init          0x0000000000016894        0x8 /data/hdd/ti/SDK_8.6/rc_8_6_18thFeb/common/gcc-arm-9.2-2019.12-x86_64-aarch64-none-linux-gnu/bin/../aarch64-none-linux-gnu/libc/usr/lib/../lib64/crtn.o

.plt            0x00000000000168a0     0x3580
 *(.plt)
 .plt           0x00000000000168a0     0x3580 /data/hdd/ti/SDK_8.6/rc_8_6_18thFeb/common/gcc-arm-9.2-2019.12-x86_64-aarch64-none-linux-gnu/bin/../aarch64-none-linux-gnu/libc/usr/lib/../lib64/crti.o
 *(.iplt)

.text           0x0000000000019e20    0x537c0
 *(.text.unlikely .text.*_unlikely .text.unlikely.*)
 *(.text.exit .text.exit.*)
 *(.text.startup .text.startup.*)
 *(.text.hot .text.hot.*)
 *(.text .stub .text.* .gnu.linkonce.t.*)
 .text          0x0000000000019e20       0x14 /data/hdd/ti/SDK_8.6/rc_8_6_18thFeb/common/gcc-arm-9.2-2019.12-x86_64-aarch64-none-linux-gnu/bin/../aarch64-none-linux-gnu/libc/usr/lib/../lib64/crti.o
 *fill*         0x0000000000019e34        0x4 1f2003d5
 .text          0x0000000000019e38       0xbc /data/hdd/ti/SDK_8.6/rc_8_6_18thFeb/common/gcc-arm-9.2-2019.12-x86_64-aarch64-none-linux-gnu/bin/../lib/gcc/aarch64-none-linux-gnu/9.2.1/crtbeginS.o
 .text          0x0000000000019ef4     0xc920 /opt/Jenkins_OUT/workspace/J7_TIDL_Parent/c7x-mma-tidl/ti_dl/release/tidl_j721e_08_06_00_10/arm-tidl/rt/out/J7/A72/LINUX/debug/module/src.armv8/../tidl_rt_ovx_datamove.o
                0x0000000000019f94                is_tidlrt_in_tensor_same
                0x000000000001a2e8                is_tidlrt_out_tensor_same
                0x000000000001a674                cp_data_in_tidlrt_tensor_tiovx
                0x00000000000203e0                cp_data_out_tensor_tidlrt_tiovx
 .text._Z9copy_asisIhhEvPT0_PT_iiiiiiiiiii
                0x0000000000026814       0xe4 /opt/Jenkins_OUT/workspace/J7_TIDL_Parent/c7x-mma-tidl/ti_dl/release/tidl_j721e_08_06_00_10/arm-tidl/rt/out/J7/A72/LINUX/debug/module/src.armv8/../tidl_rt_ovx_datamove.o
                0x0000000000026814                void copy_asis<unsigned char, unsigned char>(unsigned char*, unsigned char*, int, int, int, int, int, int, int, int, int, int, int)
 .text._Z9copy_asisIhaEvPT0_PT_iiiiiiiiiii
                0x00000000000268f8       0xe4 /opt/Jenkins_OUT/workspace/J7_TIDL_Parent/c7x-mma-tidl/ti_dl/release/tidl_j721e_08_06_00_10/arm-tidl/rt/out/J7/A72/LINUX/debug/module/src.armv8/../tidl_rt_ovx_datamove.o
                0x00000000000268f8                void copy_asis<unsigned char, signed char>(signed char*, unsigned char*, int, int, int, int, int, int, int, int, int, int, int)
 .text._Z9copy_asisIhtEvPT0_PT_iiiiiiiiiii
                0x00000000000269dc       0xe4 /opt/Jenkins_OUT/workspace/J7_TIDL_Parent/c7x-mma-tidl/ti_dl/release/tidl_j721e_08_06_00_10/arm-tidl/rt/out/J7/A72/LINUX/debug/module/src.armv8/../tidl_rt_ovx_datamove.o
                0x00000000000269dc                void copy_asis<unsigned char, unsigned short>(unsigned short*, unsigned char*, int, int, int, int, int, int, int, int, int, int, int)
 .text._Z9copy_asisIhsEvPT0_PT_iiiiiiiiiii
                0x0000000000026ac0       0xe4 /opt/Jenkins_OUT/workspace/J7_TIDL_Parent/c7x-mma-tidl/ti_dl/release/tidl_j721e_08_06_00_10/arm-tidl/rt/out/J7/A72/LINUX/debug/module/src.armv8/../tidl_rt_ovx_datamove.o
                0x0000000000026ac0                void copy_asis<unsigned char, short>(short*, unsigned char*, int, int, int, int, int, int, int, int, int, int, int)
 .text._Z9copy_asisIhfEvPT0_PT_iiiiiiiiiii
                0x0000000000026ba4       0xe4 /opt/Jenkins_OUT/workspace/J7_TIDL_Parent/c7x-mma-tidl/ti_dl/release/tidl_j721e_08_06_00_10/arm-tidl/rt/out/J7/A72/LINUX/debug/module/src.armv8/../tidl_rt_ovx_datamove.o
                0x0000000000026ba4                void copy_asis<unsigned char, float>(float*, unsigned char*, int, int, int, int, int, int, int, int, int, int, int)
 .text._Z9copy_asisIahEvPT0_PT_iiiiiiiiiii
                0x0000000000026c88       0xe4 /opt/Jenkins_OUT/workspace/J7_TIDL_Parent/c7x-mma-tidl/ti_dl/release/tidl_j721e_08_06_00_10/arm-tidl/rt/out/J7/A72/LINUX/debug/module/src.armv8/../tidl_rt_ovx_datamove.o
                0x0000000000026c88                void copy_asis<signed char, unsigned char>(unsigned char*, signed char*, int, int, int, int, int, int, int, int, int, int, int)
 .text._Z9copy_asisIaaEvPT0_PT_iiiiiiiiiii
                0x0000000000026d6c       0xe4 /opt/Jenkins_OUT/workspace/J7_TIDL_Parent/c7x-mma-tidl/ti_dl/release/tidl_j721e_08_06_00_10/arm-tidl/rt/out/J7/A72/LINUX/debug/module/src.armv8/../tidl_rt_ovx_datamove.o
                0x0000000000026d6c                void copy_asis<signed char, signed char>(signed char*, signed char*, int, int, int, int, int, int, int, int, int, int, int)
 .text._Z9copy_asisIatEvPT0_PT_iiiiiiiiiii
                0x0000000000026e50       0xe4 /opt/Jenkins_OUT/workspace/J7_TIDL_Parent/c7x-mma-tidl/ti_dl/release/tidl_j721e_08_06_00_10/arm-tidl/rt/out/J7/A72/LINUX/debug/module/src.armv8/../tidl_rt_ovx_datamove.o
                0x0000000000026e50                void copy_asis<signed char, unsigned short>(unsigned short*, signed char*, int, int, int, int, int, int, int, int, int, int, int)
 .text._Z9copy_asisIasEvPT0_PT_iiiiiiiiiii
                0x0000000000026f34       0xe4 /opt/Jenkins_OUT/workspace/J7_TIDL_Parent/c7x-mma-tidl/ti_dl/release/tidl_j721e_08_06_00_10/arm-tidl/rt/out/J7/A72/LINUX/debug/module/src.armv8/../tidl_rt_ovx_datamove.o
                0x0000000000026f34                void copy_asis<signed char, short>(short*, signed char*, int, int, int, int, int, int, int, int, int, int, int)
 .text._Z9copy_asisIafEvPT0_PT_iiiiiiiiiii
                0x0000000000027018       0xe4 /opt/Jenkins_OUT/workspace/J7_TIDL_Parent/c7x-mma-tidl/ti_dl/release/tidl_j721e_08_06_00_10/arm-tidl/rt/out/J7/A72/LINUX/debug/module/src.armv8/../tidl_rt_ovx_datamove.o
                0x0000000000027018                void copy_asis<signed char, float>(float*, signed char*, int, int, int, int, int, int, int, int, int, int, int)
 .text._Z9copy_asisIthEvPT0_PT_iiiiiiiiiii
                0x00000000000270fc       0xe4 /opt/Jenkins_OUT/workspace/J7_TIDL_Parent/c7x-mma-tidl/ti_dl/release/tidl_j721e_08_06_00_10/arm-tidl/rt/out/J7/A72/LINUX/debug/module/src.armv8/../tidl_rt_ovx_datamove.o
                0x00000000000270fc                void copy_asis<unsigned short, unsigned char>(unsigned char*, unsigned short*, int, int, int, int, int, int, int, int, int, int, int)
 .text._Z9copy_asisItaEvPT0_PT_iiiiiiiiiii
                0x00000000000271e0       0xe4 /opt/Jenkins_OUT/workspace/J7_TIDL_Parent/c7x-mma-tidl/ti_dl/release/tidl_j721e_08_06_00_10/arm-tidl/rt/out/J7/A72/LINUX/debug/module/src.armv8/../tidl_rt_ovx_datamove.o
                0x00000000000271e0                void copy_asis<unsigned short, signed char>(signed char*, unsigned short*, int, int, int, int, int, int, int, int, int, int, int)
 .text._Z9copy_asisIttEvPT0_PT_iiiiiiiiiii
                0x00000000000272c4       0xe4 /opt/Jenkins_OUT/workspace/J7_TIDL_Parent/c7x-mma-tidl/ti_dl/release/tidl_j721e_08_06_00_10/arm-tidl/rt/out/J7/A72/LINUX/debug/module/src.armv8/../tidl_rt_ovx_datamove.o
                0x00000000000272c4                void copy_asis<unsigned short, unsigned short>(unsigned short*, unsigned short*, int, int, int, int, int, int, int, int, int, int, int)
 .text._Z9copy_asisItsEvPT0_PT_iiiiiiiiiii
                0x00000000000273a8       0xe4 /opt/Jenkins_OUT/workspace/J7_TIDL_Parent/c7x-mma-tidl/ti_dl/release/tidl_j721e_08_06_00_10/arm-tidl/rt/out/J7/A72/LINUX/debug/module/src.armv8/../tidl_rt_ovx_datamove.o
                0x00000000000273a8                void copy_asis<unsigned short, short>(short*, unsigned short*, int, int, int, int, int, int, int, int, int, int, int)
 .text._Z9copy_asisItfEvPT0_PT_iiiiiiiiiii
                0x000000000002748c       0xe4 /opt/Jenkins_OUT/workspace/J7_TIDL_Parent/c7x-mma-tidl/ti_dl/release/tidl_j721e_08_06_00_10/arm-tidl/rt/out/J7/A72/LINUX/debug/module/src.armv8/../tidl_rt_ovx_datamove.o
                0x000000000002748c                void copy_asis<unsigned short, float>(float*, unsigned short*, int, int, int, int, int, int, int, int, int, int, int)
 .text._Z9copy_asisIshEvPT0_PT_iiiiiiiiiii
                0x0000000000027570       0xe4 /opt/Jenkins_OUT/workspace/J7_TIDL_Parent/c7x-mma-tidl/ti_dl/release/tidl_j721e_08_06_00_10/arm-tidl/rt/out/J7/A72/LINUX/debug/module/src.armv8/../tidl_rt_ovx_datamove.o
                0x0000000000027570                void copy_asis<short, unsigned char>(unsigned char*, short*, int, int, int, int, int, int, int, int, int, int, int)
 .text._Z9copy_asisIsaEvPT0_PT_iiiiiiiiiii
                0x0000000000027654       0xe4 /opt/Jenkins_OUT/workspace/J7_TIDL_Parent/c7x-mma-tidl/ti_dl/release/tidl_j721e_08_06_00_10/arm-tidl/rt/out/J7/A72/LINUX/debug/module/src.armv8/../tidl_rt_ovx_datamove.o
                0x0000000000027654                void copy_asis<short, signed char>(signed char*, short*, int, int, int, int, int, int, int, int, int, int, int)
 .text._Z9copy_asisIstEvPT0_PT_iiiiiiiiiii
                0x0000000000027738       0xe4 /opt/Jenkins_OUT/workspace/J7_TIDL_Parent/c7x-mma-tidl/ti_dl/release/tidl_j721e_08_06_00_10/arm-tidl/rt/out/J7/A72/LINUX/debug/module/src.armv8/../tidl_rt_ovx_datamove.o
                0x0000000000027738                void copy_asis<short, unsigned short>(unsigned short*, short*, int, int, int, int, int, int, int, int, int, int, int)
 .text._Z9copy_asisIssEvPT0_PT_iiiiiiiiiii
                0x000000000002781c       0xe4 /opt/Jenkins_OUT/workspace/J7_TIDL_Parent/c7x-mma-tidl/ti_dl/release/tidl_j721e_08_06_00_10/arm-tidl/rt/out/J7/A72/LINUX/debug/module/src.armv8/../tidl_rt_ovx_datamove.o
                0x000000000002781c                void copy_asis<short, short>(short*, short*, int, int, int, int, int, int, int, int, int, int, int)
 .text._Z9copy_asisIsfEvPT0_PT_iiiiiiiiiii
                0x0000000000027900       0xe4 /opt/Jenkins_OUT/workspace/J7_TIDL_Parent/c7x-mma-tidl/ti_dl/release/tidl_j721e_08_06_00_10/arm-tidl/rt/out/J7/A72/LINUX/debug/module/src.armv8/../tidl_rt_ovx_datamove.o
                0x0000000000027900                void copy_asis<short, float>(float*, short*, int, int, int, int, int, int, int, int, int, int, int)
 .text._Z9copy_asisIjhEvPT0_PT_iiiiiiiiiii
                0x00000000000279e4       0xe4 /opt/Jenkins_OUT/workspace/J7_TIDL_Parent/c7x-mma-tidl/ti_dl/release/tidl_j721e_08_06_00_10/arm-tidl/rt/out/J7/A72/LINUX/debug/module/src.armv8/../tidl_rt_ovx_datamove.o
                0x00000000000279e4                void copy_asis<unsigned int, unsigned char>(unsigned char*, unsigned int*, int, int, int, int, int, int, int, int, int, int, int)
 .text._Z9copy_asisIjaEvPT0_PT_iiiiiiiiiii
                0x0000000000027ac8       0xe4 /opt/Jenkins_OUT/workspace/J7_TIDL_Parent/c7x-mma-tidl/ti_dl/release/tidl_j721e_08_06_00_10/arm-tidl/rt/out/J7/A72/LINUX/debug/module/src.armv8/../tidl_rt_ovx_datamove.o
                0x0000000000027ac8                void copy_asis<unsigned int, signed char>(signed char*, unsigned int*, int, int, int, int, int, int, int, int, int, int, int)
 .text._Z9copy_asisIjtEvPT0_PT_iiiiiiiiiii
                0x0000000000027bac       0xe4 /opt/Jenkins_OUT/workspace/J7_TIDL_Parent/c7x-mma-tidl/ti_dl/release/tidl_j721e_08_06_00_10/arm-tidl/rt/out/J7/A72/LINUX/debug/module/src.armv8/../tidl_rt_ovx_datamove.o
                0x0000000000027bac                void copy_asis<unsigned int, unsigned short>(unsigned short*, unsigned int*, int, int, int, int, int, int, int, int, int, int, int)
 .text._Z9copy_asisIjsEvPT0_PT_iiiiiiiiiii
                0x0000000000027c90       0xe4 /opt/Jenkins_OUT/workspace/J7_TIDL_Parent/c7x-mma-tidl/ti_dl/release/tidl_j721e_08_06_00_10/arm-tidl/rt/out/J7/A72/LINUX/debug/module/src.armv8/../tidl_rt_ovx_datamove.o
                0x0000000000027c90                void copy_asis<unsigned int, short>(short*, unsigned int*, int, int, int, int, int, int, int, int, int, int, int)
 .text._Z9copy_asisIjfEvPT0_PT_iiiiiiiiiii
                0x0000000000027d74       0xe4 /opt/Jenkins_OUT/workspace/J7_TIDL_Parent/c7x-mma-tidl/ti_dl/release/tidl_j721e_08_06_00_10/arm-tidl/rt/out/J7/A72/LINUX/debug/module/src.armv8/../tidl_rt_ovx_datamove.o
                0x0000000000027d74                void copy_asis<unsigned int, float>(float*, unsigned int*, int, int, int, int, int, int, int, int, int, int, int)
 .text._Z9copy_asisIihEvPT0_PT_iiiiiiiiiii
                0x0000000000027e58       0xe4 /opt/Jenkins_OUT/workspace/J7_TIDL_Parent/c7x-mma-tidl/ti_dl/release/tidl_j721e_08_06_00_10/arm-tidl/rt/out/J7/A72/LINUX/debug/module/src.armv8/../tidl_rt_ovx_datamove.o
                0x0000000000027e58                void copy_asis<int, unsigned char>(unsigned char*, int*, int, int, int, int, int, int, int, int, int, int, int)
 .text._Z9copy_asisIiaEvPT0_PT_iiiiiiiiiii
                0x0000000000027f3c       0xe4 /opt/Jenkins_OUT/workspace/J7_TIDL_Parent/c7x-mma-tidl/ti_dl/release/tidl_j721e_08_06_00_10/arm-tidl/rt/out/J7/A72/LINUX/debug/module/src.armv8/../tidl_rt_ovx_datamove.o
                0x0000000000027f3c                void copy_asis<int, signed char>(signed char*, int*, int, int, int, int, int, int, int, int, int, int, int)
 .text._Z9copy_asisIitEvPT0_PT_iiiiiiiiiii
                0x0000000000028020       0xe4 /opt/Jenkins_OUT/workspace/J7_TIDL_Parent/c7x-mma-tidl/ti_dl/release/tidl_j721e_08_06_00_10/arm-tidl/rt/out/J7/A72/LINUX/debug/module/src.armv8/../tidl_rt_ovx_datamove.o
                0x0000000000028020                void copy_asis<int, unsigned short>(unsigned short*, int*, int, int, int, int, int, int, int, int, int, int, int)
 .text._Z9copy_asisIisEvPT0_PT_iiiiiiiiiii
                0x0000000000028104       0xe4 /opt/Jenkins_OUT/workspace/J7_TIDL_Parent/c7x-mma-tidl/ti_dl/release/tidl_j721e_08_06_00_10/arm-tidl/rt/out/J7/A72/LINUX/debug/module/src.armv8/../tidl_rt_ovx_datamove.o
                0x0000000000028104                void copy_asis<int, short>(short*, int*, int, int, int, int, int, int, int, int, int, int, int)
 .text._Z9copy_asisIifEvPT0_PT_iiiiiiiiiii
                0x00000000000281e8       0xe4 /opt/Jenkins_OUT/workspace/J7_TIDL_Parent/c7x-mma-tidl/ti_dl/release/tidl_j721e_08_06_00_10/arm-tidl/rt/out/J7/A72/LINUX/debug/module/src.armv8/../tidl_rt_ovx_datamove.o
                0x00000000000281e8                void copy_asis<int, float>(float*, int*, int, int, int, int, int, int, int, int, int, int, int)
 .text._Z9copy_asisIfhEvPT0_PT_iiiiiiiiiii
                0x00000000000282cc       0xe4 /opt/Jenkins_OUT/workspace/J7_TIDL_Parent/c7x-mma-tidl/ti_dl/release/tidl_j721e_08_06_00_10/arm-tidl/rt/out/J7/A72/LINUX/debug/module/src.armv8/../tidl_rt_ovx_datamove.o
                0x00000000000282cc                void copy_asis<float, unsigned char>(unsigned char*, float*, int, int, int, int, int, int, int, int, int, int, int)
 .text._Z9copy_asisIfaEvPT0_PT_iiiiiiiiiii
                0x00000000000283b0       0xe4 /opt/Jenkins_OUT/workspace/J7_TIDL_Parent/c7x-mma-tidl/ti_dl/release/tidl_j721e_08_06_00_10/arm-tidl/rt/out/J7/A72/LINUX/debug/module/src.armv8/../tidl_rt_ovx_datamove.o
                0x00000000000283b0                void copy_asis<float, signed char>(signed char*, float*, int, int, int, int, int, int, int, int, int, int, int)
 .text._Z9copy_asisIftEvPT0_PT_iiiiiiiiiii
                0x0000000000028494       0xe4 /opt/Jenkins_OUT/workspace/J7_TIDL_Parent/c7x-mma-tidl/ti_dl/release/tidl_j721e_08_06_00_10/arm-tidl/rt/out/J7/A72/LINUX/debug/module/src.armv8/../tidl_rt_ovx_datamove.o
                0x0000000000028494                void copy_asis<float, unsigned short>(unsigned short*, float*, int, int, int, int, int, int, int, int, int, int, int)
 .text._Z9copy_asisIfsEvPT0_PT_iiiiiiiiiii
                0x0000000000028578       0xe4 /opt/Jenkins_OUT/workspace/J7_TIDL_Parent/c7x-mma-tidl/ti_dl/release/tidl_j721e_08_06_00_10/arm-tidl/rt/out/J7/A72/LINUX/debug/module/src.armv8/../tidl_rt_ovx_datamove.o
                0x0000000000028578                void copy_asis<float, short>(short*, float*, int, int, int, int, int, int, int, int, int, int, int)
 .text._Z9copy_asisIffEvPT0_PT_iiiiiiiiiii
                0x000000000002865c       0xe4 /opt/Jenkins_OUT/workspace/J7_TIDL_Parent/c7x-mma-tidl/ti_dl/release/tidl_j721e_08_06_00_10/arm-tidl/rt/out/J7/A72/LINUX/debug/module/src.armv8/../tidl_rt_ovx_datamove.o
                0x000000000002865c                void copy_asis<float, float>(float*, float*, int, int, int, int, int, int, int, int, int, int, int)
 .text._Z9copy_asisImhEvPT0_PT_iiiiiiiiiii
                0x0000000000028740       0xe4 /opt/Jenkins_OUT/workspace/J7_TIDL_Parent/c7x-mma-tidl/ti_dl/release/tidl_j721e_08_06_00_10/arm-tidl/rt/out/J7/A72/LINUX/debug/module/src.armv8/../tidl_rt_ovx_datamove.o
                0x0000000000028740                void copy_asis<unsigned long, unsigned char>(unsigned char*, unsigned long*, int, int, int, int, int, int, int, int, int, int, int)
 .text._Z9copy_asisImaEvPT0_PT_iiiiiiiiiii
                0x0000000000028824       0xe4 /opt/Jenkins_OUT/workspace/J7_TIDL_Parent/c7x-mma-tidl/ti_dl/release/tidl_j721e_08_06_00_10/arm-tidl/rt/out/J7/A72/LINUX/debug/module/src.armv8/../tidl_rt_ovx_datamove.o
                0x0000000000028824                void copy_asis<unsigned long, signed char>(signed char*, unsigned long*, int, int, int, int, int, int, int, int, int, int, int)
 .text._Z9copy_asisImtEvPT0_PT_iiiiiiiiiii
                0x0000000000028908       0xe4 /opt/Jenkins_OUT/workspace/J7_TIDL_Parent/c7x-mma-tidl/ti_dl/release/tidl_j721e_08_06_00_10/arm-tidl/rt/out/J7/A72/LINUX/debug/module/src.armv8/../tidl_rt_ovx_datamove.o
                0x0000000000028908                void copy_asis<unsigned long, unsigned short>(unsigned short*, unsigned long*, int, int, int, int, int, int, int, int, int, int, int)
 .text._Z9copy_asisImsEvPT0_PT_iiiiiiiiiii
                0x00000000000289ec       0xe4 /opt/Jenkins_OUT/workspace/J7_TIDL_Parent/c7x-mma-tidl/ti_dl/release/tidl_j721e_08_06_00_10/arm-tidl/rt/out/J7/A72/LINUX/debug/module/src.armv8/../tidl_rt_ovx_datamove.o
                0x00000000000289ec                void copy_asis<unsigned long, short>(short*, unsigned long*, int, int, int, int, int, int, int, int, int, int, int)
 .text._Z9copy_asisImfEvPT0_PT_iiiiiiiiiii
                0x0000000000028ad0       0xe4 /opt/Jenkins_OUT/workspace/J7_TIDL_Parent/c7x-mma-tidl/ti_dl/release/tidl_j721e_08_06_00_10/arm-tidl/rt/out/J7/A72/LINUX/debug/module/src.armv8/../tidl_rt_ovx_datamove.o
                0x0000000000028ad0                void copy_asis<unsigned long, float>(float*, unsigned long*, int, int, int, int, int, int, int, int, int, int, int)
 .text._Z9copy_asisIlhEvPT0_PT_iiiiiiiiiii
                0x0000000000028bb4       0xe4 /opt/Jenkins_OUT/workspace/J7_TIDL_Parent/c7x-mma-tidl/ti_dl/release/tidl_j721e_08_06_00_10/arm-tidl/rt/out/J7/A72/LINUX/debug/module/src.armv8/../tidl_rt_ovx_datamove.o
                0x0000000000028bb4                void copy_asis<long, unsigned char>(unsigned char*, long*, int, int, int, int, int, int, int, int, int, int, int)
 .text._Z9copy_asisIlaEvPT0_PT_iiiiiiiiiii
                0x0000000000028c98       0xe4 /opt/Jenkins_OUT/workspace/J7_TIDL_Parent/c7x-mma-tidl/ti_dl/release/tidl_j721e_08_06_00_10/arm-tidl/rt/out/J7/A72/LINUX/debug/module/src.armv8/../tidl_rt_ovx_datamove.o
                0x0000000000028c98                void copy_asis<long, signed char>(signed char*, long*, int, int, int, int, int, int, int, int, int, int, int)
 .text._Z9copy_asisIltEvPT0_PT_iiiiiiiiiii
                0x0000000000028d7c       0xe4 /opt/Jenkins_OUT/workspace/J7_TIDL_Parent/c7x-mma-tidl/ti_dl/release/tidl_j721e_08_06_00_10/arm-tidl/rt/out/J7/A72/LINUX/debug/module/src.armv8/../tidl_rt_ovx_datamove.o
                0x0000000000028d7c                void copy_asis<long, unsigned short>(unsigned short*, long*, int, int, int, int, int, int, int, int, int, int, int)
 .text._Z9copy_asisIlsEvPT0_PT_iiiiiiiiiii
                0x0000000000028e60       0xe4 /opt/Jenkins_OUT/workspace/J7_TIDL_Parent/c7x-mma-tidl/ti_dl/release/tidl_j721e_08_06_00_10/arm-tidl/rt/out/J7/A72/LINUX/debug/module/src.armv8/../tidl_rt_ovx_datamove.o
                0x0000000000028e60                void copy_asis<long, short>(short*, long*, int, int, int, int, int, int, int, int, int, int, int)
 .text._Z9copy_asisIlfEvPT0_PT_iiiiiiiiiii
                0x0000000000028f44       0xe4 /opt/Jenkins_OUT/workspace/J7_TIDL_Parent/c7x-mma-tidl/ti_dl/release/tidl_j721e_08_06_00_10/arm-tidl/rt/out/J7/A72/LINUX/debug/module/src.armv8/../tidl_rt_ovx_datamove.o
                0x0000000000028f44                void copy_asis<long, float>(float*, long*, int, int, int, int, int, int, int, int, int, int, int)
 .text._Z10copy_scaleIhhEvPT0_PT_iiiiiiiiiiiff
                0x0000000000029028       0xfc /opt/Jenkins_OUT/workspace/J7_TIDL_Parent/c7x-mma-tidl/ti_dl/release/tidl_j721e_08_06_00_10/arm-tidl/rt/out/J7/A72/LINUX/debug/module/src.armv8/../tidl_rt_ovx_datamove.o
                0x0000000000029028                void copy_scale<unsigned char, unsigned char>(unsigned char*, unsigned char*, int, int, int, int, int, int, int, int, int, int, int, float, float)
 .text._Z10copy_scaleIhaEvPT0_PT_iiiiiiiiiiiff
                0x0000000000029124       0xfc /opt/Jenkins_OUT/workspace/J7_TIDL_Parent/c7x-mma-tidl/ti_dl/release/tidl_j721e_08_06_00_10/arm-tidl/rt/out/J7/A72/LINUX/debug/module/src.armv8/../tidl_rt_ovx_datamove.o
                0x0000000000029124                void copy_scale<unsigned char, signed char>(signed char*, unsigned char*, int, int, int, int, int, int, int, int, int, int, int, float, float)
 .text._Z10copy_scaleIhtEvPT0_PT_iiiiiiiiiiiff
                0x0000000000029220       0xfc /opt/Jenkins_OUT/workspace/J7_TIDL_Parent/c7x-mma-tidl/ti_dl/release/tidl_j721e_08_06_00_10/arm-tidl/rt/out/J7/A72/LINUX/debug/module/src.armv8/../tidl_rt_ovx_datamove.o
                0x0000000000029220                void copy_scale<unsigned char, unsigned short>(unsigned short*, unsigned char*, int, int, int, int, int, int, int, int, int, int, int, float, float)
 .text._Z10copy_scaleIhsEvPT0_PT_iiiiiiiiiiiff
                0x000000000002931c       0xfc /opt/Jenkins_OUT/workspace/J7_TIDL_Parent/c7x-mma-tidl/ti_dl/release/tidl_j721e_08_06_00_10/arm-tidl/rt/out/J7/A72/LINUX/debug/module/src.armv8/../tidl_rt_ovx_datamove.o
                0x000000000002931c                void copy_scale<unsigned char, short>(short*, unsigned char*, int, int, int, int, int, int, int, int, int, int, int, float, float)
 .text._Z10copy_scaleIhfEvPT0_PT_iiiiiiiiiiiff
                0x0000000000029418       0xfc /opt/Jenkins_OUT/workspace/J7_TIDL_Parent/c7x-mma-tidl/ti_dl/release/tidl_j721e_08_06_00_10/arm-tidl/rt/out/J7/A72/LINUX/debug/module/src.armv8/../tidl_rt_ovx_datamove.o
                0x0000000000029418                void copy_scale<unsigned char, float>(float*, unsigned char*, int, int, int, int, int, int, int, int, int, int, int, float, float)
 .text._Z10copy_scaleIahEvPT0_PT_iiiiiiiiiiiff
                0x0000000000029514       0xfc /opt/Jenkins_OUT/workspace/J7_TIDL_Parent/c7x-mma-tidl/ti_dl/release/tidl_j721e_08_06_00_10/arm-tidl/rt/out/J7/A72/LINUX/debug/module/src.armv8/../tidl_rt_ovx_datamove.o
                0x0000000000029514                void copy_scale<signed char, unsigned char>(unsigned char*, signed char*, int, int, int, int, int, int, int, int, int, int, int, float, float)
 .text._Z10copy_scaleIaaEvPT0_PT_iiiiiiiiiiiff
                0x0000000000029610       0xfc /opt/Jenkins_OUT/workspace/J7_TIDL_Parent/c7x-mma-tidl/ti_dl/release/tidl_j721e_08_06_00_10/arm-tidl/rt/out/J7/A72/LINUX/debug/module/src.armv8/../tidl_rt_ovx_datamove.o
                0x0000000000029610                void copy_scale<signed char, signed char>(signed char*, signed char*, int, int, int, int, int, int, int, int, int, int, int, float, float)
 .text._Z10copy_scaleIatEvPT0_PT_iiiiiiiiiiiff
                0x000000000002970c       0xfc /opt/Jenkins_OUT/workspace/J7_TIDL_Parent/c7x-mma-tidl/ti_dl/release/tidl_j721e_08_06_00_10/arm-tidl/rt/out/J7/A72/LINUX/debug/module/src.armv8/../tidl_rt_ovx_datamove.o
                0x000000000002970c                void copy_scale<signed char, unsigned short>(unsigned short*, signed char*, int, int, int, int, int, int, int, int, int, int, int, float, float)
 .text._Z10copy_scaleIasEvPT0_PT_iiiiiiiiiiiff
                0x0000000000029808       0xfc /opt/Jenkins_OUT/workspace/J7_TIDL_Parent/c7x-mma-tidl/ti_dl/release/tidl_j721e_08_06_00_10/arm-tidl/rt/out/J7/A72/LINUX/debug/module/src.armv8/../tidl_rt_ovx_datamove.o
                0x0000000000029808                void copy_scale<signed char, short>(short*, signed char*, int, int, int, int, int, int, int, int, int, int, int, float, float)
 .text._Z10copy_scaleIafEvPT0_PT_iiiiiiiiiiiff
                0x0000000000029904       0xfc /opt/Jenkins_OUT/workspace/J7_TIDL_Parent/c7x-mma-tidl/ti_dl/release/tidl_j721e_08_06_00_10/arm-tidl/rt/out/J7/A72/LINUX/debug/module/src.armv8/../tidl_rt_ovx_datamove.o
                0x0000000000029904                void copy_scale<signed char, float>(float*, signed char*, int, int, int, int, int, int, int, int, int, int, int, float, float)
 .text._Z10copy_scaleIthEvPT0_PT_iiiiiiiiiiiff
                0x0000000000029a00       0xfc /opt/Jenkins_OUT/workspace/J7_TIDL_Parent/c7x-mma-tidl/ti_dl/release/tidl_j721e_08_06_00_10/arm-tidl/rt/out/J7/A72/LINUX/debug/module/src.armv8/../tidl_rt_ovx_datamove.o
                0x0000000000029a00                void copy_scale<unsigned short, unsigned char>(unsigned char*, unsigned short*, int, int, int, int, int, int, int, int, int, int, int, float, float)
 .text._Z10copy_scaleItaEvPT0_PT_iiiiiiiiiiiff
                0x0000000000029afc       0xfc /opt/Jenkins_OUT/workspace/J7_TIDL_Parent/c7x-mma-tidl/ti_dl/release/tidl_j721e_08_06_00_10/arm-tidl/rt/out/J7/A72/LINUX/debug/module/src.armv8/../tidl_rt_ovx_datamove.o
                0x0000000000029afc                void copy_scale<unsigned short, signed char>(signed char*, unsigned short*, int, int, int, int, int, int, int, int, int, int, int, float, float)
 .text._Z10copy_scaleIttEvPT0_PT_iiiiiiiiiiiff
                0x0000000000029bf8       0xfc /opt/Jenkins_OUT/workspace/J7_TIDL_Parent/c7x-mma-tidl/ti_dl/release/tidl_j721e_08_06_00_10/arm-tidl/rt/out/J7/A72/LINUX/debug/module/src.armv8/../tidl_rt_ovx_datamove.o
                0x0000000000029bf8                void copy_scale<unsigned short, unsigned short>(unsigned short*, unsigned short*, int, int, int, int, int, int, int, int, int, int, int, float, float)
 .text._Z10copy_scaleItsEvPT0_PT_iiiiiiiiiiiff
                0x0000000000029cf4       0xfc /opt/Jenkins_OUT/workspace/J7_TIDL_Parent/c7x-mma-tidl/ti_dl/release/tidl_j721e_08_06_00_10/arm-tidl/rt/out/J7/A72/LINUX/debug/module/src.armv8/../tidl_rt_ovx_datamove.o
                0x0000000000029cf4                void copy_scale<unsigned short, short>(short*, unsigned short*, int, int, int, int, int, int, int, int, int, int, int, float, float)
 .text._Z10copy_scaleItfEvPT0_PT_iiiiiiiiiiiff
                0x0000000000029df0       0xfc /opt/Jenkins_OUT/workspace/J7_TIDL_Parent/c7x-mma-tidl/ti_dl/release/tidl_j721e_08_06_00_10/arm-tidl/rt/out/J7/A72/LINUX/debug/module/src.armv8/../tidl_rt_ovx_datamove.o
                0x0000000000029df0                void copy_scale<unsigned short, float>(float*, unsigned short*, int, int, int, int, int, int, int, int, int, int, int, float, float)
 .text._Z10copy_scaleIshEvPT0_PT_iiiiiiiiiiiff
                0x0000000000029eec       0xfc /opt/Jenkins_OUT/workspace/J7_TIDL_Parent/c7x-mma-tidl/ti_dl/release/tidl_j721e_08_06_00_10/arm-tidl/rt/out/J7/A72/LINUX/debug/module/src.armv8/../tidl_rt_ovx_datamove.o
                0x0000000000029eec                void copy_scale<short, unsigned char>(unsigned char*, short*, int, int, int, int, int, int, int, int, int, int, int, float, float)
 .text._Z10copy_scaleIsaEvPT0_PT_iiiiiiiiiiiff
                0x0000000000029fe8       0xfc /opt/Jenkins_OUT/workspace/J7_TIDL_Parent/c7x-mma-tidl/ti_dl/release/tidl_j721e_08_06_00_10/arm-tidl/rt/out/J7/A72/LINUX/debug/module/src.armv8/../tidl_rt_ovx_datamove.o
                0x0000000000029fe8                void copy_scale<short, signed char>(signed char*, short*, int, int, int, int, int, int, int, int, int, int, int, float, float)
 .text._Z10copy_scaleIstEvPT0_PT_iiiiiiiiiiiff
                0x000000000002a0e4       0xfc /opt/Jenkins_OUT/workspace/J7_TIDL_Parent/c7x-mma-tidl/ti_dl/release/tidl_j721e_08_06_00_10/arm-tidl/rt/out/J7/A72/LINUX/debug/module/src.armv8/../tidl_rt_ovx_datamove.o
                0x000000000002a0e4                void copy_scale<short, unsigned short>(unsigned short*, short*, int, int, int, int, int, int, int, int, int, int, int, float, float)
 .text._Z10copy_scaleIssEvPT0_PT_iiiiiiiiiiiff
                0x000000000002a1e0       0xfc /opt/Jenkins_OUT/workspace/J7_TIDL_Parent/c7x-mma-tidl/ti_dl/release/tidl_j721e_08_06_00_10/arm-tidl/rt/out/J7/A72/LINUX/debug/module/src.armv8/../tidl_rt_ovx_datamove.o
                0x000000000002a1e0                void copy_scale<short, short>(short*, short*, int, int, int, int, int, int, int, int, int, int, int, float, float)
 .text._Z10copy_scaleIsfEvPT0_PT_iiiiiiiiiiiff
                0x000000000002a2dc       0xfc /opt/Jenkins_OUT/workspace/J7_TIDL_Parent/c7x-mma-tidl/ti_dl/release/tidl_j721e_08_06_00_10/arm-tidl/rt/out/J7/A72/LINUX/debug/module/src.armv8/../tidl_rt_ovx_datamove.o
                0x000000000002a2dc                void copy_scale<short, float>(float*, short*, int, int, int, int, int, int, int, int, int, int, int, float, float)
 .text._Z10copy_scaleIjhEvPT0_PT_iiiiiiiiiiiff
                0x000000000002a3d8       0xfc /opt/Jenkins_OUT/workspace/J7_TIDL_Parent/c7x-mma-tidl/ti_dl/release/tidl_j721e_08_06_00_10/arm-tidl/rt/out/J7/A72/LINUX/debug/module/src.armv8/../tidl_rt_ovx_datamove.o
                0x000000000002a3d8                void copy_scale<unsigned int, unsigned char>(unsigned char*, unsigned int*, int, int, int, int, int, int, int, int, int, int, int, float, float)
 .text._Z10copy_scaleIjaEvPT0_PT_iiiiiiiiiiiff
                0x000000000002a4d4       0xfc /opt/Jenkins_OUT/workspace/J7_TIDL_Parent/c7x-mma-tidl/ti_dl/release/tidl_j721e_08_06_00_10/arm-tidl/rt/out/J7/A72/LINUX/debug/module/src.armv8/../tidl_rt_ovx_datamove.o
                0x000000000002a4d4                void copy_scale<unsigned int, signed char>(signed char*, unsigned int*, int, int, int, int, int, int, int, int, int, int, int, float, float)
 .text._Z10copy_scaleIjtEvPT0_PT_iiiiiiiiiiiff
                0x000000000002a5d0       0xfc /opt/Jenkins_OUT/workspace/J7_TIDL_Parent/c7x-mma-tidl/ti_dl/release/tidl_j721e_08_06_00_10/arm-tidl/rt/out/J7/A72/LINUX/debug/module/src.armv8/../tidl_rt_ovx_datamove.o
                0x000000000002a5d0                void copy_scale<unsigned int, unsigned short>(unsigned short*, unsigned int*, int, int, int, int, int, int, int, int, int, int, int, float, float)
 .text._Z10copy_scaleIjsEvPT0_PT_iiiiiiiiiiiff
                0x000000000002a6cc       0xfc /opt/Jenkins_OUT/workspace/J7_TIDL_Parent/c7x-mma-tidl/ti_dl/release/tidl_j721e_08_06_00_10/arm-tidl/rt/out/J7/A72/LINUX/debug/module/src.armv8/../tidl_rt_ovx_datamove.o
                0x000000000002a6cc                void copy_scale<unsigned int, short>(short*, unsigned int*, int, int, int, int, int, int, int, int, int, int, int, float, float)
 .text._Z10copy_scaleIjfEvPT0_PT_iiiiiiiiiiiff
                0x000000000002a7c8       0xfc /opt/Jenkins_OUT/workspace/J7_TIDL_Parent/c7x-mma-tidl/ti_dl/release/tidl_j721e_08_06_00_10/arm-tidl/rt/out/J7/A72/LINUX/debug/module/src.armv8/../tidl_rt_ovx_datamove.o
                0x000000000002a7c8                void copy_scale<unsigned int, float>(float*, unsigned int*, int, int, int, int, int, int, int, int, int, int, int, float, float)
 .text._Z10copy_scaleIihEvPT0_PT_iiiiiiiiiiiff
                0x000000000002a8c4       0xfc /opt/Jenkins_OUT/workspace/J7_TIDL_Parent/c7x-mma-tidl/ti_dl/release/tidl_j721e_08_06_00_10/arm-tidl/rt/out/J7/A72/LINUX/debug/module/src.armv8/../tidl_rt_ovx_datamove.o
                0x000000000002a8c4                void copy_scale<int, unsigned char>(unsigned char*, int*, int, int, int, int, int, int, int, int, int, int, int, float, float)
 .text._Z10copy_scaleIiaEvPT0_PT_iiiiiiiiiiiff
                0x000000000002a9c0       0xfc /opt/Jenkins_OUT/workspace/J7_TIDL_Parent/c7x-mma-tidl/ti_dl/release/tidl_j721e_08_06_00_10/arm-tidl/rt/out/J7/A72/LINUX/debug/module/src.armv8/../tidl_rt_ovx_datamove.o
                0x000000000002a9c0                void copy_scale<int, signed char>(signed char*, int*, int, int, int, int, int, int, int, int, int, int, int, float, float)
 .text._Z10copy_scaleIitEvPT0_PT_iiiiiiiiiiiff
                0x000000000002aabc       0xfc /opt/Jenkins_OUT/workspace/J7_TIDL_Parent/c7x-mma-tidl/ti_dl/release/tidl_j721e_08_06_00_10/arm-tidl/rt/out/J7/A72/LINUX/debug/module/src.armv8/../tidl_rt_ovx_datamove.o
                0x000000000002aabc                void copy_scale<int, unsigned short>(unsigned short*, int*, int, int, int, int, int, int, int, int, int, int, int, float, float)
 .text._Z10copy_scaleIisEvPT0_PT_iiiiiiiiiiiff
                0x000000000002abb8       0xfc /opt/Jenkins_OUT/workspace/J7_TIDL_Parent/c7x-mma-tidl/ti_dl/release/tidl_j721e_08_06_00_10/arm-tidl/rt/out/J7/A72/LINUX/debug/module/src.armv8/../tidl_rt_ovx_datamove.o
                0x000000000002abb8                void copy_scale<int, short>(short*, int*, int, int, int, int, int, int, int, int, int, int, int, float, float)
 .text._Z10copy_scaleIifEvPT0_PT_iiiiiiiiiiiff
                0x000000000002acb4       0xfc /opt/Jenkins_OUT/workspace/J7_TIDL_Parent/c7x-mma-tidl/ti_dl/release/tidl_j721e_08_06_00_10/arm-tidl/rt/out/J7/A72/LINUX/debug/module/src.armv8/../tidl_rt_ovx_datamove.o
                0x000000000002acb4                void copy_scale<int, float>(float*, int*, int, int, int, int, int, int, int, int, int, int, int, float, float)
 .text._Z10copy_scaleIfhEvPT0_PT_iiiiiiiiiiiff
                0x000000000002adb0       0xfc /opt/Jenkins_OUT/workspace/J7_TIDL_Parent/c7x-mma-tidl/ti_dl/release/tidl_j721e_08_06_00_10/arm-tidl/rt/out/J7/A72/LINUX/debug/module/src.armv8/../tidl_rt_ovx_datamove.o
                0x000000000002adb0                void copy_scale<float, unsigned char>(unsigned char*, float*, int, int, int, int, int, int, int, int, int, int, int, float, float)
 .text._Z10copy_scaleIfaEvPT0_PT_iiiiiiiiiiiff
                0x000000000002aeac       0xfc /opt/Jenkins_OUT/workspace/J7_TIDL_Parent/c7x-mma-tidl/ti_dl/release/tidl_j721e_08_06_00_10/arm-tidl/rt/out/J7/A72/LINUX/debug/module/src.armv8/../tidl_rt_ovx_datamove.o
                0x000000000002aeac                void copy_scale<float, signed char>(signed char*, float*, int, int, int, int, int, int, int, int, int, int, int, float, float)
 .text._Z10copy_scaleIftEvPT0_PT_iiiiiiiiiiiff
                0x000000000002afa8       0xfc /opt/Jenkins_OUT/workspace/J7_TIDL_Parent/c7x-mma-tidl/ti_dl/release/tidl_j721e_08_06_00_10/arm-tidl/rt/out/J7/A72/LINUX/debug/module/src.armv8/../tidl_rt_ovx_datamove.o
                0x000000000002afa8                void copy_scale<float, unsigned short>(unsigned short*, float*, int, int, int, int, int, int, int, int, int, int, int, float, float)
 .text._Z10copy_scaleIfsEvPT0_PT_iiiiiiiiiiiff
                0x000000000002b0a4       0xfc /opt/Jenkins_OUT/workspace/J7_TIDL_Parent/c7x-mma-tidl/ti_dl/release/tidl_j721e_08_06_00_10/arm-tidl/rt/out/J7/A72/LINUX/debug/module/src.armv8/../tidl_rt_ovx_datamove.o
                0x000000000002b0a4                void copy_scale<float, short>(short*, float*, int, int, int, int, int, int, int, int, int, int, int, float, float)
 .text._Z10copy_scaleIffEvPT0_PT_iiiiiiiiiiiff
                0x000000000002b1a0       0xfc /opt/Jenkins_OUT/workspace/J7_TIDL_Parent/c7x-mma-tidl/ti_dl/release/tidl_j721e_08_06_00_10/arm-tidl/rt/out/J7/A72/LINUX/debug/module/src.armv8/../tidl_rt_ovx_datamove.o
                0x000000000002b1a0                void copy_scale<float, float>(float*, float*, int, int, int, int, int, int, int, int, int, int, int, float, float)
 .text._Z10copy_scaleImhEvPT0_PT_iiiiiiiiiiiff
                0x000000000002b29c       0xfc /opt/Jenkins_OUT/workspace/J7_TIDL_Parent/c7x-mma-tidl/ti_dl/release/tidl_j721e_08_06_00_10/arm-tidl/rt/out/J7/A72/LINUX/debug/module/src.armv8/../tidl_rt_ovx_datamove.o
                0x000000000002b29c                void copy_scale<unsigned long, unsigned char>(unsigned char*, unsigned long*, int, int, int, int, int, int, int, int, int, int, int, float, float)
 .text._Z10copy_scaleImaEvPT0_PT_iiiiiiiiiiiff
                0x000000000002b398       0xfc /opt/Jenkins_OUT/workspace/J7_TIDL_Parent/c7x-mma-tidl/ti_dl/release/tidl_j721e_08_06_00_10/arm-tidl/rt/out/J7/A72/LINUX/debug/module/src.armv8/../tidl_rt_ovx_datamove.o
                0x000000000002b398                void copy_scale<unsigned long, signed char>(signed char*, unsigned long*, int, int, int, int, int, int, int, int, int, int, int, float, float)
 .text._Z10copy_scaleImtEvPT0_PT_iiiiiiiiiiiff
                0x000000000002b494       0xfc /opt/Jenkins_OUT/workspace/J7_TIDL_Parent/c7x-mma-tidl/ti_dl/release/tidl_j721e_08_06_00_10/arm-tidl/rt/out/J7/A72/LINUX/debug/module/src.armv8/../tidl_rt_ovx_datamove.o
                0x000000000002b494                void copy_scale<unsigned long, unsigned short>(unsigned short*, unsigned long*, int, int, int, int, int, int, int, int, int, int, int, float, float)
 .text._Z10copy_scaleImsEvPT0_PT_iiiiiiiiiiiff
                0x000000000002b590       0xfc /opt/Jenkins_OUT/workspace/J7_TIDL_Parent/c7x-mma-tidl/ti_dl/release/tidl_j721e_08_06_00_10/arm-tidl/rt/out/J7/A72/LINUX/debug/module/src.armv8/../tidl_rt_ovx_datamove.o
                0x000000000002b590                void copy_scale<unsigned long, short>(short*, unsigned long*, int, int, int, int, int, int, int, int, int, int, int, float, float)
 .text._Z10copy_scaleImfEvPT0_PT_iiiiiiiiiiiff
                0x000000000002b68c       0xfc /opt/Jenkins_OUT/workspace/J7_TIDL_Parent/c7x-mma-tidl/ti_dl/release/tidl_j721e_08_06_00_10/arm-tidl/rt/out/J7/A72/LINUX/debug/module/src.armv8/../tidl_rt_ovx_datamove.o
                0x000000000002b68c                void copy_scale<unsigned long, float>(float*, unsigned long*, int, int, int, int, int, int, int, int, int, int, int, float, float)
 .text._Z10copy_scaleIlhEvPT0_PT_iiiiiiiiiiiff
                0x000000000002b788       0xfc /opt/Jenkins_OUT/workspace/J7_TIDL_Parent/c7x-mma-tidl/ti_dl/release/tidl_j721e_08_06_00_10/arm-tidl/rt/out/J7/A72/LINUX/debug/module/src.armv8/../tidl_rt_ovx_datamove.o
                0x000000000002b788                void copy_scale<long, unsigned char>(unsigned char*, long*, int, int, int, int, int, int, int, int, int, int, int, float, float)
 .text._Z10copy_scaleIlaEvPT0_PT_iiiiiiiiiiiff
                0x000000000002b884       0xfc /opt/Jenkins_OUT/workspace/J7_TIDL_Parent/c7x-mma-tidl/ti_dl/release/tidl_j721e_08_06_00_10/arm-tidl/rt/out/J7/A72/LINUX/debug/module/src.armv8/../tidl_rt_ovx_datamove.o
                0x000000000002b884                void copy_scale<long, signed char>(signed char*, long*, int, int, int, int, int, int, int, int, int, int, int, float, float)
 .text._Z10copy_scaleIltEvPT0_PT_iiiiiiiiiiiff
                0x000000000002b980       0xfc /opt/Jenkins_OUT/workspace/J7_TIDL_Parent/c7x-mma-tidl/ti_dl/release/tidl_j721e_08_06_00_10/arm-tidl/rt/out/J7/A72/LINUX/debug/module/src.armv8/../tidl_rt_ovx_datamove.o
                0x000000000002b980                void copy_scale<long, unsigned short>(unsigned short*, long*, int, int, int, int, int, int, int, int, int, int, int, float, float)
 .text._Z10copy_scaleIlsEvPT0_PT_iiiiiiiiiiiff
                0x000000000002ba7c       0xfc /opt/Jenkins_OUT/workspace/J7_TIDL_Parent/c7x-mma-tidl/ti_dl/release/tidl_j721e_08_06_00_10/arm-tidl/rt/out/J7/A72/LINUX/debug/module/src.armv8/../tidl_rt_ovx_datamove.o
                0x000000000002ba7c                void copy_scale<long, short>(short*, long*, int, int, int, int, int, int, int, int, int, int, int, float, float)
 .text._Z10copy_scaleIlfEvPT0_PT_iiiiiiiiiiiff
                0x000000000002bb78       0xfc /opt/Jenkins_OUT/workspace/J7_TIDL_Parent/c7x-mma-tidl/ti_dl/release/tidl_j721e_08_06_00_10/arm-tidl/rt/out/J7/A72/LINUX/debug/module/src.armv8/../tidl_rt_ovx_datamove.o
                0x000000000002bb78                void copy_scale<long, float>(float*, long*, int, int, int, int, int, int, int, int, int, int, int, float, float)
 .text._Z7copy_zfIhhEvPT0_PT_iiiiiiiiiiif
                0x000000000002bc74       0xf0 /opt/Jenkins_OUT/workspace/J7_TIDL_Parent/c7x-mma-tidl/ti_dl/release/tidl_j721e_08_06_00_10/arm-tidl/rt/out/J7/A72/LINUX/debug/module/src.armv8/../tidl_rt_ovx_datamove.o
                0x000000000002bc74                void copy_zf<unsigned char, unsigned char>(unsigned char*, unsigned char*, int, int, int, int, int, int, int, int, int, int, int, float)
 .text._Z7copy_zfIhaEvPT0_PT_iiiiiiiiiiif
                0x000000000002bd64       0xf0 /opt/Jenkins_OUT/workspace/J7_TIDL_Parent/c7x-mma-tidl/ti_dl/release/tidl_j721e_08_06_00_10/arm-tidl/rt/out/J7/A72/LINUX/debug/module/src.armv8/../tidl_rt_ovx_datamove.o
                0x000000000002bd64                void copy_zf<unsigned char, signed char>(signed char*, unsigned char*, int, int, int, int, int, int, int, int, int, int, int, float)
 .text._Z7copy_zfIhtEvPT0_PT_iiiiiiiiiiif
                0x000000000002be54       0xf0 /opt/Jenkins_OUT/workspace/J7_TIDL_Parent/c7x-mma-tidl/ti_dl/release/tidl_j721e_08_06_00_10/arm-tidl/rt/out/J7/A72/LINUX/debug/module/src.armv8/../tidl_rt_ovx_datamove.o
                0x000000000002be54                void copy_zf<unsigned char, unsigned short>(unsigned short*, unsigned char*, int, int, int, int, int, int, int, int, int, int, int, float)
 .text._Z7copy_zfIhsEvPT0_PT_iiiiiiiiiiif
                0x000000000002bf44       0xf0 /opt/Jenkins_OUT/workspace/J7_TIDL_Parent/c7x-mma-tidl/ti_dl/release/tidl_j721e_08_06_00_10/arm-tidl/rt/out/J7/A72/LINUX/debug/module/src.armv8/../tidl_rt_ovx_datamove.o
                0x000000000002bf44                void copy_zf<unsigned char, short>(short*, unsigned char*, int, int, int, int, int, int, int, int, int, int, int, float)
 .text._Z7copy_zfIhfEvPT0_PT_iiiiiiiiiiif
                0x000000000002c034       0xf0 /opt/Jenkins_OUT/workspace/J7_TIDL_Parent/c7x-mma-tidl/ti_dl/release/tidl_j721e_08_06_00_10/arm-tidl/rt/out/J7/A72/LINUX/debug/module/src.armv8/../tidl_rt_ovx_datamove.o
                0x000000000002c034                void copy_zf<unsigned char, float>(float*, unsigned char*, int, int, int, int, int, int, int, int, int, int, int, float)
 .text._Z7copy_zfIahEvPT0_PT_iiiiiiiiiiif
                0x000000000002c124       0xf0 /opt/Jenkins_OUT/workspace/J7_TIDL_Parent/c7x-mma-tidl/ti_dl/release/tidl_j721e_08_06_00_10/arm-tidl/rt/out/J7/A72/LINUX/debug/module/src.armv8/../tidl_rt_ovx_datamove.o
                0x000000000002c124                void copy_zf<signed char, unsigned char>(unsigned char*, signed char*, int, int, int, int, int, int, int, int, int, int, int, float)
 .text._Z7copy_zfIaaEvPT0_PT_iiiiiiiiiiif
                0x000000000002c214       0xf0 /opt/Jenkins_OUT/workspace/J7_TIDL_Parent/c7x-mma-tidl/ti_dl/release/tidl_j721e_08_06_00_10/arm-tidl/rt/out/J7/A72/LINUX/debug/module/src.armv8/../tidl_rt_ovx_datamove.o
                0x000000000002c214                void copy_zf<signed char, signed char>(signed char*, signed char*, int, int, int, int, int, int, int, int, int, int, int, float)
 .text._Z7copy_zfIatEvPT0_PT_iiiiiiiiiiif
                0x000000000002c304       0xf0 /opt/Jenkins_OUT/workspace/J7_TIDL_Parent/c7x-mma-tidl/ti_dl/release/tidl_j721e_08_06_00_10/arm-tidl/rt/out/J7/A72/LINUX/debug/module/src.armv8/../tidl_rt_ovx_datamove.o
                0x000000000002c304                void copy_zf<signed char, unsigned short>(unsigned short*, signed char*, int, int, int, int, int, int, int, int, int, int, int, float)
 .text._Z7copy_zfIasEvPT0_PT_iiiiiiiiiiif
                0x000000000002c3f4       0xf0 /opt/Jenkins_OUT/workspace/J7_TIDL_Parent/c7x-mma-tidl/ti_dl/release/tidl_j721e_08_06_00_10/arm-tidl/rt/out/J7/A72/LINUX/debug/module/src.armv8/../tidl_rt_ovx_datamove.o
                0x000000000002c3f4                void copy_zf<signed char, short>(short*, signed char*, int, int, int, int, int, int, int, int, int, int, int, float)
 .text._Z7copy_zfIafEvPT0_PT_iiiiiiiiiiif
                0x000000000002c4e4       0xf0 /opt/Jenkins_OUT/workspace/J7_TIDL_Parent/c7x-mma-tidl/ti_dl/release/tidl_j721e_08_06_00_10/arm-tidl/rt/out/J7/A72/LINUX/debug/module/src.armv8/../tidl_rt_ovx_datamove.o
                0x000000000002c4e4                void copy_zf<signed char, float>(float*, signed char*, int, int, int, int, int, int, int, int, int, int, int, float)
 .text._Z7copy_zfIthEvPT0_PT_iiiiiiiiiiif
                0x000000000002c5d4       0xf0 /opt/Jenkins_OUT/workspace/J7_TIDL_Parent/c7x-mma-tidl/ti_dl/release/tidl_j721e_08_06_00_10/arm-tidl/rt/out/J7/A72/LINUX/debug/module/src.armv8/../tidl_rt_ovx_datamove.o
                0x000000000002c5d4                void copy_zf<unsigned short, unsigned char>(unsigned char*, unsigned short*, int, int, int, int, int, int, int, int, int, int, int, float)
 .text._Z7copy_zfItaEvPT0_PT_iiiiiiiiiiif
                0x000000000002c6c4       0xf0 /opt/Jenkins_OUT/workspace/J7_TIDL_Parent/c7x-mma-tidl/ti_dl/release/tidl_j721e_08_06_00_10/arm-tidl/rt/out/J7/A72/LINUX/debug/module/src.armv8/../tidl_rt_ovx_datamove.o
                0x000000000002c6c4                void copy_zf<unsigned short, signed char>(signed char*, unsigned short*, int, int, int, int, int, int, int, int, int, int, int, float)
 .text._Z7copy_zfIttEvPT0_PT_iiiiiiiiiiif
                0x000000000002c7b4       0xf0 /opt/Jenkins_OUT/workspace/J7_TIDL_Parent/c7x-mma-tidl/ti_dl/release/tidl_j721e_08_06_00_10/arm-tidl/rt/out/J7/A72/LINUX/debug/module/src.armv8/../tidl_rt_ovx_datamove.o
                0x000000000002c7b4                void copy_zf<unsigned short, unsigned short>(unsigned short*, unsigned short*, int, int, int, int, int, int, int, int, int, int, int, float)
 .text._Z7copy_zfItsEvPT0_PT_iiiiiiiiiiif
                0x000000000002c8a4       0xf0 /opt/Jenkins_OUT/workspace/J7_TIDL_Parent/c7x-mma-tidl/ti_dl/release/tidl_j721e_08_06_00_10/arm-tidl/rt/out/J7/A72/LINUX/debug/module/src.armv8/../tidl_rt_ovx_datamove.o
                0x000000000002c8a4                void copy_zf<unsigned short, short>(short*, unsigned short*, int, int, int, int, int, int, int, int, int, int, int, float)
 .text._Z7copy_zfItfEvPT0_PT_iiiiiiiiiiif
                0x000000000002c994       0xf0 /opt/Jenkins_OUT/workspace/J7_TIDL_Parent/c7x-mma-tidl/ti_dl/release/tidl_j721e_08_06_00_10/arm-tidl/rt/out/J7/A72/LINUX/debug/module/src.armv8/../tidl_rt_ovx_datamove.o
                0x000000000002c994                void copy_zf<unsigned short, float>(float*, unsigned short*, int, int, int, int, int, int, int, int, int, int, int, float)
 .text._Z7copy_zfIshEvPT0_PT_iiiiiiiiiiif
                0x000000000002ca84       0xf0 /opt/Jenkins_OUT/workspace/J7_TIDL_Parent/c7x-mma-tidl/ti_dl/release/tidl_j721e_08_06_00_10/arm-tidl/rt/out/J7/A72/LINUX/debug/module/src.armv8/../tidl_rt_ovx_datamove.o
                0x000000000002ca84                void copy_zf<short, unsigned char>(unsigned char*, short*, int, int, int, int, int, int, int, int, int, int, int, float)
 .text._Z7copy_zfIsaEvPT0_PT_iiiiiiiiiiif
                0x000000000002cb74       0xf0 /opt/Jenkins_OUT/workspace/J7_TIDL_Parent/c7x-mma-tidl/ti_dl/release/tidl_j721e_08_06_00_10/arm-tidl/rt/out/J7/A72/LINUX/debug/module/src.armv8/../tidl_rt_ovx_datamove.o
                0x000000000002cb74                void copy_zf<short, signed char>(signed char*, short*, int, int, int, int, int, int, int, int, int, int, int, float)
 .text._Z7copy_zfIstEvPT0_PT_iiiiiiiiiiif
                0x000000000002cc64       0xf0 /opt/Jenkins_OUT/workspace/J7_TIDL_Parent/c7x-mma-tidl/ti_dl/release/tidl_j721e_08_06_00_10/arm-tidl/rt/out/J7/A72/LINUX/debug/module/src.armv8/../tidl_rt_ovx_datamove.o
                0x000000000002cc64                void copy_zf<short, unsigned short>(unsigned short*, short*, int, int, int, int, int, int, int, int, int, int, int, float)
 .text._Z7copy_zfIssEvPT0_PT_iiiiiiiiiiif
                0x000000000002cd54       0xf0 /opt/Jenkins_OUT/workspace/J7_TIDL_Parent/c7x-mma-tidl/ti_dl/release/tidl_j721e_08_06_00_10/arm-tidl/rt/out/J7/A72/LINUX/debug/module/src.armv8/../tidl_rt_ovx_datamove.o
                0x000000000002cd54                void copy_zf<short, short>(short*, short*, int, int, int, int, int, int, int, int, int, int, int, float)
 .text._Z7copy_zfIsfEvPT0_PT_iiiiiiiiiiif
                0x000000000002ce44       0xf0 /opt/Jenkins_OUT/workspace/J7_TIDL_Parent/c7x-mma-tidl/ti_dl/release/tidl_j721e_08_06_00_10/arm-tidl/rt/out/J7/A72/LINUX/debug/module/src.armv8/../tidl_rt_ovx_datamove.o
                0x000000000002ce44                void copy_zf<short, float>(float*, short*, int, int, int, int, int, int, int, int, int, int, int, float)
 .text._Z7copy_zfIjhEvPT0_PT_iiiiiiiiiiif
                0x000000000002cf34       0xf0 /opt/Jenkins_OUT/workspace/J7_TIDL_Parent/c7x-mma-tidl/ti_dl/release/tidl_j721e_08_06_00_10/arm-tidl/rt/out/J7/A72/LINUX/debug/module/src.armv8/../tidl_rt_ovx_datamove.o
                0x000000000002cf34                void copy_zf<unsigned int, unsigned char>(unsigned char*, unsigned int*, int, int, int, int, int, int, int, int, int, int, int, float)
 .text._Z7copy_zfIjaEvPT0_PT_iiiiiiiiiiif
                0x000000000002d024       0xf0 /opt/Jenkins_OUT/workspace/J7_TIDL_Parent/c7x-mma-tidl/ti_dl/release/tidl_j721e_08_06_00_10/arm-tidl/rt/out/J7/A72/LINUX/debug/module/src.armv8/../tidl_rt_ovx_datamove.o
                0x000000000002d024                void copy_zf<unsigned int, signed char>(signed char*, unsigned int*, int, int, int, int, int, int, int, int, int, int, int, float)
 .text._Z7copy_zfIjtEvPT0_PT_iiiiiiiiiiif
                0x000000000002d114       0xf0 /opt/Jenkins_OUT/workspace/J7_TIDL_Parent/c7x-mma-tidl/ti_dl/release/tidl_j721e_08_06_00_10/arm-tidl/rt/out/J7/A72/LINUX/debug/module/src.armv8/../tidl_rt_ovx_datamove.o
                0x000000000002d114                void copy_zf<unsigned int, unsigned short>(unsigned short*, unsigned int*, int, int, int, int, int, int, int, int, int, int, int, float)
 .text._Z7copy_zfIjsEvPT0_PT_iiiiiiiiiiif
                0x000000000002d204       0xf0 /opt/Jenkins_OUT/workspace/J7_TIDL_Parent/c7x-mma-tidl/ti_dl/release/tidl_j721e_08_06_00_10/arm-tidl/rt/out/J7/A72/LINUX/debug/module/src.armv8/../tidl_rt_ovx_datamove.o
                0x000000000002d204                void copy_zf<unsigned int, short>(short*, unsigned int*, int, int, int, int, int, int, int, int, int, int, int, float)
 .text._Z7copy_zfIjfEvPT0_PT_iiiiiiiiiiif
                0x000000000002d2f4       0xf0 /opt/Jenkins_OUT/workspace/J7_TIDL_Parent/c7x-mma-tidl/ti_dl/release/tidl_j721e_08_06_00_10/arm-tidl/rt/out/J7/A72/LINUX/debug/module/src.armv8/../tidl_rt_ovx_datamove.o
                0x000000000002d2f4                void copy_zf<unsigned int, float>(float*, unsigned int*, int, int, int, int, int, int, int, int, int, int, int, float)
 .text._Z7copy_zfIihEvPT0_PT_iiiiiiiiiiif
                0x000000000002d3e4       0xf0 /opt/Jenkins_OUT/workspace/J7_TIDL_Parent/c7x-mma-tidl/ti_dl/release/tidl_j721e_08_06_00_10/arm-tidl/rt/out/J7/A72/LINUX/debug/module/src.armv8/../tidl_rt_ovx_datamove.o
                0x000000000002d3e4                void copy_zf<int, unsigned char>(unsigned char*, int*, int, int, int, int, int, int, int, int, int, int, int, float)
 .text._Z7copy_zfIiaEvPT0_PT_iiiiiiiiiiif
                0x000000000002d4d4       0xf0 /opt/Jenkins_OUT/workspace/J7_TIDL_Parent/c7x-mma-tidl/ti_dl/release/tidl_j721e_08_06_00_10/arm-tidl/rt/out/J7/A72/LINUX/debug/module/src.armv8/../tidl_rt_ovx_datamove.o
                0x000000000002d4d4                void copy_zf<int, signed char>(signed char*, int*, int, int, int, int, int, int, int, int, int, int, int, float)
 .text._Z7copy_zfIitEvPT0_PT_iiiiiiiiiiif
                0x000000000002d5c4       0xf0 /opt/Jenkins_OUT/workspace/J7_TIDL_Parent/c7x-mma-tidl/ti_dl/release/tidl_j721e_08_06_00_10/arm-tidl/rt/out/J7/A72/LINUX/debug/module/src.armv8/../tidl_rt_ovx_datamove.o
                0x000000000002d5c4                void copy_zf<int, unsigned short>(unsigned short*, int*, int, int, int, int, int, int, int, int, int, int, int, float)
 .text._Z7copy_zfIisEvPT0_PT_iiiiiiiiiiif
                0x000000000002d6b4       0xf0 /opt/Jenkins_OUT/workspace/J7_TIDL_Parent/c7x-mma-tidl/ti_dl/release/tidl_j721e_08_06_00_10/arm-tidl/rt/out/J7/A72/LINUX/debug/module/src.armv8/../tidl_rt_ovx_datamove.o
                0x000000000002d6b4                void copy_zf<int, short>(short*, int*, int, int, int, int, int, int, int, int, int, int, int, float)
 .text._Z7copy_zfIifEvPT0_PT_iiiiiiiiiiif
                0x000000000002d7a4       0xf0 /opt/Jenkins_OUT/workspace/J7_TIDL_Parent/c7x-mma-tidl/ti_dl/release/tidl_j721e_08_06_00_10/arm-tidl/rt/out/J7/A72/LINUX/debug/module/src.armv8/../tidl_rt_ovx_datamove.o
                0x000000000002d7a4                void copy_zf<int, float>(float*, int*, int, int, int, int, int, int, int, int, int, int, int, float)
 .text._Z7copy_zfIfhEvPT0_PT_iiiiiiiiiiif
                0x000000000002d894       0xf0 /opt/Jenkins_OUT/workspace/J7_TIDL_Parent/c7x-mma-tidl/ti_dl/release/tidl_j721e_08_06_00_10/arm-tidl/rt/out/J7/A72/LINUX/debug/module/src.armv8/../tidl_rt_ovx_datamove.o
                0x000000000002d894                void copy_zf<float, unsigned char>(unsigned char*, float*, int, int, int, int, int, int, int, int, int, int, int, float)
 .text._Z7copy_zfIfaEvPT0_PT_iiiiiiiiiiif
                0x000000000002d984       0xf0 /opt/Jenkins_OUT/workspace/J7_TIDL_Parent/c7x-mma-tidl/ti_dl/release/tidl_j721e_08_06_00_10/arm-tidl/rt/out/J7/A72/LINUX/debug/module/src.armv8/../tidl_rt_ovx_datamove.o
                0x000000000002d984                void copy_zf<float, signed char>(signed char*, float*, int, int, int, int, int, int, int, int, int, int, int, float)
 .text._Z7copy_zfIftEvPT0_PT_iiiiiiiiiiif
                0x000000000002da74       0xf0 /opt/Jenkins_OUT/workspace/J7_TIDL_Parent/c7x-mma-tidl/ti_dl/release/tidl_j721e_08_06_00_10/arm-tidl/rt/out/J7/A72/LINUX/debug/module/src.armv8/../tidl_rt_ovx_datamove.o
                0x000000000002da74                void copy_zf<float, unsigned short>(unsigned short*, float*, int, int, int, int, int, int, int, int, int, int, int, float)
 .text._Z7copy_zfIfsEvPT0_PT_iiiiiiiiiiif
                0x000000000002db64       0xf0 /opt/Jenkins_OUT/workspace/J7_TIDL_Parent/c7x-mma-tidl/ti_dl/release/tidl_j721e_08_06_00_10/arm-tidl/rt/out/J7/A72/LINUX/debug/module/src.armv8/../tidl_rt_ovx_datamove.o
                0x000000000002db64                void copy_zf<float, short>(short*, float*, int, int, int, int, int, int, int, int, int, int, int, float)
 .text._Z7copy_zfIffEvPT0_PT_iiiiiiiiiiif
                0x000000000002dc54       0xf0 /opt/Jenkins_OUT/workspace/J7_TIDL_Parent/c7x-mma-tidl/ti_dl/release/tidl_j721e_08_06_00_10/arm-tidl/rt/out/J7/A72/LINUX/debug/module/src.armv8/../tidl_rt_ovx_datamove.o
                0x000000000002dc54                void copy_zf<float, float>(float*, float*, int, int, int, int, int, int, int, int, int, int, int, float)
 .text._Z7copy_zfImhEvPT0_PT_iiiiiiiiiiif
                0x000000000002dd44       0xf0 /opt/Jenkins_OUT/workspace/J7_TIDL_Parent/c7x-mma-tidl/ti_dl/release/tidl_j721e_08_06_00_10/arm-tidl/rt/out/J7/A72/LINUX/debug/module/src.armv8/../tidl_rt_ovx_datamove.o
                0x000000000002dd44                void copy_zf<unsigned long, unsigned char>(unsigned char*, unsigned long*, int, int, int, int, int, int, int, int, int, int, int, float)
 .text._Z7copy_zfImaEvPT0_PT_iiiiiiiiiiif
                0x000000000002de34       0xf0 /opt/Jenkins_OUT/workspace/J7_TIDL_Parent/c7x-mma-tidl/ti_dl/release/tidl_j721e_08_06_00_10/arm-tidl/rt/out/J7/A72/LINUX/debug/module/src.armv8/../tidl_rt_ovx_datamove.o
                0x000000000002de34                void copy_zf<unsigned long, signed char>(signed char*, unsigned long*, int, int, int, int, int, int, int, int, int, int, int, float)
 .text._Z7copy_zfImtEvPT0_PT_iiiiiiiiiiif
                0x000000000002df24       0xf0 /opt/Jenkins_OUT/workspace/J7_TIDL_Parent/c7x-mma-tidl/ti_dl/release/tidl_j721e_08_06_00_10/arm-tidl/rt/out/J7/A72/LINUX/debug/module/src.armv8/../tidl_rt_ovx_datamove.o
                0x000000000002df24                void copy_zf<unsigned long, unsigned short>(unsigned short*, unsigned long*, int, int, int, int, int, int, int, int, int, int, int, float)
 .text._Z7copy_zfImsEvPT0_PT_iiiiiiiiiiif
                0x000000000002e014       0xf0 /opt/Jenkins_OUT/workspace/J7_TIDL_Parent/c7x-mma-tidl/ti_dl/release/tidl_j721e_08_06_00_10/arm-tidl/rt/out/J7/A72/LINUX/debug/module/src.armv8/../tidl_rt_ovx_datamove.o
                0x000000000002e014                void copy_zf<unsigned long, short>(short*, unsigned long*, int, int, int, int, int, int, int, int, int, int, int, float)
 .text._Z7copy_zfImfEvPT0_PT_iiiiiiiiiiif
                0x000000000002e104       0xf0 /opt/Jenkins_OUT/workspace/J7_TIDL_Parent/c7x-mma-tidl/ti_dl/release/tidl_j721e_08_06_00_10/arm-tidl/rt/out/J7/A72/LINUX/debug/module/src.armv8/../tidl_rt_ovx_datamove.o
                0x000000000002e104                void copy_zf<unsigned long, float>(float*, unsigned long*, int, int, int, int, int, int, int, int, int, int, int, float)
 .text._Z7copy_zfIlhEvPT0_PT_iiiiiiiiiiif
                0x000000000002e1f4       0xf0 /opt/Jenkins_OUT/workspace/J7_TIDL_Parent/c7x-mma-tidl/ti_dl/release/tidl_j721e_08_06_00_10/arm-tidl/rt/out/J7/A72/LINUX/debug/module/src.armv8/../tidl_rt_ovx_datamove.o
                0x000000000002e1f4                void copy_zf<long, unsigned char>(unsigned char*, long*, int, int, int, int, int, int, int, int, int, int, int, float)
 .text._Z7copy_zfIlaEvPT0_PT_iiiiiiiiiiif
                0x000000000002e2e4       0xf0 /opt/Jenkins_OUT/workspace/J7_TIDL_Parent/c7x-mma-tidl/ti_dl/release/tidl_j721e_08_06_00_10/arm-tidl/rt/out/J7/A72/LINUX/debug/module/src.armv8/../tidl_rt_ovx_datamove.o
                0x000000000002e2e4                void copy_zf<long, signed char>(signed char*, long*, int, int, int, int, int, int, int, int, int, int, int, float)
 .text._Z7copy_zfIltEvPT0_PT_iiiiiiiiiiif
                0x000000000002e3d4       0xf0 /opt/Jenkins_OUT/workspace/J7_TIDL_Parent/c7x-mma-tidl/ti_dl/release/tidl_j721e_08_06_00_10/arm-tidl/rt/out/J7/A72/LINUX/debug/module/src.armv8/../tidl_rt_ovx_datamove.o
                0x000000000002e3d4                void copy_zf<long, unsigned short>(unsigned short*, long*, int, int, int, int, int, int, int, int, int, int, int, float)
 .text._Z7copy_zfIlsEvPT0_PT_iiiiiiiiiiif
                0x000000000002e4c4       0xf0 /opt/Jenkins_OUT/workspace/J7_TIDL_Parent/c7x-mma-tidl/ti_dl/release/tidl_j721e_08_06_00_10/arm-tidl/rt/out/J7/A72/LINUX/debug/module/src.armv8/../tidl_rt_ovx_datamove.o
                0x000000000002e4c4                void copy_zf<long, short>(short*, long*, int, int, int, int, int, int, int, int, int, int, int, float)
 .text._Z7copy_zfIlfEvPT0_PT_iiiiiiiiiiif
                0x000000000002e5b4       0xf0 /opt/Jenkins_OUT/workspace/J7_TIDL_Parent/c7x-mma-tidl/ti_dl/release/tidl_j721e_08_06_00_10/arm-tidl/rt/out/J7/A72/LINUX/debug/module/src.armv8/../tidl_rt_ovx_datamove.o
                0x000000000002e5b4                void copy_zf<long, float>(float*, long*, int, int, int, int, int, int, int, int, int, int, int, float)
 .text._Z12copy_zfscaleIhhEvPT0_PT_iiiiiiiiiiifff
                0x000000000002e6a4      0x108 /opt/Jenkins_OUT/workspace/J7_TIDL_Parent/c7x-mma-tidl/ti_dl/release/tidl_j721e_08_06_00_10/arm-tidl/rt/out/J7/A72/LINUX/debug/module/src.armv8/../tidl_rt_ovx_datamove.o
                0x000000000002e6a4                void copy_zfscale<unsigned char, unsigned char>(unsigned char*, unsigned char*, int, int, int, int, int, int, int, int, int, int, int, float, float, float)
 .text._Z12copy_zfscaleIhaEvPT0_PT_iiiiiiiiiiifff
                0x000000000002e7ac      0x108 /opt/Jenkins_OUT/workspace/J7_TIDL_Parent/c7x-mma-tidl/ti_dl/release/tidl_j721e_08_06_00_10/arm-tidl/rt/out/J7/A72/LINUX/debug/module/src.armv8/../tidl_rt_ovx_datamove.o
                0x000000000002e7ac                void copy_zfscale<unsigned char, signed char>(signed char*, unsigned char*, int, int, int, int, int, int, int, int, int, int, int, float, float, float)
 .text._Z12copy_zfscaleIhtEvPT0_PT_iiiiiiiiiiifff
                0x000000000002e8b4      0x108 /opt/Jenkins_OUT/workspace/J7_TIDL_Parent/c7x-mma-tidl/ti_dl/release/tidl_j721e_08_06_00_10/arm-tidl/rt/out/J7/A72/LINUX/debug/module/src.armv8/../tidl_rt_ovx_datamove.o
                0x000000000002e8b4                void copy_zfscale<unsigned char, unsigned short>(unsigned short*, unsigned char*, int, int, int, int, int, int, int, int, int, int, int, float, float, float)
 .text._Z12copy_zfscaleIhsEvPT0_PT_iiiiiiiiiiifff
                0x000000000002e9bc      0x108 /opt/Jenkins_OUT/workspace/J7_TIDL_Parent/c7x-mma-tidl/ti_dl/release/tidl_j721e_08_06_00_10/arm-tidl/rt/out/J7/A72/LINUX/debug/module/src.armv8/../tidl_rt_ovx_datamove.o
                0x000000000002e9bc                void copy_zfscale<unsigned char, short>(short*, unsigned char*, int, int, int, int, int, int, int, int, int, int, int, float, float, float)
 .text._Z12copy_zfscaleIhfEvPT0_PT_iiiiiiiiiiifff
                0x000000000002eac4      0x108 /opt/Jenkins_OUT/workspace/J7_TIDL_Parent/c7x-mma-tidl/ti_dl/release/tidl_j721e_08_06_00_10/arm-tidl/rt/out/J7/A72/LINUX/debug/module/src.armv8/../tidl_rt_ovx_datamove.o
                0x000000000002eac4                void copy_zfscale<unsigned char, float>(float*, unsigned char*, int, int, int, int, int, int, int, int, int, int, int, float, float, float)
 .text._Z12copy_zfscaleIahEvPT0_PT_iiiiiiiiiiifff
                0x000000000002ebcc      0x108 /opt/Jenkins_OUT/workspace/J7_TIDL_Parent/c7x-mma-tidl/ti_dl/release/tidl_j721e_08_06_00_10/arm-tidl/rt/out/J7/A72/LINUX/debug/module/src.armv8/../tidl_rt_ovx_datamove.o
                0x000000000002ebcc                void copy_zfscale<signed char, unsigned char>(unsigned char*, signed char*, int, int, int, int, int, int, int, int, int, int, int, float, float, float)
 .text._Z12copy_zfscaleIaaEvPT0_PT_iiiiiiiiiiifff
                0x000000000002ecd4      0x108 /opt/Jenkins_OUT/workspace/J7_TIDL_Parent/c7x-mma-tidl/ti_dl/release/tidl_j721e_08_06_00_10/arm-tidl/rt/out/J7/A72/LINUX/debug/module/src.armv8/../tidl_rt_ovx_datamove.o
                0x000000000002ecd4                void copy_zfscale<signed char, signed char>(signed char*, signed char*, int, int, int, int, int, int, int, int, int, int, int, float, float, float)
 .text._Z12copy_zfscaleIatEvPT0_PT_iiiiiiiiiiifff
                0x000000000002eddc      0x108 /opt/Jenkins_OUT/workspace/J7_TIDL_Parent/c7x-mma-tidl/ti_dl/release/tidl_j721e_08_06_00_10/arm-tidl/rt/out/J7/A72/LINUX/debug/module/src.armv8/../tidl_rt_ovx_datamove.o
                0x000000000002eddc                void copy_zfscale<signed char, unsigned short>(unsigned short*, signed char*, int, int, int, int, int, int, int, int, int, int, int, float, float, float)
 .text._Z12copy_zfscaleIasEvPT0_PT_iiiiiiiiiiifff
                0x000000000002eee4      0x108 /opt/Jenkins_OUT/workspace/J7_TIDL_Parent/c7x-mma-tidl/ti_dl/release/tidl_j721e_08_06_00_10/arm-tidl/rt/out/J7/A72/LINUX/debug/module/src.armv8/../tidl_rt_ovx_datamove.o
                0x000000000002eee4                void copy_zfscale<signed char, short>(short*, signed char*, int, int, int, int, int, int, int, int, int, int, int, float, float, float)
 .text._Z12copy_zfscaleIafEvPT0_PT_iiiiiiiiiiifff
                0x000000000002efec      0x108 /opt/Jenkins_OUT/workspace/J7_TIDL_Parent/c7x-mma-tidl/ti_dl/release/tidl_j721e_08_06_00_10/arm-tidl/rt/out/J7/A72/LINUX/debug/module/src.armv8/../tidl_rt_ovx_datamove.o
                0x000000000002efec                void copy_zfscale<signed char, float>(float*, signed char*, int, int, int, int, int, int, int, int, int, int, int, float, float, float)
 .text._Z12copy_zfscaleIthEvPT0_PT_iiiiiiiiiiifff
                0x000000000002f0f4      0x108 /opt/Jenkins_OUT/workspace/J7_TIDL_Parent/c7x-mma-tidl/ti_dl/release/tidl_j721e_08_06_00_10/arm-tidl/rt/out/J7/A72/LINUX/debug/module/src.armv8/../tidl_rt_ovx_datamove.o
                0x000000000002f0f4                void copy_zfscale<unsigned short, unsigned char>(unsigned char*, unsigned short*, int, int, int, int, int, int, int, int, int, int, int, float, float, float)
 .text._Z12copy_zfscaleItaEvPT0_PT_iiiiiiiiiiifff
                0x000000000002f1fc      0x108 /opt/Jenkins_OUT/workspace/J7_TIDL_Parent/c7x-mma-tidl/ti_dl/release/tidl_j721e_08_06_00_10/arm-tidl/rt/out/J7/A72/LINUX/debug/module/src.armv8/../tidl_rt_ovx_datamove.o
                0x000000000002f1fc                void copy_zfscale<unsigned short, signed char>(signed char*, unsigned short*, int, int, int, int, int, int, int, int, int, int, int, float, float, float)
 .text._Z12copy_zfscaleIttEvPT0_PT_iiiiiiiiiiifff
                0x000000000002f304      0x108 /opt/Jenkins_OUT/workspace/J7_TIDL_Parent/c7x-mma-tidl/ti_dl/release/tidl_j721e_08_06_00_10/arm-tidl/rt/out/J7/A72/LINUX/debug/module/src.armv8/../tidl_rt_ovx_datamove.o
                0x000000000002f304                void copy_zfscale<unsigned short, unsigned short>(unsigned short*, unsigned short*, int, int, int, int, int, int, int, int, int, int, int, float, float, float)
 .text._Z12copy_zfscaleItsEvPT0_PT_iiiiiiiiiiifff
                0x000000000002f40c      0x108 /opt/Jenkins_OUT/workspace/J7_TIDL_Parent/c7x-mma-tidl/ti_dl/release/tidl_j721e_08_06_00_10/arm-tidl/rt/out/J7/A72/LINUX/debug/module/src.armv8/../tidl_rt_ovx_datamove.o
                0x000000000002f40c                void copy_zfscale<unsigned short, short>(short*, unsigned short*, int, int, int, int, int, int, int, int, int, int, int, float, float, float)
 .text._Z12copy_zfscaleItfEvPT0_PT_iiiiiiiiiiifff
                0x000000000002f514      0x108 /opt/Jenkins_OUT/workspace/J7_TIDL_Parent/c7x-mma-tidl/ti_dl/release/tidl_j721e_08_06_00_10/arm-tidl/rt/out/J7/A72/LINUX/debug/module/src.armv8/../tidl_rt_ovx_datamove.o
                0x000000000002f514                void copy_zfscale<unsigned short, float>(float*, unsigned short*, int, int, int, int, int, int, int, int, int, int, int, float, float, float)
 .text._Z12copy_zfscaleIshEvPT0_PT_iiiiiiiiiiifff
                0x000000000002f61c      0x108 /opt/Jenkins_OUT/workspace/J7_TIDL_Parent/c7x-mma-tidl/ti_dl/release/tidl_j721e_08_06_00_10/arm-tidl/rt/out/J7/A72/LINUX/debug/module/src.armv8/../tidl_rt_ovx_datamove.o
                0x000000000002f61c                void copy_zfscale<short, unsigned char>(unsigned char*, short*, int, int, int, int, int, int, int, int, int, int, int, float, float, float)
 .text._Z12copy_zfscaleIsaEvPT0_PT_iiiiiiiiiiifff
                0x000000000002f724      0x108 /opt/Jenkins_OUT/workspace/J7_TIDL_Parent/c7x-mma-tidl/ti_dl/release/tidl_j721e_08_06_00_10/arm-tidl/rt/out/J7/A72/LINUX/debug/module/src.armv8/../tidl_rt_ovx_datamove.o
                0x000000000002f724                void copy_zfscale<short, signed char>(signed char*, short*, int, int, int, int, int, int, int, int, int, int, int, float, float, float)
 .text._Z12copy_zfscaleIstEvPT0_PT_iiiiiiiiiiifff
                0x000000000002f82c      0x108 /opt/Jenkins_OUT/workspace/J7_TIDL_Parent/c7x-mma-tidl/ti_dl/release/tidl_j721e_08_06_00_10/arm-tidl/rt/out/J7/A72/LINUX/debug/module/src.armv8/../tidl_rt_ovx_datamove.o
                0x000000000002f82c                void copy_zfscale<short, unsigned short>(unsigned short*, short*, int, int, int, int, int, int, int, int, int, int, int, float, float, float)
 .text._Z12copy_zfscaleIssEvPT0_PT_iiiiiiiiiiifff
                0x000000000002f934      0x108 /opt/Jenkins_OUT/workspace/J7_TIDL_Parent/c7x-mma-tidl/ti_dl/release/tidl_j721e_08_06_00_10/arm-tidl/rt/out/J7/A72/LINUX/debug/module/src.armv8/../tidl_rt_ovx_datamove.o
                0x000000000002f934                void copy_zfscale<short, short>(short*, short*, int, int, int, int, int, int, int, int, int, int, int, float, float, float)
 .text._Z12copy_zfscaleIsfEvPT0_PT_iiiiiiiiiiifff
                0x000000000002fa3c      0x108 /opt/Jenkins_OUT/workspace/J7_TIDL_Parent/c7x-mma-tidl/ti_dl/release/tidl_j721e_08_06_00_10/arm-tidl/rt/out/J7/A72/LINUX/debug/module/src.armv8/../tidl_rt_ovx_datamove.o
                0x000000000002fa3c                void copy_zfscale<short, float>(float*, short*, int, int, int, int, int, int, int, int, int, int, int, float, float, float)
 .text._Z12copy_zfscaleIjhEvPT0_PT_iiiiiiiiiiifff
                0x000000000002fb44      0x108 /opt/Jenkins_OUT/workspace/J7_TIDL_Parent/c7x-mma-tidl/ti_dl/release/tidl_j721e_08_06_00_10/arm-tidl/rt/out/J7/A72/LINUX/debug/module/src.armv8/../tidl_rt_ovx_datamove.o
                0x000000000002fb44                void copy_zfscale<unsigned int, unsigned char>(unsigned char*, unsigned int*, int, int, int, int, int, int, int, int, int, int, int, float, float, float)
 .text._Z12copy_zfscaleIjaEvPT0_PT_iiiiiiiiiiifff
                0x000000000002fc4c      0x108 /opt/Jenkins_OUT/workspace/J7_TIDL_Parent/c7x-mma-tidl/ti_dl/release/tidl_j721e_08_06_00_10/arm-tidl/rt/out/J7/A72/LINUX/debug/module/src.armv8/../tidl_rt_ovx_datamove.o
                0x000000000002fc4c                void copy_zfscale<unsigned int, signed char>(signed char*, unsigned int*, int, int, int, int, int, int, int, int, int, int, int, float, float, float)
 .text._Z12copy_zfscaleIjtEvPT0_PT_iiiiiiiiiiifff
                0x000000000002fd54      0x108 /opt/Jenkins_OUT/workspace/J7_TIDL_Parent/c7x-mma-tidl/ti_dl/release/tidl_j721e_08_06_00_10/arm-tidl/rt/out/J7/A72/LINUX/debug/module/src.armv8/../tidl_rt_ovx_datamove.o
                0x000000000002fd54                void copy_zfscale<unsigned int, unsigned short>(unsigned short*, unsigned int*, int, int, int, int, int, int, int, int, int, int, int, float, float, float)
 .text._Z12copy_zfscaleIjsEvPT0_PT_iiiiiiiiiiifff
                0x000000000002fe5c      0x108 /opt/Jenkins_OUT/workspace/J7_TIDL_Parent/c7x-mma-tidl/ti_dl/release/tidl_j721e_08_06_00_10/arm-tidl/rt/out/J7/A72/LINUX/debug/module/src.armv8/../tidl_rt_ovx_datamove.o
                0x000000000002fe5c                void copy_zfscale<unsigned int, short>(short*, unsigned int*, int, int, int, int, int, int, int, int, int, int, int, float, float, float)
 .text._Z12copy_zfscaleIjfEvPT0_PT_iiiiiiiiiiifff
                0x000000000002ff64      0x108 /opt/Jenkins_OUT/workspace/J7_TIDL_Parent/c7x-mma-tidl/ti_dl/release/tidl_j721e_08_06_00_10/arm-tidl/rt/out/J7/A72/LINUX/debug/module/src.armv8/../tidl_rt_ovx_datamove.o
                0x000000000002ff64                void copy_zfscale<unsigned int, float>(float*, unsigned int*, int, int, int, int, int, int, int, int, int, int, int, float, float, float)
 .text._Z12copy_zfscaleIihEvPT0_PT_iiiiiiiiiiifff
                0x000000000003006c      0x108 /opt/Jenkins_OUT/workspace/J7_TIDL_Parent/c7x-mma-tidl/ti_dl/release/tidl_j721e_08_06_00_10/arm-tidl/rt/out/J7/A72/LINUX/debug/module/src.armv8/../tidl_rt_ovx_datamove.o
                0x000000000003006c                void copy_zfscale<int, unsigned char>(unsigned char*, int*, int, int, int, int, int, int, int, int, int, int, int, float, float, float)
 .text._Z12copy_zfscaleIiaEvPT0_PT_iiiiiiiiiiifff
                0x0000000000030174      0x108 /opt/Jenkins_OUT/workspace/J7_TIDL_Parent/c7x-mma-tidl/ti_dl/release/tidl_j721e_08_06_00_10/arm-tidl/rt/out/J7/A72/LINUX/debug/module/src.armv8/../tidl_rt_ovx_datamove.o
                0x0000000000030174                void copy_zfscale<int, signed char>(signed char*, int*, int, int, int, int, int, int, int, int, int, int, int, float, float, float)
 .text._Z12copy_zfscaleIitEvPT0_PT_iiiiiiiiiiifff
                0x000000000003027c      0x108 /opt/Jenkins_OUT/workspace/J7_TIDL_Parent/c7x-mma-tidl/ti_dl/release/tidl_j721e_08_06_00_10/arm-tidl/rt/out/J7/A72/LINUX/debug/module/src.armv8/../tidl_rt_ovx_datamove.o
                0x000000000003027c                void copy_zfscale<int, unsigned short>(unsigned short*, int*, int, int, int, int, int, int, int, int, int, int, int, float, float, float)
 .text._Z12copy_zfscaleIisEvPT0_PT_iiiiiiiiiiifff
                0x0000000000030384      0x108 /opt/Jenkins_OUT/workspace/J7_TIDL_Parent/c7x-mma-tidl/ti_dl/release/tidl_j721e_08_06_00_10/arm-tidl/rt/out/J7/A72/LINUX/debug/module/src.armv8/../tidl_rt_ovx_datamove.o
                0x0000000000030384                void copy_zfscale<int, short>(short*, int*, int, int, int, int, int, int, int, int, int, int, int, float, float, float)
 .text._Z12copy_zfscaleIifEvPT0_PT_iiiiiiiiiiifff
                0x000000000003048c      0x108 /opt/Jenkins_OUT/workspace/J7_TIDL_Parent/c7x-mma-tidl/ti_dl/release/tidl_j721e_08_06_00_10/arm-tidl/rt/out/J7/A72/LINUX/debug/module/src.armv8/../tidl_rt_ovx_datamove.o
                0x000000000003048c                void copy_zfscale<int, float>(float*, int*, int, int, int, int, int, int, int, int, int, int, int, float, float, float)
 .text._Z12copy_zfscaleIfhEvPT0_PT_iiiiiiiiiiifff
                0x0000000000030594      0x108 /opt/Jenkins_OUT/workspace/J7_TIDL_Parent/c7x-mma-tidl/ti_dl/release/tidl_j721e_08_06_00_10/arm-tidl/rt/out/J7/A72/LINUX/debug/module/src.armv8/../tidl_rt_ovx_datamove.o
                0x0000000000030594                void copy_zfscale<float, unsigned char>(unsigned char*, float*, int, int, int, int, int, int, int, int, int, int, int, float, float, float)
 .text._Z12copy_zfscaleIfaEvPT0_PT_iiiiiiiiiiifff
                0x000000000003069c      0x108 /opt/Jenkins_OUT/workspace/J7_TIDL_Parent/c7x-mma-tidl/ti_dl/release/tidl_j721e_08_06_00_10/arm-tidl/rt/out/J7/A72/LINUX/debug/module/src.armv8/../tidl_rt_ovx_datamove.o
                0x000000000003069c                void copy_zfscale<float, signed char>(signed char*, float*, int, int, int, int, int, int, int, int, int, int, int, float, float, float)
 .text._Z12copy_zfscaleIftEvPT0_PT_iiiiiiiiiiifff
                0x00000000000307a4      0x108 /opt/Jenkins_OUT/workspace/J7_TIDL_Parent/c7x-mma-tidl/ti_dl/release/tidl_j721e_08_06_00_10/arm-tidl/rt/out/J7/A72/LINUX/debug/module/src.armv8/../tidl_rt_ovx_datamove.o
                0x00000000000307a4                void copy_zfscale<float, unsigned short>(unsigned short*, float*, int, int, int, int, int, int, int, int, int, int, int, float, float, float)
 .text._Z12copy_zfscaleIfsEvPT0_PT_iiiiiiiiiiifff
                0x00000000000308ac      0x108 /opt/Jenkins_OUT/workspace/J7_TIDL_Parent/c7x-mma-tidl/ti_dl/release/tidl_j721e_08_06_00_10/arm-tidl/rt/out/J7/A72/LINUX/debug/module/src.armv8/../tidl_rt_ovx_datamove.o
                0x00000000000308ac                void copy_zfscale<float, short>(short*, float*, int, int, int, int, int, int, int, int, int, int, int, float, float, float)
 .text._Z12copy_zfscaleIffEvPT0_PT_iiiiiiiiiiifff
                0x00000000000309b4      0x108 /opt/Jenkins_OUT/workspace/J7_TIDL_Parent/c7x-mma-tidl/ti_dl/release/tidl_j721e_08_06_00_10/arm-tidl/rt/out/J7/A72/LINUX/debug/module/src.armv8/../tidl_rt_ovx_datamove.o
                0x00000000000309b4                void copy_zfscale<float, float>(float*, float*, int, int, int, int, int, int, int, int, int, int, int, float, float, float)
 .text._Z12copy_zfscaleImhEvPT0_PT_iiiiiiiiiiifff
                0x0000000000030abc      0x108 /opt/Jenkins_OUT/workspace/J7_TIDL_Parent/c7x-mma-tidl/ti_dl/release/tidl_j721e_08_06_00_10/arm-tidl/rt/out/J7/A72/LINUX/debug/module/src.armv8/../tidl_rt_ovx_datamove.o
                0x0000000000030abc                void copy_zfscale<unsigned long, unsigned char>(unsigned char*, unsigned long*, int, int, int, int, int, int, int, int, int, int, int, float, float, float)
 .text._Z12copy_zfscaleImaEvPT0_PT_iiiiiiiiiiifff
                0x0000000000030bc4      0x108 /opt/Jenkins_OUT/workspace/J7_TIDL_Parent/c7x-mma-tidl/ti_dl/release/tidl_j721e_08_06_00_10/arm-tidl/rt/out/J7/A72/LINUX/debug/module/src.armv8/../tidl_rt_ovx_datamove.o
                0x0000000000030bc4                void copy_zfscale<unsigned long, signed char>(signed char*, unsigned long*, int, int, int, int, int, int, int, int, int, int, int, float, float, float)
 .text._Z12copy_zfscaleImtEvPT0_PT_iiiiiiiiiiifff
                0x0000000000030ccc      0x108 /opt/Jenkins_OUT/workspace/J7_TIDL_Parent/c7x-mma-tidl/ti_dl/release/tidl_j721e_08_06_00_10/arm-tidl/rt/out/J7/A72/LINUX/debug/module/src.armv8/../tidl_rt_ovx_datamove.o
                0x0000000000030ccc                void copy_zfscale<unsigned long, unsigned short>(unsigned short*, unsigned long*, int, int, int, int, int, int, int, int, int, int, int, float, float, float)
 .text._Z12copy_zfscaleImsEvPT0_PT_iiiiiiiiiiifff
                0x0000000000030dd4      0x108 /opt/Jenkins_OUT/workspace/J7_TIDL_Parent/c7x-mma-tidl/ti_dl/release/tidl_j721e_08_06_00_10/arm-tidl/rt/out/J7/A72/LINUX/debug/module/src.armv8/../tidl_rt_ovx_datamove.o
                0x0000000000030dd4                void copy_zfscale<unsigned long, short>(short*, unsigned long*, int, int, int, int, int, int, int, int, int, int, int, float, float, float)
 .text._Z12copy_zfscaleImfEvPT0_PT_iiiiiiiiiiifff
                0x0000000000030edc      0x108 /opt/Jenkins_OUT/workspace/J7_TIDL_Parent/c7x-mma-tidl/ti_dl/release/tidl_j721e_08_06_00_10/arm-tidl/rt/out/J7/A72/LINUX/debug/module/src.armv8/../tidl_rt_ovx_datamove.o
                0x0000000000030edc                void copy_zfscale<unsigned long, float>(float*, unsigned long*, int, int, int, int, int, int, int, int, int, int, int, float, float, float)
 .text._Z12copy_zfscaleIlhEvPT0_PT_iiiiiiiiiiifff
                0x0000000000030fe4      0x108 /opt/Jenkins_OUT/workspace/J7_TIDL_Parent/c7x-mma-tidl/ti_dl/release/tidl_j721e_08_06_00_10/arm-tidl/rt/out/J7/A72/LINUX/debug/module/src.armv8/../tidl_rt_ovx_datamove.o
                0x0000000000030fe4                void copy_zfscale<long, unsigned char>(unsigned char*, long*, int, int, int, int, int, int, int, int, int, int, int, float, float, float)
 .text._Z12copy_zfscaleIlaEvPT0_PT_iiiiiiiiiiifff
                0x00000000000310ec      0x108 /opt/Jenkins_OUT/workspace/J7_TIDL_Parent/c7x-mma-tidl/ti_dl/release/tidl_j721e_08_06_00_10/arm-tidl/rt/out/J7/A72/LINUX/debug/module/src.armv8/../tidl_rt_ovx_datamove.o
                0x00000000000310ec                void copy_zfscale<long, signed char>(signed char*, long*, int, int, int, int, int, int, int, int, int, int, int, float, float, float)
 .text._Z12copy_zfscaleIltEvPT0_PT_iiiiiiiiiiifff
                0x00000000000311f4      0x108 /opt/Jenkins_OUT/workspace/J7_TIDL_Parent/c7x-mma-tidl/ti_dl/release/tidl_j721e_08_06_00_10/arm-tidl/rt/out/J7/A72/LINUX/debug/module/src.armv8/../tidl_rt_ovx_datamove.o
                0x00000000000311f4                void copy_zfscale<long, unsigned short>(unsigned short*, long*, int, int, int, int, int, int, int, int, int, int, int, float, float, float)
 .text._Z12copy_zfscaleIlsEvPT0_PT_iiiiiiiiiiifff
                0x00000000000312fc      0x108 /opt/Jenkins_OUT/workspace/J7_TIDL_Parent/c7x-mma-tidl/ti_dl/release/tidl_j721e_08_06_00_10/arm-tidl/rt/out/J7/A72/LINUX/debug/module/src.armv8/../tidl_rt_ovx_datamove.o
                0x00000000000312fc                void copy_zfscale<long, short>(short*, long*, int, int, int, int, int, int, int, int, int, int, int, float, float, float)
 .text._Z12copy_zfscaleIlfEvPT0_PT_iiiiiiiiiiifff
                0x0000000000031404      0x108 /opt/Jenkins_OUT/workspace/J7_TIDL_Parent/c7x-mma-tidl/ti_dl/release/tidl_j721e_08_06_00_10/arm-tidl/rt/out/J7/A72/LINUX/debug/module/src.armv8/../tidl_rt_ovx_datamove.o
                0x0000000000031404                void copy_zfscale<long, float>(float*, long*, int, int, int, int, int, int, int, int, int, int, int, float, float, float)
 .text._Z9copy_asisIhjEvPT0_PT_iiiiiiiiiii
                0x000000000003150c       0xe4 /opt/Jenkins_OUT/workspace/J7_TIDL_Parent/c7x-mma-tidl/ti_dl/release/tidl_j721e_08_06_00_10/arm-tidl/rt/out/J7/A72/LINUX/debug/module/src.armv8/../tidl_rt_ovx_datamove.o
                0x000000000003150c                void copy_asis<unsigned char, unsigned int>(unsigned int*, unsigned char*, int, int, int, int, int, int, int, int, int, int, int)
 .text._Z9copy_asisIhiEvPT0_PT_iiiiiiiiiii
                0x00000000000315f0       0xe4 /opt/Jenkins_OUT/workspace/J7_TIDL_Parent/c7x-mma-tidl/ti_dl/release/tidl_j721e_08_06_00_10/arm-tidl/rt/out/J7/A72/LINUX/debug/module/src.armv8/../tidl_rt_ovx_datamove.o
                0x00000000000315f0                void copy_asis<unsigned char, int>(int*, unsigned char*, int, int, int, int, int, int, int, int, int, int, int)
 .text._Z9copy_asisIhmEvPT0_PT_iiiiiiiiiii
                0x00000000000316d4       0xe4 /opt/Jenkins_OUT/workspace/J7_TIDL_Parent/c7x-mma-tidl/ti_dl/release/tidl_j721e_08_06_00_10/arm-tidl/rt/out/J7/A72/LINUX/debug/module/src.armv8/../tidl_rt_ovx_datamove.o
                0x00000000000316d4                void copy_asis<unsigned char, unsigned long>(unsigned long*, unsigned char*, int, int, int, int, int, int, int, int, int, int, int)
 .text._Z9copy_asisIhlEvPT0_PT_iiiiiiiiiii
                0x00000000000317b8       0xe4 /opt/Jenkins_OUT/workspace/J7_TIDL_Parent/c7x-mma-tidl/ti_dl/release/tidl_j721e_08_06_00_10/arm-tidl/rt/out/J7/A72/LINUX/debug/module/src.armv8/../tidl_rt_ovx_datamove.o
                0x00000000000317b8                void copy_asis<unsigned char, long>(long*, unsigned char*, int, int, int, int, int, int, int, int, int, int, int)
 .text._Z9copy_asisIajEvPT0_PT_iiiiiiiiiii
                0x000000000003189c       0xe4 /opt/Jenkins_OUT/workspace/J7_TIDL_Parent/c7x-mma-tidl/ti_dl/release/tidl_j721e_08_06_00_10/arm-tidl/rt/out/J7/A72/LINUX/debug/module/src.armv8/../tidl_rt_ovx_datamove.o
                0x000000000003189c                void copy_asis<signed char, unsigned int>(unsigned int*, signed char*, int, int, int, int, int, int, int, int, int, int, int)
 .text._Z9copy_asisIaiEvPT0_PT_iiiiiiiiiii
                0x0000000000031980       0xe4 /opt/Jenkins_OUT/workspace/J7_TIDL_Parent/c7x-mma-tidl/ti_dl/release/tidl_j721e_08_06_00_10/arm-tidl/rt/out/J7/A72/LINUX/debug/module/src.armv8/../tidl_rt_ovx_datamove.o
                0x0000000000031980                void copy_asis<signed char, int>(int*, signed char*, int, int, int, int, int, int, int, int, int, int, int)
 .text._Z9copy_asisIamEvPT0_PT_iiiiiiiiiii
                0x0000000000031a64       0xe4 /opt/Jenkins_OUT/workspace/J7_TIDL_Parent/c7x-mma-tidl/ti_dl/release/tidl_j721e_08_06_00_10/arm-tidl/rt/out/J7/A72/LINUX/debug/module/src.armv8/../tidl_rt_ovx_datamove.o
                0x0000000000031a64                void copy_asis<signed char, unsigned long>(unsigned long*, signed char*, int, int, int, int, int, int, int, int, int, int, int)
 .text._Z9copy_asisIalEvPT0_PT_iiiiiiiiiii
                0x0000000000031b48       0xe4 /opt/Jenkins_OUT/workspace/J7_TIDL_Parent/c7x-mma-tidl/ti_dl/release/tidl_j721e_08_06_00_10/arm-tidl/rt/out/J7/A72/LINUX/debug/module/src.armv8/../tidl_rt_ovx_datamove.o
                0x0000000000031b48                void copy_asis<signed char, long>(long*, signed char*, int, int, int, int, int, int, int, int, int, int, int)
 .text._Z9copy_asisItjEvPT0_PT_iiiiiiiiiii
                0x0000000000031c2c       0xe4 /opt/Jenkins_OUT/workspace/J7_TIDL_Parent/c7x-mma-tidl/ti_dl/release/tidl_j721e_08_06_00_10/arm-tidl/rt/out/J7/A72/LINUX/debug/module/src.armv8/../tidl_rt_ovx_datamove.o
                0x0000000000031c2c                void copy_asis<unsigned short, unsigned int>(unsigned int*, unsigned short*, int, int, int, int, int, int, int, int, int, int, int)
 .text._Z9copy_asisItiEvPT0_PT_iiiiiiiiiii
                0x0000000000031d10       0xe4 /opt/Jenkins_OUT/workspace/J7_TIDL_Parent/c7x-mma-tidl/ti_dl/release/tidl_j721e_08_06_00_10/arm-tidl/rt/out/J7/A72/LINUX/debug/module/src.armv8/../tidl_rt_ovx_datamove.o
                0x0000000000031d10                void copy_asis<unsigned short, int>(int*, unsigned short*, int, int, int, int, int, int, int, int, int, int, int)
 .text._Z9copy_asisItmEvPT0_PT_iiiiiiiiiii
                0x0000000000031df4       0xe4 /opt/Jenkins_OUT/workspace/J7_TIDL_Parent/c7x-mma-tidl/ti_dl/release/tidl_j721e_08_06_00_10/arm-tidl/rt/out/J7/A72/LINUX/debug/module/src.armv8/../tidl_rt_ovx_datamove.o
                0x0000000000031df4                void copy_asis<unsigned short, unsigned long>(unsigned long*, unsigned short*, int, int, int, int, int, int, int, int, int, int, int)
 .text._Z9copy_asisItlEvPT0_PT_iiiiiiiiiii
                0x0000000000031ed8       0xe4 /opt/Jenkins_OUT/workspace/J7_TIDL_Parent/c7x-mma-tidl/ti_dl/release/tidl_j721e_08_06_00_10/arm-tidl/rt/out/J7/A72/LINUX/debug/module/src.armv8/../tidl_rt_ovx_datamove.o
                0x0000000000031ed8                void copy_asis<unsigned short, long>(long*, unsigned short*, int, int, int, int, int, int, int, int, int, int, int)
 .text._Z9copy_asisIsjEvPT0_PT_iiiiiiiiiii
                0x0000000000031fbc       0xe4 /opt/Jenkins_OUT/workspace/J7_TIDL_Parent/c7x-mma-tidl/ti_dl/release/tidl_j721e_08_06_00_10/arm-tidl/rt/out/J7/A72/LINUX/debug/module/src.armv8/../tidl_rt_ovx_datamove.o
                0x0000000000031fbc                void copy_asis<short, unsigned int>(unsigned int*, short*, int, int, int, int, int, int, int, int, int, int, int)
 .text._Z9copy_asisIsiEvPT0_PT_iiiiiiiiiii
                0x00000000000320a0       0xe4 /opt/Jenkins_OUT/workspace/J7_TIDL_Parent/c7x-mma-tidl/ti_dl/release/tidl_j721e_08_06_00_10/arm-tidl/rt/out/J7/A72/LINUX/debug/module/src.armv8/../tidl_rt_ovx_datamove.o
                0x00000000000320a0                void copy_asis<short, int>(int*, short*, int, int, int, int, int, int, int, int, int, int, int)
 .text._Z9copy_asisIsmEvPT0_PT_iiiiiiiiiii
                0x0000000000032184       0xe4 /opt/Jenkins_OUT/workspace/J7_TIDL_Parent/c7x-mma-tidl/ti_dl/release/tidl_j721e_08_06_00_10/arm-tidl/rt/out/J7/A72/LINUX/debug/module/src.armv8/../tidl_rt_ovx_datamove.o
                0x0000000000032184                void copy_asis<short, unsigned long>(unsigned long*, short*, int, int, int, int, int, int, int, int, int, int, int)
 .text._Z9copy_asisIslEvPT0_PT_iiiiiiiiiii
                0x0000000000032268       0xe4 /opt/Jenkins_OUT/workspace/J7_TIDL_Parent/c7x-mma-tidl/ti_dl/release/tidl_j721e_08_06_00_10/arm-tidl/rt/out/J7/A72/LINUX/debug/module/src.armv8/../tidl_rt_ovx_datamove.o