C:\Users\USER\Documents\MCUXpressoIDE_11.9.1_2170\workspace_fw\MCUXpresso_IDE_FW\CMSIS/core_cm7.h:1911:22:__NVIC_EnableIRQ	0	static
C:\Users\USER\Documents\MCUXpressoIDE_11.9.1_2170\workspace_fw\MCUXpresso_IDE_FW\drivers/fsl_clock.h:2178:20:CLOCK_ControlGate	0	static
../source/main.c:129:17:MDIO_Write	8	static
../source/main.c:134:17:MDIO_Read	8	static
C:\Users\USER\Documents\MCUXpressoIDE_11.9.1_2170\workspace_fw\MCUXpresso_IDE_FW\drivers/fsl_clock.h:2240:24:CLOCK_GetRootClockFreq	16	static
../source/main.c:123:13:MDIO_Init	8	static
../source/main.c:357:5:main	24	static
