D:\Work\Gateway\FW\NXP\ECU_NETIF\ECU_SFW\trunk\CMSIS/core_cm7.h:1911:22:__NVIC_EnableIRQ	0	static
D:\Work\Gateway\FW\NXP\ECU_NETIF\ECU_SFW\trunk\drivers/fsl_clock.h:2178:20:CLOCK_ControlGate	0	static
D:\Work\Gateway\FW\NXP\ECU_NETIF\ECU_SFW\trunk\drivers/fsl_clock.h:2157:20:CLOCK_SetRootClock	8	static
D:\Work\Gateway\FW\NXP\ECU_NETIF\ECU_SFW\trunk\drivers/fsl_clock.h:2240:24:CLOCK_GetRootClockFreq	16	static
../source/ota_mcuboot_client.c:148:17:MDIO_Write	8	static
../source/ota_mcuboot_client.c:153:17:MDIO_Read	8	static
../source/ota_mcuboot_client.c:142:13:MDIO_Init	8	static
../source/ota_mcuboot_client.c:107:6:BOARD_InitModuleClock	24	static
../source/ota_mcuboot_client.c:123:6:IOMUXC_SelectENETClock	0	static
../source/ota_mcuboot_client.c:133:6:BOARD_ENETFlexibleConfigure	0	static
../source/ota_mcuboot_client.c:550:5:main	32	static
