../source/sfw.c:363:35:time_delay_ms	16	static
../source/sfw.c:375:13:test_periodic_job_keti	8	static
../source/sfw.c:447:13:test_periodic_job_dhautoware	8	static
../source/sfw.c:469:13:test_periodic_job_koreaUniv	8	static
../source/sfw.c:90:5:do_firmware_update	320	static
../source/sfw.c:264:5:set_magic_field_on_remap_flag	4112	static
../source/sfw.c:392:13:periodic_job_autocrypt	8	static
../source/sfw.c:319:5:clear_imageOK_and_magic_if_set	4112	static
../source/sfw.c:480:6:SBL_EnableRemap	0	static
../source/sfw.c:491:6:SBL_DisableRemap	0	static
../source/sfw.c:510:6:sfw_main	32	static
