../source/sfw.c:368:35:time_delay_ms	16	static
../source/sfw.c:95:5:do_firmware_update	320	static
../source/sfw.c:269:5:set_magic_field_on_remap_flag	4112	static
../source/sfw.c:324:5:clear_imageOK_and_magic_if_set	4112	static
../source/sfw.c:381:6:test_periodic_job_keti	0	static
../source/sfw.c:399:6:periodic_job_autocrypt	8	static
../source/sfw.c:456:6:test_periodic_job_dhautoware	0	static
../source/sfw.c:479:6:test_periodic_job_koreaUniv	0	static
../source/sfw.c:490:6:SBL_EnableRemap	0	static
../source/sfw.c:501:6:SBL_DisableRemap	0	static
../source/sfw.c:521:6:sfw_main	32	static
